## ---------------------------------------- ##
## MATIO 1.5.2 test suite: matio testsuite. ##
## ---------------------------------------- ##

testsuite: command line was:
  $ ./testsuite GREP=/bin/grep MAT73=0 MATLABEXE= HAVE_UINT64=1 HAVE_INT64=1 EXTENDED_SPARSE=1 COMPRESSION_ZLIB=1 LIBTOOL=../libtool

## --------- ##
## Platform. ##
## --------- ##

hostname = marten-asus
uname -m = x86_64
uname -r = 4.2.0-22-generic
uname -s = Linux
uname -v = #27-Ubuntu SMP Thu Dec 17 22:57:08 UTC 2015

/usr/bin/uname -p = unknown
/bin/uname -X     = unknown

/bin/arch              = unknown
/usr/bin/arch -k       = unknown
/usr/convex/getsysinfo = unknown
/usr/bin/hostinfo      = unknown
/bin/machine           = unknown
/usr/bin/oslevel       = unknown
/bin/universe          = unknown

PATH: /home/marten/Projects/matio-matio/test
PATH: /usr/local/sbin
PATH: /usr/local/bin
PATH: /usr/sbin
PATH: /usr/bin
PATH: /sbin
PATH: /bin
PATH: /usr/games
PATH: /usr/local/games

testsuite: atconfig:
| # Configurable variable values for building test suites.
| # Generated by ./config.status.
| # Copyright (C) 2012 Free Software Foundation, Inc.
| 
| # The test suite will define top_srcdir=/../.. etc.
| at_testdir='test'
| abs_builddir='/home/marten/Projects/matio-matio/test'
| at_srcdir='.'
| abs_srcdir='/home/marten/Projects/matio-matio/test'
| at_top_srcdir='..'
| abs_top_srcdir='/home/marten/Projects/matio-matio'
| at_top_build_prefix='../'
| abs_top_builddir='/home/marten/Projects/matio-matio'
| 
| # Backward compatibility with Autotest <= 2.59b:
| at_top_builddir=$at_top_build_prefix
| 
| AUTOTEST_PATH='test'
| 
| SHELL=${CONFIG_SHELL-'/bin/bash'}

## ---------------- ##
## Tested programs. ##
## ---------------- ##

./testsuite.at:27: /home/marten/Projects/matio-matio/test/test_mat --version
test_mat 1.5.2
Written by Christopher Hulbert

Copyright(C) 2006-2012 Christopher C. Hulbert

## ------------------ ##
## Running the tests. ##
## ------------------ ##
testsuite: starting at: Tue Jan 19 16:22:04 CET 2016
1. Read 2d double-precision array (mat4_read.at:29): ok     (0m0.000s 0m0.000s)
2. Read 2d double-precision complex array (mat4_read.at:47): ok     (0m0.000s 0m0.000s)
3. Read 2D character array (mat4_read.at:65): ok     (0m0.000s 0m0.000s)
4. Read small v4 file (mat4_read.at:83): ok     (0m0.000s 0m0.000s)
5. Read linear slab of double-precision array (mat4_readslab_le.at:29): ok     (0m0.008s 0m0.004s)
6. Read 2d double-precision array (mat4_read_be.at:29): ok     (0m0.000s 0m0.000s)
7. Read 2d double-precision complex array (mat4_read_be.at:47): ok     (0m0.000s 0m0.000s)
8. Read 2D character array (mat4_read_be.at:65): ok     (0m0.000s 0m0.000s)
9. Read small v4 file (mat4_read_be.at:83): ok     (0m0.000s 0m0.000s)
10. Read linear slab of double-precision array (mat4_readslab_be.at:29): ok     (0m0.000s 0m0.000s)
11. Read 2D double-precision array (mat5_uncompressed_read_le.at:27): ok     (0m0.000s 0m0.000s)
12. Read 2D single-precision array (mat5_uncompressed_read_le.at:44): ok     (0m0.000s 0m0.000s)
13. Read 2D 64-bit integer array (mat5_uncompressed_read_le.at:61): ok     (0m0.000s 0m0.000s)
14. Read 2D 64-bit unsigned integer array (mat5_uncompressed_read_le.at:78): ok     (0m0.000s 0m0.000s)
15. Read 2D 32-bit integer array (mat5_uncompressed_read_le.at:95): ok     (0m0.000s 0m0.000s)
16. Read 2D 32-bit unsigned integer array (mat5_uncompressed_read_le.at:112): ok     (0m0.000s 0m0.000s)
17. Read 2D 16-bit integer array (mat5_uncompressed_read_le.at:129): ok     (0m0.000s 0m0.000s)
18. Read 2D 16-bit unsigned integer array (mat5_uncompressed_read_le.at:146): ok     (0m0.000s 0m0.000s)
19. Read 2D 8-bit integer array (mat5_uncompressed_read_le.at:163): ok     (0m0.000s 0m0.000s)
20. Read 2D 8-bit unsigned integer array (mat5_uncompressed_read_le.at:180): ok     (0m0.000s 0m0.000s)
21. Read 2D double-precision complex array (mat5_uncompressed_read_le.at:197): ok     (0m0.000s 0m0.000s)
22. Read 2D single-precision complex array (mat5_uncompressed_read_le.at:214): ok     (0m0.000s 0m0.000s)
23. Read 2D 64-bit integer complex array (mat5_uncompressed_read_le.at:231): ok     (0m0.000s 0m0.000s)
24. Read 2D 64-bit unsigned integer complex array (mat5_uncompressed_read_le.at:248): ok     (0m0.000s 0m0.000s)
25. Read 2D 32-bit integer complex array (mat5_uncompressed_read_le.at:265): ok     (0m0.000s 0m0.000s)
26. Read 2D 32-bit unsigned integer complex array (mat5_uncompressed_read_le.at:282): ok     (0m0.000s 0m0.000s)
27. Read 2D 16-bit integer complex array (mat5_uncompressed_read_le.at:299): ok     (0m0.000s 0m0.000s)
28. Read 2D 16-bit unsigned integer complex array (mat5_uncompressed_read_le.at:316): ok     (0m0.000s 0m0.000s)
29. Read 2D 8-bit integer complex array (mat5_uncompressed_read_le.at:333): ok     (0m0.000s 0m0.000s)
30. Read 2D 8-bit unsigned integer complex array (mat5_uncompressed_read_le.at:350): ok     (0m0.000s 0m0.000s)
31. Read 2D logical array (mat5_uncompressed_read_le.at:367): ok     (0m0.000s 0m0.000s)
32. Read double-precision sparse array (mat5_uncompressed_read_le.at:385): ok     (0m0.000s 0m0.000s)
33. Read double-precision sparse complex array (mat5_uncompressed_read_le.at:403): ok     (0m0.000s 0m0.000s)
34. Read empty array (mat5_uncompressed_read_le.at:421): ok     (0m0.000s 0m0.000s)
35. Read 2D character array (mat5_uncompressed_read_le.at:434): ok     (0m0.000s 0m0.000s)
36. Read empty structure array (mat5_uncompressed_read_le.at:451): ok     (0m0.000s 0m0.000s)
37. Read empty structure array with fields (mat5_uncompressed_read_le.at:464): ok     (0m0.000s 0m0.000s)
38. Read structure array with empty fields (mat5_uncompressed_read_le.at:481): ok     (0m0.000s 0m0.000s)
39. Read structure array with double-precision fields (mat5_uncompressed_read_le.at:519): ok     (0m0.000s 0m0.000s)
40. Read structure array with single-precision fields (mat5_uncompressed_read_le.at:568): ok     (0m0.000s 0m0.000s)
41. Read structure array with 64-bit integer fields (mat5_uncompressed_read_le.at:617): ok     (0m0.000s 0m0.000s)
42. Read structure array with 64-bit unsigned integer fields (mat5_uncompressed_read_le.at:666): ok     (0m0.000s 0m0.000s)
43. Read structure array with 32-bit integer fields (mat5_uncompressed_read_le.at:715): ok     (0m0.000s 0m0.000s)
44. Read structure array with 32-bit unsigned integer fields (mat5_uncompressed_read_le.at:764): ok     (0m0.000s 0m0.000s)
45. Read structure array with 16-bit integer fields (mat5_uncompressed_read_le.at:813): ok     (0m0.000s 0m0.000s)
46. Read structure array with 16-bit unsigned integer fields (mat5_uncompressed_read_le.at:862): ok     (0m0.000s 0m0.000s)
47. Read structure array with 8-bit integer fields (mat5_uncompressed_read_le.at:911): ok     (0m0.000s 0m0.000s)
48. Read structure array with 8-bit unsigned integer fields (mat5_uncompressed_read_le.at:960): ok     (0m0.000s 0m0.000s)
49. Read structure array with complex double-precision fields (mat5_uncompressed_read_le.at:1009): ok     (0m0.000s 0m0.000s)
50. Read structure array with complex single-precision fields (mat5_uncompressed_read_le.at:1058): ok     (0m0.000s 0m0.000s)
51. Read structure array with complex 64-bit integer fields (mat5_uncompressed_read_le.at:1107): ok     (0m0.000s 0m0.000s)
52. Read structure array with complex 64-bit unsigned integer fields (mat5_uncompressed_read_le.at:1156): ok     (0m0.000s 0m0.000s)
53. Read structure array with complex 32-bit integer fields (mat5_uncompressed_read_le.at:1205): ok     (0m0.000s 0m0.000s)
54. Read structure array with complex 32-bit unsigned integer fields (mat5_uncompressed_read_le.at:1254): ok     (0m0.000s 0m0.000s)
55. Read structure array with complex 16-bit integer fields (mat5_uncompressed_read_le.at:1303): ok     (0m0.000s 0m0.000s)
56. Read structure array with complex 16-bit unsigned integer fields (mat5_uncompressed_read_le.at:1352): ok     (0m0.000s 0m0.000s)
57. Read structure array with complex 8-bit integer fields (mat5_uncompressed_read_le.at:1401): ok     (0m0.000s 0m0.000s)
58. Read structure array with complex 8-bit unsigned integer fields (mat5_uncompressed_read_le.at:1450): ok     (0m0.000s 0m0.000s)
59. Read structure array with logical fields (mat5_uncompressed_read_le.at:1499): ok     (0m0.000s 0m0.000s)
60. Read structure array with double-precision sparse fields (mat5_uncompressed_read_le.at:1558): ok     (0m0.000s 0m0.000s)
61. Read structure array with complex double-precision sparse fields (mat5_uncompressed_read_le.at:1613): ok     (0m0.000s 0m0.000s)
62. Read structure array with character fields (mat5_uncompressed_read_le.at:1668): ok     (0m0.000s 0m0.000s)
63. Read empty cell array (mat5_uncompressed_read_le.at:1713): ok     (0m0.000s 0m0.000s)
64. Read cell array with empty arrays (mat5_uncompressed_read_le.at:1726): ok     (0m0.000s 0m0.000s)
65. Read cell array with double-precision arrays (mat5_uncompressed_read_le.at:1799): ok     (0m0.000s 0m0.000s)
66. Read cell array with single-precision arrays (mat5_uncompressed_read_le.at:1863): ok     (0m0.000s 0m0.000s)
67. Read cell array with 64-bit integer arrays (mat5_uncompressed_read_le.at:1927): ok     (0m0.000s 0m0.000s)
68. Read cell array with 64-bit unsigned integer arrays (mat5_uncompressed_read_le.at:1991): ok     (0m0.000s 0m0.000s)
69. Read cell array with 32-bit integer arrays (mat5_uncompressed_read_le.at:2055): ok     (0m0.000s 0m0.000s)
70. Read cell array with 32-bit unsigned integer arrays (mat5_uncompressed_read_le.at:2119): ok     (0m0.000s 0m0.000s)
71. Read cell array with 16-bit integer arrays (mat5_uncompressed_read_le.at:2183): ok     (0m0.000s 0m0.000s)
72. Read cell array with 16-bit unsigned integer arrays (mat5_uncompressed_read_le.at:2247): ok     (0m0.000s 0m0.000s)
73. Read cell array with 8-bit integer arrays (mat5_uncompressed_read_le.at:2311): ok     (0m0.000s 0m0.000s)
74. Read cell array with 8-bit unsigned integer arrays (mat5_uncompressed_read_le.at:2375): ok     (0m0.000s 0m0.000s)
75. Read cell array with logical arrays (mat5_uncompressed_read_le.at:2439): ok     (0m0.000s 0m0.000s)
76. Read cell array with double-precision sparse arrays (mat5_uncompressed_read_le.at:2494): ok     (0m0.000s 0m0.000s)
77. Read cell array with complex double-precision sparse arrays (mat5_uncompressed_read_le.at:2547): ok     (0m0.000s 0m0.000s)
78. Read cell array with character arrays (mat5_uncompressed_read_le.at:2600): ok     (0m0.000s 0m0.000s)
79. Read cell array with empty structure arrays (mat5_uncompressed_read_le.at:2641): ok     (0m0.000s 0m0.000s)
80. Read cell array with structure arrays (numeric fields) (mat5_uncompressed_read_le.at:2701): ok     (0m0.000s 0m0.000s)
81. Read cell array with structure arrays (sparse fields) (mat5_uncompressed_read_le.at:3554): ok     (0m0.000s 0m0.000s)
82. Read cell array structure arrays (character fields) (mat5_uncompressed_read_le.at:3663): ok     (0m0.000s 0m0.000s)
103. Read linear slab of double-precision array (mat5_uncompressed_readslab_le.at:641): ok     (0m0.000s 0m0.000s)
104. Read linear slab of single-precision array (mat5_uncompressed_readslab_le.at:674): ok     (0m0.000s 0m0.000s)
105. Read linear slab of 64-bit integer array (mat5_uncompressed_readslab_le.at:707): ok     (0m0.000s 0m0.000s)
106. Read linear slab of 64-bit unsigned integer array (mat5_uncompressed_readslab_le.at:740): ok     (0m0.000s 0m0.000s)
107. Read linear slab of 32-bit integer array (mat5_uncompressed_readslab_le.at:773): ok     (0m0.000s 0m0.000s)
108. Read linear slab of 32-bit unsigned integer array (mat5_uncompressed_readslab_le.at:806): ok     (0m0.000s 0m0.000s)
109. Read linear slab of 16-bit integer array (mat5_uncompressed_readslab_le.at:839): ok     (0m0.000s 0m0.000s)
110. Read linear slab of 16-bit unsigned integer array (mat5_uncompressed_readslab_le.at:872): ok     (0m0.000s 0m0.000s)
111. Read linear slab of 8-bit integer array (mat5_uncompressed_readslab_le.at:905): ok     (0m0.000s 0m0.000s)
112. Read linear slab of 8-bit unsigned integer array (mat5_uncompressed_readslab_le.at:938): ok     (0m0.000s 0m0.000s)
123. Read 2D double-precision array (mat5_compressed_read_le.at:27): ok     (0m0.008s 0m0.000s)
124. Read 2D single-precision array (mat5_compressed_read_le.at:45): ok     (0m0.000s 0m0.000s)
125. Read 2D 64-bit integer array (mat5_compressed_read_le.at:63): ok     (0m0.000s 0m0.000s)
126. Read 2D 64-bit unsigned integer array (mat5_compressed_read_le.at:81): ok     (0m0.000s 0m0.000s)
127. Read 2D 32-bit integer array (mat5_compressed_read_le.at:99): ok     (0m0.000s 0m0.000s)
128. Read 2D 32-bit unsigned integer array (mat5_compressed_read_le.at:117): ok     (0m0.000s 0m0.000s)
129. Read 2D 16-bit integer array (mat5_compressed_read_le.at:135): ok     (0m0.000s 0m0.000s)
130. Read 2D 16-bit unsigned integer array (mat5_compressed_read_le.at:153): ok     (0m0.000s 0m0.000s)
131. Read 2D 8-bit integer array (mat5_compressed_read_le.at:171): ok     (0m0.000s 0m0.000s)
132. Read 2D 8-bit unsigned integer array (mat5_compressed_read_le.at:189): ok     (0m0.000s 0m0.000s)
133. Read 2D double-precision complex array (mat5_compressed_read_le.at:207): ok     (0m0.000s 0m0.000s)
135. Read 2D 64-bit integer complex array (mat5_compressed_read_le.at:243): ok     (0m0.000s 0m0.000s)
136. Read 2D 64-bit unsigned integer complex array (mat5_compressed_read_le.at:261): ok     (0m0.000s 0m0.000s)
137. Read 2D 32-bit integer complex array (mat5_compressed_read_le.at:279): ok     (0m0.000s 0m0.000s)
138. Read 2D 32-bit unsigned integer complex array (mat5_compressed_read_le.at:297): ok     (0m0.000s 0m0.000s)
139. Read 2D 16-bit integer complex array (mat5_compressed_read_le.at:315): ok     (0m0.000s 0m0.000s)
140. Read 2D 16-bit unsigned integer complex array (mat5_compressed_read_le.at:333): ok     (0m0.000s 0m0.000s)
141. Read 2D 8-bit integer complex array (mat5_compressed_read_le.at:351): ok     (0m0.000s 0m0.000s)
142. Read 2D 8-bit unsigned integer complex array (mat5_compressed_read_le.at:369): ok     (0m0.000s 0m0.000s)
143. Read 2D logical array (mat5_compressed_read_le.at:387): ok     (0m0.004s 0m0.000s)
144. Read double-precision sparse array (mat5_compressed_read_le.at:406): ok     (0m0.000s 0m0.000s)
146. Read empty array (mat5_compressed_read_le.at:444): ok     (0m0.000s 0m0.000s)
147. Read 2D character array (mat5_compressed_read_le.at:458): ok     (0m0.000s 0m0.000s)
148. Read empty structure array (mat5_compressed_read_le.at:476): ok     (0m0.000s 0m0.000s)
149. Read empty structure array with fields (mat5_compressed_read_le.at:490): ok     (0m0.000s 0m0.000s)
150. Read structure array with empty fields (mat5_compressed_read_le.at:508): ok     (0m0.000s 0m0.000s)
151. Read structure array with double-precision fields (mat5_compressed_read_le.at:547): ok     (0m0.000s 0m0.000s)
152. Read structure array with single-precision fields (mat5_compressed_read_le.at:597): ok     (0m0.000s 0m0.000s)
153. Read structure array with 64-bit integer fields (mat5_compressed_read_le.at:647): ok     (0m0.000s 0m0.000s)
154. Read structure array with 64-bit unsigned integer fields (mat5_compressed_read_le.at:697): ok     (0m0.000s 0m0.000s)
155. Read structure array with 32-bit integer fields (mat5_compressed_read_le.at:747): ok     (0m0.000s 0m0.000s)
156. Read structure array with 32-bit unsigned integer fields (mat5_compressed_read_le.at:797): ok     (0m0.000s 0m0.000s)
157. Read structure array with 16-bit integer fields (mat5_compressed_read_le.at:847): ok     (0m0.000s 0m0.000s)
158. Read structure array with 16-bit unsigned integer fields (mat5_compressed_read_le.at:897): ok     (0m0.000s 0m0.000s)
159. Read structure array with 8-bit integer fields (mat5_compressed_read_le.at:947): ok     (0m0.000s 0m0.000s)
160. Read structure array with 8-bit unsigned integer fields (mat5_compressed_read_le.at:997): ok     (0m0.000s 0m0.000s)
161. Read structure array with complex double-precision fields (mat5_compressed_read_le.at:1047): ok     (0m0.000s 0m0.000s)
163. Read structure array with complex 64-bit integer fields (mat5_compressed_read_le.at:1147): ok     (0m0.000s 0m0.000s)
164. Read structure array with complex 64-bit unsigned integer fields (mat5_compressed_read_le.at:1197): ok     (0m0.000s 0m0.000s)
165. Read structure array with complex 32-bit integer fields (mat5_compressed_read_le.at:1247): ok     (0m0.000s 0m0.000s)
166. Read structure array with complex 32-bit unsigned integer fields (mat5_compressed_read_le.at:1297): ok     (0m0.000s 0m0.000s)
167. Read structure array with complex 16-bit integer fields (mat5_compressed_read_le.at:1347): ok     (0m0.000s 0m0.000s)
168. Read structure array with complex 16-bit unsigned integer fields (mat5_compressed_read_le.at:1397): ok     (0m0.000s 0m0.000s)
169. Read structure array with complex 8-bit integer fields (mat5_compressed_read_le.at:1447): ok     (0m0.000s 0m0.000s)
170. Read structure array with complex 8-bit unsigned integer fields (mat5_compressed_read_le.at:1497): ok     (0m0.000s 0m0.000s)
171. Read structure array with logical fields (mat5_compressed_read_le.at:1547): ok     (0m0.004s 0m0.000s)
172. Read structure array with double-precision sparse fields (mat5_compressed_read_le.at:1607): ok     (0m0.000s 0m0.000s)
174. Read structure array with character fields (mat5_compressed_read_le.at:1719): ok     (0m0.000s 0m0.000s)
175. Read empty cell array (mat5_compressed_read_le.at:1765): ok     (0m0.000s 0m0.000s)
176. Read cell array with empty arrays (mat5_compressed_read_le.at:1779): ok     (0m0.000s 0m0.000s)
177. Read cell array with double-precision arrays (mat5_compressed_read_le.at:1853): ok     (0m0.000s 0m0.000s)
178. Read cell array with single-precision arrays (mat5_compressed_read_le.at:1918): ok     (0m0.004s 0m0.000s)
179. Read cell array with 64-bit integer arrays (mat5_compressed_read_le.at:1983): ok     (0m0.000s 0m0.004s)
180. Read cell array with 64-bit unsigned integer arrays (mat5_compressed_read_le.at:2048): ok     (0m0.000s 0m0.004s)
181. Read cell array with 32-bit integer arrays (mat5_compressed_read_le.at:2113): ok     (0m0.004s 0m0.000s)
182. Read cell array with 32-bit unsigned integer arrays (mat5_compressed_read_le.at:2178): ok     (0m0.004s 0m0.000s)
183. Read cell array with 16-bit integer arrays (mat5_compressed_read_le.at:2243): ok     (0m0.004s 0m0.000s)
184. Read cell array with 16-bit unsigned integer arrays (mat5_compressed_read_le.at:2308): ok     (0m0.004s 0m0.000s)
185. Read cell array with 8-bit integer arrays (mat5_compressed_read_le.at:2373): ok     (0m0.004s 0m0.000s)
186. Read cell array with 8-bit unsigned integer arrays (mat5_compressed_read_le.at:2438): ok     (0m0.004s 0m0.000s)
187. Read cell array with logical arrays (mat5_compressed_read_le.at:2503): ok     (0m0.004s 0m0.000s)
188. Read cell array with double-precision sparse arrays (mat5_compressed_read_le.at:2559): ok     (0m0.000s 0m0.004s)
190. Read cell array with character arrays (mat5_compressed_read_le.at:2667): ok     (0m0.004s 0m0.000s)
191. Read cell array with empty structure arrays (mat5_compressed_read_le.at:2709): ok     (0m0.000s 0m0.004s)
194. Read cell array structure arrays (character fields) (mat5_compressed_read_le.at:3734): ok     (0m0.000s 0m0.004s)
215. Read linear slab of double-precision array (mat5_compressed_readslab_le.at:661): ok     (0m0.000s 0m0.004s)
216. Read linear slab of single-precision array (mat5_compressed_readslab_le.at:694): ok     (0m0.004s 0m0.000s)
217. Read linear slab of 64-bit integer array (mat5_compressed_readslab_le.at:727): ok     (0m0.000s 0m0.004s)
218. Read linear slab of 64-bit unsigned integer array (mat5_compressed_readslab_le.at:760): ok     (0m0.004s 0m0.000s)
219. Read linear slab of 32-bit integer array (mat5_compressed_readslab_le.at:793): ok     (0m0.004s 0m0.000s)
220. Read linear slab of 32-bit unsigned integer array (mat5_compressed_readslab_le.at:826): ok     (0m0.000s 0m0.004s)
221. Read linear slab of 16-bit integer array (mat5_compressed_readslab_le.at:859): ok     (0m0.004s 0m0.000s)
222. Read linear slab of 16-bit unsigned integer array (mat5_compressed_readslab_le.at:892): ok     (0m0.000s 0m0.004s)
223. Read linear slab of 8-bit integer array (mat5_compressed_readslab_le.at:925): ok     (0m0.004s 0m0.000s)
224. Read linear slab of 8-bit unsigned integer array (mat5_compressed_readslab_le.at:958): ok     (0m0.004s 0m0.000s)
235. Read 2D double-precision array (mat5_uncompressed_read_be.at:27): ok     (0m0.000s 0m0.000s)
236. Read 2D single-precision array (mat5_uncompressed_read_be.at:44): ok     (0m0.000s 0m0.000s)
237. Read 2D 64-bit integer array (mat5_uncompressed_read_be.at:61): ok     (0m0.000s 0m0.000s)
238. Read 2D 64-bit unsigned integer array (mat5_uncompressed_read_be.at:78): ok     (0m0.000s 0m0.000s)
239. Read 2D 32-bit integer array (mat5_uncompressed_read_be.at:95): ok     (0m0.000s 0m0.000s)
240. Read 2D 32-bit unsigned integer array (mat5_uncompressed_read_be.at:112): ok     (0m0.000s 0m0.000s)
241. Read 2D 16-bit integer array (mat5_uncompressed_read_be.at:129): ok     (0m0.000s 0m0.000s)
242. Read 2D 16-bit unsigned integer array (mat5_uncompressed_read_be.at:146): ok     (0m0.000s 0m0.000s)
243. Read 2D 8-bit integer array (mat5_uncompressed_read_be.at:163): ok     (0m0.000s 0m0.000s)
244. Read 2D 8-bit unsigned integer array (mat5_uncompressed_read_be.at:180): ok     (0m0.000s 0m0.000s)
245. Read 2D double-precision complex array (mat5_uncompressed_read_be.at:197): ok     (0m0.000s 0m0.000s)
246. Read 2D single-precision complex array (mat5_uncompressed_read_be.at:214): ok     (0m0.000s 0m0.000s)
247. Read 2D 64-bit integer complex array (mat5_uncompressed_read_be.at:231): ok     (0m0.000s 0m0.000s)
248. Read 2D 64-bit unsigned integer complex array (mat5_uncompressed_read_be.at:248): ok     (0m0.000s 0m0.000s)
249. Read 2D 32-bit integer complex array (mat5_uncompressed_read_be.at:265): ok     (0m0.000s 0m0.000s)
250. Read 2D 32-bit unsigned integer complex array (mat5_uncompressed_read_be.at:282): ok     (0m0.000s 0m0.000s)
251. Read 2D 16-bit integer complex array (mat5_uncompressed_read_be.at:299): ok     (0m0.000s 0m0.000s)
252. Read 2D 16-bit unsigned integer complex array (mat5_uncompressed_read_be.at:316): ok     (0m0.000s 0m0.000s)
253. Read 2D 8-bit integer complex array (mat5_uncompressed_read_be.at:333): ok     (0m0.000s 0m0.000s)
254. Read 2D 8-bit unsigned integer complex array (mat5_uncompressed_read_be.at:350): ok     (0m0.000s 0m0.000s)
255. Read 2D logical array (mat5_uncompressed_read_be.at:367): ok     (0m0.000s 0m0.000s)
256. Read double-precision sparse array (mat5_uncompressed_read_be.at:385): ok     (0m0.000s 0m0.000s)
257. Read double-precision sparse complex array (mat5_uncompressed_read_be.at:403): ok     (0m0.000s 0m0.000s)
258. Read empty array (mat5_uncompressed_read_be.at:421): ok     (0m0.000s 0m0.000s)
259. Read 2D character array (mat5_uncompressed_read_be.at:434): ok     (0m0.000s 0m0.000s)
260. Read empty structure array (mat5_uncompressed_read_be.at:451): ok     (0m0.000s 0m0.000s)
261. Read empty structure array with fields (mat5_uncompressed_read_be.at:463): ok     (0m0.000s 0m0.000s)
262. Read structure array with empty fields (mat5_uncompressed_read_be.at:479): ok     (0m0.000s 0m0.000s)
263. Read structure array with double-precision fields (mat5_uncompressed_read_be.at:516): ok     (0m0.000s 0m0.000s)
264. Read structure array with single-precision fields (mat5_uncompressed_read_be.at:564): ok     (0m0.000s 0m0.000s)
265. Read structure array with 64-bit integer fields (mat5_uncompressed_read_be.at:612): ok     (0m0.000s 0m0.000s)
266. Read structure array with 64-bit unsigned integer fields (mat5_uncompressed_read_be.at:660): ok     (0m0.000s 0m0.000s)
267. Read structure array with 32-bit integer fields (mat5_uncompressed_read_be.at:708): ok     (0m0.000s 0m0.000s)
268. Read structure array with 32-bit unsigned integer fields (mat5_uncompressed_read_be.at:756): ok     (0m0.000s 0m0.000s)
269. Read structure array with 16-bit integer fields (mat5_uncompressed_read_be.at:804): ok     (0m0.000s 0m0.000s)
270. Read structure array with 16-bit unsigned integer fields (mat5_uncompressed_read_be.at:852): ok     (0m0.000s 0m0.000s)
271. Read structure array with 8-bit integer fields (mat5_uncompressed_read_be.at:900): ok     (0m0.004s 0m0.000s)
272. Read structure array with 8-bit unsigned integer fields (mat5_uncompressed_read_be.at:948): ok     (0m0.000s 0m0.000s)
273. Read structure array with complex double-precision fields (mat5_uncompressed_read_be.at:996): ok     (0m0.000s 0m0.000s)
274. Read structure array with complex single-precision fields (mat5_uncompressed_read_be.at:1044): ok     (0m0.000s 0m0.000s)
275. Read structure array with complex 64-bit integer fields (mat5_uncompressed_read_be.at:1092): ok     (0m0.000s 0m0.000s)
276. Read structure array with complex 64-bit unsigned integer fields (mat5_uncompressed_read_be.at:1140): ok     (0m0.000s 0m0.000s)
277. Read structure array with complex 32-bit integer fields (mat5_uncompressed_read_be.at:1188): ok     (0m0.000s 0m0.000s)
278. Read structure array with complex 32-bit unsigned integer fields (mat5_uncompressed_read_be.at:1236): ok     (0m0.000s 0m0.000s)
279. Read structure array with complex 16-bit integer fields (mat5_uncompressed_read_be.at:1284): ok     (0m0.000s 0m0.000s)
280. Read structure array with complex 16-bit unsigned integer fields (mat5_uncompressed_read_be.at:1332): ok     (0m0.000s 0m0.000s)
281. Read structure array with complex 8-bit integer fields (mat5_uncompressed_read_be.at:1380): ok     (0m0.000s 0m0.000s)
282. Read structure array with complex 8-bit unsigned integer fields (mat5_uncompressed_read_be.at:1428): ok     (0m0.000s 0m0.000s)
283. Read structure array with logical fields (mat5_uncompressed_read_be.at:1477): ok     (0m0.000s 0m0.000s)
284. Read structure array with double-precision sparse fields (mat5_uncompressed_read_be.at:1536): ok     (0m0.000s 0m0.000s)
285. Read structure array with complex double-precision sparse fields (mat5_uncompressed_read_be.at:1591): ok     (0m0.000s 0m0.000s)
286. Read structure array with character fields (mat5_uncompressed_read_be.at:1646): ok     (0m0.000s 0m0.000s)
287. Read empty cell array (mat5_uncompressed_read_be.at:1691): ok     (0m0.000s 0m0.000s)
288. Read cell array with empty arrays (mat5_uncompressed_read_be.at:1704): ok     (0m0.000s 0m0.000s)
289. Read cell array with double-precision arrays (mat5_uncompressed_read_be.at:1777): ok     (0m0.000s 0m0.000s)
290. Read cell array with single-precision arrays (mat5_uncompressed_read_be.at:1841): ok     (0m0.000s 0m0.000s)
291. Read cell array with 64-bit integer arrays (mat5_uncompressed_read_be.at:1905): ok     (0m0.000s 0m0.000s)
292. Read cell array with 64-bit unsigned integer arrays (mat5_uncompressed_read_be.at:1969): ok     (0m0.000s 0m0.000s)
293. Read cell array with 32-bit integer arrays (mat5_uncompressed_read_be.at:2033): ok     (0m0.000s 0m0.000s)
294. Read cell array with 32-bit unsigned integer arrays (mat5_uncompressed_read_be.at:2097): ok     (0m0.000s 0m0.000s)
295. Read cell array with 16-bit integer arrays (mat5_uncompressed_read_be.at:2161): ok     (0m0.000s 0m0.000s)
296. Read cell array with 16-bit unsigned integer arrays (mat5_uncompressed_read_be.at:2225): ok     (0m0.000s 0m0.000s)
297. Read cell array with 8-bit integer arrays (mat5_uncompressed_read_be.at:2289): ok     (0m0.000s 0m0.000s)
298. Read cell array with 8-bit unsigned integer arrays (mat5_uncompressed_read_be.at:2353): ok     (0m0.000s 0m0.000s)
299. Read cell array with logical arrays (mat5_uncompressed_read_be.at:2417): ok     (0m0.000s 0m0.000s)
300. Read cell array with double-precision sparse arrays (mat5_uncompressed_read_be.at:2472): ok     (0m0.000s 0m0.000s)
301. Read cell array with complex double-precision sparse arrays (mat5_uncompressed_read_be.at:2525): ok     (0m0.000s 0m0.000s)
302. Read cell array with character arrays (mat5_uncompressed_read_be.at:2578): ok     (0m0.000s 0m0.000s)
303. Read cell array with empty structure arrays (mat5_uncompressed_read_be.at:2619): ok     (0m0.000s 0m0.000s)
304. Read cell array with structure arrays (numeric fields) (mat5_uncompressed_read_be.at:2679): ok     (0m0.000s 0m0.000s)
305. Read cell array with structure arrays (sparse fields) (mat5_uncompressed_read_be.at:3532): ok     (0m0.000s 0m0.000s)
306. Read cell array structure arrays (character fields) (mat5_uncompressed_read_be.at:3641): ok     (0m0.000s 0m0.000s)
327. Read linear slab of double-precision array (mat5_uncompressed_readslab_be.at:641): ok     (0m0.000s 0m0.000s)
328. Read linear slab of single-precision array (mat5_uncompressed_readslab_be.at:674): ok     (0m0.000s 0m0.000s)
329. Read linear slab of 64-bit integer array (mat5_uncompressed_readslab_be.at:707): ok     (0m0.000s 0m0.000s)
330. Read linear slab of 64-bit unsigned integer array (mat5_uncompressed_readslab_be.at:740): ok     (0m0.000s 0m0.000s)
331. Read linear slab of 32-bit integer array (mat5_uncompressed_readslab_be.at:773): ok     (0m0.000s 0m0.000s)
332. Read linear slab of 32-bit unsigned integer array (mat5_uncompressed_readslab_be.at:806): ok     (0m0.000s 0m0.000s)
333. Read linear slab of 16-bit integer array (mat5_uncompressed_readslab_be.at:839): ok     (0m0.000s 0m0.000s)
334. Read linear slab of 16-bit unsigned integer array (mat5_uncompressed_readslab_be.at:872): ok     (0m0.000s 0m0.000s)
335. Read linear slab of 8-bit integer array (mat5_uncompressed_readslab_be.at:905): ok     (0m0.000s 0m0.000s)
336. Read linear slab of 8-bit unsigned integer array (mat5_uncompressed_readslab_be.at:938): ok     (0m0.000s 0m0.000s)
347. Read 2D double-precision array (mat5_compressed_read_be.at:27): ok     (0m0.000s 0m0.000s)
348. Read 2D single-precision array (mat5_compressed_read_be.at:45): ok     (0m0.000s 0m0.000s)
349. Read 2D 64-bit integer array (mat5_compressed_read_be.at:63): ok     (0m0.000s 0m0.000s)
350. Read 2D 64-bit unsigned integer array (mat5_compressed_read_be.at:81): ok     (0m0.000s 0m0.000s)
351. Read 2D 32-bit integer array (mat5_compressed_read_be.at:99): ok     (0m0.000s 0m0.000s)
352. Read 2D 32-bit unsigned integer array (mat5_compressed_read_be.at:117): ok     (0m0.000s 0m0.000s)
353. Read 2D 16-bit integer array (mat5_compressed_read_be.at:135): ok     (0m0.000s 0m0.000s)
354. Read 2D 16-bit unsigned integer array (mat5_compressed_read_be.at:153): ok     (0m0.000s 0m0.000s)
355. Read 2D 8-bit integer array (mat5_compressed_read_be.at:171): ok     (0m0.000s 0m0.000s)
356. Read 2D 8-bit unsigned integer array (mat5_compressed_read_be.at:189): ok     (0m0.000s 0m0.000s)
357. Read 2D double-precision complex array (mat5_compressed_read_be.at:207): ok     (0m0.000s 0m0.000s)
358. Read 2D single-precision complex array (mat5_compressed_read_be.at:225): ok     (0m0.000s 0m0.000s)
359. Read 2D 64-bit integer complex array (mat5_compressed_read_be.at:243): ok     (0m0.000s 0m0.000s)
360. Read 2D 64-bit unsigned integer complex array (mat5_compressed_read_be.at:261): ok     (0m0.000s 0m0.000s)
361. Read 2D 32-bit integer complex array (mat5_compressed_read_be.at:279): ok     (0m0.000s 0m0.000s)
362. Read 2D 32-bit unsigned integer complex array (mat5_compressed_read_be.at:297): ok     (0m0.000s 0m0.000s)
363. Read 2D 16-bit integer complex array (mat5_compressed_read_be.at:315): ok     (0m0.000s 0m0.000s)
364. Read 2D 16-bit unsigned integer complex array (mat5_compressed_read_be.at:333): ok     (0m0.000s 0m0.000s)
365. Read 2D 8-bit integer complex array (mat5_compressed_read_be.at:351): ok     (0m0.000s 0m0.000s)
366. Read 2D 8-bit unsigned integer complex array (mat5_compressed_read_be.at:369): ok     (0m0.000s 0m0.000s)
367. Read 2D logical array (mat5_compressed_read_be.at:387): ok     (0m0.000s 0m0.004s)
368. Read double-precision sparse array (mat5_compressed_read_be.at:406): ok     (0m0.000s 0m0.000s)
370. Read empty array (mat5_compressed_read_be.at:444): ok     (0m0.000s 0m0.000s)
371. Read 2D character array (mat5_compressed_read_be.at:458): ok     (0m0.000s 0m0.000s)
372. Read empty structure array (mat5_compressed_read_be.at:476): ok     (0m0.000s 0m0.000s)
373. Read empty structure array with fields (mat5_compressed_read_be.at:489): ok     (0m0.000s 0m0.000s)
374. Read structure array with empty fields (mat5_compressed_read_be.at:506): ok     (0m0.000s 0m0.000s)
375. Read structure array with double-precision fields (mat5_compressed_read_be.at:544): ok     (0m0.000s 0m0.000s)
376. Read structure array with single-precision fields (mat5_compressed_read_be.at:593): ok     (0m0.000s 0m0.000s)
377. Read structure array with 64-bit integer fields (mat5_compressed_read_be.at:642): ok     (0m0.000s 0m0.000s)
378. Read structure array with 64-bit unsigned integer fields (mat5_compressed_read_be.at:691): ok     (0m0.000s 0m0.000s)
379. Read structure array with 32-bit integer fields (mat5_compressed_read_be.at:740): ok     (0m0.000s 0m0.000s)
380. Read structure array with 32-bit unsigned integer fields (mat5_compressed_read_be.at:789): ok     (0m0.000s 0m0.000s)
381. Read structure array with 16-bit integer fields (mat5_compressed_read_be.at:838): ok     (0m0.000s 0m0.000s)
382. Read structure array with 16-bit unsigned integer fields (mat5_compressed_read_be.at:887): ok     (0m0.000s 0m0.000s)
383. Read structure array with 8-bit integer fields (mat5_compressed_read_be.at:936): ok     (0m0.000s 0m0.000s)
384. Read structure array with 8-bit unsigned integer fields (mat5_compressed_read_be.at:985): ok     (0m0.000s 0m0.000s)
385. Read structure array with complex double-precision fields (mat5_compressed_read_be.at:1034): ok     (0m0.000s 0m0.000s)
386. Read structure array with complex single-precision fields (mat5_compressed_read_be.at:1083): ok     (0m0.000s 0m0.000s)
387. Read structure array with complex 64-bit integer fields (mat5_compressed_read_be.at:1132): ok     (0m0.000s 0m0.004s)
388. Read structure array with complex 64-bit unsigned integer fields (mat5_compressed_read_be.at:1181): ok     (0m0.000s 0m0.000s)
389. Read structure array with complex 32-bit integer fields (mat5_compressed_read_be.at:1230): ok     (0m0.000s 0m0.000s)
390. Read structure array with complex 32-bit unsigned integer fields (mat5_compressed_read_be.at:1279): ok     (0m0.000s 0m0.000s)
391. Read structure array with complex 16-bit integer fields (mat5_compressed_read_be.at:1328): ok     (0m0.000s 0m0.000s)
392. Read structure array with complex 16-bit unsigned integer fields (mat5_compressed_read_be.at:1377): ok     (0m0.000s 0m0.000s)
393. Read structure array with complex 8-bit integer fields (mat5_compressed_read_be.at:1426): ok     (0m0.000s 0m0.000s)
394. Read structure array with complex 8-bit unsigned integer fields (mat5_compressed_read_be.at:1475): ok     (0m0.000s 0m0.000s)
395. Read structure array with logical fields (mat5_compressed_read_be.at:1525): ok     (0m0.000s 0m0.004s)
396. Read structure array with double-precision sparse fields (mat5_compressed_read_be.at:1585): ok     (0m0.000s 0m0.000s)
398. Read structure array with character fields (mat5_compressed_read_be.at:1697): ok     (0m0.000s 0m0.004s)
399. Read empty cell array (mat5_compressed_read_be.at:1743): ok     (0m0.000s 0m0.000s)
400. Read cell array with empty arrays (mat5_compressed_read_be.at:1757): ok     (0m0.000s 0m0.004s)
401. Read cell array with double-precision arrays (mat5_compressed_read_be.at:1831): ok     (0m0.000s 0m0.000s)
402. Read cell array with single-precision arrays (mat5_compressed_read_be.at:1896): ok     (0m0.004s 0m0.000s)
403. Read cell array with 64-bit integer arrays (mat5_compressed_read_be.at:1961): ok     (0m0.004s 0m0.000s)
404. Read cell array with 64-bit unsigned integer arrays (mat5_compressed_read_be.at:2026): ok     (0m0.004s 0m0.000s)
405. Read cell array with 32-bit integer arrays (mat5_compressed_read_be.at:2091): ok     (0m0.000s 0m0.004s)
406. Read cell array with 32-bit unsigned integer arrays (mat5_compressed_read_be.at:2156): ok     (0m0.000s 0m0.000s)
407. Read cell array with 16-bit integer arrays (mat5_compressed_read_be.at:2221): ok     (0m0.004s 0m0.000s)
408. Read cell array with 16-bit unsigned integer arrays (mat5_compressed_read_be.at:2286): ok     (0m0.004s 0m0.000s)
409. Read cell array with 8-bit integer arrays (mat5_compressed_read_be.at:2351): ok     (0m0.000s 0m0.004s)
410. Read cell array with 8-bit unsigned integer arrays (mat5_compressed_read_be.at:2416): ok     (0m0.004s 0m0.000s)
411. Read cell array with logical arrays (mat5_compressed_read_be.at:2481): ok     (0m0.004s 0m0.000s)
412. Read cell array with double-precision sparse arrays (mat5_compressed_read_be.at:2537): ok     (0m0.004s 0m0.000s)
414. Read cell array with character arrays (mat5_compressed_read_be.at:2645): ok     (0m0.004s 0m0.000s)
415. Read cell array with empty structure arrays (mat5_compressed_read_be.at:2687): ok     (0m0.004s 0m0.000s)
416. Read cell array with structure arrays (numeric fields) (mat5_compressed_read_be.at:2748): ok     (0m0.004s 0m0.000s)
418. Read cell array structure arrays (character fields) (mat5_compressed_read_be.at:3712): ok     (0m0.004s 0m0.000s)
439. Read linear slab of double-precision array (mat5_compressed_readslab_be.at:661): ok     (0m0.004s 0m0.000s)
440. Read linear slab of single-precision array (mat5_compressed_readslab_be.at:694): ok     (0m0.004s 0m0.000s)
441. Read linear slab of 64-bit integer array (mat5_compressed_readslab_be.at:727): ok     (0m0.000s 0m0.004s)
442. Read linear slab of 64-bit unsigned integer array (mat5_compressed_readslab_be.at:760): ok     (0m0.004s 0m0.000s)
443. Read linear slab of 32-bit integer array (mat5_compressed_readslab_be.at:793): ok     (0m0.004s 0m0.000s)
444. Read linear slab of 32-bit unsigned integer array (mat5_compressed_readslab_be.at:826): ok     (0m0.004s 0m0.000s)
445. Read linear slab of 16-bit integer array (mat5_compressed_readslab_be.at:859): ok     (0m0.000s 0m0.004s)
446. Read linear slab of 16-bit unsigned integer array (mat5_compressed_readslab_be.at:892): ok     (0m0.000s 0m0.004s)
447. Read linear slab of 8-bit integer array (mat5_compressed_readslab_be.at:925): ok     (0m0.000s 0m0.004s)
448. Read linear slab of 8-bit unsigned integer array (mat5_compressed_readslab_be.at:958): ok     (0m0.004s 0m0.000s)
459. Read 2D double-precision array (mat73_read_le.at:27): skipped (mat73_read_le.at:28)
460. Read 2D single-precision array (mat73_read_le.at:45): skipped (mat73_read_le.at:46)
461. Read 2D 64-bit integer array (mat73_read_le.at:63): skipped (mat73_read_le.at:64)
462. Read 2D 64-bit unsigned integer array (mat73_read_le.at:81): skipped (mat73_read_le.at:82)
463. Read 2D 32-bit integer array (mat73_read_le.at:99): skipped (mat73_read_le.at:100)
464. Read 2D 32-bit unsigned integer array (mat73_read_le.at:117): skipped (mat73_read_le.at:118)
465. Read 2D 16-bit integer array (mat73_read_le.at:135): skipped (mat73_read_le.at:136)
466. Read 2D 16-bit unsigned integer array (mat73_read_le.at:153): skipped (mat73_read_le.at:154)
467. Read 2D 8-bit integer array (mat73_read_le.at:171): skipped (mat73_read_le.at:172)
468. Read 2D 8-bit unsigned integer array (mat73_read_le.at:189): skipped (mat73_read_le.at:190)
469. Read 2D double-precision complex array (mat73_read_le.at:207): skipped (mat73_read_le.at:208)
470. Read 2D single-precision complex array (mat73_read_le.at:225): skipped (mat73_read_le.at:226)
471. Read 2D 64-bit integer complex array (mat73_read_le.at:243): skipped (mat73_read_le.at:244)
472. Read 2D 64-bit unsigned integer complex array (mat73_read_le.at:261): skipped (mat73_read_le.at:262)
473. Read 2D 32-bit integer complex array (mat73_read_le.at:279): skipped (mat73_read_le.at:280)
474. Read 2D 32-bit unsigned integer complex array (mat73_read_le.at:297): skipped (mat73_read_le.at:298)
475. Read 2D 16-bit integer complex array (mat73_read_le.at:315): skipped (mat73_read_le.at:316)
476. Read 2D 16-bit unsigned integer complex array (mat73_read_le.at:333): skipped (mat73_read_le.at:334)
477. Read 2D 8-bit integer complex array (mat73_read_le.at:351): skipped (mat73_read_le.at:352)
478. Read 2D 8-bit unsigned integer complex array (mat73_read_le.at:369): skipped (mat73_read_le.at:370)
479. Read 2D logical array (mat73_read_le.at:387): skipped (mat73_read_le.at:388)
480. Read double-precision sparse array (mat73_read_le.at:406): skipped (mat73_read_le.at:407)
481. Read double-precision sparse complex array (mat73_read_le.at:425): skipped (mat73_read_le.at:426)
482. Read empty array (mat73_read_le.at:444): skipped (mat73_read_le.at:445)
483. Read 2D character array (mat73_read_le.at:456): skipped (mat73_read_le.at:457)
484. Read empty structure array (mat73_read_le.at:474): skipped (mat73_read_le.at:475)
485. Read empty structure array with fields (mat73_read_le.at:488): skipped (mat73_read_le.at:489)
486. Read structure array with empty fields (mat73_read_le.at:506): skipped (mat73_read_le.at:507)
487. Read structure array with double-precision fields (mat73_read_le.at:544): skipped (mat73_read_le.at:545)
488. Read structure array with single-precision fields (mat73_read_le.at:594): skipped (mat73_read_le.at:595)
489. Read structure array with 64-bit integer fields (mat73_read_le.at:644): skipped (mat73_read_le.at:645)
490. Read structure array with 64-bit unsigned integer fields (mat73_read_le.at:694): skipped (mat73_read_le.at:695)
491. Read structure array with 32-bit integer fields (mat73_read_le.at:744): skipped (mat73_read_le.at:745)
492. Read structure array with 32-bit unsigned integer fields (mat73_read_le.at:794): skipped (mat73_read_le.at:795)
493. Read structure array with 16-bit integer fields (mat73_read_le.at:844): skipped (mat73_read_le.at:845)
494. Read structure array with 16-bit unsigned integer fields (mat73_read_le.at:894): skipped (mat73_read_le.at:895)
495. Read structure array with 8-bit integer fields (mat73_read_le.at:944): skipped (mat73_read_le.at:945)
496. Read structure array with 8-bit unsigned integer fields (mat73_read_le.at:994): skipped (mat73_read_le.at:995)
497. Read structure array with complex double-precision fields (mat73_read_le.at:1044): skipped (mat73_read_le.at:1045)
498. Read structure array with complex single-precision fields (mat73_read_le.at:1094): skipped (mat73_read_le.at:1095)
499. Read structure array with complex 64-bit integer fields (mat73_read_le.at:1144): skipped (mat73_read_le.at:1145)
500. Read structure array with complex 64-bit unsigned integer fields (mat73_read_le.at:1194): skipped (mat73_read_le.at:1195)
501. Read structure array with complex 32-bit integer fields (mat73_read_le.at:1244): skipped (mat73_read_le.at:1245)
502. Read structure array with complex 32-bit unsigned integer fields (mat73_read_le.at:1294): skipped (mat73_read_le.at:1295)
503. Read structure array with complex 16-bit integer fields (mat73_read_le.at:1344): skipped (mat73_read_le.at:1345)
504. Read structure array with complex 16-bit unsigned integer fields (mat73_read_le.at:1394): skipped (mat73_read_le.at:1395)
505. Read structure array with complex 8-bit integer fields (mat73_read_le.at:1444): skipped (mat73_read_le.at:1445)
506. Read structure array with complex 8-bit unsigned integer fields (mat73_read_le.at:1494): skipped (mat73_read_le.at:1495)
507. Read structure array with logical fields (mat73_read_le.at:1544): skipped (mat73_read_le.at:1545)
508. Read structure array with double-precision sparse fields (mat73_read_le.at:1604): skipped (mat73_read_le.at:1605)
509. Read structure array with complex double-precision sparse fields (mat73_read_le.at:1660): skipped (mat73_read_le.at:1661)
510. Read structure array with character fields (mat73_read_le.at:1716): skipped (mat73_read_le.at:1717)
511. Read empty cell array (mat73_read_le.at:1762): skipped (mat73_read_le.at:1763)
512. Read cell array with empty arrays (mat73_read_le.at:1776): skipped (mat73_read_le.at:1777)
513. Read cell array with double-precision arrays (mat73_read_le.at:1830): skipped (mat73_read_le.at:1831)
514. Read cell array with single-precision arrays (mat73_read_le.at:1895): skipped (mat73_read_le.at:1896)
515. Read cell array with 64-bit integer arrays (mat73_read_le.at:1960): skipped (mat73_read_le.at:1961)
516. Read cell array with 64-bit unsigned integer arrays (mat73_read_le.at:2025): skipped (mat73_read_le.at:2026)
517. Read cell array with 32-bit integer arrays (mat73_read_le.at:2090): skipped (mat73_read_le.at:2091)
518. Read cell array with 32-bit unsigned integer arrays (mat73_read_le.at:2155): skipped (mat73_read_le.at:2156)
519. Read cell array with 16-bit integer arrays (mat73_read_le.at:2220): skipped (mat73_read_le.at:2221)
520. Read cell array with 16-bit unsigned integer arrays (mat73_read_le.at:2285): skipped (mat73_read_le.at:2286)
521. Read cell array with 8-bit integer arrays (mat73_read_le.at:2350): skipped (mat73_read_le.at:2351)
522. Read cell array with 8-bit unsigned integer arrays (mat73_read_le.at:2415): skipped (mat73_read_le.at:2416)
523. Read cell array with logical arrays (mat73_read_le.at:2480): skipped (mat73_read_le.at:2481)
524. Read cell array with double-precision sparse arrays (mat73_read_le.at:2536): skipped (mat73_read_le.at:2537)
525. Read cell array with complex double-precision sparse arrays (mat73_read_le.at:2590): skipped (mat73_read_le.at:2591)
526. Read cell array with character arrays (mat73_read_le.at:2644): skipped (mat73_read_le.at:2645)
527. Read cell array with empty structure arrays (mat73_read_le.at:2686): skipped (mat73_read_le.at:2687)
528. Read cell array with structure arrays (numeric fields) (mat73_read_le.at:2746): skipped (mat73_read_le.at:2747)
529. Read cell array with structure arrays (sparse fields) (mat73_read_le.at:3600): skipped (mat73_read_le.at:3601)
530. Read cell array structure arrays (character fields) (mat73_read_le.at:3710): skipped (mat73_read_le.at:3711)
531. Read slab of double-precision array (mat73_readslab_le.at:1): skipped (mat73_readslab_le.at:3)
532. Read slab of single-precision array (mat73_readslab_le.at:34): skipped (mat73_readslab_le.at:36)
533. Read slab of 64-bit integer array (mat73_readslab_le.at:67): skipped (mat73_readslab_le.at:69)
534. Read slab of 64-bit unsigned integer array (mat73_readslab_le.at:100): skipped (mat73_readslab_le.at:102)
535. Read slab of 32-bit integer array (mat73_readslab_le.at:133): skipped (mat73_readslab_le.at:135)
536. Read slab of 32-bit unsigned integer array (mat73_readslab_le.at:166): skipped (mat73_readslab_le.at:168)
537. Read slab of 16-bit integer array (mat73_readslab_le.at:199): skipped (mat73_readslab_le.at:201)
538. Read slab of 16-bit unsigned integer array (mat73_readslab_le.at:232): skipped (mat73_readslab_le.at:234)
539. Read slab of 8-bit integer array (mat73_readslab_le.at:265): skipped (mat73_readslab_le.at:267)
540. Read slab of 8-bit unsigned integer array (mat73_readslab_le.at:298): skipped (mat73_readslab_le.at:300)
541. Read slab of double-precision complex array (mat73_readslab_le.at:331): skipped (mat73_readslab_le.at:333)
542. Read slab of single-precision complex array (mat73_readslab_le.at:364): skipped (mat73_readslab_le.at:366)
543. Read slab of 64-bit integer complex array (mat73_readslab_le.at:397): skipped (mat73_readslab_le.at:399)
544. Read slab of 64-bit unsigned integer complex array (mat73_readslab_le.at:430): skipped (mat73_readslab_le.at:432)
545. Read slab of 32-bit integer complex array (mat73_readslab_le.at:463): skipped (mat73_readslab_le.at:465)
546. Read slab of 32-bit unsigned integer complex array (mat73_readslab_le.at:496): skipped (mat73_readslab_le.at:498)
547. Read slab of 16-bit integer complex array (mat73_readslab_le.at:529): skipped (mat73_readslab_le.at:531)
548. Read slab of 16-bit unsigned integer complex array (mat73_readslab_le.at:562): skipped (mat73_readslab_le.at:564)
549. Read slab of 8-bit integer complex array (mat73_readslab_le.at:595): skipped (mat73_readslab_le.at:597)
550. Read slab of 8-bit unsigned integer complex array (mat73_readslab_le.at:628): skipped (mat73_readslab_le.at:630)
551. Read linear slab of double-precision array (mat73_readslab_le.at:661): skipped (mat73_readslab_le.at:663)
552. Read linear slab of single-precision array (mat73_readslab_le.at:695): skipped (mat73_readslab_le.at:697)
553. Read linear slab of 64-bit integer array (mat73_readslab_le.at:729): skipped (mat73_readslab_le.at:731)
554. Read linear slab of 64-bit unsigned integer array (mat73_readslab_le.at:763): skipped (mat73_readslab_le.at:765)
555. Read linear slab of 32-bit integer array (mat73_readslab_le.at:797): skipped (mat73_readslab_le.at:799)
556. Read linear slab of 32-bit unsigned integer array (mat73_readslab_le.at:831): skipped (mat73_readslab_le.at:833)
557. Read linear slab of 16-bit integer array (mat73_readslab_le.at:865): skipped (mat73_readslab_le.at:867)
558. Read linear slab of 16-bit unsigned integer array (mat73_readslab_le.at:899): skipped (mat73_readslab_le.at:901)
559. Read linear slab of 8-bit integer array (mat73_readslab_le.at:933): skipped (mat73_readslab_le.at:935)
560. Read linear slab of 8-bit unsigned integer array (mat73_readslab_le.at:967): skipped (mat73_readslab_le.at:969)
561. Read linear slab of double-precision complex array (mat73_readslab_le.at:1001): skipped (mat73_readslab_le.at:1003)
562. Read linear slab of single-precision complex array (mat73_readslab_le.at:1035): skipped (mat73_readslab_le.at:1037)
563. Read linear slab of 64-bit integer complex array (mat73_readslab_le.at:1069): skipped (mat73_readslab_le.at:1071)
564. Read linear slab of 64-bit unsigned integer complex array (mat73_readslab_le.at:1103): skipped (mat73_readslab_le.at:1105)
565. Read linear slab of 32-bit integer complex array (mat73_readslab_le.at:1137): skipped (mat73_readslab_le.at:1139)
566. Read linear slab of 32-bit unsigned integer complex array (mat73_readslab_le.at:1171): skipped (mat73_readslab_le.at:1173)
567. Read linear slab of 16-bit integer complex array (mat73_readslab_le.at:1205): skipped (mat73_readslab_le.at:1207)
568. Read linear slab of 16-bit unsigned integer complex array (mat73_readslab_le.at:1239): skipped (mat73_readslab_le.at:1241)
569. Read linear slab of 8-bit integer complex array (mat73_readslab_le.at:1273): skipped (mat73_readslab_le.at:1275)
570. Read linear slab of 8-bit unsigned integer complex array (mat73_readslab_le.at:1307): skipped (mat73_readslab_le.at:1309)
571. Read 2D double-precision array (mat73_read_be.at:27): skipped (mat73_read_be.at:28)
572. Read 2D single-precision array (mat73_read_be.at:45): skipped (mat73_read_be.at:46)
573. Read 2D 64-bit integer array (mat73_read_be.at:63): skipped (mat73_read_be.at:64)
574. Read 2D 64-bit unsigned integer array (mat73_read_be.at:81): skipped (mat73_read_be.at:82)
575. Read 2D 32-bit integer array (mat73_read_be.at:99): skipped (mat73_read_be.at:100)
576. Read 2D 32-bit unsigned integer array (mat73_read_be.at:117): skipped (mat73_read_be.at:118)
577. Read 2D 16-bit integer array (mat73_read_be.at:135): skipped (mat73_read_be.at:136)
578. Read 2D 16-bit unsigned integer array (mat73_read_be.at:153): skipped (mat73_read_be.at:154)
579. Read 2D 8-bit integer array (mat73_read_be.at:171): skipped (mat73_read_be.at:172)
580. Read 2D 8-bit unsigned integer array (mat73_read_be.at:189): skipped (mat73_read_be.at:190)
581. Read 2D double-precision complex array (mat73_read_be.at:207): skipped (mat73_read_be.at:208)
582. Read 2D single-precision complex array (mat73_read_be.at:225): skipped (mat73_read_be.at:226)
583. Read 2D 64-bit integer complex array (mat73_read_be.at:243): skipped (mat73_read_be.at:244)
584. Read 2D 64-bit unsigned integer complex array (mat73_read_be.at:261): skipped (mat73_read_be.at:262)
585. Read 2D 32-bit integer complex array (mat73_read_be.at:279): skipped (mat73_read_be.at:280)
586. Read 2D 32-bit unsigned integer complex array (mat73_read_be.at:297): skipped (mat73_read_be.at:298)
587. Read 2D 16-bit integer complex array (mat73_read_be.at:315): skipped (mat73_read_be.at:316)
588. Read 2D 16-bit unsigned integer complex array (mat73_read_be.at:333): skipped (mat73_read_be.at:334)
589. Read 2D 8-bit integer complex array (mat73_read_be.at:351): skipped (mat73_read_be.at:352)
590. Read 2D 8-bit unsigned integer complex array (mat73_read_be.at:369): skipped (mat73_read_be.at:370)
591. Read 2D logical array (mat73_read_be.at:387): skipped (mat73_read_be.at:388)
592. Read double-precision sparse array (mat73_read_be.at:406): skipped (mat73_read_be.at:407)
593. Read double-precision sparse complex array (mat73_read_be.at:425): skipped (mat73_read_be.at:426)
594. Read empty array (mat73_read_be.at:444): skipped (mat73_read_be.at:445)
595. Read 2D character array (mat73_read_be.at:456): skipped (mat73_read_be.at:457)
596. Read empty structure array (mat73_read_be.at:474): skipped (mat73_read_be.at:475)
597. Read empty structure array with fields (mat73_read_be.at:487): skipped (mat73_read_be.at:488)
598. Read structure array with empty fields (mat73_read_be.at:504): skipped (mat73_read_be.at:505)
599. Read structure array with double-precision fields (mat73_read_be.at:541): skipped (mat73_read_be.at:542)
600. Read structure array with single-precision fields (mat73_read_be.at:590): skipped (mat73_read_be.at:591)
601. Read structure array with 64-bit integer fields (mat73_read_be.at:639): skipped (mat73_read_be.at:640)
602. Read structure array with 64-bit unsigned integer fields (mat73_read_be.at:688): skipped (mat73_read_be.at:689)
603. Read structure array with 32-bit integer fields (mat73_read_be.at:737): skipped (mat73_read_be.at:738)
604. Read structure array with 32-bit unsigned integer fields (mat73_read_be.at:786): skipped (mat73_read_be.at:787)
605. Read structure array with 16-bit integer fields (mat73_read_be.at:835): skipped (mat73_read_be.at:836)
606. Read structure array with 16-bit unsigned integer fields (mat73_read_be.at:884): skipped (mat73_read_be.at:885)
607. Read structure array with 8-bit integer fields (mat73_read_be.at:933): skipped (mat73_read_be.at:934)
608. Read structure array with 8-bit unsigned integer fields (mat73_read_be.at:982): skipped (mat73_read_be.at:983)
609. Read structure array with complex double-precision fields (mat73_read_be.at:1031): skipped (mat73_read_be.at:1032)
610. Read structure array with complex single-precision fields (mat73_read_be.at:1080): skipped (mat73_read_be.at:1081)
611. Read structure array with complex 64-bit integer fields (mat73_read_be.at:1129): skipped (mat73_read_be.at:1130)
612. Read structure array with complex 64-bit unsigned integer fields (mat73_read_be.at:1178): skipped (mat73_read_be.at:1179)
613. Read structure array with complex 32-bit integer fields (mat73_read_be.at:1227): skipped (mat73_read_be.at:1228)
614. Read structure array with complex 32-bit unsigned integer fields (mat73_read_be.at:1276): skipped (mat73_read_be.at:1277)
615. Read structure array with complex 16-bit integer fields (mat73_read_be.at:1325): skipped (mat73_read_be.at:1326)
616. Read structure array with complex 16-bit unsigned integer fields (mat73_read_be.at:1374): skipped (mat73_read_be.at:1375)
617. Read structure array with complex 8-bit integer fields (mat73_read_be.at:1423): skipped (mat73_read_be.at:1424)
618. Read structure array with complex 8-bit unsigned integer fields (mat73_read_be.at:1472): skipped (mat73_read_be.at:1473)
619. Read structure array with logical fields (mat73_read_be.at:1522): skipped (mat73_read_be.at:1523)
620. Read structure array with double-precision sparse fields (mat73_read_be.at:1582): skipped (mat73_read_be.at:1583)
621. Read structure array with complex double-precision sparse fields (mat73_read_be.at:1638): skipped (mat73_read_be.at:1639)
622. Read structure array with character fields (mat73_read_be.at:1694): skipped (mat73_read_be.at:1695)
623. Read cell array with empty arrays (mat73_read_be.at:1740): skipped (mat73_read_be.at:1741)
624. Read cell array with double-precision arrays (mat73_read_be.at:1794): skipped (mat73_read_be.at:1795)
625. Read cell array with single-precision arrays (mat73_read_be.at:1859): skipped (mat73_read_be.at:1860)
626. Read cell array with 64-bit integer arrays (mat73_read_be.at:1924): skipped (mat73_read_be.at:1925)
627. Read cell array with 64-bit unsigned integer arrays (mat73_read_be.at:1989): skipped (mat73_read_be.at:1990)
628. Read cell array with 32-bit integer arrays (mat73_read_be.at:2054): skipped (mat73_read_be.at:2055)
629. Read cell array with 32-bit unsigned integer arrays (mat73_read_be.at:2119): skipped (mat73_read_be.at:2120)
630. Read cell array with 16-bit integer arrays (mat73_read_be.at:2184): skipped (mat73_read_be.at:2185)
631. Read cell array with 16-bit unsigned integer arrays (mat73_read_be.at:2249): skipped (mat73_read_be.at:2250)
632. Read cell array with 8-bit integer arrays (mat73_read_be.at:2314): skipped (mat73_read_be.at:2315)
633. Read cell array with 8-bit unsigned integer arrays (mat73_read_be.at:2379): skipped (mat73_read_be.at:2380)
634. Read cell array with logical arrays (mat73_read_be.at:2444): skipped (mat73_read_be.at:2445)
635. Read cell array with double-precision sparse arrays (mat73_read_be.at:2500): skipped (mat73_read_be.at:2501)
636. Read cell array with complex double-precision sparse arrays (mat73_read_be.at:2554): skipped (mat73_read_be.at:2555)
637. Read cell array with character arrays (mat73_read_be.at:2608): skipped (mat73_read_be.at:2609)
638. Read cell array with empty structure arrays (mat73_read_be.at:2650): skipped (mat73_read_be.at:2651)
639. Read cell array with structure arrays (numeric fields) (mat73_read_be.at:2710): skipped (mat73_read_be.at:2711)
640. Read cell array with structure arrays (sparse fields) (mat73_read_be.at:3564): skipped (mat73_read_be.at:3565)
641. Read cell array structure arrays (character fields) (mat73_read_be.at:3674): skipped (mat73_read_be.at:3675)
642. Read slab of double-precision array (mat73_readslab_be.at:1): skipped (mat73_readslab_be.at:3)
643. Read slab of single-precision array (mat73_readslab_be.at:34): skipped (mat73_readslab_be.at:36)
644. Read slab of 64-bit integer array (mat73_readslab_be.at:67): skipped (mat73_readslab_be.at:69)
645. Read slab of 64-bit unsigned integer array (mat73_readslab_be.at:100): skipped (mat73_readslab_be.at:102)
646. Read slab of 32-bit integer array (mat73_readslab_be.at:133): skipped (mat73_readslab_be.at:135)
647. Read slab of 32-bit unsigned integer array (mat73_readslab_be.at:166): skipped (mat73_readslab_be.at:168)
648. Read slab of 16-bit integer array (mat73_readslab_be.at:199): skipped (mat73_readslab_be.at:201)
649. Read slab of 16-bit unsigned integer array (mat73_readslab_be.at:232): skipped (mat73_readslab_be.at:234)
650. Read slab of 8-bit integer array (mat73_readslab_be.at:265): skipped (mat73_readslab_be.at:267)
651. Read slab of 8-bit unsigned integer array (mat73_readslab_be.at:298): skipped (mat73_readslab_be.at:300)
652. Read slab of double-precision complex array (mat73_readslab_be.at:331): skipped (mat73_readslab_be.at:333)
653. Read slab of single-precision complex array (mat73_readslab_be.at:364): skipped (mat73_readslab_be.at:366)
654. Read slab of 64-bit integer complex array (mat73_readslab_be.at:397): skipped (mat73_readslab_be.at:399)
655. Read slab of 64-bit unsigned integer complex array (mat73_readslab_be.at:430): skipped (mat73_readslab_be.at:432)
656. Read slab of 32-bit integer complex array (mat73_readslab_be.at:463): skipped (mat73_readslab_be.at:465)
657. Read slab of 32-bit unsigned integer complex array (mat73_readslab_be.at:496): skipped (mat73_readslab_be.at:498)
658. Read slab of 16-bit integer complex array (mat73_readslab_be.at:529): skipped (mat73_readslab_be.at:531)
659. Read slab of 16-bit unsigned integer complex array (mat73_readslab_be.at:562): skipped (mat73_readslab_be.at:564)
660. Read slab of 8-bit integer complex array (mat73_readslab_be.at:595): skipped (mat73_readslab_be.at:597)
661. Read slab of 8-bit unsigned integer complex array (mat73_readslab_be.at:628): skipped (mat73_readslab_be.at:630)
662. Read linear slab of double-precision array (mat73_readslab_be.at:661): skipped (mat73_readslab_be.at:663)
663. Read linear slab of single-precision array (mat73_readslab_be.at:695): skipped (mat73_readslab_be.at:697)
664. Read linear slab of 64-bit integer array (mat73_readslab_be.at:729): skipped (mat73_readslab_be.at:731)
665. Read linear slab of 64-bit unsigned integer array (mat73_readslab_be.at:763): skipped (mat73_readslab_be.at:765)
666. Read linear slab of 32-bit integer array (mat73_readslab_be.at:797): skipped (mat73_readslab_be.at:799)
667. Read linear slab of 32-bit unsigned integer array (mat73_readslab_be.at:831): skipped (mat73_readslab_be.at:833)
668. Read linear slab of 16-bit integer array (mat73_readslab_be.at:865): skipped (mat73_readslab_be.at:867)
669. Read linear slab of 16-bit unsigned integer array (mat73_readslab_be.at:899): skipped (mat73_readslab_be.at:901)
670. Read linear slab of 8-bit integer array (mat73_readslab_be.at:933): skipped (mat73_readslab_be.at:935)
671. Read linear slab of 8-bit unsigned integer array (mat73_readslab_be.at:967): skipped (mat73_readslab_be.at:969)
672. Read linear slab of double-precision complex array (mat73_readslab_be.at:1001): skipped (mat73_readslab_be.at:1003)
673. Read linear slab of single-precision complex array (mat73_readslab_be.at:1035): skipped (mat73_readslab_be.at:1037)
674. Read linear slab of 64-bit integer complex array (mat73_readslab_be.at:1069): skipped (mat73_readslab_be.at:1071)
675. Read linear slab of 64-bit unsigned integer complex array (mat73_readslab_be.at:1103): skipped (mat73_readslab_be.at:1105)
676. Read linear slab of 32-bit integer complex array (mat73_readslab_be.at:1137): skipped (mat73_readslab_be.at:1139)
677. Read linear slab of 32-bit unsigned integer complex array (mat73_readslab_be.at:1171): skipped (mat73_readslab_be.at:1173)
678. Read linear slab of 16-bit integer complex array (mat73_readslab_be.at:1205): skipped (mat73_readslab_be.at:1207)
679. Read linear slab of 16-bit unsigned integer complex array (mat73_readslab_be.at:1239): skipped (mat73_readslab_be.at:1241)
680. Read linear slab of 8-bit integer complex array (mat73_readslab_be.at:1273): skipped (mat73_readslab_be.at:1275)
681. Read linear slab of 8-bit unsigned integer complex array (mat73_readslab_be.at:1307): skipped (mat73_readslab_be.at:1309)
682. Write 2D double-precision array (mat5_uncompressed_write.at:27): skipped (mat5_uncompressed_write.at:46)
683. Write 2D single-precision array (mat5_uncompressed_write.at:69): skipped (mat5_uncompressed_write.at:88)
684. Write 2D 64-bit integer array (mat5_uncompressed_write.at:111): skipped (mat5_uncompressed_write.at:131)
685. Write 2D 64-bit unsigned integer array (mat5_uncompressed_write.at:154): skipped (mat5_uncompressed_write.at:174)
686. Write 2D 32-bit integer array (mat5_uncompressed_write.at:197): skipped (mat5_uncompressed_write.at:216)
687. Write 2D 32-bit unsigned integer array (mat5_uncompressed_write.at:239): skipped (mat5_uncompressed_write.at:258)
688. Write 2D 16-bit integer array (mat5_uncompressed_write.at:281): skipped (mat5_uncompressed_write.at:300)
689. Write 2D 16-bit unsigned integer array (mat5_uncompressed_write.at:323): skipped (mat5_uncompressed_write.at:342)
690. Write 2D 8-bit integer array (mat5_uncompressed_write.at:365): skipped (mat5_uncompressed_write.at:384)
691. Write 2D 8-bit unsigned integer array (mat5_uncompressed_write.at:407): skipped (mat5_uncompressed_write.at:426)
692. Write 2D double-precision complex array (mat5_uncompressed_write.at:449): skipped (mat5_uncompressed_write.at:468)
693. Write 2D single-precision complex array (mat5_uncompressed_write.at:491): skipped (mat5_uncompressed_write.at:510)
694. Write 2D 64-bit integer complex array (mat5_uncompressed_write.at:533): skipped (mat5_uncompressed_write.at:553)
695. Write 2D 64-bit unsigned integer complex array (mat5_uncompressed_write.at:576): skipped (mat5_uncompressed_write.at:596)
696. Write 2D 32-bit integer complex array (mat5_uncompressed_write.at:619): skipped (mat5_uncompressed_write.at:638)
697. Write 2D 32-bit unsigned integer complex array (mat5_uncompressed_write.at:661): skipped (mat5_uncompressed_write.at:680)
698. Write 2D 16-bit integer complex array (mat5_uncompressed_write.at:703): skipped (mat5_uncompressed_write.at:722)
699. Write 2D 16-bit unsigned integer complex array (mat5_uncompressed_write.at:745): skipped (mat5_uncompressed_write.at:764)
700. Write 2D 8-bit integer complex array (mat5_uncompressed_write.at:787): skipped (mat5_uncompressed_write.at:806)
701. Write 2D 8-bit unsigned integer complex array (mat5_uncompressed_write.at:829): skipped (mat5_uncompressed_write.at:848)
702. Write 2D logical array (mat5_uncompressed_write.at:871): skipped (mat5_uncompressed_write.at:922)
703. Write 2D sparse double-precision array (mat5_uncompressed_write.at:960): skipped (mat5_uncompressed_write.at:999)
704. Write 2D sparse complex double-precision array (mat5_uncompressed_write.at:1026): skipped (mat5_uncompressed_write.at:1065)
705. Write 2D empty array (mat5_uncompressed_write.at:1092): skipped (mat5_uncompressed_write.at:1106)
706. Write character array (mat5_uncompressed_write.at:1130): skipped (mat5_uncompressed_write.at:1147)
707. Write empty structure array (mat5_uncompressed_write.at:1171): skipped (mat5_uncompressed_write.at:1261)
708. Write structure array with 2D double-precision fields (mat5_uncompressed_write.at:1291): skipped (mat5_uncompressed_write.at:1345)
709. Write structure array with 2D single-precision fields (mat5_uncompressed_write.at:1373): skipped (mat5_uncompressed_write.at:1427)
710. Write structure array with 2D 64-bit signed integer fields (mat5_uncompressed_write.at:1455): skipped (mat5_uncompressed_write.at:1510)
711. Write structure array with 2D 64-bit unsigned integer fields (mat5_uncompressed_write.at:1538): skipped (mat5_uncompressed_write.at:1593)
712. Write structure array with 2D 32-bit signed integer fields (mat5_uncompressed_write.at:1621): skipped (mat5_uncompressed_write.at:1675)
713. Write structure array with 2D 32-bit unsigned integer fields (mat5_uncompressed_write.at:1703): skipped (mat5_uncompressed_write.at:1757)
714. Write structure array with 2D 16-bit signed integer fields (mat5_uncompressed_write.at:1785): skipped (mat5_uncompressed_write.at:1839)
715. Write structure array with 2D 16-bit unsigned integer fields (mat5_uncompressed_write.at:1867): skipped (mat5_uncompressed_write.at:1921)
716. Write structure array with 2D 8-bit signed integer fields (mat5_uncompressed_write.at:1949): skipped (mat5_uncompressed_write.at:2003)
717. Write structure array with 2D 8-bit unsigned integer fields (mat5_uncompressed_write.at:2031): skipped (mat5_uncompressed_write.at:2085)
718. Write structure array with 2D double-precision complex fields (mat5_uncompressed_write.at:2113): skipped (mat5_uncompressed_write.at:2167)
719. Write structure array with 2D single-precision complex fields (mat5_uncompressed_write.at:2195): skipped (mat5_uncompressed_write.at:2249)
720. Write structure array with 2D 64-bit signed integer complex fields (mat5_uncompressed_write.at:2277): skipped (mat5_uncompressed_write.at:2332)
721. Write structure array with 2D 64-bit unsigned integer complex fields (mat5_uncompressed_write.at:2360): skipped (mat5_uncompressed_write.at:2415)
722. Write structure array with 2D 32-bit signed integer complex fields (mat5_uncompressed_write.at:2443): skipped (mat5_uncompressed_write.at:2497)
723. Write structure array with 2D 32-bit unsigned integer complex fields (mat5_uncompressed_write.at:2525): skipped (mat5_uncompressed_write.at:2579)
724. Write structure array with 2D 16-bit signed integer complex fields (mat5_uncompressed_write.at:2607): skipped (mat5_uncompressed_write.at:2661)
725. Write structure array with 2D 16-bit unsigned integer complex fields (mat5_uncompressed_write.at:2689): skipped (mat5_uncompressed_write.at:2743)
726. Write structure array with 2D 8-bit signed integer complex fields (mat5_uncompressed_write.at:2771): skipped (mat5_uncompressed_write.at:2825)
727. Write structure array with 2D 8-bit unsigned integer complex fields (mat5_uncompressed_write.at:2853): skipped (mat5_uncompressed_write.at:2907)
728. Write structure array with 2D logical fields (mat5_uncompressed_write.at:2935): skipped (mat5_uncompressed_write.at:2992)
729. Write empty cell array (mat5_uncompressed_write.at:3020): skipped (mat5_uncompressed_write.at:3056)
730. Write cell array with 2D double-precision fields (mat5_uncompressed_write.at:3079): skipped (mat5_uncompressed_write.at:3129)
731. Write cell array with 2D single-precision fields (mat5_uncompressed_write.at:3155): skipped (mat5_uncompressed_write.at:3205)
732. Write cell array with 2D 64-bit signed integer fields (mat5_uncompressed_write.at:3231): skipped (mat5_uncompressed_write.at:3282)
733. Write cell array with 2D 64-bit unsigned integer fields (mat5_uncompressed_write.at:3308): skipped (mat5_uncompressed_write.at:3359)
734. Write cell array with 2D 32-bit signed integer fields (mat5_uncompressed_write.at:3385): skipped (mat5_uncompressed_write.at:3435)
735. Write cell array with 2D 32-bit unsigned integer fields (mat5_uncompressed_write.at:3461): skipped (mat5_uncompressed_write.at:3511)
736. Write cell array with 2D 16-bit signed integer fields (mat5_uncompressed_write.at:3537): skipped (mat5_uncompressed_write.at:3587)
737. Write cell array with 2D 16-bit unsigned integer fields (mat5_uncompressed_write.at:3613): skipped (mat5_uncompressed_write.at:3663)
738. Write cell array with 2D 8-bit signed integer fields (mat5_uncompressed_write.at:3689): skipped (mat5_uncompressed_write.at:3739)
739. Write cell array with 2D 8-bit unsigned integer fields (mat5_uncompressed_write.at:3765): skipped (mat5_uncompressed_write.at:3815)
750. Write cell array with 2D logical fields (mat5_uncompressed_write.at:4623): skipped (mat5_uncompressed_write.at:4676)
751. Write 2D double-precision array (mat5_compressed_write.at:27): skipped (mat5_compressed_write.at:47)
752. Write 2D single-precision array (mat5_compressed_write.at:70): skipped (mat5_compressed_write.at:90)
753. Write 2D 64-bit integer array (mat5_compressed_write.at:113): skipped (mat5_compressed_write.at:134)
754. Write 2D 64-bit unsigned integer array (mat5_compressed_write.at:157): skipped (mat5_compressed_write.at:178)
755. Write 2D 32-bit integer array (mat5_compressed_write.at:201): skipped (mat5_compressed_write.at:221)
756. Write 2D 32-bit unsigned integer array (mat5_compressed_write.at:244): skipped (mat5_compressed_write.at:264)
757. Write 2D 16-bit integer array (mat5_compressed_write.at:287): skipped (mat5_compressed_write.at:307)
758. Write 2D 16-bit unsigned integer array (mat5_compressed_write.at:330): skipped (mat5_compressed_write.at:350)
759. Write 2D 8-bit integer array (mat5_compressed_write.at:373): skipped (mat5_compressed_write.at:393)
760. Write 2D 8-bit unsigned integer array (mat5_compressed_write.at:416): skipped (mat5_compressed_write.at:436)
763. Write 2D 64-bit integer complex array (mat5_compressed_write.at:545): skipped (mat5_compressed_write.at:566)
764. Write 2D 64-bit unsigned integer complex array (mat5_compressed_write.at:589): skipped (mat5_compressed_write.at:610)
765. Write 2D 32-bit integer complex array (mat5_compressed_write.at:633): skipped (mat5_compressed_write.at:653)
766. Write 2D 32-bit unsigned integer complex array (mat5_compressed_write.at:676): skipped (mat5_compressed_write.at:696)
767. Write 2D 16-bit integer complex array (mat5_compressed_write.at:719): skipped (mat5_compressed_write.at:739)
768. Write 2D 16-bit unsigned integer complex array (mat5_compressed_write.at:762): skipped (mat5_compressed_write.at:782)
769. Write 2D 8-bit integer complex array (mat5_compressed_write.at:805): skipped (mat5_compressed_write.at:825)
770. Write 2D 8-bit unsigned integer complex array (mat5_compressed_write.at:848): skipped (mat5_compressed_write.at:868)
771. Write 2D logical array (mat5_compressed_write.at:891): skipped (mat5_compressed_write.at:943)
772. Write 2D sparse double-precision array (mat5_compressed_write.at:981): skipped (mat5_compressed_write.at:1021)
774. Write 2D empty array (mat5_compressed_write.at:1115): skipped (mat5_compressed_write.at:1130)
775. Write character array (mat5_compressed_write.at:1154): skipped (mat5_compressed_write.at:1172)
776. Write empty structure array (mat5_compressed_write.at:1196): skipped (mat5_compressed_write.at:1287)
777. Write structure array with 2D double-precision fields (mat5_compressed_write.at:1317): skipped (mat5_compressed_write.at:1372)
778. Write structure array with 2D single-precision fields (mat5_compressed_write.at:1400): skipped (mat5_compressed_write.at:1455)
779. Write structure array with 2D 64-bit signed integer fields (mat5_compressed_write.at:1483): skipped (mat5_compressed_write.at:1539)
780. Write structure array with 2D 64-bit unsigned integer fields (mat5_compressed_write.at:1567): skipped (mat5_compressed_write.at:1623)
781. Write structure array with 2D 32-bit signed integer fields (mat5_compressed_write.at:1651): skipped (mat5_compressed_write.at:1706)
782. Write structure array with 2D 32-bit unsigned integer fields (mat5_compressed_write.at:1734): skipped (mat5_compressed_write.at:1789)
783. Write structure array with 2D 16-bit signed integer fields (mat5_compressed_write.at:1817): skipped (mat5_compressed_write.at:1872)
784. Write structure array with 2D 16-bit unsigned integer fields (mat5_compressed_write.at:1900): skipped (mat5_compressed_write.at:1955)
785. Write structure array with 2D 8-bit signed integer fields (mat5_compressed_write.at:1983): skipped (mat5_compressed_write.at:2038)
786. Write structure array with 2D 8-bit unsigned integer fields (mat5_compressed_write.at:2066): skipped (mat5_compressed_write.at:2121)
789. Write structure array with 2D 64-bit signed integer complex fields (mat5_compressed_write.at:2315): skipped (mat5_compressed_write.at:2371)
790. Write structure array with 2D 64-bit unsigned integer complex fields (mat5_compressed_write.at:2399): skipped (mat5_compressed_write.at:2455)
791. Write structure array with 2D 32-bit signed integer complex fields (mat5_compressed_write.at:2483): skipped (mat5_compressed_write.at:2538)
792. Write structure array with 2D 32-bit unsigned integer complex fields (mat5_compressed_write.at:2566): skipped (mat5_compressed_write.at:2621)
793. Write structure array with 2D 16-bit signed integer complex fields (mat5_compressed_write.at:2649): skipped (mat5_compressed_write.at:2704)
794. Write structure array with 2D 16-bit unsigned integer complex fields (mat5_compressed_write.at:2732): skipped (mat5_compressed_write.at:2787)
795. Write structure array with 2D 8-bit signed integer complex fields (mat5_compressed_write.at:2815): skipped (mat5_compressed_write.at:2870)
796. Write structure array with 2D 8-bit unsigned integer complex fields (mat5_compressed_write.at:2898): skipped (mat5_compressed_write.at:2953)
797. Write structure array with 2D logical fields (mat5_compressed_write.at:2981): skipped (mat5_compressed_write.at:3039)
798. Write empty cell array (mat5_compressed_write.at:3067): skipped (mat5_compressed_write.at:3104)
799. Write cell array with 2D double-precision fields (mat5_compressed_write.at:3127): skipped (mat5_compressed_write.at:3178)
800. Write cell array with 2D single-precision fields (mat5_compressed_write.at:3204): skipped (mat5_compressed_write.at:3255)
801. Write cell array with 2D 64-bit signed integer fields (mat5_compressed_write.at:3281): skipped (mat5_compressed_write.at:3333)
802. Write cell array with 2D 64-bit unsigned integer fields (mat5_compressed_write.at:3359): skipped (mat5_compressed_write.at:3411)
803. Write cell array with 2D 32-bit signed integer fields (mat5_compressed_write.at:3437): skipped (mat5_compressed_write.at:3488)
804. Write cell array with 2D 32-bit unsigned integer fields (mat5_compressed_write.at:3514): skipped (mat5_compressed_write.at:3565)
805. Write cell array with 2D 16-bit signed integer fields (mat5_compressed_write.at:3591): skipped (mat5_compressed_write.at:3642)
806. Write cell array with 2D 16-bit unsigned integer fields (mat5_compressed_write.at:3668): skipped (mat5_compressed_write.at:3719)
807. Write cell array with 2D 8-bit signed integer fields (mat5_compressed_write.at:3745): skipped (mat5_compressed_write.at:3796)
808. Write cell array with 2D 8-bit unsigned integer fields (mat5_compressed_write.at:3822): skipped (mat5_compressed_write.at:3873)
819. Write cell array with 2D logical fields (mat5_compressed_write.at:4691): skipped (mat5_compressed_write.at:4745)
820. Write 2D double-precision array (mat73_write.at:27): skipped (mat73_write.at:28)
821. Write 2D single-precision array (mat73_write.at:70): skipped (mat73_write.at:71)
822. Write 2D 64-bit integer array (mat73_write.at:113): skipped (mat73_write.at:114)
823. Write 2D 64-bit unsigned integer array (mat73_write.at:157): skipped (mat73_write.at:158)
824. Write 2D 32-bit integer array (mat73_write.at:201): skipped (mat73_write.at:202)
825. Write 2D 32-bit unsigned integer array (mat73_write.at:244): skipped (mat73_write.at:245)
826. Write 2D 16-bit integer array (mat73_write.at:287): skipped (mat73_write.at:288)
827. Write 2D 16-bit unsigned integer array (mat73_write.at:330): skipped (mat73_write.at:331)
828. Write 2D 8-bit integer array (mat73_write.at:373): skipped (mat73_write.at:374)
829. Write 2D 8-bit unsigned integer array (mat73_write.at:416): skipped (mat73_write.at:417)
830. Write 2D double-precision complex array (mat73_write.at:459): skipped (mat73_write.at:460)
831. Write 2D single-precision complex array (mat73_write.at:502): skipped (mat73_write.at:503)
832. Write 2D 64-bit integer complex array (mat73_write.at:545): skipped (mat73_write.at:546)
833. Write 2D 64-bit unsigned integer complex array (mat73_write.at:589): skipped (mat73_write.at:590)
834. Write 2D 32-bit integer complex array (mat73_write.at:633): skipped (mat73_write.at:634)
835. Write 2D 32-bit unsigned integer complex array (mat73_write.at:676): skipped (mat73_write.at:677)
836. Write 2D 16-bit integer complex array (mat73_write.at:719): skipped (mat73_write.at:720)
837. Write 2D 16-bit unsigned integer complex array (mat73_write.at:762): skipped (mat73_write.at:763)
838. Write 2D 8-bit integer complex array (mat73_write.at:805): skipped (mat73_write.at:806)
839. Write 2D 8-bit unsigned integer complex array (mat73_write.at:848): skipped (mat73_write.at:849)
840. Write 2D logical array (mat73_write.at:891): skipped (mat73_write.at:892)
841. Write 2D sparse double-precision array (mat73_write.at:981): skipped (mat73_write.at:982)
842. Write 2D sparse complex double-precision array (mat73_write.at:1048): skipped (mat73_write.at:1049)
843. Write 2D empty array (mat73_write.at:1115): skipped (mat73_write.at:1116)
844. Write character array (mat73_write.at:1152): skipped (mat73_write.at:1153)
845. Write empty structure array (mat73_write.at:1194): skipped (mat73_write.at:1195)
846. Write structure array with 2D double-precision fields (mat73_write.at:1310): skipped (mat73_write.at:1311)
847. Write structure array with 2D single-precision fields (mat73_write.at:1393): skipped (mat73_write.at:1394)
848. Write structure array with 2D 64-bit signed integer fields (mat73_write.at:1476): skipped (mat73_write.at:1477)
849. Write structure array with 2D 64-bit unsigned integer fields (mat73_write.at:1560): skipped (mat73_write.at:1561)
850. Write structure array with 2D 32-bit signed integer fields (mat73_write.at:1644): skipped (mat73_write.at:1645)
851. Write structure array with 2D 32-bit unsigned integer fields (mat73_write.at:1727): skipped (mat73_write.at:1728)
852. Write structure array with 2D 16-bit signed integer fields (mat73_write.at:1810): skipped (mat73_write.at:1811)
853. Write structure array with 2D 16-bit unsigned integer fields (mat73_write.at:1893): skipped (mat73_write.at:1894)
854. Write structure array with 2D 8-bit signed integer fields (mat73_write.at:1976): skipped (mat73_write.at:1977)
855. Write structure array with 2D 8-bit unsigned integer fields (mat73_write.at:2059): skipped (mat73_write.at:2060)
856. Write structure array with 2D double-precision complex fields (mat73_write.at:2142): skipped (mat73_write.at:2143)
857. Write structure array with 2D single-precision complex fields (mat73_write.at:2225): skipped (mat73_write.at:2226)
858. Write structure array with 2D 64-bit signed integer complex fields (mat73_write.at:2308): skipped (mat73_write.at:2309)
859. Write structure array with 2D 64-bit unsigned integer complex fields (mat73_write.at:2392): skipped (mat73_write.at:2393)
860. Write structure array with 2D 32-bit signed integer complex fields (mat73_write.at:2476): skipped (mat73_write.at:2477)
861. Write structure array with 2D 32-bit unsigned integer complex fields (mat73_write.at:2559): skipped (mat73_write.at:2560)
862. Write structure array with 2D 16-bit signed integer complex fields (mat73_write.at:2642): skipped (mat73_write.at:2643)
863. Write structure array with 2D 16-bit unsigned integer complex fields (mat73_write.at:2725): skipped (mat73_write.at:2726)
864. Write structure array with 2D 8-bit signed integer complex fields (mat73_write.at:2808): skipped (mat73_write.at:2809)
865. Write structure array with 2D 8-bit unsigned integer complex fields (mat73_write.at:2891): skipped (mat73_write.at:2892)
866. Write structure array with 2D logical fields (mat73_write.at:2974): skipped (mat73_write.at:2975)
867. Write empty cell array (mat73_write.at:3058): skipped (mat73_write.at:3059)
868. Write cell array with 2D double-precision fields (mat73_write.at:3114): skipped (mat73_write.at:3115)
869. Write cell array with 2D single-precision fields (mat73_write.at:3191): skipped (mat73_write.at:3192)
870. Write cell array with 2D 64-bit signed integer fields (mat73_write.at:3268): skipped (mat73_write.at:3270)
871. Write cell array with 2D 64-bit unsigned integer fields (mat73_write.at:3346): skipped (mat73_write.at:3348)
872. Write cell array with 2D 32-bit signed integer fields (mat73_write.at:3424): skipped (mat73_write.at:3425)
873. Write cell array with 2D 32-bit unsigned integer fields (mat73_write.at:3501): skipped (mat73_write.at:3502)
874. Write cell array with 2D 16-bit signed integer fields (mat73_write.at:3578): skipped (mat73_write.at:3579)
875. Write cell array with 2D 16-bit unsigned integer fields (mat73_write.at:3655): skipped (mat73_write.at:3656)
876. Write cell array with 2D 8-bit signed integer fields (mat73_write.at:3732): skipped (mat73_write.at:3733)
877. Write cell array with 2D 8-bit unsigned integer fields (mat73_write.at:3809): skipped (mat73_write.at:3810)
878. Write cell array with 2D double-precision complex fields (mat73_write.at:3886): skipped (mat73_write.at:3887)
879. Write cell array with 2D single-precision complex fields (mat73_write.at:3965): skipped (mat73_write.at:3966)
880. Write cell array with 2D 64-bit signed integer complex fields (mat73_write.at:4044): skipped (mat73_write.at:4046)
881. Write cell array with 2D 64-bit unsigned integer complex fields (mat73_write.at:4124): skipped (mat73_write.at:4126)
882. Write cell array with 2D 32-bit signed integer complex fields (mat73_write.at:4204): skipped (mat73_write.at:4205)
883. Write cell array with 2D 32-bit unsigned integer complex fields (mat73_write.at:4283): skipped (mat73_write.at:4284)
884. Write cell array with 2D 16-bit signed integer complex fields (mat73_write.at:4362): skipped (mat73_write.at:4363)
885. Write cell array with 2D 16-bit unsigned integer complex fields (mat73_write.at:4441): skipped (mat73_write.at:4442)
886. Write cell array with 2D 8-bit signed integer complex fields (mat73_write.at:4520): skipped (mat73_write.at:4521)
887. Write cell array with 2D 8-bit unsigned integer complex fields (mat73_write.at:4599): skipped (mat73_write.at:4600)
888. Write cell array with 2D logical fields (mat73_write.at:4678): skipped (mat73_write.at:4679)
889. Write 2D double-precision array (mat73_compressed_write.at:27): skipped (mat73_compressed_write.at:28)
890. Write 2D single-precision array (mat73_compressed_write.at:71): skipped (mat73_compressed_write.at:72)
891. Write 2D 64-bit integer array (mat73_compressed_write.at:115): skipped (mat73_compressed_write.at:116)
892. Write 2D 64-bit unsigned integer array (mat73_compressed_write.at:160): skipped (mat73_compressed_write.at:161)
893. Write 2D 32-bit integer array (mat73_compressed_write.at:205): skipped (mat73_compressed_write.at:206)
894. Write 2D 32-bit unsigned integer array (mat73_compressed_write.at:249): skipped (mat73_compressed_write.at:250)
895. Write 2D 16-bit integer array (mat73_compressed_write.at:293): skipped (mat73_compressed_write.at:294)
896. Write 2D 16-bit unsigned integer array (mat73_compressed_write.at:337): skipped (mat73_compressed_write.at:338)
897. Write 2D 8-bit integer array (mat73_compressed_write.at:381): skipped (mat73_compressed_write.at:382)
898. Write 2D 8-bit unsigned integer array (mat73_compressed_write.at:425): skipped (mat73_compressed_write.at:426)
899. Write 2D double-precision complex array (mat73_compressed_write.at:469): skipped (mat73_compressed_write.at:470)
900. Write 2D single-precision complex array (mat73_compressed_write.at:513): skipped (mat73_compressed_write.at:514)
901. Write 2D 64-bit integer complex array (mat73_compressed_write.at:557): skipped (mat73_compressed_write.at:558)
902. Write 2D 64-bit unsigned integer complex array (mat73_compressed_write.at:602): skipped (mat73_compressed_write.at:603)
903. Write 2D 32-bit integer complex array (mat73_compressed_write.at:647): skipped (mat73_compressed_write.at:648)
904. Write 2D 32-bit unsigned integer complex array (mat73_compressed_write.at:691): skipped (mat73_compressed_write.at:692)
905. Write 2D 16-bit integer complex array (mat73_compressed_write.at:735): skipped (mat73_compressed_write.at:736)
906. Write 2D 16-bit unsigned integer complex array (mat73_compressed_write.at:779): skipped (mat73_compressed_write.at:780)
907. Write 2D 8-bit integer complex array (mat73_compressed_write.at:823): skipped (mat73_compressed_write.at:824)
908. Write 2D 8-bit unsigned integer complex array (mat73_compressed_write.at:867): skipped (mat73_compressed_write.at:868)
909. Write 2D logical array (mat73_compressed_write.at:911): skipped (mat73_compressed_write.at:912)
910. Write 2D sparse double-precision array (mat73_compressed_write.at:1002): skipped (mat73_compressed_write.at:1003)
911. Write 2D sparse complex double-precision array (mat73_compressed_write.at:1070): skipped (mat73_compressed_write.at:1071)
912. Write 2D empty array (mat73_compressed_write.at:1138): skipped (mat73_compressed_write.at:1139)
913. Write character array (mat73_compressed_write.at:1176): skipped (mat73_compressed_write.at:1177)
914. Write empty structure array (mat73_compressed_write.at:1219): skipped (mat73_compressed_write.at:1220)
915. Write structure array with 2D double-precision fields (mat73_compressed_write.at:1336): skipped (mat73_compressed_write.at:1337)
916. Write structure array with 2D single-precision fields (mat73_compressed_write.at:1420): skipped (mat73_compressed_write.at:1421)
917. Write structure array with 2D 64-bit signed integer fields (mat73_compressed_write.at:1504): skipped (mat73_compressed_write.at:1505)
918. Write structure array with 2D 64-bit unsigned integer fields (mat73_compressed_write.at:1589): skipped (mat73_compressed_write.at:1590)
919. Write structure array with 2D 32-bit signed integer fields (mat73_compressed_write.at:1674): skipped (mat73_compressed_write.at:1675)
920. Write structure array with 2D 32-bit unsigned integer fields (mat73_compressed_write.at:1758): skipped (mat73_compressed_write.at:1759)
921. Write structure array with 2D 16-bit signed integer fields (mat73_compressed_write.at:1842): skipped (mat73_compressed_write.at:1843)
922. Write structure array with 2D 16-bit unsigned integer fields (mat73_compressed_write.at:1926): skipped (mat73_compressed_write.at:1927)
923. Write structure array with 2D 8-bit signed integer fields (mat73_compressed_write.at:2010): skipped (mat73_compressed_write.at:2011)
924. Write structure array with 2D 8-bit unsigned integer fields (mat73_compressed_write.at:2094): skipped (mat73_compressed_write.at:2095)
925. Write structure array with 2D double-precision complex fields (mat73_compressed_write.at:2178): skipped (mat73_compressed_write.at:2179)
926. Write structure array with 2D single-precision complex fields (mat73_compressed_write.at:2262): skipped (mat73_compressed_write.at:2263)
927. Write structure array with 2D 64-bit signed integer complex fields (mat73_compressed_write.at:2346): skipped (mat73_compressed_write.at:2347)
928. Write structure array with 2D 64-bit unsigned integer complex fields (mat73_compressed_write.at:2431): skipped (mat73_compressed_write.at:2432)
929. Write structure array with 2D 32-bit signed integer complex fields (mat73_compressed_write.at:2516): skipped (mat73_compressed_write.at:2517)
930. Write structure array with 2D 32-bit unsigned integer complex fields (mat73_compressed_write.at:2600): skipped (mat73_compressed_write.at:2601)
931. Write structure array with 2D 16-bit signed integer complex fields (mat73_compressed_write.at:2684): skipped (mat73_compressed_write.at:2685)
932. Write structure array with 2D 16-bit unsigned integer complex fields (mat73_compressed_write.at:2768): skipped (mat73_compressed_write.at:2769)
933. Write structure array with 2D 8-bit signed integer complex fields (mat73_compressed_write.at:2852): skipped (mat73_compressed_write.at:2853)
934. Write structure array with 2D 8-bit unsigned integer complex fields (mat73_compressed_write.at:2936): skipped (mat73_compressed_write.at:2937)
935. Write structure array with 2D logical fields (mat73_compressed_write.at:3020): skipped (mat73_compressed_write.at:3021)
936. Write empty cell array (mat73_compressed_write.at:3105): skipped (mat73_compressed_write.at:3106)
937. Write cell array with 2D double-precision fields (mat73_compressed_write.at:3162): skipped (mat73_compressed_write.at:3163)
938. Write cell array with 2D single-precision fields (mat73_compressed_write.at:3240): skipped (mat73_compressed_write.at:3241)
939. Write cell array with 2D 64-bit signed integer fields (mat73_compressed_write.at:3318): skipped (mat73_compressed_write.at:3320)
940. Write cell array with 2D 64-bit unsigned integer fields (mat73_compressed_write.at:3397): skipped (mat73_compressed_write.at:3399)
941. Write cell array with 2D 32-bit signed integer fields (mat73_compressed_write.at:3476): skipped (mat73_compressed_write.at:3477)
942. Write cell array with 2D 32-bit unsigned integer fields (mat73_compressed_write.at:3554): skipped (mat73_compressed_write.at:3555)
943. Write cell array with 2D 16-bit signed integer fields (mat73_compressed_write.at:3632): skipped (mat73_compressed_write.at:3633)
944. Write cell array with 2D 16-bit unsigned integer fields (mat73_compressed_write.at:3710): skipped (mat73_compressed_write.at:3711)
945. Write cell array with 2D 8-bit signed integer fields (mat73_compressed_write.at:3788): skipped (mat73_compressed_write.at:3789)
946. Write cell array with 2D 8-bit unsigned integer fields (mat73_compressed_write.at:3866): skipped (mat73_compressed_write.at:3867)
947. Write cell array with 2D double-precision complex fields (mat73_compressed_write.at:3944): skipped (mat73_compressed_write.at:3945)
948. Write cell array with 2D single-precision complex fields (mat73_compressed_write.at:4024): skipped (mat73_compressed_write.at:4025)
949. Write cell array with 2D 64-bit signed integer complex fields (mat73_compressed_write.at:4104): skipped (mat73_compressed_write.at:4106)
950. Write cell array with 2D 64-bit unsigned integer complex fields (mat73_compressed_write.at:4185): skipped (mat73_compressed_write.at:4187)
951. Write cell array with 2D 32-bit signed integer complex fields (mat73_compressed_write.at:4266): skipped (mat73_compressed_write.at:4267)
952. Write cell array with 2D 32-bit unsigned integer complex fields (mat73_compressed_write.at:4346): skipped (mat73_compressed_write.at:4347)
953. Write cell array with 2D 16-bit signed integer complex fields (mat73_compressed_write.at:4426): skipped (mat73_compressed_write.at:4427)
954. Write cell array with 2D 16-bit unsigned integer complex fields (mat73_compressed_write.at:4506): skipped (mat73_compressed_write.at:4507)
955. Write cell array with 2D 8-bit signed integer complex fields (mat73_compressed_write.at:4586): skipped (mat73_compressed_write.at:4587)
956. Write cell array with 2D 8-bit unsigned integer complex fields (mat73_compressed_write.at:4666): skipped (mat73_compressed_write.at:4667)
957. Write cell array with 2D logical fields (mat73_compressed_write.at:4746): skipped (mat73_compressed_write.at:4748)
958. Write 2D sparse single-precision array (mat5_uncompressed_extended_sparse.at:1): ok     (0m0.000s 0m0.000s)
959. Write 2D sparse 64-bit integer array (mat5_uncompressed_extended_sparse.at:43): ok     (0m0.000s 0m0.000s)
960. Write 2D sparse 64-bit unsigned integer array (mat5_uncompressed_extended_sparse.at:86): ok     (0m0.000s 0m0.000s)
961. Write 2D sparse 32-bit integer array (mat5_uncompressed_extended_sparse.at:129): ok     (0m0.000s 0m0.000s)
962. Write 2D sparse 32-bit unsigned integer array (mat5_uncompressed_extended_sparse.at:171): ok     (0m0.000s 0m0.000s)
963. Write 2D sparse 16-bit integer array (mat5_uncompressed_extended_sparse.at:213): ok     (0m0.000s 0m0.000s)
964. Write 2D sparse 16-bit unsigned integer array (mat5_uncompressed_extended_sparse.at:255): ok     (0m0.000s 0m0.000s)
965. Write 2D sparse 8-bit integer array (mat5_uncompressed_extended_sparse.at:297): ok     (0m0.000s 0m0.000s)
966. Write 2D sparse 8-bit unsigned integer array (mat5_uncompressed_extended_sparse.at:339): ok     (0m0.000s 0m0.000s)
967. Write 2D sparse complex single-precision array (mat5_uncompressed_extended_sparse.at:381): ok     (0m0.000s 0m0.000s)
968. Write 2D sparse complex 64-bit integer complex array (mat5_uncompressed_extended_sparse.at:423): ok     (0m0.000s 0m0.000s)
969. Write 2D sparse complex 64-bit unsigned integer complex array (mat5_uncompressed_extended_sparse.at:466): ok     (0m0.000s 0m0.000s)
970. Write 2D sparse complex 32-bit integer complex array (mat5_uncompressed_extended_sparse.at:509): ok     (0m0.000s 0m0.000s)
971. Write 2D sparse complex 32-bit unsigned integer complex array (mat5_uncompressed_extended_sparse.at:551): ok     (0m0.000s 0m0.000s)
972. Write 2D sparse complex 16-bit integer complex array (mat5_uncompressed_extended_sparse.at:593): ok     (0m0.000s 0m0.000s)
973. Write 2D sparse complex 16-bit unsigned integer complex array (mat5_uncompressed_extended_sparse.at:635): ok     (0m0.000s 0m0.000s)
974. Write 2D sparse complex 8-bit integer complex array (mat5_uncompressed_extended_sparse.at:677): ok     (0m0.000s 0m0.000s)
975. Write 2D sparse complex 8-bit unsigned integer complex array (mat5_uncompressed_extended_sparse.at:719): ok     (0m0.000s 0m0.000s)
976. Write 2D sparse single-precision array (mat5_compressed_extended_sparse.at:1): ok     (0m0.000s 0m0.000s)
977. Write 2D sparse 64-bit integer array (mat5_compressed_extended_sparse.at:44): ok     (0m0.000s 0m0.000s)
978. Write 2D sparse 64-bit unsigned integer array (mat5_compressed_extended_sparse.at:88): ok     (0m0.000s 0m0.000s)
979. Write 2D sparse 32-bit integer array (mat5_compressed_extended_sparse.at:132): ok     (0m0.000s 0m0.000s)
980. Write 2D sparse 32-bit unsigned integer array (mat5_compressed_extended_sparse.at:175): ok     (0m0.000s 0m0.000s)
981. Write 2D sparse 16-bit integer array (mat5_compressed_extended_sparse.at:218): ok     (0m0.000s 0m0.000s)
982. Write 2D sparse 16-bit unsigned integer array (mat5_compressed_extended_sparse.at:261): ok     (0m0.000s 0m0.000s)
983. Write 2D sparse 8-bit integer array (mat5_compressed_extended_sparse.at:304): ok     (0m0.000s 0m0.000s)
984. Write 2D sparse 8-bit unsigned integer array (mat5_compressed_extended_sparse.at:347): ok     (0m0.000s 0m0.000s)
986. Write 2D sparse complex 64-bit integer complex array (mat5_compressed_extended_sparse.at:433): ok     (0m0.000s 0m0.000s)
987. Write 2D sparse complex 64-bit unsigned integer complex array (mat5_compressed_extended_sparse.at:477): ok     (0m0.000s 0m0.000s)
988. Write 2D sparse complex 32-bit integer complex array (mat5_compressed_extended_sparse.at:521): ok     (0m0.000s 0m0.000s)
989. Write 2D sparse complex 32-bit unsigned integer complex array (mat5_compressed_extended_sparse.at:564): ok     (0m0.000s 0m0.000s)
990. Write 2D sparse complex 16-bit integer complex array (mat5_compressed_extended_sparse.at:607): ok     (0m0.000s 0m0.000s)
991. Write 2D sparse complex 16-bit unsigned integer complex array (mat5_compressed_extended_sparse.at:650): ok     (0m0.000s 0m0.000s)
992. Write 2D sparse complex 8-bit integer complex array (mat5_compressed_extended_sparse.at:693): ok     (0m0.000s 0m0.000s)
993. Write 2D sparse complex 8-bit unsigned integer complex array (mat5_compressed_extended_sparse.at:736): ok     (0m0.000s 0m0.000s)
994. Write 2D sparse single-precision array (mat73_uncompressed_extended_sparse.at:1): skipped (mat73_uncompressed_extended_sparse.at:3)
995. Write 2D sparse 64-bit integer array (mat73_uncompressed_extended_sparse.at:44): skipped (mat73_uncompressed_extended_sparse.at:47)
996. Write 2D sparse 64-bit unsigned integer array (mat73_uncompressed_extended_sparse.at:88): skipped (mat73_uncompressed_extended_sparse.at:91)
997. Write 2D sparse 32-bit integer array (mat73_uncompressed_extended_sparse.at:132): skipped (mat73_uncompressed_extended_sparse.at:134)
998. Write 2D sparse 32-bit unsigned integer array (mat73_uncompressed_extended_sparse.at:175): skipped (mat73_uncompressed_extended_sparse.at:177)
999. Write 2D sparse 16-bit integer array (mat73_uncompressed_extended_sparse.at:218): skipped (mat73_uncompressed_extended_sparse.at:220)
1000. Write 2D sparse 16-bit unsigned integer array (mat73_uncompressed_extended_sparse.at:261): skipped (mat73_uncompressed_extended_sparse.at:263)
1001. Write 2D sparse 8-bit integer array (mat73_uncompressed_extended_sparse.at:304): skipped (mat73_uncompressed_extended_sparse.at:306)
1002. Write 2D sparse 8-bit unsigned integer array (mat73_uncompressed_extended_sparse.at:347): skipped (mat73_uncompressed_extended_sparse.at:349)
1003. Write 2D sparse complex single-precision array (mat73_uncompressed_extended_sparse.at:390): skipped (mat73_uncompressed_extended_sparse.at:392)
1004. Write 2D sparse complex 64-bit integer complex array (mat73_uncompressed_extended_sparse.at:433): skipped (mat73_uncompressed_extended_sparse.at:436)
1005. Write 2D sparse complex 64-bit unsigned integer complex array (mat73_uncompressed_extended_sparse.at:477): skipped (mat73_uncompressed_extended_sparse.at:480)
1006. Write 2D sparse complex 32-bit integer complex array (mat73_uncompressed_extended_sparse.at:521): skipped (mat73_uncompressed_extended_sparse.at:523)
1007. Write 2D sparse complex 32-bit unsigned integer complex array (mat73_uncompressed_extended_sparse.at:564): skipped (mat73_uncompressed_extended_sparse.at:566)
1008. Write 2D sparse complex 16-bit integer complex array (mat73_uncompressed_extended_sparse.at:607): skipped (mat73_uncompressed_extended_sparse.at:609)
1009. Write 2D sparse complex 16-bit unsigned integer complex array (mat73_uncompressed_extended_sparse.at:650): skipped (mat73_uncompressed_extended_sparse.at:652)
1010. Write 2D sparse complex 8-bit integer complex array (mat73_uncompressed_extended_sparse.at:693): skipped (mat73_uncompressed_extended_sparse.at:695)
1011. Write 2D sparse complex 8-bit unsigned integer complex array (mat73_uncompressed_extended_sparse.at:736): skipped (mat73_uncompressed_extended_sparse.at:738)
1012. Write 2D sparse single-precision array (mat73_compressed_extended_sparse.at:1): skipped (mat73_compressed_extended_sparse.at:3)
1013. Write 2D sparse 64-bit integer array (mat73_compressed_extended_sparse.at:45): skipped (mat73_compressed_extended_sparse.at:48)
1014. Write 2D sparse 64-bit unsigned integer array (mat73_compressed_extended_sparse.at:90): skipped (mat73_compressed_extended_sparse.at:93)
1015. Write 2D sparse 32-bit integer array (mat73_compressed_extended_sparse.at:135): skipped (mat73_compressed_extended_sparse.at:137)
1016. Write 2D sparse 32-bit unsigned integer array (mat73_compressed_extended_sparse.at:179): skipped (mat73_compressed_extended_sparse.at:181)
1017. Write 2D sparse 16-bit integer array (mat73_compressed_extended_sparse.at:223): skipped (mat73_compressed_extended_sparse.at:225)
1018. Write 2D sparse 16-bit unsigned integer array (mat73_compressed_extended_sparse.at:267): skipped (mat73_compressed_extended_sparse.at:269)
1019. Write 2D sparse 8-bit integer array (mat73_compressed_extended_sparse.at:311): skipped (mat73_compressed_extended_sparse.at:313)
1020. Write 2D sparse 8-bit unsigned integer array (mat73_compressed_extended_sparse.at:355): skipped (mat73_compressed_extended_sparse.at:357)
1021. Write 2D sparse complex single-precision array (mat73_compressed_extended_sparse.at:399): skipped (mat73_compressed_extended_sparse.at:401)
1022. Write 2D sparse complex 64-bit integer complex array (mat73_compressed_extended_sparse.at:443): skipped (mat73_compressed_extended_sparse.at:446)
1023. Write 2D sparse complex 64-bit unsigned integer complex array (mat73_compressed_extended_sparse.at:488): skipped (mat73_compressed_extended_sparse.at:491)
1024. Write 2D sparse complex 32-bit integer complex array (mat73_compressed_extended_sparse.at:533): skipped (mat73_compressed_extended_sparse.at:535)
1025. Write 2D sparse complex 32-bit unsigned integer complex array (mat73_compressed_extended_sparse.at:577): skipped (mat73_compressed_extended_sparse.at:579)
1026. Write 2D sparse complex 16-bit integer complex array (mat73_compressed_extended_sparse.at:621): skipped (mat73_compressed_extended_sparse.at:623)
1027. Write 2D sparse complex 16-bit unsigned integer complex array (mat73_compressed_extended_sparse.at:665): skipped (mat73_compressed_extended_sparse.at:667)
1028. Write 2D sparse complex 8-bit integer complex array (mat73_compressed_extended_sparse.at:709): skipped (mat73_compressed_extended_sparse.at:711)
1029. Write 2D sparse complex 8-bit unsigned integer complex array (mat73_compressed_extended_sparse.at:753): skipped (mat73_compressed_extended_sparse.at:755)
1030. Create structure array (struct_api.at:27): ok     (0m0.000s 0m0.000s)
1031. Set structure field (struct_api.at:67): ok     (0m0.000s 0m0.000s)
1032. Get structure fieldnames (struct_api.at:158): ok     (0m0.000s 0m0.000s)
1033. Add fields to structure array (struct_api.at:174): ok     (0m0.000s 0m0.000s)
1035. Index structure via dimension slices (struct_api.at:491): ok     (0m0.000s 0m0.008s)
1036. Set cell array elements (cell_api.at:27): ok     (0m0.000s 0m0.000s)
1038. Index cell array via dimension slices (cell_api.at:265): ok     (0m0.000s 0m0.000s)
testsuite: ending at: Tue Jan 19 16:22:34 CET 2016
testsuite: test suite duration: 0h 0m 30s

## ------------- ##
## Test results. ##
## ------------- ##

ERROR: 528 tests were run,
159 failed unexpectedly.
510 tests were skipped.

## ------------------------ ##
## Summary of the failures. ##
## ------------------------ ##
Failed tests:
MATIO 1.5.2 test suite: matio testsuite test groups:

 NUM: FILE-NAME:LINE     TEST-GROUP-NAME
      KEYWORDS

  83: mat5_uncompressed_readslab_le.at:1 Read slab of double-precision array
      mat5_uncompressed_readslab readslab
  84: mat5_uncompressed_readslab_le.at:33 Read slab of single-precision array
      mat5_uncompressed_readslab readslab
  85: mat5_uncompressed_readslab_le.at:65 Read slab of 64-bit integer array
      mat5_uncompressed_readslab readslab
  86: mat5_uncompressed_readslab_le.at:97 Read slab of 64-bit unsigned integer array
      mat5_uncompressed_readslab readslab
  87: mat5_uncompressed_readslab_le.at:129 Read slab of 32-bit integer array
      mat5_uncompressed_readslab readslab
  88: mat5_uncompressed_readslab_le.at:161 Read slab of 32-bit unsigned integer array
      mat5_uncompressed_readslab readslab
  89: mat5_uncompressed_readslab_le.at:193 Read slab of 16-bit integer array
      mat5_uncompressed_readslab readslab
  90: mat5_uncompressed_readslab_le.at:225 Read slab of 16-bit unsigned integer array
      mat5_uncompressed_readslab readslab
  91: mat5_uncompressed_readslab_le.at:257 Read slab of 8-bit integer array
      mat5_uncompressed_readslab readslab
  92: mat5_uncompressed_readslab_le.at:289 Read slab of 8-bit unsigned integer array
      mat5_uncompressed_readslab readslab
  93: mat5_uncompressed_readslab_le.at:321 Read slab of double-precision complex array
      mat5_uncompressed_readslab readslab
  94: mat5_uncompressed_readslab_le.at:353 Read slab of single-precision complex array
      mat5_uncompressed_readslab readslab
  95: mat5_uncompressed_readslab_le.at:385 Read slab of 64-bit integer complex array
      mat5_uncompressed_readslab readslab
  96: mat5_uncompressed_readslab_le.at:417 Read slab of 64-bit unsigned integer complex array
      mat5_uncompressed_readslab readslab
  97: mat5_uncompressed_readslab_le.at:449 Read slab of 32-bit integer complex array
      mat5_uncompressed_readslab readslab
  98: mat5_uncompressed_readslab_le.at:481 Read slab of 32-bit unsigned integer complex array
      mat5_uncompressed_readslab readslab
  99: mat5_uncompressed_readslab_le.at:513 Read slab of 16-bit integer complex array
      mat5_uncompressed_readslab readslab
 100: mat5_uncompressed_readslab_le.at:545 Read slab of 16-bit unsigned integer complex array
      mat5_uncompressed_readslab readslab
 101: mat5_uncompressed_readslab_le.at:577 Read slab of 8-bit integer complex array
      mat5_uncompressed_readslab readslab
 102: mat5_uncompressed_readslab_le.at:609 Read slab of 8-bit unsigned integer complex array
      mat5_uncompressed_readslab readslab
 113: mat5_uncompressed_readslab_le.at:971 Read linear slab of double-precision complex array
      mat5_uncompressed_readslab readslab read_data_linear
 114: mat5_uncompressed_readslab_le.at:1004 Read linear slab of single-precision complex array
      mat5_uncompressed_readslab readslab read_data_linear
 115: mat5_uncompressed_readslab_le.at:1037 Read linear slab of 64-bit integer complex array
      mat5_uncompressed_readslab readslab read_data_linear
 116: mat5_uncompressed_readslab_le.at:1070 Read linear slab of 64-bit unsigned integer complex array
      mat5_uncompressed_readslab readslab read_data_linear
 117: mat5_uncompressed_readslab_le.at:1103 Read linear slab of 32-bit integer complex array
      mat5_uncompressed_readslab readslab read_data_linear
 118: mat5_uncompressed_readslab_le.at:1136 Read linear slab of 32-bit unsigned integer complex array
      mat5_uncompressed_readslab readslab read_data_linear
 119: mat5_uncompressed_readslab_le.at:1169 Read linear slab of 16-bit integer complex array
      mat5_uncompressed_readslab readslab read_data_linear
 120: mat5_uncompressed_readslab_le.at:1202 Read linear slab of 16-bit unsigned integer complex array
      mat5_uncompressed_readslab readslab read_data_linear
 121: mat5_uncompressed_readslab_le.at:1235 Read linear slab of 8-bit integer complex array
      mat5_uncompressed_readslab readslab read_data_linear
 122: mat5_uncompressed_readslab_le.at:1268 Read linear slab of 8-bit unsigned integer complex array
      mat5_uncompressed_readslab readslab read_data_linear
 134: mat5_compressed_read_le.at:225 Read 2D single-precision complex array
 145: mat5_compressed_read_le.at:425 Read double-precision sparse complex array
 162: mat5_compressed_read_le.at:1097 Read structure array with complex single-precision fields
 173: mat5_compressed_read_le.at:1663 Read structure array with complex double-precision sparse fields
 189: mat5_compressed_read_le.at:2613 Read cell array with complex double-precision sparse arrays
 192: mat5_compressed_read_le.at:2770 Read cell array with structure arrays (numeric fields)
 193: mat5_compressed_read_le.at:3624 Read cell array with structure arrays (sparse fields)
 195: mat5_compressed_readslab_le.at:1 Read slab of double-precision array
      mat5_compressed_readslab readslab
 196: mat5_compressed_readslab_le.at:34 Read slab of single-precision array
      mat5_compressed_readslab readslab
 197: mat5_compressed_readslab_le.at:67 Read slab of 64-bit integer array
      mat5_compressed_readslab readslab
 198: mat5_compressed_readslab_le.at:100 Read slab of 64-bit unsigned integer array
      mat5_compressed_readslab readslab
 199: mat5_compressed_readslab_le.at:133 Read slab of 32-bit integer array
      mat5_compressed_readslab readslab
 200: mat5_compressed_readslab_le.at:166 Read slab of 32-bit unsigned integer array
      mat5_compressed_readslab readslab
 201: mat5_compressed_readslab_le.at:199 Read slab of 16-bit integer array
      mat5_compressed_readslab readslab
 202: mat5_compressed_readslab_le.at:232 Read slab of 16-bit unsigned integer array
      mat5_compressed_readslab readslab
 203: mat5_compressed_readslab_le.at:265 Read slab of 8-bit integer array
      mat5_compressed_readslab readslab
 204: mat5_compressed_readslab_le.at:298 Read slab of 8-bit unsigned integer array
      mat5_compressed_readslab readslab
 205: mat5_compressed_readslab_le.at:331 Read slab of double-precision complex array
      mat5_compressed_readslab readslab
 206: mat5_compressed_readslab_le.at:364 Read slab of single-precision complex array
      mat5_compressed_readslab readslab
 207: mat5_compressed_readslab_le.at:397 Read slab of 64-bit integer complex array
      mat5_compressed_readslab readslab
 208: mat5_compressed_readslab_le.at:430 Read slab of 64-bit unsigned integer complex array
      mat5_compressed_readslab readslab
 209: mat5_compressed_readslab_le.at:463 Read slab of 32-bit integer complex array
      mat5_compressed_readslab readslab
 210: mat5_compressed_readslab_le.at:496 Read slab of 32-bit unsigned integer complex array
      mat5_compressed_readslab readslab
 211: mat5_compressed_readslab_le.at:529 Read slab of 16-bit integer complex array
      mat5_compressed_readslab readslab
 212: mat5_compressed_readslab_le.at:562 Read slab of 16-bit unsigned integer complex array
      mat5_compressed_readslab readslab
 213: mat5_compressed_readslab_le.at:595 Read slab of 8-bit integer complex array
      mat5_compressed_readslab readslab
 214: mat5_compressed_readslab_le.at:628 Read slab of 8-bit unsigned integer complex array
      mat5_compressed_readslab readslab
 225: mat5_compressed_readslab_le.at:991 Read linear slab of double-precision complex array
      mat5_compressed_readslab readslab read_data_linear
 226: mat5_compressed_readslab_le.at:1024 Read linear slab of single-precision complex array
      mat5_compressed_readslab readslab read_data_linear
 227: mat5_compressed_readslab_le.at:1057 Read linear slab of 64-bit integer complex array
      mat5_compressed_readslab readslab read_data_linear
 228: mat5_compressed_readslab_le.at:1090 Read linear slab of 64-bit unsigned integer complex array
      mat5_compressed_readslab readslab read_data_linear
 229: mat5_compressed_readslab_le.at:1123 Read linear slab of 32-bit integer complex array
      mat5_compressed_readslab readslab read_data_linear
 230: mat5_compressed_readslab_le.at:1156 Read linear slab of 32-bit unsigned integer complex array
      mat5_compressed_readslab readslab read_data_linear
 231: mat5_compressed_readslab_le.at:1189 Read linear slab of 16-bit integer complex array
      mat5_compressed_readslab readslab read_data_linear
 232: mat5_compressed_readslab_le.at:1222 Read linear slab of 16-bit unsigned integer complex array
      mat5_compressed_readslab readslab read_data_linear
 233: mat5_compressed_readslab_le.at:1255 Read linear slab of 8-bit integer complex array
      mat5_compressed_readslab readslab read_data_linear
 234: mat5_compressed_readslab_le.at:1288 Read linear slab of 8-bit unsigned integer complex array
      mat5_compressed_readslab readslab read_data_linear
 307: mat5_uncompressed_readslab_be.at:1 Read slab of 2D double-precision array
      mat5_uncompressed_readslab readslab
 308: mat5_uncompressed_readslab_be.at:33 Read slab of single-precision array
      mat5_uncompressed_readslab readslab
 309: mat5_uncompressed_readslab_be.at:65 Read slab of 64-bit integer array
      mat5_uncompressed_readslab readslab
 310: mat5_uncompressed_readslab_be.at:97 Read slab of 64-bit unsigned integer array
      mat5_uncompressed_readslab readslab
 311: mat5_uncompressed_readslab_be.at:129 Read slab of 32-bit integer array
      mat5_uncompressed_readslab readslab
 312: mat5_uncompressed_readslab_be.at:161 Read slab of 32-bit unsigned integer array
      mat5_uncompressed_readslab readslab
 313: mat5_uncompressed_readslab_be.at:193 Read slab of 16-bit integer array
      mat5_uncompressed_readslab readslab
 314: mat5_uncompressed_readslab_be.at:225 Read slab of 16-bit unsigned integer array
      mat5_uncompressed_readslab readslab
 315: mat5_uncompressed_readslab_be.at:257 Read slab of 8-bit integer array
      mat5_uncompressed_readslab readslab
 316: mat5_uncompressed_readslab_be.at:289 Read slab of 8-bit unsigned integer array
      mat5_uncompressed_readslab readslab
 317: mat5_uncompressed_readslab_be.at:321 Read slab of double-precision complex array
      mat5_uncompressed_readslab readslab
 318: mat5_uncompressed_readslab_be.at:353 Read slab of single-precision complex array
      mat5_uncompressed_readslab readslab
 319: mat5_uncompressed_readslab_be.at:385 Read slab of 64-bit integer complex array
      mat5_uncompressed_readslab readslab
 320: mat5_uncompressed_readslab_be.at:417 Read slab of 64-bit unsigned integer complex array
      mat5_uncompressed_readslab readslab
 321: mat5_uncompressed_readslab_be.at:449 Read slab of 32-bit integer complex array
      mat5_uncompressed_readslab readslab
 322: mat5_uncompressed_readslab_be.at:481 Read slab of 32-bit unsigned integer complex array
      mat5_uncompressed_readslab readslab
 323: mat5_uncompressed_readslab_be.at:513 Read slab of 16-bit integer complex array
      mat5_uncompressed_readslab readslab
 324: mat5_uncompressed_readslab_be.at:545 Read slab of 16-bit unsigned integer complex array
      mat5_uncompressed_readslab readslab
 325: mat5_uncompressed_readslab_be.at:577 Read slab of 8-bit integer complex array
      mat5_uncompressed_readslab readslab
 326: mat5_uncompressed_readslab_be.at:609 Read slab of 8-bit unsigned integer complex array
      mat5_uncompressed_readslab readslab
 337: mat5_uncompressed_readslab_be.at:971 Read linear slab of double-precision complex array
      mat5_uncompressed_readslab readslab read_data_linear
 338: mat5_uncompressed_readslab_be.at:1004 Read linear slab of single-precision complex array
      mat5_uncompressed_readslab readslab read_data_linear
 339: mat5_uncompressed_readslab_be.at:1037 Read linear slab of 64-bit integer complex array
      mat5_uncompressed_readslab readslab read_data_linear
 340: mat5_uncompressed_readslab_be.at:1070 Read linear slab of 64-bit unsigned integer complex array
      mat5_uncompressed_readslab readslab read_data_linear
 341: mat5_uncompressed_readslab_be.at:1103 Read linear slab of 32-bit integer complex array
      mat5_uncompressed_readslab readslab read_data_linear
 342: mat5_uncompressed_readslab_be.at:1136 Read linear slab of 32-bit unsigned integer complex array
      mat5_uncompressed_readslab readslab read_data_linear
 343: mat5_uncompressed_readslab_be.at:1169 Read linear slab of 16-bit integer complex array
      mat5_uncompressed_readslab readslab read_data_linear
 344: mat5_uncompressed_readslab_be.at:1202 Read linear slab of 16-bit unsigned integer complex array
      mat5_uncompressed_readslab readslab read_data_linear
 345: mat5_uncompressed_readslab_be.at:1235 Read linear slab of 8-bit integer complex array
      mat5_uncompressed_readslab readslab read_data_linear
 346: mat5_uncompressed_readslab_be.at:1268 Read linear slab of 8-bit unsigned integer complex array
      mat5_uncompressed_readslab readslab read_data_linear
 369: mat5_compressed_read_be.at:425 Read double-precision sparse complex array
 397: mat5_compressed_read_be.at:1641 Read structure array with complex double-precision sparse fields
 413: mat5_compressed_read_be.at:2591 Read cell array with complex double-precision sparse arrays
 417: mat5_compressed_read_be.at:3602 Read cell array with structure arrays (sparse fields)
 419: mat5_compressed_readslab_be.at:1 Read slab of double-precision array
      mat5_compressed_readslab readslab
 420: mat5_compressed_readslab_be.at:34 Read slab of single-precision array
      mat5_compressed_readslab readslab
 421: mat5_compressed_readslab_be.at:67 Read slab of 64-bit integer array
      mat5_compressed_readslab readslab
 422: mat5_compressed_readslab_be.at:100 Read slab of 64-bit unsigned integer array
      mat5_compressed_readslab readslab
 423: mat5_compressed_readslab_be.at:133 Read slab of 32-bit integer array
      mat5_compressed_readslab readslab
 424: mat5_compressed_readslab_be.at:166 Read slab of 32-bit unsigned integer array
      mat5_compressed_readslab readslab
 425: mat5_compressed_readslab_be.at:199 Read slab of 16-bit integer array
      mat5_compressed_readslab readslab
 426: mat5_compressed_readslab_be.at:232 Read slab of 16-bit unsigned integer array
      mat5_compressed_readslab readslab
 427: mat5_compressed_readslab_be.at:265 Read slab of 8-bit integer array
      mat5_compressed_readslab readslab
 428: mat5_compressed_readslab_be.at:298 Read slab of 8-bit unsigned integer array
      mat5_compressed_readslab readslab
 429: mat5_compressed_readslab_be.at:331 Read slab of double-precision complex array
      mat5_compressed_readslab readslab
 430: mat5_compressed_readslab_be.at:364 Read slab of single-precision complex array
      mat5_compressed_readslab readslab
 431: mat5_compressed_readslab_be.at:397 Read slab of 64-bit integer complex array
      mat5_compressed_readslab readslab
 432: mat5_compressed_readslab_be.at:430 Read slab of 64-bit unsigned integer complex array
      mat5_compressed_readslab readslab
 433: mat5_compressed_readslab_be.at:463 Read slab of 32-bit integer complex array
      mat5_compressed_readslab readslab
 434: mat5_compressed_readslab_be.at:496 Read slab of 32-bit unsigned integer complex array
      mat5_compressed_readslab readslab
 435: mat5_compressed_readslab_be.at:529 Read slab of 16-bit integer complex array
      mat5_compressed_readslab readslab
 436: mat5_compressed_readslab_be.at:562 Read slab of 16-bit unsigned integer complex array
      mat5_compressed_readslab readslab
 437: mat5_compressed_readslab_be.at:595 Read slab of 8-bit integer complex array
      mat5_compressed_readslab readslab
 438: mat5_compressed_readslab_be.at:628 Read slab of 8-bit unsigned integer complex array
      mat5_compressed_readslab readslab
 449: mat5_compressed_readslab_be.at:991 Read linear slab of double-precision complex array
      mat5_compressed_readslab readslab read_data_linear
 450: mat5_compressed_readslab_be.at:1024 Read linear slab of single-precision complex array
      mat5_compressed_readslab readslab read_data_linear
 451: mat5_compressed_readslab_be.at:1057 Read linear slab of 64-bit integer complex array
      mat5_compressed_readslab readslab read_data_linear
 452: mat5_compressed_readslab_be.at:1090 Read linear slab of 64-bit unsigned integer complex array
      mat5_compressed_readslab readslab read_data_linear
 453: mat5_compressed_readslab_be.at:1123 Read linear slab of 32-bit integer complex array
      mat5_compressed_readslab readslab read_data_linear
 454: mat5_compressed_readslab_be.at:1156 Read linear slab of 32-bit unsigned integer complex array
      mat5_compressed_readslab readslab read_data_linear
 455: mat5_compressed_readslab_be.at:1189 Read linear slab of 16-bit integer complex array
      mat5_compressed_readslab readslab read_data_linear
 456: mat5_compressed_readslab_be.at:1222 Read linear slab of 16-bit unsigned integer complex array
      mat5_compressed_readslab readslab read_data_linear
 457: mat5_compressed_readslab_be.at:1255 Read linear slab of 8-bit integer complex array
      mat5_compressed_readslab readslab read_data_linear
 458: mat5_compressed_readslab_be.at:1288 Read linear slab of 8-bit unsigned integer complex array
      mat5_compressed_readslab readslab read_data_linear
 740: mat5_uncompressed_write.at:3841 Write cell array with 2D double-precision complex fields
 741: mat5_uncompressed_write.at:3919 Write cell array with 2D single-precision complex fields
 742: mat5_uncompressed_write.at:3997 Write cell array with 2D 64-bit signed integer complex fields
 743: mat5_uncompressed_write.at:4076 Write cell array with 2D 64-bit unsigned integer complex fields
 744: mat5_uncompressed_write.at:4155 Write cell array with 2D 32-bit signed integer complex fields
 745: mat5_uncompressed_write.at:4233 Write cell array with 2D 32-bit unsigned integer complex fields
 746: mat5_uncompressed_write.at:4311 Write cell array with 2D 16-bit signed integer complex fields
 747: mat5_uncompressed_write.at:4389 Write cell array with 2D 16-bit unsigned integer complex fields
 748: mat5_uncompressed_write.at:4467 Write cell array with 2D 8-bit signed integer complex fields
 749: mat5_uncompressed_write.at:4545 Write cell array with 2D 8-bit unsigned integer complex fields
 761: mat5_compressed_write.at:459 Write 2D double-precision complex array
 762: mat5_compressed_write.at:502 Write 2D single-precision complex array
 773: mat5_compressed_write.at:1048 Write 2D sparse complex double-precision array
 787: mat5_compressed_write.at:2149 Write structure array with 2D double-precision complex fields
 788: mat5_compressed_write.at:2232 Write structure array with 2D single-precision complex fields
 809: mat5_compressed_write.at:3899 Write cell array with 2D double-precision complex fields
 810: mat5_compressed_write.at:3978 Write cell array with 2D single-precision complex fields
 811: mat5_compressed_write.at:4057 Write cell array with 2D 64-bit signed integer complex fields
 812: mat5_compressed_write.at:4137 Write cell array with 2D 64-bit unsigned integer complex fields
 813: mat5_compressed_write.at:4217 Write cell array with 2D 32-bit signed integer complex fields
 814: mat5_compressed_write.at:4296 Write cell array with 2D 32-bit unsigned integer complex fields
 815: mat5_compressed_write.at:4375 Write cell array with 2D 16-bit signed integer complex fields
 816: mat5_compressed_write.at:4454 Write cell array with 2D 16-bit unsigned integer complex fields
 817: mat5_compressed_write.at:4533 Write cell array with 2D 8-bit signed integer complex fields
 818: mat5_compressed_write.at:4612 Write cell array with 2D 8-bit unsigned integer complex fields
 985: mat5_compressed_extended_sparse.at:390 Write 2D sparse complex single-precision array
 1034: struct_api.at:223  Linearly index a structure
      struct_api
 1037: cell_api.at:132    Linearly index cell array
      cell_api

Skipped tests:
MATIO 1.5.2 test suite: matio testsuite test groups:

 NUM: FILE-NAME:LINE     TEST-GROUP-NAME
      KEYWORDS

 459: mat73_read_le.at:27 Read 2D double-precision array
 460: mat73_read_le.at:45 Read 2D single-precision array
 461: mat73_read_le.at:63 Read 2D 64-bit integer array
 462: mat73_read_le.at:81 Read 2D 64-bit unsigned integer array
 463: mat73_read_le.at:99 Read 2D 32-bit integer array
 464: mat73_read_le.at:117 Read 2D 32-bit unsigned integer array
 465: mat73_read_le.at:135 Read 2D 16-bit integer array
 466: mat73_read_le.at:153 Read 2D 16-bit unsigned integer array
 467: mat73_read_le.at:171 Read 2D 8-bit integer array
 468: mat73_read_le.at:189 Read 2D 8-bit unsigned integer array
 469: mat73_read_le.at:207 Read 2D double-precision complex array
 470: mat73_read_le.at:225 Read 2D single-precision complex array
 471: mat73_read_le.at:243 Read 2D 64-bit integer complex array
 472: mat73_read_le.at:261 Read 2D 64-bit unsigned integer complex array
 473: mat73_read_le.at:279 Read 2D 32-bit integer complex array
 474: mat73_read_le.at:297 Read 2D 32-bit unsigned integer complex array
 475: mat73_read_le.at:315 Read 2D 16-bit integer complex array
 476: mat73_read_le.at:333 Read 2D 16-bit unsigned integer complex array
 477: mat73_read_le.at:351 Read 2D 8-bit integer complex array
 478: mat73_read_le.at:369 Read 2D 8-bit unsigned integer complex array
 479: mat73_read_le.at:387 Read 2D logical array
 480: mat73_read_le.at:406 Read double-precision sparse array
 481: mat73_read_le.at:425 Read double-precision sparse complex array
 482: mat73_read_le.at:444 Read empty array
 483: mat73_read_le.at:456 Read 2D character array
 484: mat73_read_le.at:474 Read empty structure array
 485: mat73_read_le.at:488 Read empty structure array with fields
 486: mat73_read_le.at:506 Read structure array with empty fields
 487: mat73_read_le.at:544 Read structure array with double-precision fields
 488: mat73_read_le.at:594 Read structure array with single-precision fields
 489: mat73_read_le.at:644 Read structure array with 64-bit integer fields
 490: mat73_read_le.at:694 Read structure array with 64-bit unsigned integer fields
 491: mat73_read_le.at:744 Read structure array with 32-bit integer fields
 492: mat73_read_le.at:794 Read structure array with 32-bit unsigned integer fields
 493: mat73_read_le.at:844 Read structure array with 16-bit integer fields
 494: mat73_read_le.at:894 Read structure array with 16-bit unsigned integer fields
 495: mat73_read_le.at:944 Read structure array with 8-bit integer fields
 496: mat73_read_le.at:994 Read structure array with 8-bit unsigned integer fields
 497: mat73_read_le.at:1044 Read structure array with complex double-precision fields
 498: mat73_read_le.at:1094 Read structure array with complex single-precision fields
 499: mat73_read_le.at:1144 Read structure array with complex 64-bit integer fields
 500: mat73_read_le.at:1194 Read structure array with complex 64-bit unsigned integer fields
 501: mat73_read_le.at:1244 Read structure array with complex 32-bit integer fields
 502: mat73_read_le.at:1294 Read structure array with complex 32-bit unsigned integer fields
 503: mat73_read_le.at:1344 Read structure array with complex 16-bit integer fields
 504: mat73_read_le.at:1394 Read structure array with complex 16-bit unsigned integer fields
 505: mat73_read_le.at:1444 Read structure array with complex 8-bit integer fields
 506: mat73_read_le.at:1494 Read structure array with complex 8-bit unsigned integer fields
 507: mat73_read_le.at:1544 Read structure array with logical fields
 508: mat73_read_le.at:1604 Read structure array with double-precision sparse fields
 509: mat73_read_le.at:1660 Read structure array with complex double-precision sparse fields
 510: mat73_read_le.at:1716 Read structure array with character fields
 511: mat73_read_le.at:1762 Read empty cell array
 512: mat73_read_le.at:1776 Read cell array with empty arrays
 513: mat73_read_le.at:1830 Read cell array with double-precision arrays
 514: mat73_read_le.at:1895 Read cell array with single-precision arrays
 515: mat73_read_le.at:1960 Read cell array with 64-bit integer arrays
 516: mat73_read_le.at:2025 Read cell array with 64-bit unsigned integer arrays
 517: mat73_read_le.at:2090 Read cell array with 32-bit integer arrays
 518: mat73_read_le.at:2155 Read cell array with 32-bit unsigned integer arrays
 519: mat73_read_le.at:2220 Read cell array with 16-bit integer arrays
 520: mat73_read_le.at:2285 Read cell array with 16-bit unsigned integer arrays
 521: mat73_read_le.at:2350 Read cell array with 8-bit integer arrays
 522: mat73_read_le.at:2415 Read cell array with 8-bit unsigned integer arrays
 523: mat73_read_le.at:2480 Read cell array with logical arrays
 524: mat73_read_le.at:2536 Read cell array with double-precision sparse arrays
 525: mat73_read_le.at:2590 Read cell array with complex double-precision sparse arrays
 526: mat73_read_le.at:2644 Read cell array with character arrays
 527: mat73_read_le.at:2686 Read cell array with empty structure arrays
 528: mat73_read_le.at:2746 Read cell array with structure arrays (numeric fields)
 529: mat73_read_le.at:3600 Read cell array with structure arrays (sparse fields)
 530: mat73_read_le.at:3710 Read cell array structure arrays (character fields)
 531: mat73_readslab_le.at:1 Read slab of double-precision array
      mat73_readslab readslab
 532: mat73_readslab_le.at:34 Read slab of single-precision array
      mat73_readslab readslab
 533: mat73_readslab_le.at:67 Read slab of 64-bit integer array
      mat73_readslab readslab
 534: mat73_readslab_le.at:100 Read slab of 64-bit unsigned integer array
      mat73_readslab readslab
 535: mat73_readslab_le.at:133 Read slab of 32-bit integer array
      mat73_readslab readslab
 536: mat73_readslab_le.at:166 Read slab of 32-bit unsigned integer array
      mat73_readslab readslab
 537: mat73_readslab_le.at:199 Read slab of 16-bit integer array
      mat73_readslab readslab
 538: mat73_readslab_le.at:232 Read slab of 16-bit unsigned integer array
      mat73_readslab readslab
 539: mat73_readslab_le.at:265 Read slab of 8-bit integer array
      mat73_readslab readslab
 540: mat73_readslab_le.at:298 Read slab of 8-bit unsigned integer array
      mat73_readslab readslab
 541: mat73_readslab_le.at:331 Read slab of double-precision complex array
      mat73_readslab readslab
 542: mat73_readslab_le.at:364 Read slab of single-precision complex array
      mat73_readslab readslab
 543: mat73_readslab_le.at:397 Read slab of 64-bit integer complex array
      mat73_readslab readslab
 544: mat73_readslab_le.at:430 Read slab of 64-bit unsigned integer complex array
      mat73_readslab readslab
 545: mat73_readslab_le.at:463 Read slab of 32-bit integer complex array
      mat73_readslab readslab
 546: mat73_readslab_le.at:496 Read slab of 32-bit unsigned integer complex array
      mat73_readslab readslab
 547: mat73_readslab_le.at:529 Read slab of 16-bit integer complex array
      mat73_readslab readslab
 548: mat73_readslab_le.at:562 Read slab of 16-bit unsigned integer complex array
      mat73_readslab readslab
 549: mat73_readslab_le.at:595 Read slab of 8-bit integer complex array
      mat73_readslab readslab
 550: mat73_readslab_le.at:628 Read slab of 8-bit unsigned integer complex array
      mat73_readslab readslab
 551: mat73_readslab_le.at:661 Read linear slab of double-precision array
      mat73_readslab readslab read_data_linear
 552: mat73_readslab_le.at:695 Read linear slab of single-precision array
      mat73_readslab readslab read_data_linear
 553: mat73_readslab_le.at:729 Read linear slab of 64-bit integer array
      mat73_readslab readslab read_data_linear
 554: mat73_readslab_le.at:763 Read linear slab of 64-bit unsigned integer array
      mat73_readslab readslab read_data_linear
 555: mat73_readslab_le.at:797 Read linear slab of 32-bit integer array
      mat73_readslab readslab read_data_linear
 556: mat73_readslab_le.at:831 Read linear slab of 32-bit unsigned integer array
      mat73_readslab readslab read_data_linear
 557: mat73_readslab_le.at:865 Read linear slab of 16-bit integer array
      mat73_readslab readslab read_data_linear
 558: mat73_readslab_le.at:899 Read linear slab of 16-bit unsigned integer array
      mat73_readslab readslab read_data_linear
 559: mat73_readslab_le.at:933 Read linear slab of 8-bit integer array
      mat73_readslab readslab read_data_linear
 560: mat73_readslab_le.at:967 Read linear slab of 8-bit unsigned integer array
      mat73_readslab readslab read_data_linear
 561: mat73_readslab_le.at:1001 Read linear slab of double-precision complex array
      mat73_readslab readslab read_data_linear
 562: mat73_readslab_le.at:1035 Read linear slab of single-precision complex array
      mat73_readslab readslab read_data_linear
 563: mat73_readslab_le.at:1069 Read linear slab of 64-bit integer complex array
      mat73_readslab readslab read_data_linear
 564: mat73_readslab_le.at:1103 Read linear slab of 64-bit unsigned integer complex array
      mat73_readslab readslab read_data_linear
 565: mat73_readslab_le.at:1137 Read linear slab of 32-bit integer complex array
      mat73_readslab readslab read_data_linear
 566: mat73_readslab_le.at:1171 Read linear slab of 32-bit unsigned integer complex array
      mat73_readslab readslab read_data_linear
 567: mat73_readslab_le.at:1205 Read linear slab of 16-bit integer complex array
      mat73_readslab readslab read_data_linear
 568: mat73_readslab_le.at:1239 Read linear slab of 16-bit unsigned integer complex array
      mat73_readslab readslab read_data_linear
 569: mat73_readslab_le.at:1273 Read linear slab of 8-bit integer complex array
      mat73_readslab readslab read_data_linear
 570: mat73_readslab_le.at:1307 Read linear slab of 8-bit unsigned integer complex array
      mat73_readslab readslab read_data_linear
 571: mat73_read_be.at:27 Read 2D double-precision array
 572: mat73_read_be.at:45 Read 2D single-precision array
 573: mat73_read_be.at:63 Read 2D 64-bit integer array
 574: mat73_read_be.at:81 Read 2D 64-bit unsigned integer array
 575: mat73_read_be.at:99 Read 2D 32-bit integer array
 576: mat73_read_be.at:117 Read 2D 32-bit unsigned integer array
 577: mat73_read_be.at:135 Read 2D 16-bit integer array
 578: mat73_read_be.at:153 Read 2D 16-bit unsigned integer array
 579: mat73_read_be.at:171 Read 2D 8-bit integer array
 580: mat73_read_be.at:189 Read 2D 8-bit unsigned integer array
 581: mat73_read_be.at:207 Read 2D double-precision complex array
 582: mat73_read_be.at:225 Read 2D single-precision complex array
 583: mat73_read_be.at:243 Read 2D 64-bit integer complex array
 584: mat73_read_be.at:261 Read 2D 64-bit unsigned integer complex array
 585: mat73_read_be.at:279 Read 2D 32-bit integer complex array
 586: mat73_read_be.at:297 Read 2D 32-bit unsigned integer complex array
 587: mat73_read_be.at:315 Read 2D 16-bit integer complex array
 588: mat73_read_be.at:333 Read 2D 16-bit unsigned integer complex array
 589: mat73_read_be.at:351 Read 2D 8-bit integer complex array
 590: mat73_read_be.at:369 Read 2D 8-bit unsigned integer complex array
 591: mat73_read_be.at:387 Read 2D logical array
 592: mat73_read_be.at:406 Read double-precision sparse array
 593: mat73_read_be.at:425 Read double-precision sparse complex array
 594: mat73_read_be.at:444 Read empty array
 595: mat73_read_be.at:456 Read 2D character array
 596: mat73_read_be.at:474 Read empty structure array
 597: mat73_read_be.at:487 Read empty structure array with fields
 598: mat73_read_be.at:504 Read structure array with empty fields
 599: mat73_read_be.at:541 Read structure array with double-precision fields
 600: mat73_read_be.at:590 Read structure array with single-precision fields
 601: mat73_read_be.at:639 Read structure array with 64-bit integer fields
 602: mat73_read_be.at:688 Read structure array with 64-bit unsigned integer fields
 603: mat73_read_be.at:737 Read structure array with 32-bit integer fields
 604: mat73_read_be.at:786 Read structure array with 32-bit unsigned integer fields
 605: mat73_read_be.at:835 Read structure array with 16-bit integer fields
 606: mat73_read_be.at:884 Read structure array with 16-bit unsigned integer fields
 607: mat73_read_be.at:933 Read structure array with 8-bit integer fields
 608: mat73_read_be.at:982 Read structure array with 8-bit unsigned integer fields
 609: mat73_read_be.at:1031 Read structure array with complex double-precision fields
 610: mat73_read_be.at:1080 Read structure array with complex single-precision fields
 611: mat73_read_be.at:1129 Read structure array with complex 64-bit integer fields
 612: mat73_read_be.at:1178 Read structure array with complex 64-bit unsigned integer fields
 613: mat73_read_be.at:1227 Read structure array with complex 32-bit integer fields
 614: mat73_read_be.at:1276 Read structure array with complex 32-bit unsigned integer fields
 615: mat73_read_be.at:1325 Read structure array with complex 16-bit integer fields
 616: mat73_read_be.at:1374 Read structure array with complex 16-bit unsigned integer fields
 617: mat73_read_be.at:1423 Read structure array with complex 8-bit integer fields
 618: mat73_read_be.at:1472 Read structure array with complex 8-bit unsigned integer fields
 619: mat73_read_be.at:1522 Read structure array with logical fields
 620: mat73_read_be.at:1582 Read structure array with double-precision sparse fields
 621: mat73_read_be.at:1638 Read structure array with complex double-precision sparse fields
 622: mat73_read_be.at:1694 Read structure array with character fields
 623: mat73_read_be.at:1740 Read cell array with empty arrays
 624: mat73_read_be.at:1794 Read cell array with double-precision arrays
 625: mat73_read_be.at:1859 Read cell array with single-precision arrays
 626: mat73_read_be.at:1924 Read cell array with 64-bit integer arrays
 627: mat73_read_be.at:1989 Read cell array with 64-bit unsigned integer arrays
 628: mat73_read_be.at:2054 Read cell array with 32-bit integer arrays
 629: mat73_read_be.at:2119 Read cell array with 32-bit unsigned integer arrays
 630: mat73_read_be.at:2184 Read cell array with 16-bit integer arrays
 631: mat73_read_be.at:2249 Read cell array with 16-bit unsigned integer arrays
 632: mat73_read_be.at:2314 Read cell array with 8-bit integer arrays
 633: mat73_read_be.at:2379 Read cell array with 8-bit unsigned integer arrays
 634: mat73_read_be.at:2444 Read cell array with logical arrays
 635: mat73_read_be.at:2500 Read cell array with double-precision sparse arrays
 636: mat73_read_be.at:2554 Read cell array with complex double-precision sparse arrays
 637: mat73_read_be.at:2608 Read cell array with character arrays
 638: mat73_read_be.at:2650 Read cell array with empty structure arrays
 639: mat73_read_be.at:2710 Read cell array with structure arrays (numeric fields)
 640: mat73_read_be.at:3564 Read cell array with structure arrays (sparse fields)
 641: mat73_read_be.at:3674 Read cell array structure arrays (character fields)
 642: mat73_readslab_be.at:1 Read slab of double-precision array
      mat73_readslab readslab
 643: mat73_readslab_be.at:34 Read slab of single-precision array
      mat73_readslab readslab
 644: mat73_readslab_be.at:67 Read slab of 64-bit integer array
      mat73_readslab readslab
 645: mat73_readslab_be.at:100 Read slab of 64-bit unsigned integer array
      mat73_readslab readslab
 646: mat73_readslab_be.at:133 Read slab of 32-bit integer array
      mat73_readslab readslab
 647: mat73_readslab_be.at:166 Read slab of 32-bit unsigned integer array
      mat73_readslab readslab
 648: mat73_readslab_be.at:199 Read slab of 16-bit integer array
      mat73_readslab readslab
 649: mat73_readslab_be.at:232 Read slab of 16-bit unsigned integer array
      mat73_readslab readslab
 650: mat73_readslab_be.at:265 Read slab of 8-bit integer array
      mat73_readslab readslab
 651: mat73_readslab_be.at:298 Read slab of 8-bit unsigned integer array
      mat73_readslab readslab
 652: mat73_readslab_be.at:331 Read slab of double-precision complex array
      mat73_readslab readslab
 653: mat73_readslab_be.at:364 Read slab of single-precision complex array
      mat73_readslab readslab
 654: mat73_readslab_be.at:397 Read slab of 64-bit integer complex array
      mat73_readslab readslab
 655: mat73_readslab_be.at:430 Read slab of 64-bit unsigned integer complex array
      mat73_readslab readslab
 656: mat73_readslab_be.at:463 Read slab of 32-bit integer complex array
      mat73_readslab readslab
 657: mat73_readslab_be.at:496 Read slab of 32-bit unsigned integer complex array
      mat73_readslab readslab
 658: mat73_readslab_be.at:529 Read slab of 16-bit integer complex array
      mat73_readslab readslab
 659: mat73_readslab_be.at:562 Read slab of 16-bit unsigned integer complex array
      mat73_readslab readslab
 660: mat73_readslab_be.at:595 Read slab of 8-bit integer complex array
      mat73_readslab readslab
 661: mat73_readslab_be.at:628 Read slab of 8-bit unsigned integer complex array
      mat73_readslab readslab
 662: mat73_readslab_be.at:661 Read linear slab of double-precision array
      mat73_readslab readslab read_data_linear
 663: mat73_readslab_be.at:695 Read linear slab of single-precision array
      mat73_readslab readslab read_data_linear
 664: mat73_readslab_be.at:729 Read linear slab of 64-bit integer array
      mat73_readslab readslab read_data_linear
 665: mat73_readslab_be.at:763 Read linear slab of 64-bit unsigned integer array
      mat73_readslab readslab read_data_linear
 666: mat73_readslab_be.at:797 Read linear slab of 32-bit integer array
      mat73_readslab readslab read_data_linear
 667: mat73_readslab_be.at:831 Read linear slab of 32-bit unsigned integer array
      mat73_readslab readslab read_data_linear
 668: mat73_readslab_be.at:865 Read linear slab of 16-bit integer array
      mat73_readslab readslab read_data_linear
 669: mat73_readslab_be.at:899 Read linear slab of 16-bit unsigned integer array
      mat73_readslab readslab read_data_linear
 670: mat73_readslab_be.at:933 Read linear slab of 8-bit integer array
      mat73_readslab readslab read_data_linear
 671: mat73_readslab_be.at:967 Read linear slab of 8-bit unsigned integer array
      mat73_readslab readslab read_data_linear
 672: mat73_readslab_be.at:1001 Read linear slab of double-precision complex array
      mat73_readslab readslab read_data_linear
 673: mat73_readslab_be.at:1035 Read linear slab of single-precision complex array
      mat73_readslab readslab read_data_linear
 674: mat73_readslab_be.at:1069 Read linear slab of 64-bit integer complex array
      mat73_readslab readslab read_data_linear
 675: mat73_readslab_be.at:1103 Read linear slab of 64-bit unsigned integer complex array
      mat73_readslab readslab read_data_linear
 676: mat73_readslab_be.at:1137 Read linear slab of 32-bit integer complex array
      mat73_readslab readslab read_data_linear
 677: mat73_readslab_be.at:1171 Read linear slab of 32-bit unsigned integer complex array
      mat73_readslab readslab read_data_linear
 678: mat73_readslab_be.at:1205 Read linear slab of 16-bit integer complex array
      mat73_readslab readslab read_data_linear
 679: mat73_readslab_be.at:1239 Read linear slab of 16-bit unsigned integer complex array
      mat73_readslab readslab read_data_linear
 680: mat73_readslab_be.at:1273 Read linear slab of 8-bit integer complex array
      mat73_readslab readslab read_data_linear
 681: mat73_readslab_be.at:1307 Read linear slab of 8-bit unsigned integer complex array
      mat73_readslab readslab read_data_linear
 682: mat5_uncompressed_write.at:27 Write 2D double-precision array
 683: mat5_uncompressed_write.at:69 Write 2D single-precision array
 684: mat5_uncompressed_write.at:111 Write 2D 64-bit integer array
 685: mat5_uncompressed_write.at:154 Write 2D 64-bit unsigned integer array
 686: mat5_uncompressed_write.at:197 Write 2D 32-bit integer array
 687: mat5_uncompressed_write.at:239 Write 2D 32-bit unsigned integer array
 688: mat5_uncompressed_write.at:281 Write 2D 16-bit integer array
 689: mat5_uncompressed_write.at:323 Write 2D 16-bit unsigned integer array
 690: mat5_uncompressed_write.at:365 Write 2D 8-bit integer array
 691: mat5_uncompressed_write.at:407 Write 2D 8-bit unsigned integer array
 692: mat5_uncompressed_write.at:449 Write 2D double-precision complex array
 693: mat5_uncompressed_write.at:491 Write 2D single-precision complex array
 694: mat5_uncompressed_write.at:533 Write 2D 64-bit integer complex array
 695: mat5_uncompressed_write.at:576 Write 2D 64-bit unsigned integer complex array
 696: mat5_uncompressed_write.at:619 Write 2D 32-bit integer complex array
 697: mat5_uncompressed_write.at:661 Write 2D 32-bit unsigned integer complex array
 698: mat5_uncompressed_write.at:703 Write 2D 16-bit integer complex array
 699: mat5_uncompressed_write.at:745 Write 2D 16-bit unsigned integer complex array
 700: mat5_uncompressed_write.at:787 Write 2D 8-bit integer complex array
 701: mat5_uncompressed_write.at:829 Write 2D 8-bit unsigned integer complex array
 702: mat5_uncompressed_write.at:871 Write 2D logical array
 703: mat5_uncompressed_write.at:960 Write 2D sparse double-precision array
 704: mat5_uncompressed_write.at:1026 Write 2D sparse complex double-precision array
 705: mat5_uncompressed_write.at:1092 Write 2D empty array
 706: mat5_uncompressed_write.at:1130 Write character array
 707: mat5_uncompressed_write.at:1171 Write empty structure array
 708: mat5_uncompressed_write.at:1291 Write structure array with 2D double-precision fields
 709: mat5_uncompressed_write.at:1373 Write structure array with 2D single-precision fields
 710: mat5_uncompressed_write.at:1455 Write structure array with 2D 64-bit signed integer fields
 711: mat5_uncompressed_write.at:1538 Write structure array with 2D 64-bit unsigned integer fields
 712: mat5_uncompressed_write.at:1621 Write structure array with 2D 32-bit signed integer fields
 713: mat5_uncompressed_write.at:1703 Write structure array with 2D 32-bit unsigned integer fields
 714: mat5_uncompressed_write.at:1785 Write structure array with 2D 16-bit signed integer fields
 715: mat5_uncompressed_write.at:1867 Write structure array with 2D 16-bit unsigned integer fields
 716: mat5_uncompressed_write.at:1949 Write structure array with 2D 8-bit signed integer fields
 717: mat5_uncompressed_write.at:2031 Write structure array with 2D 8-bit unsigned integer fields
 718: mat5_uncompressed_write.at:2113 Write structure array with 2D double-precision complex fields
 719: mat5_uncompressed_write.at:2195 Write structure array with 2D single-precision complex fields
 720: mat5_uncompressed_write.at:2277 Write structure array with 2D 64-bit signed integer complex fields
 721: mat5_uncompressed_write.at:2360 Write structure array with 2D 64-bit unsigned integer complex fields
 722: mat5_uncompressed_write.at:2443 Write structure array with 2D 32-bit signed integer complex fields
 723: mat5_uncompressed_write.at:2525 Write structure array with 2D 32-bit unsigned integer complex fields
 724: mat5_uncompressed_write.at:2607 Write structure array with 2D 16-bit signed integer complex fields
 725: mat5_uncompressed_write.at:2689 Write structure array with 2D 16-bit unsigned integer complex fields
 726: mat5_uncompressed_write.at:2771 Write structure array with 2D 8-bit signed integer complex fields
 727: mat5_uncompressed_write.at:2853 Write structure array with 2D 8-bit unsigned integer complex fields
 728: mat5_uncompressed_write.at:2935 Write structure array with 2D logical fields
 729: mat5_uncompressed_write.at:3020 Write empty cell array
 730: mat5_uncompressed_write.at:3079 Write cell array with 2D double-precision fields
 731: mat5_uncompressed_write.at:3155 Write cell array with 2D single-precision fields
 732: mat5_uncompressed_write.at:3231 Write cell array with 2D 64-bit signed integer fields
 733: mat5_uncompressed_write.at:3308 Write cell array with 2D 64-bit unsigned integer fields
 734: mat5_uncompressed_write.at:3385 Write cell array with 2D 32-bit signed integer fields
 735: mat5_uncompressed_write.at:3461 Write cell array with 2D 32-bit unsigned integer fields
 736: mat5_uncompressed_write.at:3537 Write cell array with 2D 16-bit signed integer fields
 737: mat5_uncompressed_write.at:3613 Write cell array with 2D 16-bit unsigned integer fields
 738: mat5_uncompressed_write.at:3689 Write cell array with 2D 8-bit signed integer fields
 739: mat5_uncompressed_write.at:3765 Write cell array with 2D 8-bit unsigned integer fields
 750: mat5_uncompressed_write.at:4623 Write cell array with 2D logical fields
 751: mat5_compressed_write.at:27 Write 2D double-precision array
 752: mat5_compressed_write.at:70 Write 2D single-precision array
 753: mat5_compressed_write.at:113 Write 2D 64-bit integer array
 754: mat5_compressed_write.at:157 Write 2D 64-bit unsigned integer array
 755: mat5_compressed_write.at:201 Write 2D 32-bit integer array
 756: mat5_compressed_write.at:244 Write 2D 32-bit unsigned integer array
 757: mat5_compressed_write.at:287 Write 2D 16-bit integer array
 758: mat5_compressed_write.at:330 Write 2D 16-bit unsigned integer array
 759: mat5_compressed_write.at:373 Write 2D 8-bit integer array
 760: mat5_compressed_write.at:416 Write 2D 8-bit unsigned integer array
 763: mat5_compressed_write.at:545 Write 2D 64-bit integer complex array
 764: mat5_compressed_write.at:589 Write 2D 64-bit unsigned integer complex array
 765: mat5_compressed_write.at:633 Write 2D 32-bit integer complex array
 766: mat5_compressed_write.at:676 Write 2D 32-bit unsigned integer complex array
 767: mat5_compressed_write.at:719 Write 2D 16-bit integer complex array
 768: mat5_compressed_write.at:762 Write 2D 16-bit unsigned integer complex array
 769: mat5_compressed_write.at:805 Write 2D 8-bit integer complex array
 770: mat5_compressed_write.at:848 Write 2D 8-bit unsigned integer complex array
 771: mat5_compressed_write.at:891 Write 2D logical array
 772: mat5_compressed_write.at:981 Write 2D sparse double-precision array
 774: mat5_compressed_write.at:1115 Write 2D empty array
 775: mat5_compressed_write.at:1154 Write character array
 776: mat5_compressed_write.at:1196 Write empty structure array
 777: mat5_compressed_write.at:1317 Write structure array with 2D double-precision fields
 778: mat5_compressed_write.at:1400 Write structure array with 2D single-precision fields
 779: mat5_compressed_write.at:1483 Write structure array with 2D 64-bit signed integer fields
 780: mat5_compressed_write.at:1567 Write structure array with 2D 64-bit unsigned integer fields
 781: mat5_compressed_write.at:1651 Write structure array with 2D 32-bit signed integer fields
 782: mat5_compressed_write.at:1734 Write structure array with 2D 32-bit unsigned integer fields
 783: mat5_compressed_write.at:1817 Write structure array with 2D 16-bit signed integer fields
 784: mat5_compressed_write.at:1900 Write structure array with 2D 16-bit unsigned integer fields
 785: mat5_compressed_write.at:1983 Write structure array with 2D 8-bit signed integer fields
 786: mat5_compressed_write.at:2066 Write structure array with 2D 8-bit unsigned integer fields
 789: mat5_compressed_write.at:2315 Write structure array with 2D 64-bit signed integer complex fields
 790: mat5_compressed_write.at:2399 Write structure array with 2D 64-bit unsigned integer complex fields
 791: mat5_compressed_write.at:2483 Write structure array with 2D 32-bit signed integer complex fields
 792: mat5_compressed_write.at:2566 Write structure array with 2D 32-bit unsigned integer complex fields
 793: mat5_compressed_write.at:2649 Write structure array with 2D 16-bit signed integer complex fields
 794: mat5_compressed_write.at:2732 Write structure array with 2D 16-bit unsigned integer complex fields
 795: mat5_compressed_write.at:2815 Write structure array with 2D 8-bit signed integer complex fields
 796: mat5_compressed_write.at:2898 Write structure array with 2D 8-bit unsigned integer complex fields
 797: mat5_compressed_write.at:2981 Write structure array with 2D logical fields
 798: mat5_compressed_write.at:3067 Write empty cell array
 799: mat5_compressed_write.at:3127 Write cell array with 2D double-precision fields
 800: mat5_compressed_write.at:3204 Write cell array with 2D single-precision fields
 801: mat5_compressed_write.at:3281 Write cell array with 2D 64-bit signed integer fields
 802: mat5_compressed_write.at:3359 Write cell array with 2D 64-bit unsigned integer fields
 803: mat5_compressed_write.at:3437 Write cell array with 2D 32-bit signed integer fields
 804: mat5_compressed_write.at:3514 Write cell array with 2D 32-bit unsigned integer fields
 805: mat5_compressed_write.at:3591 Write cell array with 2D 16-bit signed integer fields
 806: mat5_compressed_write.at:3668 Write cell array with 2D 16-bit unsigned integer fields
 807: mat5_compressed_write.at:3745 Write cell array with 2D 8-bit signed integer fields
 808: mat5_compressed_write.at:3822 Write cell array with 2D 8-bit unsigned integer fields
 819: mat5_compressed_write.at:4691 Write cell array with 2D logical fields
 820: mat73_write.at:27  Write 2D double-precision array
 821: mat73_write.at:70  Write 2D single-precision array
 822: mat73_write.at:113 Write 2D 64-bit integer array
 823: mat73_write.at:157 Write 2D 64-bit unsigned integer array
 824: mat73_write.at:201 Write 2D 32-bit integer array
 825: mat73_write.at:244 Write 2D 32-bit unsigned integer array
 826: mat73_write.at:287 Write 2D 16-bit integer array
 827: mat73_write.at:330 Write 2D 16-bit unsigned integer array
 828: mat73_write.at:373 Write 2D 8-bit integer array
 829: mat73_write.at:416 Write 2D 8-bit unsigned integer array
 830: mat73_write.at:459 Write 2D double-precision complex array
 831: mat73_write.at:502 Write 2D single-precision complex array
 832: mat73_write.at:545 Write 2D 64-bit integer complex array
 833: mat73_write.at:589 Write 2D 64-bit unsigned integer complex array
 834: mat73_write.at:633 Write 2D 32-bit integer complex array
 835: mat73_write.at:676 Write 2D 32-bit unsigned integer complex array
 836: mat73_write.at:719 Write 2D 16-bit integer complex array
 837: mat73_write.at:762 Write 2D 16-bit unsigned integer complex array
 838: mat73_write.at:805 Write 2D 8-bit integer complex array
 839: mat73_write.at:848 Write 2D 8-bit unsigned integer complex array
 840: mat73_write.at:891 Write 2D logical array
 841: mat73_write.at:981 Write 2D sparse double-precision array
 842: mat73_write.at:1048 Write 2D sparse complex double-precision array
 843: mat73_write.at:1115 Write 2D empty array
 844: mat73_write.at:1152 Write character array
 845: mat73_write.at:1194 Write empty structure array
 846: mat73_write.at:1310 Write structure array with 2D double-precision fields
 847: mat73_write.at:1393 Write structure array with 2D single-precision fields
 848: mat73_write.at:1476 Write structure array with 2D 64-bit signed integer fields
 849: mat73_write.at:1560 Write structure array with 2D 64-bit unsigned integer fields
 850: mat73_write.at:1644 Write structure array with 2D 32-bit signed integer fields
 851: mat73_write.at:1727 Write structure array with 2D 32-bit unsigned integer fields
 852: mat73_write.at:1810 Write structure array with 2D 16-bit signed integer fields
 853: mat73_write.at:1893 Write structure array with 2D 16-bit unsigned integer fields
 854: mat73_write.at:1976 Write structure array with 2D 8-bit signed integer fields
 855: mat73_write.at:2059 Write structure array with 2D 8-bit unsigned integer fields
 856: mat73_write.at:2142 Write structure array with 2D double-precision complex fields
 857: mat73_write.at:2225 Write structure array with 2D single-precision complex fields
 858: mat73_write.at:2308 Write structure array with 2D 64-bit signed integer complex fields
 859: mat73_write.at:2392 Write structure array with 2D 64-bit unsigned integer complex fields
 860: mat73_write.at:2476 Write structure array with 2D 32-bit signed integer complex fields
 861: mat73_write.at:2559 Write structure array with 2D 32-bit unsigned integer complex fields
 862: mat73_write.at:2642 Write structure array with 2D 16-bit signed integer complex fields
 863: mat73_write.at:2725 Write structure array with 2D 16-bit unsigned integer complex fields
 864: mat73_write.at:2808 Write structure array with 2D 8-bit signed integer complex fields
 865: mat73_write.at:2891 Write structure array with 2D 8-bit unsigned integer complex fields
 866: mat73_write.at:2974 Write structure array with 2D logical fields
 867: mat73_write.at:3058 Write empty cell array
 868: mat73_write.at:3114 Write cell array with 2D double-precision fields
 869: mat73_write.at:3191 Write cell array with 2D single-precision fields
 870: mat73_write.at:3268 Write cell array with 2D 64-bit signed integer fields
 871: mat73_write.at:3346 Write cell array with 2D 64-bit unsigned integer fields
 872: mat73_write.at:3424 Write cell array with 2D 32-bit signed integer fields
 873: mat73_write.at:3501 Write cell array with 2D 32-bit unsigned integer fields
 874: mat73_write.at:3578 Write cell array with 2D 16-bit signed integer fields
 875: mat73_write.at:3655 Write cell array with 2D 16-bit unsigned integer fields
 876: mat73_write.at:3732 Write cell array with 2D 8-bit signed integer fields
 877: mat73_write.at:3809 Write cell array with 2D 8-bit unsigned integer fields
 878: mat73_write.at:3886 Write cell array with 2D double-precision complex fields
 879: mat73_write.at:3965 Write cell array with 2D single-precision complex fields
 880: mat73_write.at:4044 Write cell array with 2D 64-bit signed integer complex fields
 881: mat73_write.at:4124 Write cell array with 2D 64-bit unsigned integer complex fields
 882: mat73_write.at:4204 Write cell array with 2D 32-bit signed integer complex fields
 883: mat73_write.at:4283 Write cell array with 2D 32-bit unsigned integer complex fields
 884: mat73_write.at:4362 Write cell array with 2D 16-bit signed integer complex fields
 885: mat73_write.at:4441 Write cell array with 2D 16-bit unsigned integer complex fields
 886: mat73_write.at:4520 Write cell array with 2D 8-bit signed integer complex fields
 887: mat73_write.at:4599 Write cell array with 2D 8-bit unsigned integer complex fields
 888: mat73_write.at:4678 Write cell array with 2D logical fields
 889: mat73_compressed_write.at:27 Write 2D double-precision array
 890: mat73_compressed_write.at:71 Write 2D single-precision array
 891: mat73_compressed_write.at:115 Write 2D 64-bit integer array
 892: mat73_compressed_write.at:160 Write 2D 64-bit unsigned integer array
 893: mat73_compressed_write.at:205 Write 2D 32-bit integer array
 894: mat73_compressed_write.at:249 Write 2D 32-bit unsigned integer array
 895: mat73_compressed_write.at:293 Write 2D 16-bit integer array
 896: mat73_compressed_write.at:337 Write 2D 16-bit unsigned integer array
 897: mat73_compressed_write.at:381 Write 2D 8-bit integer array
 898: mat73_compressed_write.at:425 Write 2D 8-bit unsigned integer array
 899: mat73_compressed_write.at:469 Write 2D double-precision complex array
 900: mat73_compressed_write.at:513 Write 2D single-precision complex array
 901: mat73_compressed_write.at:557 Write 2D 64-bit integer complex array
 902: mat73_compressed_write.at:602 Write 2D 64-bit unsigned integer complex array
 903: mat73_compressed_write.at:647 Write 2D 32-bit integer complex array
 904: mat73_compressed_write.at:691 Write 2D 32-bit unsigned integer complex array
 905: mat73_compressed_write.at:735 Write 2D 16-bit integer complex array
 906: mat73_compressed_write.at:779 Write 2D 16-bit unsigned integer complex array
 907: mat73_compressed_write.at:823 Write 2D 8-bit integer complex array
 908: mat73_compressed_write.at:867 Write 2D 8-bit unsigned integer complex array
 909: mat73_compressed_write.at:911 Write 2D logical array
 910: mat73_compressed_write.at:1002 Write 2D sparse double-precision array
 911: mat73_compressed_write.at:1070 Write 2D sparse complex double-precision array
 912: mat73_compressed_write.at:1138 Write 2D empty array
 913: mat73_compressed_write.at:1176 Write character array
 914: mat73_compressed_write.at:1219 Write empty structure array
 915: mat73_compressed_write.at:1336 Write structure array with 2D double-precision fields
 916: mat73_compressed_write.at:1420 Write structure array with 2D single-precision fields
 917: mat73_compressed_write.at:1504 Write structure array with 2D 64-bit signed integer fields
 918: mat73_compressed_write.at:1589 Write structure array with 2D 64-bit unsigned integer fields
 919: mat73_compressed_write.at:1674 Write structure array with 2D 32-bit signed integer fields
 920: mat73_compressed_write.at:1758 Write structure array with 2D 32-bit unsigned integer fields
 921: mat73_compressed_write.at:1842 Write structure array with 2D 16-bit signed integer fields
 922: mat73_compressed_write.at:1926 Write structure array with 2D 16-bit unsigned integer fields
 923: mat73_compressed_write.at:2010 Write structure array with 2D 8-bit signed integer fields
 924: mat73_compressed_write.at:2094 Write structure array with 2D 8-bit unsigned integer fields
 925: mat73_compressed_write.at:2178 Write structure array with 2D double-precision complex fields
 926: mat73_compressed_write.at:2262 Write structure array with 2D single-precision complex fields
 927: mat73_compressed_write.at:2346 Write structure array with 2D 64-bit signed integer complex fields
 928: mat73_compressed_write.at:2431 Write structure array with 2D 64-bit unsigned integer complex fields
 929: mat73_compressed_write.at:2516 Write structure array with 2D 32-bit signed integer complex fields
 930: mat73_compressed_write.at:2600 Write structure array with 2D 32-bit unsigned integer complex fields
 931: mat73_compressed_write.at:2684 Write structure array with 2D 16-bit signed integer complex fields
 932: mat73_compressed_write.at:2768 Write structure array with 2D 16-bit unsigned integer complex fields
 933: mat73_compressed_write.at:2852 Write structure array with 2D 8-bit signed integer complex fields
 934: mat73_compressed_write.at:2936 Write structure array with 2D 8-bit unsigned integer complex fields
 935: mat73_compressed_write.at:3020 Write structure array with 2D logical fields
 936: mat73_compressed_write.at:3105 Write empty cell array
 937: mat73_compressed_write.at:3162 Write cell array with 2D double-precision fields
 938: mat73_compressed_write.at:3240 Write cell array with 2D single-precision fields
 939: mat73_compressed_write.at:3318 Write cell array with 2D 64-bit signed integer fields
 940: mat73_compressed_write.at:3397 Write cell array with 2D 64-bit unsigned integer fields
 941: mat73_compressed_write.at:3476 Write cell array with 2D 32-bit signed integer fields
 942: mat73_compressed_write.at:3554 Write cell array with 2D 32-bit unsigned integer fields
 943: mat73_compressed_write.at:3632 Write cell array with 2D 16-bit signed integer fields
 944: mat73_compressed_write.at:3710 Write cell array with 2D 16-bit unsigned integer fields
 945: mat73_compressed_write.at:3788 Write cell array with 2D 8-bit signed integer fields
 946: mat73_compressed_write.at:3866 Write cell array with 2D 8-bit unsigned integer fields
 947: mat73_compressed_write.at:3944 Write cell array with 2D double-precision complex fields
 948: mat73_compressed_write.at:4024 Write cell array with 2D single-precision complex fields
 949: mat73_compressed_write.at:4104 Write cell array with 2D 64-bit signed integer complex fields
 950: mat73_compressed_write.at:4185 Write cell array with 2D 64-bit unsigned integer complex fields
 951: mat73_compressed_write.at:4266 Write cell array with 2D 32-bit signed integer complex fields
 952: mat73_compressed_write.at:4346 Write cell array with 2D 32-bit unsigned integer complex fields
 953: mat73_compressed_write.at:4426 Write cell array with 2D 16-bit signed integer complex fields
 954: mat73_compressed_write.at:4506 Write cell array with 2D 16-bit unsigned integer complex fields
 955: mat73_compressed_write.at:4586 Write cell array with 2D 8-bit signed integer complex fields
 956: mat73_compressed_write.at:4666 Write cell array with 2D 8-bit unsigned integer complex fields
 957: mat73_compressed_write.at:4746 Write cell array with 2D logical fields
 994: mat73_uncompressed_extended_sparse.at:1 Write 2D sparse single-precision array
 995: mat73_uncompressed_extended_sparse.at:44 Write 2D sparse 64-bit integer array
 996: mat73_uncompressed_extended_sparse.at:88 Write 2D sparse 64-bit unsigned integer array
 997: mat73_uncompressed_extended_sparse.at:132 Write 2D sparse 32-bit integer array
 998: mat73_uncompressed_extended_sparse.at:175 Write 2D sparse 32-bit unsigned integer array
 999: mat73_uncompressed_extended_sparse.at:218 Write 2D sparse 16-bit integer array
 1000: mat73_uncompressed_extended_sparse.at:261 Write 2D sparse 16-bit unsigned integer array
 1001: mat73_uncompressed_extended_sparse.at:304 Write 2D sparse 8-bit integer array
 1002: mat73_uncompressed_extended_sparse.at:347 Write 2D sparse 8-bit unsigned integer array
 1003: mat73_uncompressed_extended_sparse.at:390 Write 2D sparse complex single-precision array
 1004: mat73_uncompressed_extended_sparse.at:433 Write 2D sparse complex 64-bit integer complex array
 1005: mat73_uncompressed_extended_sparse.at:477 Write 2D sparse complex 64-bit unsigned integer complex array
 1006: mat73_uncompressed_extended_sparse.at:521 Write 2D sparse complex 32-bit integer complex array
 1007: mat73_uncompressed_extended_sparse.at:564 Write 2D sparse complex 32-bit unsigned integer complex array
 1008: mat73_uncompressed_extended_sparse.at:607 Write 2D sparse complex 16-bit integer complex array
 1009: mat73_uncompressed_extended_sparse.at:650 Write 2D sparse complex 16-bit unsigned integer complex array
 1010: mat73_uncompressed_extended_sparse.at:693 Write 2D sparse complex 8-bit integer complex array
 1011: mat73_uncompressed_extended_sparse.at:736 Write 2D sparse complex 8-bit unsigned integer complex array
 1012: mat73_compressed_extended_sparse.at:1 Write 2D sparse single-precision array
 1013: mat73_compressed_extended_sparse.at:45 Write 2D sparse 64-bit integer array
 1014: mat73_compressed_extended_sparse.at:90 Write 2D sparse 64-bit unsigned integer array
 1015: mat73_compressed_extended_sparse.at:135 Write 2D sparse 32-bit integer array
 1016: mat73_compressed_extended_sparse.at:179 Write 2D sparse 32-bit unsigned integer array
 1017: mat73_compressed_extended_sparse.at:223 Write 2D sparse 16-bit integer array
 1018: mat73_compressed_extended_sparse.at:267 Write 2D sparse 16-bit unsigned integer array
 1019: mat73_compressed_extended_sparse.at:311 Write 2D sparse 8-bit integer array
 1020: mat73_compressed_extended_sparse.at:355 Write 2D sparse 8-bit unsigned integer array
 1021: mat73_compressed_extended_sparse.at:399 Write 2D sparse complex single-precision array
 1022: mat73_compressed_extended_sparse.at:443 Write 2D sparse complex 64-bit integer complex array
 1023: mat73_compressed_extended_sparse.at:488 Write 2D sparse complex 64-bit unsigned integer complex array
 1024: mat73_compressed_extended_sparse.at:533 Write 2D sparse complex 32-bit integer complex array
 1025: mat73_compressed_extended_sparse.at:577 Write 2D sparse complex 32-bit unsigned integer complex array
 1026: mat73_compressed_extended_sparse.at:621 Write 2D sparse complex 16-bit integer complex array
 1027: mat73_compressed_extended_sparse.at:665 Write 2D sparse complex 16-bit unsigned integer complex array
 1028: mat73_compressed_extended_sparse.at:709 Write 2D sparse complex 8-bit integer complex array
 1029: mat73_compressed_extended_sparse.at:753 Write 2D sparse complex 8-bit unsigned integer complex array

## ---------------------- ##
## Detailed failed tests. ##
## ---------------------- ##

#                             -*- compilation -*-
83. mat5_uncompressed_readslab_le.at:1: testing Read slab of double-precision array ...
./mat5_uncompressed_readslab_le.at:3: $builddir/../tools/matdump -d $srcdir/datasets/matio_test_cases_uncompressed_le.mat var70\(2:3:end,4:5:end,8:16:end\)
stderr:
/home/marten/Projects/matio-matio/test/testsuite.dir/at-groups/83/test-source: line 51:   699 Segmentation fault      (core dumped) $builddir/../tools/matdump -d $srcdir/datasets/matio_test_cases_uncompressed_le.mat var70\(2:3:end,4:5:end,8:16:end\)
--- -	2016-01-19 16:22:06.303548557 +0100
+++ /home/marten/Projects/matio-matio/test/testsuite.dir/at-groups/83/stdout	2016-01-19 16:22:06.298316241 +0100
@@ -1,27 +1 @@
-var70(:,:,0) = 
-    7266 7426 7586 7746 7906 8066 
-    7269 7429 7589 7749 7909 8069 
-    7272 7432 7592 7752 7912 8072 
-    7275 7435 7595 7755 7915 8075 
-    7278 7438 7598 7758 7918 8078 
-    7281 7441 7601 7761 7921 8081 
-    7284 7444 7604 7764 7924 8084 
-    7287 7447 7607 7767 7927 8087 
-    7290 7450 7610 7770 7930 8090 
-    7293 7453 7613 7773 7933 8093 
-    7296 7456 7616 7776 7936 8096 
-
-var70(:,:,1) = 
-    23650 23810 23970 24130 24290 24450 
-    23653 23813 23973 24133 24293 24453 
-    23656 23816 23976 24136 24296 24456 
-    23659 23819 23979 24139 24299 24459 
-    23662 23822 23982 24142 24302 24462 
-    23665 23825 23985 24145 24305 24465 
-    23668 23828 23988 24148 24308 24468 
-    23671 23831 23991 24151 24311 24471 
-    23674 23834 23994 24154 24314 24474 
-    23677 23837 23997 24157 24317 24477 
-    23680 23840 24000 24160 24320 24480 
-
 
./mat5_uncompressed_readslab_le.at:3: exit code was 139, expected 0
83. mat5_uncompressed_readslab_le.at:1: 83. Read slab of double-precision array (mat5_uncompressed_readslab_le.at:1): FAILED (mat5_uncompressed_readslab_le.at:3)

#                             -*- compilation -*-
84. mat5_uncompressed_readslab_le.at:33: testing Read slab of single-precision array ...
./mat5_uncompressed_readslab_le.at:35: $builddir/../tools/matdump -d $srcdir/datasets/matio_test_cases_uncompressed_le.mat var71\(2:3:end,4:5:end,8:16:end\)
stderr:
/home/marten/Projects/matio-matio/test/testsuite.dir/at-groups/84/test-source: line 51:   737 Segmentation fault      (core dumped) $builddir/../tools/matdump -d $srcdir/datasets/matio_test_cases_uncompressed_le.mat var71\(2:3:end,4:5:end,8:16:end\)
--- -	2016-01-19 16:22:06.408805721 +0100
+++ /home/marten/Projects/matio-matio/test/testsuite.dir/at-groups/84/stdout	2016-01-19 16:22:06.402316245 +0100
@@ -1,27 +1 @@
-var71(:,:,0) = 
-    7266 7426 7586 7746 7906 8066 
-    7269 7429 7589 7749 7909 8069 
-    7272 7432 7592 7752 7912 8072 
-    7275 7435 7595 7755 7915 8075 
-    7278 7438 7598 7758 7918 8078 
-    7281 7441 7601 7761 7921 8081 
-    7284 7444 7604 7764 7924 8084 
-    7287 7447 7607 7767 7927 8087 
-    7290 7450 7610 7770 7930 8090 
-    7293 7453 7613 7773 7933 8093 
-    7296 7456 7616 7776 7936 8096 
-
-var71(:,:,1) = 
-    23650 23810 23970 24130 24290 24450 
-    23653 23813 23973 24133 24293 24453 
-    23656 23816 23976 24136 24296 24456 
-    23659 23819 23979 24139 24299 24459 
-    23662 23822 23982 24142 24302 24462 
-    23665 23825 23985 24145 24305 24465 
-    23668 23828 23988 24148 24308 24468 
-    23671 23831 23991 24151 24311 24471 
-    23674 23834 23994 24154 24314 24474 
-    23677 23837 23997 24157 24317 24477 
-    23680 23840 24000 24160 24320 24480 
-
 
./mat5_uncompressed_readslab_le.at:35: exit code was 139, expected 0
84. mat5_uncompressed_readslab_le.at:33: 84. Read slab of single-precision array (mat5_uncompressed_readslab_le.at:33): FAILED (mat5_uncompressed_readslab_le.at:35)

#                             -*- compilation -*-
85. mat5_uncompressed_readslab_le.at:65: testing Read slab of 64-bit integer array ...
./mat5_uncompressed_readslab_le.at:67: $builddir/../tools/matdump -d $srcdir/datasets/matio_test_cases_uncompressed_le.mat var72\(2:3:end,4:5:end,8:16:end\)
stderr:
/home/marten/Projects/matio-matio/test/testsuite.dir/at-groups/85/test-source: line 51:   776 Segmentation fault      (core dumped) $builddir/../tools/matdump -d $srcdir/datasets/matio_test_cases_uncompressed_le.mat var72\(2:3:end,4:5:end,8:16:end\)
--- -	2016-01-19 16:22:06.514457020 +0100
+++ /home/marten/Projects/matio-matio/test/testsuite.dir/at-groups/85/stdout	2016-01-19 16:22:06.506316249 +0100
@@ -1,27 +1 @@
-var72(:,:,0) = 
-    7266 7426 7586 7746 7906 8066 
-    7269 7429 7589 7749 7909 8069 
-    7272 7432 7592 7752 7912 8072 
-    7275 7435 7595 7755 7915 8075 
-    7278 7438 7598 7758 7918 8078 
-    7281 7441 7601 7761 7921 8081 
-    7284 7444 7604 7764 7924 8084 
-    7287 7447 7607 7767 7927 8087 
-    7290 7450 7610 7770 7930 8090 
-    7293 7453 7613 7773 7933 8093 
-    7296 7456 7616 7776 7936 8096 
-
-var72(:,:,1) = 
-    23650 23810 23970 24130 24290 24450 
-    23653 23813 23973 24133 24293 24453 
-    23656 23816 23976 24136 24296 24456 
-    23659 23819 23979 24139 24299 24459 
-    23662 23822 23982 24142 24302 24462 
-    23665 23825 23985 24145 24305 24465 
-    23668 23828 23988 24148 24308 24468 
-    23671 23831 23991 24151 24311 24471 
-    23674 23834 23994 24154 24314 24474 
-    23677 23837 23997 24157 24317 24477 
-    23680 23840 24000 24160 24320 24480 
-
 
./mat5_uncompressed_readslab_le.at:67: exit code was 139, expected 0
85. mat5_uncompressed_readslab_le.at:65: 85. Read slab of 64-bit integer array (mat5_uncompressed_readslab_le.at:65): FAILED (mat5_uncompressed_readslab_le.at:67)

#                             -*- compilation -*-
86. mat5_uncompressed_readslab_le.at:97: testing Read slab of 64-bit unsigned integer array ...
./mat5_uncompressed_readslab_le.at:99: $builddir/../tools/matdump -d $srcdir/datasets/matio_test_cases_uncompressed_le.mat var73\(2:3:end,4:5:end,8:16:end\)
stderr:
/home/marten/Projects/matio-matio/test/testsuite.dir/at-groups/86/test-source: line 51:   807 Segmentation fault      (core dumped) $builddir/../tools/matdump -d $srcdir/datasets/matio_test_cases_uncompressed_le.mat var73\(2:3:end,4:5:end,8:16:end\)
--- -	2016-01-19 16:22:06.620423265 +0100
+++ /home/marten/Projects/matio-matio/test/testsuite.dir/at-groups/86/stdout	2016-01-19 16:22:06.614316253 +0100
@@ -1,27 +1 @@
-var73(:,:,0) = 
-    7266 7426 7586 7746 7906 8066 
-    7269 7429 7589 7749 7909 8069 
-    7272 7432 7592 7752 7912 8072 
-    7275 7435 7595 7755 7915 8075 
-    7278 7438 7598 7758 7918 8078 
-    7281 7441 7601 7761 7921 8081 
-    7284 7444 7604 7764 7924 8084 
-    7287 7447 7607 7767 7927 8087 
-    7290 7450 7610 7770 7930 8090 
-    7293 7453 7613 7773 7933 8093 
-    7296 7456 7616 7776 7936 8096 
-
-var73(:,:,1) = 
-    23650 23810 23970 24130 24290 24450 
-    23653 23813 23973 24133 24293 24453 
-    23656 23816 23976 24136 24296 24456 
-    23659 23819 23979 24139 24299 24459 
-    23662 23822 23982 24142 24302 24462 
-    23665 23825 23985 24145 24305 24465 
-    23668 23828 23988 24148 24308 24468 
-    23671 23831 23991 24151 24311 24471 
-    23674 23834 23994 24154 24314 24474 
-    23677 23837 23997 24157 24317 24477 
-    23680 23840 24000 24160 24320 24480 
-
 
./mat5_uncompressed_readslab_le.at:99: exit code was 139, expected 0
86. mat5_uncompressed_readslab_le.at:97: 86. Read slab of 64-bit unsigned integer array (mat5_uncompressed_readslab_le.at:97): FAILED (mat5_uncompressed_readslab_le.at:99)

#                             -*- compilation -*-
87. mat5_uncompressed_readslab_le.at:129: testing Read slab of 32-bit integer array ...
./mat5_uncompressed_readslab_le.at:131: $builddir/../tools/matdump -d $srcdir/datasets/matio_test_cases_uncompressed_le.mat var74\(2:3:end,4:5:end,8:16:end\)
stderr:
/home/marten/Projects/matio-matio/test/testsuite.dir/at-groups/87/test-source: line 51:   866 Segmentation fault      (core dumped) $builddir/../tools/matdump -d $srcdir/datasets/matio_test_cases_uncompressed_le.mat var74\(2:3:end,4:5:end,8:16:end\)
--- -	2016-01-19 16:22:06.725816237 +0100
+++ /home/marten/Projects/matio-matio/test/testsuite.dir/at-groups/87/stdout	2016-01-19 16:22:06.718316257 +0100
@@ -1,27 +1 @@
-var74(:,:,0) = 
-    7266 7426 7586 7746 7906 8066 
-    7269 7429 7589 7749 7909 8069 
-    7272 7432 7592 7752 7912 8072 
-    7275 7435 7595 7755 7915 8075 
-    7278 7438 7598 7758 7918 8078 
-    7281 7441 7601 7761 7921 8081 
-    7284 7444 7604 7764 7924 8084 
-    7287 7447 7607 7767 7927 8087 
-    7290 7450 7610 7770 7930 8090 
-    7293 7453 7613 7773 7933 8093 
-    7296 7456 7616 7776 7936 8096 
-
-var74(:,:,1) = 
-    23650 23810 23970 24130 24290 24450 
-    23653 23813 23973 24133 24293 24453 
-    23656 23816 23976 24136 24296 24456 
-    23659 23819 23979 24139 24299 24459 
-    23662 23822 23982 24142 24302 24462 
-    23665 23825 23985 24145 24305 24465 
-    23668 23828 23988 24148 24308 24468 
-    23671 23831 23991 24151 24311 24471 
-    23674 23834 23994 24154 24314 24474 
-    23677 23837 23997 24157 24317 24477 
-    23680 23840 24000 24160 24320 24480 
-
 
./mat5_uncompressed_readslab_le.at:131: exit code was 139, expected 0
87. mat5_uncompressed_readslab_le.at:129: 87. Read slab of 32-bit integer array (mat5_uncompressed_readslab_le.at:129): FAILED (mat5_uncompressed_readslab_le.at:131)

#                             -*- compilation -*-
88. mat5_uncompressed_readslab_le.at:161: testing Read slab of 32-bit unsigned integer array ...
./mat5_uncompressed_readslab_le.at:163: $builddir/../tools/matdump -d $srcdir/datasets/matio_test_cases_uncompressed_le.mat var75\(2:3:end,4:5:end,8:16:end\)
stderr:
/home/marten/Projects/matio-matio/test/testsuite.dir/at-groups/88/test-source: line 51:   914 Segmentation fault      (core dumped) $builddir/../tools/matdump -d $srcdir/datasets/matio_test_cases_uncompressed_le.mat var75\(2:3:end,4:5:end,8:16:end\)
--- -	2016-01-19 16:22:06.832441447 +0100
+++ /home/marten/Projects/matio-matio/test/testsuite.dir/at-groups/88/stdout	2016-01-19 16:22:06.826316261 +0100
@@ -1,27 +1 @@
-var75(:,:,0) = 
-    7266 7426 7586 7746 7906 8066 
-    7269 7429 7589 7749 7909 8069 
-    7272 7432 7592 7752 7912 8072 
-    7275 7435 7595 7755 7915 8075 
-    7278 7438 7598 7758 7918 8078 
-    7281 7441 7601 7761 7921 8081 
-    7284 7444 7604 7764 7924 8084 
-    7287 7447 7607 7767 7927 8087 
-    7290 7450 7610 7770 7930 8090 
-    7293 7453 7613 7773 7933 8093 
-    7296 7456 7616 7776 7936 8096 
-
-var75(:,:,1) = 
-    23650 23810 23970 24130 24290 24450 
-    23653 23813 23973 24133 24293 24453 
-    23656 23816 23976 24136 24296 24456 
-    23659 23819 23979 24139 24299 24459 
-    23662 23822 23982 24142 24302 24462 
-    23665 23825 23985 24145 24305 24465 
-    23668 23828 23988 24148 24308 24468 
-    23671 23831 23991 24151 24311 24471 
-    23674 23834 23994 24154 24314 24474 
-    23677 23837 23997 24157 24317 24477 
-    23680 23840 24000 24160 24320 24480 
-
 
./mat5_uncompressed_readslab_le.at:163: exit code was 139, expected 0
88. mat5_uncompressed_readslab_le.at:161: 88. Read slab of 32-bit unsigned integer array (mat5_uncompressed_readslab_le.at:161): FAILED (mat5_uncompressed_readslab_le.at:163)

#                             -*- compilation -*-
89. mat5_uncompressed_readslab_le.at:193: testing Read slab of 16-bit integer array ...
./mat5_uncompressed_readslab_le.at:195: $builddir/../tools/matdump -d $srcdir/datasets/matio_test_cases_uncompressed_le.mat var76\(2:3:end,4:5:end,8:16:end\)
stderr:
/home/marten/Projects/matio-matio/test/testsuite.dir/at-groups/89/test-source: line 51:   990 Segmentation fault      (core dumped) $builddir/../tools/matdump -d $srcdir/datasets/matio_test_cases_uncompressed_le.mat var76\(2:3:end,4:5:end,8:16:end\)
--- -	2016-01-19 16:22:06.938683987 +0100
+++ /home/marten/Projects/matio-matio/test/testsuite.dir/at-groups/89/stdout	2016-01-19 16:22:06.934316265 +0100
@@ -1,27 +1 @@
-var76(:,:,0) = 
-    7266 7426 7586 7746 7906 8066 
-    7269 7429 7589 7749 7909 8069 
-    7272 7432 7592 7752 7912 8072 
-    7275 7435 7595 7755 7915 8075 
-    7278 7438 7598 7758 7918 8078 
-    7281 7441 7601 7761 7921 8081 
-    7284 7444 7604 7764 7924 8084 
-    7287 7447 7607 7767 7927 8087 
-    7290 7450 7610 7770 7930 8090 
-    7293 7453 7613 7773 7933 8093 
-    7296 7456 7616 7776 7936 8096 
-
-var76(:,:,1) = 
-    23650 23810 23970 24130 24290 24450 
-    23653 23813 23973 24133 24293 24453 
-    23656 23816 23976 24136 24296 24456 
-    23659 23819 23979 24139 24299 24459 
-    23662 23822 23982 24142 24302 24462 
-    23665 23825 23985 24145 24305 24465 
-    23668 23828 23988 24148 24308 24468 
-    23671 23831 23991 24151 24311 24471 
-    23674 23834 23994 24154 24314 24474 
-    23677 23837 23997 24157 24317 24477 
-    23680 23840 24000 24160 24320 24480 
-
 
./mat5_uncompressed_readslab_le.at:195: exit code was 139, expected 0
89. mat5_uncompressed_readslab_le.at:193: 89. Read slab of 16-bit integer array (mat5_uncompressed_readslab_le.at:193): FAILED (mat5_uncompressed_readslab_le.at:195)

#                             -*- compilation -*-
90. mat5_uncompressed_readslab_le.at:225: testing Read slab of 16-bit unsigned integer array ...
./mat5_uncompressed_readslab_le.at:227: $builddir/../tools/matdump -d $srcdir/datasets/matio_test_cases_uncompressed_le.mat var77\(2:3:end,4:5:end,8:16:end\)
stderr:
/home/marten/Projects/matio-matio/test/testsuite.dir/at-groups/90/test-source: line 51:  1026 Segmentation fault      (core dumped) $builddir/../tools/matdump -d $srcdir/datasets/matio_test_cases_uncompressed_le.mat var77\(2:3:end,4:5:end,8:16:end\)
--- -	2016-01-19 16:22:07.044586777 +0100
+++ /home/marten/Projects/matio-matio/test/testsuite.dir/at-groups/90/stdout	2016-01-19 16:22:07.038316269 +0100
@@ -1,27 +1 @@
-var77(:,:,0) = 
-    7266 7426 7586 7746 7906 8066 
-    7269 7429 7589 7749 7909 8069 
-    7272 7432 7592 7752 7912 8072 
-    7275 7435 7595 7755 7915 8075 
-    7278 7438 7598 7758 7918 8078 
-    7281 7441 7601 7761 7921 8081 
-    7284 7444 7604 7764 7924 8084 
-    7287 7447 7607 7767 7927 8087 
-    7290 7450 7610 7770 7930 8090 
-    7293 7453 7613 7773 7933 8093 
-    7296 7456 7616 7776 7936 8096 
-
-var77(:,:,1) = 
-    23650 23810 23970 24130 24290 24450 
-    23653 23813 23973 24133 24293 24453 
-    23656 23816 23976 24136 24296 24456 
-    23659 23819 23979 24139 24299 24459 
-    23662 23822 23982 24142 24302 24462 
-    23665 23825 23985 24145 24305 24465 
-    23668 23828 23988 24148 24308 24468 
-    23671 23831 23991 24151 24311 24471 
-    23674 23834 23994 24154 24314 24474 
-    23677 23837 23997 24157 24317 24477 
-    23680 23840 24000 24160 24320 24480 
-
 
./mat5_uncompressed_readslab_le.at:227: exit code was 139, expected 0
90. mat5_uncompressed_readslab_le.at:225: 90. Read slab of 16-bit unsigned integer array (mat5_uncompressed_readslab_le.at:225): FAILED (mat5_uncompressed_readslab_le.at:227)

#                             -*- compilation -*-
91. mat5_uncompressed_readslab_le.at:257: testing Read slab of 8-bit integer array ...
./mat5_uncompressed_readslab_le.at:259: $builddir/../tools/matdump -d $srcdir/datasets/matio_test_cases_uncompressed_le.mat var78\(2:3:end,4:5:end,8:16:end\)
stderr:
/home/marten/Projects/matio-matio/test/testsuite.dir/at-groups/91/test-source: line 51:  1057 Segmentation fault      (core dumped) $builddir/../tools/matdump -d $srcdir/datasets/matio_test_cases_uncompressed_le.mat var78\(2:3:end,4:5:end,8:16:end\)
--- -	2016-01-19 16:22:07.150158657 +0100
+++ /home/marten/Projects/matio-matio/test/testsuite.dir/at-groups/91/stdout	2016-01-19 16:22:07.142316272 +0100
@@ -1,27 +1 @@
-var78(:,:,0) = 
-    1 -92 -60 -52 95 -76 
-    37 39 -19 -57 -75 117 
-    -55 109 99 2 -77 12 
-    -70 -69 85 106 -83 -108 
-    -48 68 76 -34 -112 51 
-    -84 76 109 -77 69 -35 
-    -96 -42 96 92 -57 -105 
-    -93 -4 -60 30 -97 -1 
-    -91 36 24 -126 36 99 
-    -24 45 112 -55 37 -103 
-    -123 -89 74 3 90 55 
-
-var78(:,:,1) = 
-    -77 59 40 39 115 -80 
-    27 -19 27 88 -121 113 
-    59 84 90 -55 99 27 
-    -38 -99 122 -95 47 45 
-    -96 -27 124 -27 -108 94 
-    32 121 7 -5 -99 124 
-    -52 25 -2 -11 -9 7 
-    -32 -22 -84 48 -70 54 
-    123 8 -45 125 67 76 
-    63 -70 -79 94 -89 -54 
-    122 9 -120 36 107 -48 
-
 
./mat5_uncompressed_readslab_le.at:259: exit code was 139, expected 0
91. mat5_uncompressed_readslab_le.at:257: 91. Read slab of 8-bit integer array (mat5_uncompressed_readslab_le.at:257): FAILED (mat5_uncompressed_readslab_le.at:259)

#                             -*- compilation -*-
92. mat5_uncompressed_readslab_le.at:289: testing Read slab of 8-bit unsigned integer array ...
./mat5_uncompressed_readslab_le.at:291: $builddir/../tools/matdump -d $srcdir/datasets/matio_test_cases_uncompressed_le.mat var79\(2:3:end,4:5:end,8:16:end\)
stderr:
/home/marten/Projects/matio-matio/test/testsuite.dir/at-groups/92/test-source: line 51:  1088 Segmentation fault      (core dumped) $builddir/../tools/matdump -d $srcdir/datasets/matio_test_cases_uncompressed_le.mat var79\(2:3:end,4:5:end,8:16:end\)
--- -	2016-01-19 16:22:07.255686318 +0100
+++ /home/marten/Projects/matio-matio/test/testsuite.dir/at-groups/92/stdout	2016-01-19 16:22:07.250316276 +0100
@@ -1,27 +1 @@
-var79(:,:,0) = 
-    36 74 142 112 148 136 
-    154 65 205 97 230 111 
-    198 249 42 154 21 22 
-    69 151 43 26 210 103 
-    227 109 2 191 13 188 
-    194 131 15 53 28 221 
-    140 194 177 214 216 4 
-    19 237 240 216 1 139 
-    11 190 164 229 21 238 
-    17 218 112 187 20 175 
-    151 35 138 192 179 207 
-
-var79(:,:,1) = 
-    193 249 252 237 98 44 
-    24 124 18 241 88 145 
-    236 83 133 212 40 144 
-    141 90 214 19 115 223 
-    144 102 101 102 185 123 
-    226 213 22 212 226 48 
-    48 227 176 123 23 190 
-    36 255 101 57 22 70 
-    207 152 233 225 160 115 
-    199 212 106 27 111 113 
-    30 62 39 178 100 7 
-
 
./mat5_uncompressed_readslab_le.at:291: exit code was 139, expected 0
92. mat5_uncompressed_readslab_le.at:289: 92. Read slab of 8-bit unsigned integer array (mat5_uncompressed_readslab_le.at:289): FAILED (mat5_uncompressed_readslab_le.at:291)

#                             -*- compilation -*-
93. mat5_uncompressed_readslab_le.at:321: testing Read slab of double-precision complex array ...
./mat5_uncompressed_readslab_le.at:323: $builddir/../tools/matdump -d $srcdir/datasets/matio_test_cases_uncompressed_le.mat var80\(2:3:end,4:5:end,8:16:end\)
stderr:
/home/marten/Projects/matio-matio/test/testsuite.dir/at-groups/93/test-source: line 51:  1118 Segmentation fault      (core dumped) $builddir/../tools/matdump -d $srcdir/datasets/matio_test_cases_uncompressed_le.mat var80\(2:3:end,4:5:end,8:16:end\)
--- -	2016-01-19 16:22:07.363465629 +0100
+++ /home/marten/Projects/matio-matio/test/testsuite.dir/at-groups/93/stdout	2016-01-19 16:22:07.358316280 +0100
@@ -1,27 +1 @@
-var80(:,:,0) = 
-    14531 + 14532i 14851 + 14852i 15171 + 15172i 15491 + 15492i 15811 + 15812i 16131 + 16132i 
-    14537 + 14538i 14857 + 14858i 15177 + 15178i 15497 + 15498i 15817 + 15818i 16137 + 16138i 
-    14543 + 14544i 14863 + 14864i 15183 + 15184i 15503 + 15504i 15823 + 15824i 16143 + 16144i 
-    14549 + 14550i 14869 + 14870i 15189 + 15190i 15509 + 15510i 15829 + 15830i 16149 + 16150i 
-    14555 + 14556i 14875 + 14876i 15195 + 15196i 15515 + 15516i 15835 + 15836i 16155 + 16156i 
-    14561 + 14562i 14881 + 14882i 15201 + 15202i 15521 + 15522i 15841 + 15842i 16161 + 16162i 
-    14567 + 14568i 14887 + 14888i 15207 + 15208i 15527 + 15528i 15847 + 15848i 16167 + 16168i 
-    14573 + 14574i 14893 + 14894i 15213 + 15214i 15533 + 15534i 15853 + 15854i 16173 + 16174i 
-    14579 + 14580i 14899 + 14900i 15219 + 15220i 15539 + 15540i 15859 + 15860i 16179 + 16180i 
-    14585 + 14586i 14905 + 14906i 15225 + 15226i 15545 + 15546i 15865 + 15866i 16185 + 16186i 
-    14591 + 14592i 14911 + 14912i 15231 + 15232i 15551 + 15552i 15871 + 15872i 16191 + 16192i 
-
-var80(:,:,1) = 
-    47299 + 47300i 47619 + 47620i 47939 + 47940i 48259 + 48260i 48579 + 48580i 48899 + 48900i 
-    47305 + 47306i 47625 + 47626i 47945 + 47946i 48265 + 48266i 48585 + 48586i 48905 + 48906i 
-    47311 + 47312i 47631 + 47632i 47951 + 47952i 48271 + 48272i 48591 + 48592i 48911 + 48912i 
-    47317 + 47318i 47637 + 47638i 47957 + 47958i 48277 + 48278i 48597 + 48598i 48917 + 48918i 
-    47323 + 47324i 47643 + 47644i 47963 + 47964i 48283 + 48284i 48603 + 48604i 48923 + 48924i 
-    47329 + 47330i 47649 + 47650i 47969 + 47970i 48289 + 48290i 48609 + 48610i 48929 + 48930i 
-    47335 + 47336i 47655 + 47656i 47975 + 47976i 48295 + 48296i 48615 + 48616i 48935 + 48936i 
-    47341 + 47342i 47661 + 47662i 47981 + 47982i 48301 + 48302i 48621 + 48622i 48941 + 48942i 
-    47347 + 47348i 47667 + 47668i 47987 + 47988i 48307 + 48308i 48627 + 48628i 48947 + 48948i 
-    47353 + 47354i 47673 + 47674i 47993 + 47994i 48313 + 48314i 48633 + 48634i 48953 + 48954i 
-    47359 + 47360i 47679 + 47680i 47999 + 48000i 48319 + 48320i 48639 + 48640i 48959 + 48960i 
-
 
./mat5_uncompressed_readslab_le.at:323: exit code was 139, expected 0
93. mat5_uncompressed_readslab_le.at:321: 93. Read slab of double-precision complex array (mat5_uncompressed_readslab_le.at:321): FAILED (mat5_uncompressed_readslab_le.at:323)

#                             -*- compilation -*-
94. mat5_uncompressed_readslab_le.at:353: testing Read slab of single-precision complex array ...
./mat5_uncompressed_readslab_le.at:355: $builddir/../tools/matdump -d $srcdir/datasets/matio_test_cases_uncompressed_le.mat var81\(2:3:end,4:5:end,8:16:end\)
stderr:
/home/marten/Projects/matio-matio/test/testsuite.dir/at-groups/94/test-source: line 51:  1145 Segmentation fault      (core dumped) $builddir/../tools/matdump -d $srcdir/datasets/matio_test_cases_uncompressed_le.mat var81\(2:3:end,4:5:end,8:16:end\)
--- -	2016-01-19 16:22:07.468518744 +0100
+++ /home/marten/Projects/matio-matio/test/testsuite.dir/at-groups/94/stdout	2016-01-19 16:22:07.462316284 +0100
@@ -1,27 +1 @@
-var81(:,:,0) = 
-    14531 + 14532i 14851 + 14852i 15171 + 15172i 15491 + 15492i 15811 + 15812i 16131 + 16132i 
-    14537 + 14538i 14857 + 14858i 15177 + 15178i 15497 + 15498i 15817 + 15818i 16137 + 16138i 
-    14543 + 14544i 14863 + 14864i 15183 + 15184i 15503 + 15504i 15823 + 15824i 16143 + 16144i 
-    14549 + 14550i 14869 + 14870i 15189 + 15190i 15509 + 15510i 15829 + 15830i 16149 + 16150i 
-    14555 + 14556i 14875 + 14876i 15195 + 15196i 15515 + 15516i 15835 + 15836i 16155 + 16156i 
-    14561 + 14562i 14881 + 14882i 15201 + 15202i 15521 + 15522i 15841 + 15842i 16161 + 16162i 
-    14567 + 14568i 14887 + 14888i 15207 + 15208i 15527 + 15528i 15847 + 15848i 16167 + 16168i 
-    14573 + 14574i 14893 + 14894i 15213 + 15214i 15533 + 15534i 15853 + 15854i 16173 + 16174i 
-    14579 + 14580i 14899 + 14900i 15219 + 15220i 15539 + 15540i 15859 + 15860i 16179 + 16180i 
-    14585 + 14586i 14905 + 14906i 15225 + 15226i 15545 + 15546i 15865 + 15866i 16185 + 16186i 
-    14591 + 14592i 14911 + 14912i 15231 + 15232i 15551 + 15552i 15871 + 15872i 16191 + 16192i 
-
-var81(:,:,1) = 
-    47299 + 47300i 47619 + 47620i 47939 + 47940i 48259 + 48260i 48579 + 48580i 48899 + 48900i 
-    47305 + 47306i 47625 + 47626i 47945 + 47946i 48265 + 48266i 48585 + 48586i 48905 + 48906i 
-    47311 + 47312i 47631 + 47632i 47951 + 47952i 48271 + 48272i 48591 + 48592i 48911 + 48912i 
-    47317 + 47318i 47637 + 47638i 47957 + 47958i 48277 + 48278i 48597 + 48598i 48917 + 48918i 
-    47323 + 47324i 47643 + 47644i 47963 + 47964i 48283 + 48284i 48603 + 48604i 48923 + 48924i 
-    47329 + 47330i 47649 + 47650i 47969 + 47970i 48289 + 48290i 48609 + 48610i 48929 + 48930i 
-    47335 + 47336i 47655 + 47656i 47975 + 47976i 48295 + 48296i 48615 + 48616i 48935 + 48936i 
-    47341 + 47342i 47661 + 47662i 47981 + 47982i 48301 + 48302i 48621 + 48622i 48941 + 48942i 
-    47347 + 47348i 47667 + 47668i 47987 + 47988i 48307 + 48308i 48627 + 48628i 48947 + 48948i 
-    47353 + 47354i 47673 + 47674i 47993 + 47994i 48313 + 48314i 48633 + 48634i 48953 + 48954i 
-    47359 + 47360i 47679 + 47680i 47999 + 48000i 48319 + 48320i 48639 + 48640i 48959 + 48960i 
-
 
./mat5_uncompressed_readslab_le.at:355: exit code was 139, expected 0
94. mat5_uncompressed_readslab_le.at:353: 94. Read slab of single-precision complex array (mat5_uncompressed_readslab_le.at:353): FAILED (mat5_uncompressed_readslab_le.at:355)

#                             -*- compilation -*-
95. mat5_uncompressed_readslab_le.at:385: testing Read slab of 64-bit integer complex array ...
./mat5_uncompressed_readslab_le.at:387: $builddir/../tools/matdump -d $srcdir/datasets/matio_test_cases_uncompressed_le.mat var82\(2:3:end,4:5:end,8:16:end\)
stderr:
/home/marten/Projects/matio-matio/test/testsuite.dir/at-groups/95/test-source: line 51:  1192 Segmentation fault      (core dumped) $builddir/../tools/matdump -d $srcdir/datasets/matio_test_cases_uncompressed_le.mat var82\(2:3:end,4:5:end,8:16:end\)
--- -	2016-01-19 16:22:07.573416398 +0100
+++ /home/marten/Projects/matio-matio/test/testsuite.dir/at-groups/95/stdout	2016-01-19 16:22:07.566316288 +0100
@@ -1,27 +1 @@
-var82(:,:,0) = 
-    14531 + 14532i 14851 + 14852i 15171 + 15172i 15491 + 15492i 15811 + 15812i 16131 + 16132i 
-    14537 + 14538i 14857 + 14858i 15177 + 15178i 15497 + 15498i 15817 + 15818i 16137 + 16138i 
-    14543 + 14544i 14863 + 14864i 15183 + 15184i 15503 + 15504i 15823 + 15824i 16143 + 16144i 
-    14549 + 14550i 14869 + 14870i 15189 + 15190i 15509 + 15510i 15829 + 15830i 16149 + 16150i 
-    14555 + 14556i 14875 + 14876i 15195 + 15196i 15515 + 15516i 15835 + 15836i 16155 + 16156i 
-    14561 + 14562i 14881 + 14882i 15201 + 15202i 15521 + 15522i 15841 + 15842i 16161 + 16162i 
-    14567 + 14568i 14887 + 14888i 15207 + 15208i 15527 + 15528i 15847 + 15848i 16167 + 16168i 
-    14573 + 14574i 14893 + 14894i 15213 + 15214i 15533 + 15534i 15853 + 15854i 16173 + 16174i 
-    14579 + 14580i 14899 + 14900i 15219 + 15220i 15539 + 15540i 15859 + 15860i 16179 + 16180i 
-    14585 + 14586i 14905 + 14906i 15225 + 15226i 15545 + 15546i 15865 + 15866i 16185 + 16186i 
-    14591 + 14592i 14911 + 14912i 15231 + 15232i 15551 + 15552i 15871 + 15872i 16191 + 16192i 
-
-var82(:,:,1) = 
-    47299 + 47300i 47619 + 47620i 47939 + 47940i 48259 + 48260i 48579 + 48580i 48899 + 48900i 
-    47305 + 47306i 47625 + 47626i 47945 + 47946i 48265 + 48266i 48585 + 48586i 48905 + 48906i 
-    47311 + 47312i 47631 + 47632i 47951 + 47952i 48271 + 48272i 48591 + 48592i 48911 + 48912i 
-    47317 + 47318i 47637 + 47638i 47957 + 47958i 48277 + 48278i 48597 + 48598i 48917 + 48918i 
-    47323 + 47324i 47643 + 47644i 47963 + 47964i 48283 + 48284i 48603 + 48604i 48923 + 48924i 
-    47329 + 47330i 47649 + 47650i 47969 + 47970i 48289 + 48290i 48609 + 48610i 48929 + 48930i 
-    47335 + 47336i 47655 + 47656i 47975 + 47976i 48295 + 48296i 48615 + 48616i 48935 + 48936i 
-    47341 + 47342i 47661 + 47662i 47981 + 47982i 48301 + 48302i 48621 + 48622i 48941 + 48942i 
-    47347 + 47348i 47667 + 47668i 47987 + 47988i 48307 + 48308i 48627 + 48628i 48947 + 48948i 
-    47353 + 47354i 47673 + 47674i 47993 + 47994i 48313 + 48314i 48633 + 48634i 48953 + 48954i 
-    47359 + 47360i 47679 + 47680i 47999 + 48000i 48319 + 48320i 48639 + 48640i 48959 + 48960i 
-
 
./mat5_uncompressed_readslab_le.at:387: exit code was 139, expected 0
95. mat5_uncompressed_readslab_le.at:385: 95. Read slab of 64-bit integer complex array (mat5_uncompressed_readslab_le.at:385): FAILED (mat5_uncompressed_readslab_le.at:387)

#                             -*- compilation -*-
96. mat5_uncompressed_readslab_le.at:417: testing Read slab of 64-bit unsigned integer complex array ...
./mat5_uncompressed_readslab_le.at:419: $builddir/../tools/matdump -d $srcdir/datasets/matio_test_cases_uncompressed_le.mat var83\(2:3:end,4:5:end,8:16:end\)
stderr:
/home/marten/Projects/matio-matio/test/testsuite.dir/at-groups/96/test-source: line 51:  1240 Segmentation fault      (core dumped) $builddir/../tools/matdump -d $srcdir/datasets/matio_test_cases_uncompressed_le.mat var83\(2:3:end,4:5:end,8:16:end\)
--- -	2016-01-19 16:22:07.678869443 +0100
+++ /home/marten/Projects/matio-matio/test/testsuite.dir/at-groups/96/stdout	2016-01-19 16:22:07.674316292 +0100
@@ -1,27 +1 @@
-var83(:,:,0) = 
-    14531 + 14532i 14851 + 14852i 15171 + 15172i 15491 + 15492i 15811 + 15812i 16131 + 16132i 
-    14537 + 14538i 14857 + 14858i 15177 + 15178i 15497 + 15498i 15817 + 15818i 16137 + 16138i 
-    14543 + 14544i 14863 + 14864i 15183 + 15184i 15503 + 15504i 15823 + 15824i 16143 + 16144i 
-    14549 + 14550i 14869 + 14870i 15189 + 15190i 15509 + 15510i 15829 + 15830i 16149 + 16150i 
-    14555 + 14556i 14875 + 14876i 15195 + 15196i 15515 + 15516i 15835 + 15836i 16155 + 16156i 
-    14561 + 14562i 14881 + 14882i 15201 + 15202i 15521 + 15522i 15841 + 15842i 16161 + 16162i 
-    14567 + 14568i 14887 + 14888i 15207 + 15208i 15527 + 15528i 15847 + 15848i 16167 + 16168i 
-    14573 + 14574i 14893 + 14894i 15213 + 15214i 15533 + 15534i 15853 + 15854i 16173 + 16174i 
-    14579 + 14580i 14899 + 14900i 15219 + 15220i 15539 + 15540i 15859 + 15860i 16179 + 16180i 
-    14585 + 14586i 14905 + 14906i 15225 + 15226i 15545 + 15546i 15865 + 15866i 16185 + 16186i 
-    14591 + 14592i 14911 + 14912i 15231 + 15232i 15551 + 15552i 15871 + 15872i 16191 + 16192i 
-
-var83(:,:,1) = 
-    47299 + 47300i 47619 + 47620i 47939 + 47940i 48259 + 48260i 48579 + 48580i 48899 + 48900i 
-    47305 + 47306i 47625 + 47626i 47945 + 47946i 48265 + 48266i 48585 + 48586i 48905 + 48906i 
-    47311 + 47312i 47631 + 47632i 47951 + 47952i 48271 + 48272i 48591 + 48592i 48911 + 48912i 
-    47317 + 47318i 47637 + 47638i 47957 + 47958i 48277 + 48278i 48597 + 48598i 48917 + 48918i 
-    47323 + 47324i 47643 + 47644i 47963 + 47964i 48283 + 48284i 48603 + 48604i 48923 + 48924i 
-    47329 + 47330i 47649 + 47650i 47969 + 47970i 48289 + 48290i 48609 + 48610i 48929 + 48930i 
-    47335 + 47336i 47655 + 47656i 47975 + 47976i 48295 + 48296i 48615 + 48616i 48935 + 48936i 
-    47341 + 47342i 47661 + 47662i 47981 + 47982i 48301 + 48302i 48621 + 48622i 48941 + 48942i 
-    47347 + 47348i 47667 + 47668i 47987 + 47988i 48307 + 48308i 48627 + 48628i 48947 + 48948i 
-    47353 + 47354i 47673 + 47674i 47993 + 47994i 48313 + 48314i 48633 + 48634i 48953 + 48954i 
-    47359 + 47360i 47679 + 47680i 47999 + 48000i 48319 + 48320i 48639 + 48640i 48959 + 48960i 
-
 
./mat5_uncompressed_readslab_le.at:419: exit code was 139, expected 0
96. mat5_uncompressed_readslab_le.at:417: 96. Read slab of 64-bit unsigned integer complex array (mat5_uncompressed_readslab_le.at:417): FAILED (mat5_uncompressed_readslab_le.at:419)

#                             -*- compilation -*-
97. mat5_uncompressed_readslab_le.at:449: testing Read slab of 32-bit integer complex array ...
./mat5_uncompressed_readslab_le.at:451: $builddir/../tools/matdump -d $srcdir/datasets/matio_test_cases_uncompressed_le.mat var84\(2:3:end,4:5:end,8:16:end\)
stderr:
/home/marten/Projects/matio-matio/test/testsuite.dir/at-groups/97/test-source: line 51:  1304 Segmentation fault      (core dumped) $builddir/../tools/matdump -d $srcdir/datasets/matio_test_cases_uncompressed_le.mat var84\(2:3:end,4:5:end,8:16:end\)
--- -	2016-01-19 16:22:07.785096286 +0100
+++ /home/marten/Projects/matio-matio/test/testsuite.dir/at-groups/97/stdout	2016-01-19 16:22:07.778316296 +0100
@@ -1,27 +1 @@
-var84(:,:,0) = 
-    14531 + 14532i 14851 + 14852i 15171 + 15172i 15491 + 15492i 15811 + 15812i 16131 + 16132i 
-    14537 + 14538i 14857 + 14858i 15177 + 15178i 15497 + 15498i 15817 + 15818i 16137 + 16138i 
-    14543 + 14544i 14863 + 14864i 15183 + 15184i 15503 + 15504i 15823 + 15824i 16143 + 16144i 
-    14549 + 14550i 14869 + 14870i 15189 + 15190i 15509 + 15510i 15829 + 15830i 16149 + 16150i 
-    14555 + 14556i 14875 + 14876i 15195 + 15196i 15515 + 15516i 15835 + 15836i 16155 + 16156i 
-    14561 + 14562i 14881 + 14882i 15201 + 15202i 15521 + 15522i 15841 + 15842i 16161 + 16162i 
-    14567 + 14568i 14887 + 14888i 15207 + 15208i 15527 + 15528i 15847 + 15848i 16167 + 16168i 
-    14573 + 14574i 14893 + 14894i 15213 + 15214i 15533 + 15534i 15853 + 15854i 16173 + 16174i 
-    14579 + 14580i 14899 + 14900i 15219 + 15220i 15539 + 15540i 15859 + 15860i 16179 + 16180i 
-    14585 + 14586i 14905 + 14906i 15225 + 15226i 15545 + 15546i 15865 + 15866i 16185 + 16186i 
-    14591 + 14592i 14911 + 14912i 15231 + 15232i 15551 + 15552i 15871 + 15872i 16191 + 16192i 
-
-var84(:,:,1) = 
-    47299 + 47300i 47619 + 47620i 47939 + 47940i 48259 + 48260i 48579 + 48580i 48899 + 48900i 
-    47305 + 47306i 47625 + 47626i 47945 + 47946i 48265 + 48266i 48585 + 48586i 48905 + 48906i 
-    47311 + 47312i 47631 + 47632i 47951 + 47952i 48271 + 48272i 48591 + 48592i 48911 + 48912i 
-    47317 + 47318i 47637 + 47638i 47957 + 47958i 48277 + 48278i 48597 + 48598i 48917 + 48918i 
-    47323 + 47324i 47643 + 47644i 47963 + 47964i 48283 + 48284i 48603 + 48604i 48923 + 48924i 
-    47329 + 47330i 47649 + 47650i 47969 + 47970i 48289 + 48290i 48609 + 48610i 48929 + 48930i 
-    47335 + 47336i 47655 + 47656i 47975 + 47976i 48295 + 48296i 48615 + 48616i 48935 + 48936i 
-    47341 + 47342i 47661 + 47662i 47981 + 47982i 48301 + 48302i 48621 + 48622i 48941 + 48942i 
-    47347 + 47348i 47667 + 47668i 47987 + 47988i 48307 + 48308i 48627 + 48628i 48947 + 48948i 
-    47353 + 47354i 47673 + 47674i 47993 + 47994i 48313 + 48314i 48633 + 48634i 48953 + 48954i 
-    47359 + 47360i 47679 + 47680i 47999 + 48000i 48319 + 48320i 48639 + 48640i 48959 + 48960i 
-
 
./mat5_uncompressed_readslab_le.at:451: exit code was 139, expected 0
97. mat5_uncompressed_readslab_le.at:449: 97. Read slab of 32-bit integer complex array (mat5_uncompressed_readslab_le.at:449): FAILED (mat5_uncompressed_readslab_le.at:451)

#                             -*- compilation -*-
98. mat5_uncompressed_readslab_le.at:481: testing Read slab of 32-bit unsigned integer complex array ...
./mat5_uncompressed_readslab_le.at:483: $builddir/../tools/matdump -d $srcdir/datasets/matio_test_cases_uncompressed_le.mat var85\(2:3:end,4:5:end,8:16:end\)
stderr:
/home/marten/Projects/matio-matio/test/testsuite.dir/at-groups/98/test-source: line 51:  1393 Segmentation fault      (core dumped) $builddir/../tools/matdump -d $srcdir/datasets/matio_test_cases_uncompressed_le.mat var85\(2:3:end,4:5:end,8:16:end\)
--- -	2016-01-19 16:22:07.910164436 +0100
+++ /home/marten/Projects/matio-matio/test/testsuite.dir/at-groups/98/stdout	2016-01-19 16:22:07.902316300 +0100
@@ -1,27 +1 @@
-var85(:,:,0) = 
-    14531 + 14532i 14851 + 14852i 15171 + 15172i 15491 + 15492i 15811 + 15812i 16131 + 16132i 
-    14537 + 14538i 14857 + 14858i 15177 + 15178i 15497 + 15498i 15817 + 15818i 16137 + 16138i 
-    14543 + 14544i 14863 + 14864i 15183 + 15184i 15503 + 15504i 15823 + 15824i 16143 + 16144i 
-    14549 + 14550i 14869 + 14870i 15189 + 15190i 15509 + 15510i 15829 + 15830i 16149 + 16150i 
-    14555 + 14556i 14875 + 14876i 15195 + 15196i 15515 + 15516i 15835 + 15836i 16155 + 16156i 
-    14561 + 14562i 14881 + 14882i 15201 + 15202i 15521 + 15522i 15841 + 15842i 16161 + 16162i 
-    14567 + 14568i 14887 + 14888i 15207 + 15208i 15527 + 15528i 15847 + 15848i 16167 + 16168i 
-    14573 + 14574i 14893 + 14894i 15213 + 15214i 15533 + 15534i 15853 + 15854i 16173 + 16174i 
-    14579 + 14580i 14899 + 14900i 15219 + 15220i 15539 + 15540i 15859 + 15860i 16179 + 16180i 
-    14585 + 14586i 14905 + 14906i 15225 + 15226i 15545 + 15546i 15865 + 15866i 16185 + 16186i 
-    14591 + 14592i 14911 + 14912i 15231 + 15232i 15551 + 15552i 15871 + 15872i 16191 + 16192i 
-
-var85(:,:,1) = 
-    47299 + 47300i 47619 + 47620i 47939 + 47940i 48259 + 48260i 48579 + 48580i 48899 + 48900i 
-    47305 + 47306i 47625 + 47626i 47945 + 47946i 48265 + 48266i 48585 + 48586i 48905 + 48906i 
-    47311 + 47312i 47631 + 47632i 47951 + 47952i 48271 + 48272i 48591 + 48592i 48911 + 48912i 
-    47317 + 47318i 47637 + 47638i 47957 + 47958i 48277 + 48278i 48597 + 48598i 48917 + 48918i 
-    47323 + 47324i 47643 + 47644i 47963 + 47964i 48283 + 48284i 48603 + 48604i 48923 + 48924i 
-    47329 + 47330i 47649 + 47650i 47969 + 47970i 48289 + 48290i 48609 + 48610i 48929 + 48930i 
-    47335 + 47336i 47655 + 47656i 47975 + 47976i 48295 + 48296i 48615 + 48616i 48935 + 48936i 
-    47341 + 47342i 47661 + 47662i 47981 + 47982i 48301 + 48302i 48621 + 48622i 48941 + 48942i 
-    47347 + 47348i 47667 + 47668i 47987 + 47988i 48307 + 48308i 48627 + 48628i 48947 + 48948i 
-    47353 + 47354i 47673 + 47674i 47993 + 47994i 48313 + 48314i 48633 + 48634i 48953 + 48954i 
-    47359 + 47360i 47679 + 47680i 47999 + 48000i 48319 + 48320i 48639 + 48640i 48959 + 48960i 
-
 
./mat5_uncompressed_readslab_le.at:483: exit code was 139, expected 0
98. mat5_uncompressed_readslab_le.at:481: 98. Read slab of 32-bit unsigned integer complex array (mat5_uncompressed_readslab_le.at:481): FAILED (mat5_uncompressed_readslab_le.at:483)

#                             -*- compilation -*-
99. mat5_uncompressed_readslab_le.at:513: testing Read slab of 16-bit integer complex array ...
./mat5_uncompressed_readslab_le.at:515: $builddir/../tools/matdump -d $srcdir/datasets/matio_test_cases_uncompressed_le.mat var86\(2:3:end,4:5:end,8:16:end\)
stderr:
/home/marten/Projects/matio-matio/test/testsuite.dir/at-groups/99/test-source: line 51:  1437 Segmentation fault      (core dumped) $builddir/../tools/matdump -d $srcdir/datasets/matio_test_cases_uncompressed_le.mat var86\(2:3:end,4:5:end,8:16:end\)
--- -	2016-01-19 16:22:08.048171939 +0100
+++ /home/marten/Projects/matio-matio/test/testsuite.dir/at-groups/99/stdout	2016-01-19 16:22:08.042316306 +0100
@@ -1,27 +1 @@
-var86(:,:,0) = 
-    31419 + 12074i -16493 + -9400i 2771 + -10261i -13965 + 16888i -25303 + 5509i 13196 + 15195i 
-    11550 + 31935i 15688 + 20383i -25754 + -31533i -1934 + -19892i 16352 + 363i -12123 + -23263i 
-    14036 + -25970i -10204 + -15596i 27007 + -3499i 24973 + -17196i 9743 + -9728i -10874 + 25982i 
-    12950 + -26466i 14390 + -20232i -7948 + -4034i 29557 + -23198i 6783 + -16717i -11012 + -7600i 
-    11549 + -13221i -21008 + 3161i 1047 + -17085i -26196 + -27443i 27364 + -31769i -10870 + -24078i 
-    8802 + -13913i 22712 + -11293i 28781 + -6213i 17138 + 17163i 845 + -5483i -4181 + 21428i 
-    -8540 + 20686i 16110 + -30851i 22132 + 27840i 4173 + 22551i -5927 + 30238i 19441 + -25234i 
-    82 + -2536i 6298 + -2954i -2300 + -1878i 21456 + -372i 9080 + 5283i 27199 + -11909i 
-    6556 + 25498i -10732 + -25971i 14919 + -19351i -12554 + -766i 25263 + -12552i -4204 + 14748i 
-    -22761 + -19987i -15133 + 15777i -32577 + 15858i -11899 + 26000i -6594 + 9643i -12638 + 6522i 
-    -14602 + -32033i -23705 + 32679i 28973 + -16332i -13223 + -7784i -21471 + -8832i -21381 + 3874i 
-
-var86(:,:,1) = 
-    10009 + -1227i 23621 + 10035i -22333 + -20060i -28782 + 3888i -5804 + -12847i -2817 + 10293i 
-    23342 + 16514i -26955 + -8794i -28080 + -30034i -26055 + -4279i -19613 + 7820i -666 + -21153i 
-    27792 + -11483i 3884 + 18834i -24965 + 30996i 17075 + -5598i -24500 + 23384i 6202 + 23652i 
-    -16194 + -25596i 25669 + 17940i 11506 + -19238i 15629 + 19686i 6332 + -32352i -27772 + 7728i 
-    9911 + -20183i 19480 + -25157i -5438 + 17227i -27961 + -5378i 9084 + 8866i 24485 + 27017i 
-    -28341 + 22322i -24243 + -10527i 6325 + 19908i 22850 + -7463i 12787 + 16795i 7898 + 4210i 
-    3508 + -7880i 4464 + 28510i 16761 + 20643i -17585 + 883i 27522 + 650i 8062 + 28365i 
-    20369 + -482i -6616 + -24233i 18192 + -20736i -1421 + -6768i 7219 + -25890i -28910 + -21963i 
-    -4578 + 21351i -14599 + -1762i -18629 + 17622i 28956 + -7833i -16811 + -5838i 7298 + -10445i 
-    18426 + 31578i -19424 + 6424i 2759 + -21496i 19321 + -31347i 22569 + 6221i 29980 + 25776i 
-    -26016 + 17152i -29786 + 14220i 15764 + 18250i 22739 + -27552i 21757 + -28407i 5019 + -2720i 
-
 
./mat5_uncompressed_readslab_le.at:515: exit code was 139, expected 0
99. mat5_uncompressed_readslab_le.at:513: 99. Read slab of 16-bit integer complex array (mat5_uncompressed_readslab_le.at:513): FAILED (mat5_uncompressed_readslab_le.at:515)

#                             -*- compilation -*-
100. mat5_uncompressed_readslab_le.at:545: testing Read slab of 16-bit unsigned integer complex array ...
./mat5_uncompressed_readslab_le.at:547: $builddir/../tools/matdump -d $srcdir/datasets/matio_test_cases_uncompressed_le.mat var87\(2:3:end,4:5:end,8:16:end\)
stderr:
/home/marten/Projects/matio-matio/test/testsuite.dir/at-groups/100/test-source: line 51:  1482 Segmentation fault      (core dumped) $builddir/../tools/matdump -d $srcdir/datasets/matio_test_cases_uncompressed_le.mat var87\(2:3:end,4:5:end,8:16:end\)
--- -	2016-01-19 16:22:08.225569598 +0100
+++ /home/marten/Projects/matio-matio/test/testsuite.dir/at-groups/100/stdout	2016-01-19 16:22:08.218316312 +0100
@@ -1,27 +1 @@
-var87(:,:,0) = 
-    63490 + 42712i 48615 + 54935i 14063 + 54325i 12093 + 4405i 47337 + 59129i 25576 + 6335i 
-    29714 + 8391i 11083 + 51765i 15062 + 33495i 8834 + 7721i 62332 + 27780i 12201 + 17545i 
-    61483 + 15861i 2973 + 2285i 51022 + 34454i 54420 + 31822i 3623 + 2694i 49659 + 37636i 
-    15850 + 33874i 47407 + 28409i 60470 + 39080i 26675 + 29151i 11530 + 27741i 28187 + 58668i 
-    55082 + 3631i 33701 + 18840i 44448 + 44287i 42660 + 29044i 4141 + 36801i 3135 + 5269i 
-    45390 + 5685i 34873 + 47323i 64996 + 30009i 65323 + 50276i 64250 + 50570i 16458 + 14517i 
-    10423 + 60745i 13711 + 7195i 283 + 64783i 7139 + 32010i 39722 + 49989i 31662 + 28316i 
-    44728 + 38383i 6046 + 45393i 18983 + 191i 47157 + 29016i 26118 + 40150i 38430 + 36198i 
-    43170 + 36676i 44211 + 53418i 3436 + 45327i 35840 + 18163i 28214 + 21931i 47450 + 50404i 
-    46711 + 20162i 16574 + 31089i 44524 + 18230i 15379 + 14923i 25798 + 27469i 201 + 49160i 
-    49188 + 52357i 41210 + 28626i 15729 + 21345i 30214 + 63617i 62573 + 58367i 50221 + 54517i 
-
-var87(:,:,1) = 
-    47469 + 42818i 8920 + 61180i 45303 + 55200i 10001 + 43967i 58589 + 45954i 16219 + 17867i 
-    7124 + 35280i 29466 + 54541i 4881 + 31280i 48614 + 38397i 9073 + 25270i 59934 + 13526i 
-    34741 + 37493i 65042 + 23250i 38207 + 48851i 14572 + 48016i 20846 + 33025i 58464 + 17576i 
-    44064 + 39694i 1978 + 56271i 807 + 7069i 25265 + 24936i 22905 + 59697i 34801 + 59568i 
-    6995 + 4154i 14377 + 47601i 50473 + 21558i 1715 + 40096i 22981 + 42347i 20649 + 30475i 
-    7531 + 33600i 12353 + 11382i 6544 + 29624i 37345 + 13265i 24828 + 62213i 55999 + 42307i 
-    54978 + 37775i 8336 + 45819i 52787 + 2034i 11025 + 46066i 46887 + 36422i 4464 + 16054i 
-    15416 + 23755i 45530 + 55892i 5986 + 58345i 37554 + 31865i 50013 + 60501i 23302 + 47556i 
-    27259 + 51376i 8908 + 40510i 57054 + 22602i 4791 + 53489i 29781 + 52236i 24764 + 55871i 
-    64300 + 6331i 11258 + 60909i 2935 + 55316i 22789 + 15282i 37210 + 42165i 22331 + 53630i 
-    1212 + 37261i 56638 + 57033i 42851 + 16897i 23465 + 10050i 37785 + 60771i 63541 + 34455i 
-
 
./mat5_uncompressed_readslab_le.at:547: exit code was 139, expected 0
100. mat5_uncompressed_readslab_le.at:545: 100. Read slab of 16-bit unsigned integer complex array (mat5_uncompressed_readslab_le.at:545): FAILED (mat5_uncompressed_readslab_le.at:547)

#                             -*- compilation -*-
101. mat5_uncompressed_readslab_le.at:577: testing Read slab of 8-bit integer complex array ...
./mat5_uncompressed_readslab_le.at:579: $builddir/../tools/matdump -d $srcdir/datasets/matio_test_cases_uncompressed_le.mat var88\(2:3:end,4:5:end,8:16:end\)
stderr:
/home/marten/Projects/matio-matio/test/testsuite.dir/at-groups/101/test-source: line 51:  1524 Segmentation fault      (core dumped) $builddir/../tools/matdump -d $srcdir/datasets/matio_test_cases_uncompressed_le.mat var88\(2:3:end,4:5:end,8:16:end\)
--- -	2016-01-19 16:22:08.331051226 +0100
+++ /home/marten/Projects/matio-matio/test/testsuite.dir/at-groups/101/stdout	2016-01-19 16:22:08.326316316 +0100
@@ -1,27 +1 @@
-var88(:,:,0) = 
-    24 + -109i 5 + 103i 79 + -98i -11 + -41i 3 + -95i -99 + -15i 
-    -38 + 98i -71 + -109i -125 + -9i -4 + -5i -69 + -113i -92 + -70i 
-    -32 + 69i -9 + 76i -81 + -45i 111 + -12i -24 + -55i 115 + 62i 
-    1 + -58i 52 + -40i -30 + 6i -79 + 23i -40 + -78i -29 + -52i 
-    106 + 37i -48 + 1i 109 + -65i 118 + -68i 81 + -95i -121 + 61i 
-    23 + -118i -1 + -71i -111 + -88i 60 + -49i 108 + -15i -62 + 101i 
-    86 + -117i 43 + 106i -21 + -57i -31 + -47i -37 + 5i -72 + 52i 
-    3 + -10i 121 + -39i -59 + -22i 98 + -49i 24 + -97i -110 + -111i 
-    -94 + 111i 68 + 45i 64 + -47i 19 + -84i 65 + 17i 126 + 124i 
-    43 + -69i 9 + 7i 38 + 36i 114 + -19i -79 + -19i 85 + -44i 
-    37 + 24i 49 + -122i 32 + 84i 126 + 112i -54 + -36i -32 + 42i 
-
-var88(:,:,1) = 
-    10 + 105i -120 + -94i -79 + -87i 55 + -21i 19 + 106i 47 + -65i 
-    -88 + -104i 69 + 16i -50 + 8i -78 + 49i 18 + 47i -103 + -35i 
-    82 + 96i 5 + 114i -13 + -48i -61 + 22i -39 + -73i 127 + 30i 
-    98 + -85i 80 + 42i 51 + -21i 74 + -73i -47 + -60i 28 + 16i 
-    -66 + -27i -7 + 4i -95 + 3i -26 + 71i -102 + -120i -72 + -13i 
-    83 + -12i 74 + 84i -115 + -5i 81 + 0i -17 + -102i -76 + -67i 
-    -18 + -32i 83 + 76i 117 + 120i -45 + -123i 18 + 66i -46 + 33i 
-    58 + -92i -74 + 93i 66 + 29i -8 + 58i -12 + -59i 40 + 109i 
-    -59 + -89i -124 + 7i 64 + 10i 63 + -124i -41 + 34i -117 + 25i 
-    -45 + 16i -61 + 54i 54 + -101i -83 + -112i 46 + 51i 103 + 12i 
-    -36 + -68i 3 + -83i 51 + 74i 97 + 123i -61 + -40i 89 + -9i 
-
 
./mat5_uncompressed_readslab_le.at:579: exit code was 139, expected 0
101. mat5_uncompressed_readslab_le.at:577: 101. Read slab of 8-bit integer complex array (mat5_uncompressed_readslab_le.at:577): FAILED (mat5_uncompressed_readslab_le.at:579)

#                             -*- compilation -*-
102. mat5_uncompressed_readslab_le.at:609: testing Read slab of 8-bit unsigned integer complex array ...
./mat5_uncompressed_readslab_le.at:611: $builddir/../tools/matdump -d $srcdir/datasets/matio_test_cases_uncompressed_le.mat var89\(2:3:end,4:5:end,8:16:end\)
stderr:
/home/marten/Projects/matio-matio/test/testsuite.dir/at-groups/102/test-source: line 51:  1566 Segmentation fault      (core dumped) $builddir/../tools/matdump -d $srcdir/datasets/matio_test_cases_uncompressed_le.mat var89\(2:3:end,4:5:end,8:16:end\)
--- -	2016-01-19 16:22:08.436926289 +0100
+++ /home/marten/Projects/matio-matio/test/testsuite.dir/at-groups/102/stdout	2016-01-19 16:22:08.430316320 +0100
@@ -1,27 +1 @@
-var89(:,:,0) = 
-    233 + 19i 98 + 36i 145 + 191i 87 + 191i 30 + 24i 142 + 157i 
-    99 + 152i 129 + 239i 23 + 137i 187 + 27i 149 + 230i 186 + 204i 
-    194 + 176i 246 + 207i 229 + 96i 224 + 67i 56 + 158i 139 + 252i 
-    219 + 39i 42 + 97i 17 + 104i 96 + 230i 114 + 96i 130 + 202i 
-    182 + 250i 209 + 14i 158 + 68i 66 + 32i 242 + 79i 197 + 221i 
-    198 + 121i 114 + 150i 85 + 154i 196 + 72i 82 + 206i 169 + 34i 
-    70 + 99i 245 + 204i 207 + 145i 239 + 53i 106 + 114i 160 + 148i 
-    250 + 205i 62 + 143i 112 + 116i 15 + 197i 8 + 202i 131 + 129i 
-    154 + 19i 192 + 87i 135 + 182i 111 + 188i 87 + 217i 255 + 157i 
-    20 + 127i 88 + 125i 138 + 79i 225 + 144i 138 + 126i 93 + 4i 
-    55 + 248i 254 + 59i 118 + 171i 190 + 181i 26 + 138i 140 + 149i 
-
-var89(:,:,1) = 
-    182 + 191i 212 + 183i 51 + 193i 46 + 45i 16 + 249i 110 + 132i 
-    45 + 138i 121 + 33i 81 + 133i 90 + 128i 137 + 65i 234 + 197i 
-    41 + 32i 193 + 87i 42 + 147i 171 + 187i 149 + 145i 22 + 223i 
-    74 + 142i 95 + 150i 219 + 48i 105 + 53i 87 + 154i 229 + 72i 
-    173 + 106i 75 + 167i 185 + 124i 23 + 168i 111 + 32i 169 + 26i 
-    14 + 5i 139 + 111i 65 + 8i 111 + 218i 179 + 46i 128 + 186i 
-    56 + 15i 241 + 161i 120 + 240i 91 + 101i 164 + 95i 87 + 139i 
-    159 + 205i 62 + 17i 24 + 19i 90 + 72i 121 + 106i 152 + 77i 
-    218 + 172i 165 + 198i 104 + 3i 178 + 168i 125 + 144i 17 + 58i 
-    235 + 235i 249 + 244i 23 + 34i 172 + 79i 215 + 171i 215 + 242i 
-    253 + 46i 207 + 210i 88 + 216i 176 + 42i 48 + 141i 62 + 229i 
-
 
./mat5_uncompressed_readslab_le.at:611: exit code was 139, expected 0
102. mat5_uncompressed_readslab_le.at:609: 102. Read slab of 8-bit unsigned integer complex array (mat5_uncompressed_readslab_le.at:609): FAILED (mat5_uncompressed_readslab_le.at:611)

#                             -*- compilation -*-
113. mat5_uncompressed_readslab_le.at:971: testing Read linear slab of double-precision complex array ...
./mat5_uncompressed_readslab_le.at:973: $builddir/../tools/matdump -d $srcdir/datasets/matio_test_cases_uncompressed_le.mat var80\(3257:1111:end\)
stderr:
--- -	2016-01-19 16:22:08.657372102 +0100
+++ /home/marten/Projects/matio-matio/test/testsuite.dir/at-groups/113/stdout	2016-01-19 16:22:08.650316328 +0100
@@ -1,28 +1,28 @@
 6513 + 6514i 
-8735 + 8736i 
-10957 + 10958i 
-13179 + 13180i 
-15401 + 15402i 
-17623 + 17624i 
-19845 + 19846i 
-22067 + 22068i 
-24289 + 24290i 
-26511 + 26512i 
-28733 + 28734i 
-30955 + 30956i 
-33177 + 33178i 
-35399 + 35400i 
-37621 + 37622i 
-39843 + 39844i 
-42065 + 42066i 
-44287 + 44288i 
-46509 + 46510i 
-48731 + 48732i 
-50953 + 50954i 
-53175 + 53176i 
-55397 + 55398i 
-57619 + 57620i 
-59841 + 59842i 
-62063 + 62064i 
-64285 + 64286i 
+8736 + 10958i 
+13180 + 15402i 
+17624 + 19846i 
+22068 + 24290i 
+26512 + 28734i 
+30956 + 33178i 
+35400 + 37622i 
+39844 + 42066i 
+44288 + 46510i 
+48732 + 50954i 
+53176 + 55398i 
+57620 + 59842i 
+62064 + 64286i 
+0 + 0i 
+0 + 0i 
+0 + 0i 
+0 + 0i 
+0 + 0i 
+0 + 0i 
+0 + 0i 
+0 + 0i 
+0 + 0i 
+0 + 0i 
+0 + 0i 
+0 + 0i 
+0 + 0i 
 
113. mat5_uncompressed_readslab_le.at:971: 113. Read linear slab of double-precision complex array (mat5_uncompressed_readslab_le.at:971): FAILED (mat5_uncompressed_readslab_le.at:973)

#                             -*- compilation -*-
114. mat5_uncompressed_readslab_le.at:1004: testing Read linear slab of single-precision complex array ...
./mat5_uncompressed_readslab_le.at:1006: $builddir/../tools/matdump -d $srcdir/datasets/matio_test_cases_uncompressed_le.mat var81\(3257:1111:end\)
stderr:
--- -	2016-01-19 16:22:08.676136908 +0100
+++ /home/marten/Projects/matio-matio/test/testsuite.dir/at-groups/114/stdout	2016-01-19 16:22:08.670316329 +0100
@@ -1,28 +1,28 @@
 6513 + 6514i 
-8735 + 8736i 
-10957 + 10958i 
-13179 + 13180i 
-15401 + 15402i 
-17623 + 17624i 
-19845 + 19846i 
-22067 + 22068i 
-24289 + 24290i 
-26511 + 26512i 
-28733 + 28734i 
-30955 + 30956i 
-33177 + 33178i 
-35399 + 35400i 
-37621 + 37622i 
-39843 + 39844i 
-42065 + 42066i 
-44287 + 44288i 
-46509 + 46510i 
-48731 + 48732i 
-50953 + 50954i 
-53175 + 53176i 
-55397 + 55398i 
-57619 + 57620i 
-59841 + 59842i 
-62063 + 62064i 
-64285 + 64286i 
+8736 + 10958i 
+13180 + 15402i 
+17624 + 19846i 
+22068 + 24290i 
+26512 + 28734i 
+30956 + 33178i 
+35400 + 37622i 
+39844 + 42066i 
+44288 + 46510i 
+48732 + 50954i 
+53176 + 55398i 
+57620 + 59842i 
+62064 + 64286i 
+0 + 0i 
+0 + 0i 
+0 + 0i 
+0 + 0i 
+0 + 0i 
+0 + 0i 
+0 + 0i 
+0 + 0i 
+0 + 0i 
+0 + 0i 
+0 + 0i 
+0 + 0i 
+0 + 0i 
 
114. mat5_uncompressed_readslab_le.at:1004: 114. Read linear slab of single-precision complex array (mat5_uncompressed_readslab_le.at:1004): FAILED (mat5_uncompressed_readslab_le.at:1006)

#                             -*- compilation -*-
115. mat5_uncompressed_readslab_le.at:1037: testing Read linear slab of 64-bit integer complex array ...
./mat5_uncompressed_readslab_le.at:1039: $builddir/../tools/matdump -d $srcdir/datasets/matio_test_cases_uncompressed_le.mat var82\(3257:1111:end\)
stderr:
--- -	2016-01-19 16:22:08.695748626 +0100
+++ /home/marten/Projects/matio-matio/test/testsuite.dir/at-groups/115/stdout	2016-01-19 16:22:08.690316329 +0100
@@ -1,28 +1,28 @@
 6513 + 6514i 
-8735 + 8736i 
-10957 + 10958i 
-13179 + 13180i 
-15401 + 15402i 
-17623 + 17624i 
-19845 + 19846i 
-22067 + 22068i 
-24289 + 24290i 
-26511 + 26512i 
-28733 + 28734i 
-30955 + 30956i 
-33177 + 33178i 
-35399 + 35400i 
-37621 + 37622i 
-39843 + 39844i 
-42065 + 42066i 
-44287 + 44288i 
-46509 + 46510i 
-48731 + 48732i 
-50953 + 50954i 
-53175 + 53176i 
-55397 + 55398i 
-57619 + 57620i 
-59841 + 59842i 
-62063 + 62064i 
-64285 + 64286i 
+8736 + 10958i 
+13180 + 15402i 
+17624 + 19846i 
+22068 + 24290i 
+26512 + 28734i 
+30956 + 33178i 
+35400 + 37622i 
+39844 + 42066i 
+44288 + 46510i 
+48732 + 50954i 
+53176 + 55398i 
+57620 + 59842i 
+62064 + 64286i 
+0 + 0i 
+0 + 0i 
+0 + 0i 
+0 + 0i 
+0 + 0i 
+0 + 0i 
+0 + 0i 
+0 + 0i 
+0 + 0i 
+0 + 0i 
+0 + 0i 
+0 + 0i 
+0 + 0i 
 
115. mat5_uncompressed_readslab_le.at:1037: 115. Read linear slab of 64-bit integer complex array (mat5_uncompressed_readslab_le.at:1037): FAILED (mat5_uncompressed_readslab_le.at:1039)

#                             -*- compilation -*-
116. mat5_uncompressed_readslab_le.at:1070: testing Read linear slab of 64-bit unsigned integer complex array ...
./mat5_uncompressed_readslab_le.at:1072: $builddir/../tools/matdump -d $srcdir/datasets/matio_test_cases_uncompressed_le.mat var83\(3257:1111:end\)
stderr:
--- -	2016-01-19 16:22:08.714015882 +0100
+++ /home/marten/Projects/matio-matio/test/testsuite.dir/at-groups/116/stdout	2016-01-19 16:22:08.706316330 +0100
@@ -1,28 +1,28 @@
 6513 + 6514i 
-8735 + 8736i 
-10957 + 10958i 
-13179 + 13180i 
-15401 + 15402i 
-17623 + 17624i 
-19845 + 19846i 
-22067 + 22068i 
-24289 + 24290i 
-26511 + 26512i 
-28733 + 28734i 
-30955 + 30956i 
-33177 + 33178i 
-35399 + 35400i 
-37621 + 37622i 
-39843 + 39844i 
-42065 + 42066i 
-44287 + 44288i 
-46509 + 46510i 
-48731 + 48732i 
-50953 + 50954i 
-53175 + 53176i 
-55397 + 55398i 
-57619 + 57620i 
-59841 + 59842i 
-62063 + 62064i 
-64285 + 64286i 
+8736 + 10958i 
+13180 + 15402i 
+17624 + 19846i 
+22068 + 24290i 
+26512 + 28734i 
+30956 + 33178i 
+35400 + 37622i 
+39844 + 42066i 
+44288 + 46510i 
+48732 + 50954i 
+53176 + 55398i 
+57620 + 59842i 
+62064 + 64286i 
+0 + 0i 
+0 + 0i 
+0 + 0i 
+0 + 0i 
+0 + 0i 
+0 + 0i 
+0 + 0i 
+0 + 0i 
+0 + 0i 
+0 + 0i 
+0 + 0i 
+0 + 0i 
+0 + 0i 
 
116. mat5_uncompressed_readslab_le.at:1070: 116. Read linear slab of 64-bit unsigned integer complex array (mat5_uncompressed_readslab_le.at:1070): FAILED (mat5_uncompressed_readslab_le.at:1072)

#                             -*- compilation -*-
117. mat5_uncompressed_readslab_le.at:1103: testing Read linear slab of 32-bit integer complex array ...
./mat5_uncompressed_readslab_le.at:1105: $builddir/../tools/matdump -d $srcdir/datasets/matio_test_cases_uncompressed_le.mat var84\(3257:1111:end\)
stderr:
--- -	2016-01-19 16:22:08.733711807 +0100
+++ /home/marten/Projects/matio-matio/test/testsuite.dir/at-groups/117/stdout	2016-01-19 16:22:08.726316331 +0100
@@ -1,28 +1,28 @@
 6513 + 6514i 
-8735 + 8736i 
-10957 + 10958i 
-13179 + 13180i 
-15401 + 15402i 
-17623 + 17624i 
-19845 + 19846i 
-22067 + 22068i 
-24289 + 24290i 
-26511 + 26512i 
-28733 + 28734i 
-30955 + 30956i 
-33177 + 33178i 
-35399 + 35400i 
-37621 + 37622i 
-39843 + 39844i 
-42065 + 42066i 
-44287 + 44288i 
-46509 + 46510i 
-48731 + 48732i 
-50953 + 50954i 
-53175 + 53176i 
-55397 + 55398i 
-57619 + 57620i 
-59841 + 59842i 
-62063 + 62064i 
-64285 + 64286i 
+8736 + 10958i 
+13180 + 15402i 
+17624 + 19846i 
+22068 + 24290i 
+26512 + 28734i 
+30956 + 33178i 
+35400 + 37622i 
+39844 + 42066i 
+44288 + 46510i 
+48732 + 50954i 
+53176 + 55398i 
+57620 + 59842i 
+62064 + 64286i 
+0 + 0i 
+0 + 0i 
+0 + 0i 
+0 + 0i 
+0 + 0i 
+0 + 0i 
+0 + 0i 
+0 + 0i 
+0 + 0i 
+0 + 0i 
+0 + 0i 
+0 + 0i 
+0 + 0i 
 
117. mat5_uncompressed_readslab_le.at:1103: 117. Read linear slab of 32-bit integer complex array (mat5_uncompressed_readslab_le.at:1103): FAILED (mat5_uncompressed_readslab_le.at:1105)

#                             -*- compilation -*-
118. mat5_uncompressed_readslab_le.at:1136: testing Read linear slab of 32-bit unsigned integer complex array ...
./mat5_uncompressed_readslab_le.at:1138: $builddir/../tools/matdump -d $srcdir/datasets/matio_test_cases_uncompressed_le.mat var85\(3257:1111:end\)
stderr:
--- -	2016-01-19 16:22:08.752335766 +0100
+++ /home/marten/Projects/matio-matio/test/testsuite.dir/at-groups/118/stdout	2016-01-19 16:22:08.746316331 +0100
@@ -1,28 +1,28 @@
 6513 + 6514i 
-8735 + 8736i 
-10957 + 10958i 
-13179 + 13180i 
-15401 + 15402i 
-17623 + 17624i 
-19845 + 19846i 
-22067 + 22068i 
-24289 + 24290i 
-26511 + 26512i 
-28733 + 28734i 
-30955 + 30956i 
-33177 + 33178i 
-35399 + 35400i 
-37621 + 37622i 
-39843 + 39844i 
-42065 + 42066i 
-44287 + 44288i 
-46509 + 46510i 
-48731 + 48732i 
-50953 + 50954i 
-53175 + 53176i 
-55397 + 55398i 
-57619 + 57620i 
-59841 + 59842i 
-62063 + 62064i 
-64285 + 64286i 
+8736 + 10958i 
+13180 + 15402i 
+17624 + 19846i 
+22068 + 24290i 
+26512 + 28734i 
+30956 + 33178i 
+35400 + 37622i 
+39844 + 42066i 
+44288 + 46510i 
+48732 + 50954i 
+53176 + 55398i 
+57620 + 59842i 
+62064 + 64286i 
+0 + 0i 
+0 + 0i 
+0 + 0i 
+0 + 0i 
+0 + 0i 
+0 + 0i 
+0 + 0i 
+0 + 0i 
+0 + 0i 
+0 + 0i 
+0 + 0i 
+0 + 0i 
+0 + 0i 
 
118. mat5_uncompressed_readslab_le.at:1136: 118. Read linear slab of 32-bit unsigned integer complex array (mat5_uncompressed_readslab_le.at:1136): FAILED (mat5_uncompressed_readslab_le.at:1138)

#                             -*- compilation -*-
119. mat5_uncompressed_readslab_le.at:1169: testing Read linear slab of 16-bit integer complex array ...
./mat5_uncompressed_readslab_le.at:1171: $builddir/../tools/matdump -d $srcdir/datasets/matio_test_cases_uncompressed_le.mat var86\(3257:1111:end\)
stderr:
--- -	2016-01-19 16:22:08.770728678 +0100
+++ /home/marten/Projects/matio-matio/test/testsuite.dir/at-groups/119/stdout	2016-01-19 16:22:08.766316332 +0100
@@ -1,28 +1,28 @@
 -10654 + 2041i 
--5682 + -8946i 
-23505 + -19284i 
--29808 + -793i 
-14361 + 14250i 
-24577 + 10449i 
-10061 + -10980i 
-2278 + 30610i 
-30584 + -16154i 
--10092 + -15599i 
--28226 + 856i 
-18653 + 19236i 
-9803 + 32660i 
-10182 + -32150i 
-30378 + 32495i 
-19696 + -11216i 
--30489 + -3723i 
-31624 + -2321i 
-6915 + -18372i 
-8442 + -9731i 
--16034 + -3060i 
--30068 + -24676i 
-7227 + -17710i 
--22074 + 4538i 
-5373 + 10851i 
--12908 + 17807i 
-10850 + 7874i 
+-8946 + -19284i 
+-793 + 14250i 
+10449 + -10980i 
+30610 + -16154i 
+-15599 + 856i 
+19236 + 32660i 
+-32150 + 32495i 
+-11216 + -3723i 
+-2321 + -18372i 
+-9731 + -3060i 
+-24676 + -17710i 
+4538 + 10851i 
+17807 + 7874i 
+-22192 + 236i 
+0 + 0i 
+-20880 + 236i 
+0 + 0i 
+-19568 + 236i 
+0 + 0i 
+-18256 + 236i 
+0 + 0i 
+-16944 + 236i 
+0 + 0i 
+-15632 + 236i 
+0 + 0i 
+-14320 + 236i 
 
119. mat5_uncompressed_readslab_le.at:1169: 119. Read linear slab of 16-bit integer complex array (mat5_uncompressed_readslab_le.at:1169): FAILED (mat5_uncompressed_readslab_le.at:1171)

#                             -*- compilation -*-
120. mat5_uncompressed_readslab_le.at:1202: testing Read linear slab of 16-bit unsigned integer complex array ...
./mat5_uncompressed_readslab_le.at:1204: $builddir/../tools/matdump -d $srcdir/datasets/matio_test_cases_uncompressed_le.mat var87\(3257:1111:end\)
stderr:
--- -	2016-01-19 16:22:08.789516423 +0100
+++ /home/marten/Projects/matio-matio/test/testsuite.dir/at-groups/120/stdout	2016-01-19 16:22:08.782316333 +0100
@@ -1,28 +1,28 @@
 18653 + 18059i 
-30454 + 36469i 
-11090 + 49102i 
-51945 + 25659i 
-59160 + 51510i 
-39866 + 61119i 
-53268 + 43019i 
-43356 + 9321i 
-32869 + 31981i 
-38858 + 37281i 
-62411 + 63389i 
-58886 + 55340i 
-36223 + 10839i 
-62276 + 52727i 
-9244 + 37001i 
-36878 + 2671i 
-15788 + 12333i 
-4031 + 15964i 
-29959 + 25528i 
-42025 + 16986i 
-22838 + 65016i 
-22738 + 31838i 
-47727 + 42512i 
-53210 + 45773i 
-39345 + 36843i 
-39409 + 52620i 
-9100 + 59236i 
+36469 + 49102i 
+25659 + 51510i 
+61119 + 43019i 
+9321 + 31981i 
+37281 + 63389i 
+55340 + 10839i 
+52727 + 37001i 
+2671 + 12333i 
+15964 + 25528i 
+16986 + 65016i 
+31838 + 42512i 
+45773 + 36843i 
+52620 + 59236i 
+39248 + 420i 
+0 + 0i 
+40560 + 420i 
+0 + 0i 
+41872 + 420i 
+0 + 0i 
+43184 + 420i 
+0 + 0i 
+44496 + 420i 
+0 + 0i 
+45808 + 420i 
+0 + 0i 
+47120 + 420i 
 
120. mat5_uncompressed_readslab_le.at:1202: 120. Read linear slab of 16-bit unsigned integer complex array (mat5_uncompressed_readslab_le.at:1202): FAILED (mat5_uncompressed_readslab_le.at:1204)

#                             -*- compilation -*-
121. mat5_uncompressed_readslab_le.at:1235: testing Read linear slab of 8-bit integer complex array ...
./mat5_uncompressed_readslab_le.at:1237: $builddir/../tools/matdump -d $srcdir/datasets/matio_test_cases_uncompressed_le.mat var88\(3257:1111:end\)
stderr:
--- -	2016-01-19 16:22:08.808477673 +0100
+++ /home/marten/Projects/matio-matio/test/testsuite.dir/at-groups/121/stdout	2016-01-19 16:22:08.802316333 +0100
@@ -1,28 +1,28 @@
 -58 + 9i 
-37 + -39i 
-28 + 59i 
-55 + -63i 
--67 + -87i 
-82 + -113i 
-38 + 85i 
-89 + 115i 
-84 + 100i 
-1 + -29i 
--106 + -92i 
-95 + 57i 
--104 + -80i 
--95 + -84i 
--14 + -123i 
--31 + -60i 
--27 + 2i 
--104 + -30i 
-117 + 121i 
-36 + 104i 
--49 + -121i 
--117 + 114i 
--98 + 73i 
-40 + -4i 
-123 + 33i 
--1 + 64i 
-112 + -45i 
+-39 + 59i 
+-63 + -87i 
+-113 + 85i 
+115 + 100i 
+-29 + -92i 
+57 + -80i 
+-84 + -123i 
+-60 + 2i 
+-30 + 121i 
+104 + -121i 
+114 + 73i 
+-4 + 33i 
+64 + -45i 
+0 + 0i 
+0 + 0i 
+-64 + 76i 
+-77 + 0i 
+0 + 0i 
+0 + 0i 
+16 + 69i 
+-77 + 0i 
+0 + 0i 
+0 + 0i 
+0 + 0i 
+0 + 0i 
+0 + 0i 
 
121. mat5_uncompressed_readslab_le.at:1235: 121. Read linear slab of 8-bit integer complex array (mat5_uncompressed_readslab_le.at:1235): FAILED (mat5_uncompressed_readslab_le.at:1237)

#                             -*- compilation -*-
122. mat5_uncompressed_readslab_le.at:1268: testing Read linear slab of 8-bit unsigned integer complex array ...
./mat5_uncompressed_readslab_le.at:1270: $builddir/../tools/matdump -d $srcdir/datasets/matio_test_cases_uncompressed_le.mat var89\(3257:1111:end\)
stderr:
--- -	2016-01-19 16:22:08.868548594 +0100
+++ /home/marten/Projects/matio-matio/test/testsuite.dir/at-groups/122/stdout	2016-01-19 16:22:08.862316336 +0100
@@ -1,28 +1,28 @@
 20 + 13i 
-181 + 222i 
-139 + 184i 
-151 + 35i 
-120 + 204i 
-222 + 111i 
-138 + 19i 
-36 + 68i 
-111 + 184i 
-9 + 93i 
-199 + 135i 
-166 + 215i 
-216 + 131i 
-79 + 233i 
-120 + 64i 
-133 + 175i 
-46 + 199i 
-233 + 68i 
-182 + 186i 
-170 + 48i 
-222 + 94i 
-160 + 144i 
-53 + 199i 
-43 + 251i 
-224 + 206i 
-162 + 102i 
-179 + 205i 
+222 + 184i 
+35 + 204i 
+111 + 19i 
+68 + 184i 
+93 + 135i 
+215 + 131i 
+233 + 64i 
+175 + 199i 
+68 + 186i 
+48 + 94i 
+144 + 199i 
+251 + 206i 
+102 + 205i 
+0 + 0i 
+0 + 0i 
+192 + 236i 
+176 + 0i 
+0 + 0i 
+0 + 0i 
+16 + 229i 
+176 + 0i 
+0 + 0i 
+0 + 0i 
+0 + 0i 
+0 + 0i 
+0 + 0i 
 
122. mat5_uncompressed_readslab_le.at:1268: 122. Read linear slab of 8-bit unsigned integer complex array (mat5_uncompressed_readslab_le.at:1268): FAILED (mat5_uncompressed_readslab_le.at:1270)

#                             -*- compilation -*-
134. mat5_compressed_read_le.at:225: testing Read 2D single-precision complex array ...
./mat5_compressed_read_le.at:227: $builddir/test_mat readvar $srcdir/datasets/matio_test_cases_compressed_le.mat var12
stderr:
--- -	2016-01-19 16:22:09.157116019 +0100
+++ /home/marten/Projects/matio-matio/test/testsuite.dir/at-groups/134/stdout	2016-01-19 16:22:09.150316346 +0100
@@ -4,9 +4,9 @@
 Class Type: Single Precision Array (complex)
  Data Type: IEEE 754 single-precision
 {
-1 + 21i 5 + 25i 9 + 29i 13 + 33i 17 + 37i 
-2 + 22i 6 + 26i 10 + 30i 14 + 34i 18 + 38i 
-3 + 23i 7 + 27i 11 + 31i 15 + 35i 19 + 39i 
-4 + 24i 8 + 28i 12 + 32i 16 + 36i 20 + 40i 
+21 + 22i 29 + 30i 37 + 38i 0 + 0i 0 + 0i 
+23 + 24i 31 + 32i 39 + 40i 0 + 0i 0 + 0i 
+25 + 26i 33 + 34i 0 + 0i 0 + 0i 0 + 0i 
+27 + 28i 35 + 36i 0 + 0i 0 + 0i 0 + 0i 
 }
 
134. mat5_compressed_read_le.at:225: 134. Read 2D single-precision complex array (mat5_compressed_read_le.at:225): FAILED (mat5_compressed_read_le.at:227)

#                             -*- compilation -*-
145. mat5_compressed_read_le.at:425: testing Read double-precision sparse complex array ...
./mat5_compressed_read_le.at:427: $builddir/test_mat readvar $srcdir/datasets/matio_test_cases_compressed_le.mat var22
stderr:
--- -	2016-01-19 16:22:09.382517804 +0100
+++ /home/marten/Projects/matio-matio/test/testsuite.dir/at-groups/145/stdout	2016-01-19 16:22:09.374316354 +0100
@@ -4,10 +4,10 @@
 Class Type: Sparse Array (complex)
  Data Type: IEEE 754 double-precision
 {
-    (1,1)  1 + 6i
-    (2,2)  2 + 7i
-    (3,3)  3 + 8i
-    (4,4)  4 + 9i
-    (5,5)  5 + 10i
+    (1,1)  6 + 7i
+    (2,2)  8 + 9i
+    (3,3)  10 + 0i
+    (4,4)  0 + 0i
+    (5,5)  0 + 0i
 }
 
145. mat5_compressed_read_le.at:425: 145. Read double-precision sparse complex array (mat5_compressed_read_le.at:425): FAILED (mat5_compressed_read_le.at:427)

#                             -*- compilation -*-
162. mat5_compressed_read_le.at:1097: testing Read structure array with complex single-precision fields ...
./mat5_compressed_read_le.at:1099: $builddir/test_mat readvar $srcdir/datasets/matio_test_cases_compressed_le.mat var39
stderr:
--- -	2016-01-19 16:22:09.733232194 +0100
+++ /home/marten/Projects/matio-matio/test/testsuite.dir/at-groups/162/stdout	2016-01-19 16:22:09.726316367 +0100
@@ -10,7 +10,7 @@
 Class Type: Single Precision Array (complex)
  Data Type: IEEE 754 single-precision
 {
-1 + 51i 
+51 + 0i 
 }
       Name: field2
       Rank: 2
@@ -18,9 +18,9 @@
 Class Type: Single Precision Array (complex)
  Data Type: IEEE 754 single-precision
 {
-2 + 52i 5 + 55i 8 + 58i 11 + 61i 
-3 + 53i 6 + 56i 9 + 59i 12 + 62i 
-4 + 54i 7 + 57i 10 + 60i 13 + 63i 
+52 + 53i 58 + 59i 0 + 0i 0 + 0i 
+54 + 55i 60 + 61i 0 + 0i 0 + 0i 
+56 + 57i 62 + 63i 0 + 0i 0 + 0i 
 }
       Name: field1
       Rank: 2
@@ -28,7 +28,7 @@
 Class Type: Single Precision Array (complex)
  Data Type: IEEE 754 single-precision
 {
-14 + 64i 
+64 + 0i 
 }
       Name: field2
       Rank: 2
@@ -36,9 +36,9 @@
 Class Type: Single Precision Array (complex)
  Data Type: IEEE 754 single-precision
 {
-15 + 65i 18 + 68i 21 + 71i 24 + 74i 
-16 + 66i 19 + 69i 22 + 72i 25 + 75i 
-17 + 67i 20 + 70i 23 + 73i 26 + 76i 
+65 + 66i 71 + 72i 0 + 0i 0 + 0i 
+67 + 68i 73 + 74i 0 + 0i 0 + 0i 
+69 + 70i 75 + 76i 0 + 0i 0 + 0i 
 }
 }
 
162. mat5_compressed_read_le.at:1097: 162. Read structure array with complex single-precision fields (mat5_compressed_read_le.at:1097): FAILED (mat5_compressed_read_le.at:1099)

#                             -*- compilation -*-
173. mat5_compressed_read_le.at:1663: testing Read structure array with complex double-precision sparse fields ...
./mat5_compressed_read_le.at:1665: $builddir/test_mat readvar $srcdir/datasets/matio_test_cases_compressed_le.mat var49
stderr:
--- -	2016-01-19 16:22:09.966839273 +0100
+++ /home/marten/Projects/matio-matio/test/testsuite.dir/at-groups/173/stdout	2016-01-19 16:22:09.962316376 +0100
@@ -10,20 +10,20 @@
 Class Type: Sparse Array (complex)
  Data Type: IEEE 754 double-precision
 {
-    (1,1)  1 + 21i
-    (1,2)  5 + 25i
-    (2,2)  6 + 26i
-    (1,3)  9 + 29i
-    (2,3)  10 + 30i
-    (3,3)  11 + 31i
-    (1,4)  13 + 33i
-    (2,4)  14 + 34i
-    (3,4)  15 + 35i
-    (4,4)  16 + 36i
-    (1,5)  17 + 37i
-    (2,5)  18 + 38i
-    (3,5)  19 + 39i
-    (4,5)  20 + 40i
+    (1,1)  21 + 25i
+    (1,2)  26 + 29i
+    (2,2)  30 + 31i
+    (1,3)  33 + 34i
+    (2,3)  35 + 36i
+    (3,3)  37 + 38i
+    (1,4)  39 + 40i
+    (2,4)  0 + 0i
+    (3,4)  0 + 0i
+    (4,4)  0 + 0i
+    (1,5)  0 + 0i
+    (2,5)  0 + 0i
+    (3,5)  0 + 0i
+    (4,5)  0 + 0i
 }
       Name: field2
       Rank: 2
@@ -31,20 +31,20 @@
 Class Type: Sparse Array (complex)
  Data Type: IEEE 754 double-precision
 {
-    (1,1)  1 + -21i
-    (2,1)  5 + -25i
-    (3,1)  9 + -29i
-    (4,1)  13 + -33i
-    (5,1)  17 + -37i
-    (2,2)  6 + -26i
-    (3,2)  10 + -30i
-    (4,2)  14 + -34i
-    (5,2)  18 + -38i
-    (3,3)  11 + -31i
-    (4,3)  15 + -35i
-    (5,3)  19 + -39i
-    (4,4)  16 + -36i
-    (5,4)  20 + -40i
+    (1,1)  -21 + -25i
+    (2,1)  -29 + -33i
+    (3,1)  -37 + -26i
+    (4,1)  -30 + -34i
+    (5,1)  -38 + -31i
+    (2,2)  -35 + -39i
+    (3,2)  -36 + -40i
+    (4,2)  8.48798e-314 + 1.2732e-313i
+    (5,2)  6.92036e-310 + 6.92036e-310i
+    (3,3)  1.061e-313 + 5.87793e-312i
+    (4,3)  6.19623e-312 + 5.47462e-317i
+    (5,3)  9.73485e-309 + 8.34418e-309i
+    (4,4)  9.73485e-309 + 9.73483e-309i
+    (5,4)  9.73485e-309 + 9.73485e-309i
 }
 }
 
173. mat5_compressed_read_le.at:1663: 173. Read structure array with complex double-precision sparse fields (mat5_compressed_read_le.at:1663): FAILED (mat5_compressed_read_le.at:1665)

#                             -*- compilation -*-
189. mat5_compressed_read_le.at:2613: testing Read cell array with complex double-precision sparse arrays ...
./mat5_compressed_read_le.at:2615: $builddir/test_mat readvar $srcdir/datasets/matio_test_cases_compressed_le.mat var64
stderr:
--- -	2016-01-19 16:22:10.316358609 +0100
+++ /home/marten/Projects/matio-matio/test/testsuite.dir/at-groups/189/stdout	2016-01-19 16:22:10.310316389 +0100
@@ -9,40 +9,40 @@
 Class Type: Sparse Array (complex)
  Data Type: IEEE 754 double-precision
 {
-    (1,1)  1 + 21i
-    (1,2)  5 + 25i
-    (2,2)  6 + 26i
-    (1,3)  9 + 29i
-    (2,3)  10 + 30i
-    (3,3)  11 + 31i
-    (1,4)  13 + 33i
-    (2,4)  14 + 34i
-    (3,4)  15 + 35i
-    (4,4)  16 + 36i
-    (1,5)  17 + 37i
-    (2,5)  18 + 38i
-    (3,5)  19 + 39i
-    (4,5)  20 + 40i
+    (1,1)  21 + 25i
+    (1,2)  26 + 29i
+    (2,2)  30 + 31i
+    (1,3)  33 + 34i
+    (2,3)  35 + 36i
+    (3,3)  37 + 38i
+    (1,4)  39 + 40i
+    (2,4)  0 + 1.06718e-321i
+    (3,4)  0 + 0i
+    (4,4)  6.9234e-310 + 6.9234e-310i
+    (1,5)  0 + 3.45846e-322i
+    (2,5)  6.98223e-315 + 0i
+    (3,5)  0 + 5.95492e-319i
+    (4,5)  1.13328e-316 + 6.9234e-310i
 }
       Rank: 2
 Dimensions: 5 x 4
 Class Type: Sparse Array (complex)
  Data Type: IEEE 754 double-precision
 {
-    (1,1)  1 + -21i
-    (2,1)  5 + -25i
-    (3,1)  9 + -29i
-    (4,1)  13 + -33i
-    (5,1)  17 + -37i
-    (2,2)  6 + -26i
-    (3,2)  10 + -30i
-    (4,2)  14 + -34i
-    (5,2)  18 + -38i
-    (3,3)  11 + -31i
-    (4,3)  15 + -35i
-    (5,3)  19 + -39i
-    (4,4)  16 + -36i
-    (5,4)  20 + -40i
+    (1,1)  -21 + -25i
+    (2,1)  -29 + -33i
+    (3,1)  -37 + -26i
+    (4,1)  -30 + -34i
+    (5,1)  -38 + -31i
+    (2,2)  -35 + -39i
+    (3,2)  -36 + -40i
+    (4,2)  0 + 0i
+    (5,2)  0 + 0i
+    (3,3)  2.26654e-318 + 0i
+    (4,3)  0 + 0i
+    (5,3)  1.4854e-313 + 1.4854e-313i
+    (4,4)  0 + 0i
+    (5,4)  0 + 0i
 }
 }
 
189. mat5_compressed_read_le.at:2613: 189. Read cell array with complex double-precision sparse arrays (mat5_compressed_read_le.at:2613): FAILED (mat5_compressed_read_le.at:2615)

#                             -*- compilation -*-
192. mat5_compressed_read_le.at:2770: testing Read cell array with structure arrays (numeric fields) ...
./mat5_compressed_read_le.at:2772: $builddir/test_mat readvar $srcdir/datasets/matio_test_cases_compressed_le.mat var67
stderr:
--- -	2016-01-19 16:22:10.382969450 +0100
+++ /home/marten/Projects/matio-matio/test/testsuite.dir/at-groups/192/stdout	2016-01-19 16:22:10.378316391 +0100
@@ -141,7 +141,7 @@
 Class Type: Single Precision Array (complex)
  Data Type: IEEE 754 single-precision
 {
-1 + 51i 
+51 + 0i 
 }
       Name: field2
       Rank: 2
@@ -149,9 +149,9 @@
 Class Type: Single Precision Array (complex)
  Data Type: IEEE 754 single-precision
 {
-2 + 52i 5 + 55i 8 + 58i 11 + 61i 
-3 + 53i 6 + 56i 9 + 59i 12 + 62i 
-4 + 54i 7 + 57i 10 + 60i 13 + 63i 
+52 + 53i 58 + 59i 0 + 0i 0 + 0i 
+54 + 55i 60 + 61i 0 + 0i 0 + 0i 
+56 + 57i 62 + 63i 0 + 0i 0 + 0i 
 }
       Name: field1
       Rank: 2
@@ -159,7 +159,7 @@
 Class Type: Single Precision Array (complex)
  Data Type: IEEE 754 single-precision
 {
-14 + 64i 
+64 + 0i 
 }
       Name: field2
       Rank: 2
@@ -167,9 +167,9 @@
 Class Type: Single Precision Array (complex)
  Data Type: IEEE 754 single-precision
 {
-15 + 65i 18 + 68i 21 + 71i 24 + 74i 
-16 + 66i 19 + 69i 22 + 72i 25 + 75i 
-17 + 67i 20 + 70i 23 + 73i 26 + 76i 
+65 + 66i 71 + 72i 0 + 0i 0 + 0i 
+67 + 68i 73 + 74i 0 + 0i 0 + 0i 
+69 + 70i 75 + 76i 0 + 0i 0 + 0i 
 }
 }
       Rank: 2
192. mat5_compressed_read_le.at:2770: 192. Read cell array with structure arrays (numeric fields) (mat5_compressed_read_le.at:2770): FAILED (mat5_compressed_read_le.at:2772)

#                             -*- compilation -*-
193. mat5_compressed_read_le.at:3624: testing Read cell array with structure arrays (sparse fields) ...
./mat5_compressed_read_le.at:3626: $builddir/test_mat readvar $srcdir/datasets/matio_test_cases_compressed_le.mat var68
stderr:
--- -	2016-01-19 16:22:10.405125375 +0100
+++ /home/marten/Projects/matio-matio/test/testsuite.dir/at-groups/193/stdout	2016-01-19 16:22:10.398316392 +0100
@@ -63,20 +63,20 @@
 Class Type: Sparse Array (complex)
  Data Type: IEEE 754 double-precision
 {
-    (1,1)  1 + 21i
-    (1,2)  5 + 25i
-    (2,2)  6 + 26i
-    (1,3)  9 + 29i
-    (2,3)  10 + 30i
-    (3,3)  11 + 31i
-    (1,4)  13 + 33i
-    (2,4)  14 + 34i
-    (3,4)  15 + 35i
-    (4,4)  16 + 36i
-    (1,5)  17 + 37i
-    (2,5)  18 + 38i
-    (3,5)  19 + 39i
-    (4,5)  20 + 40i
+    (1,1)  21 + 25i
+    (1,2)  26 + 29i
+    (2,2)  30 + 31i
+    (1,3)  33 + 34i
+    (2,3)  35 + 36i
+    (3,3)  37 + 38i
+    (1,4)  39 + 40i
+    (2,4)  9.3746e-317 + 0i
+    (3,4)  2.122e-314 + 0i
+    (4,4)  0 + 7.16395e-322i
+    (1,5)  9.25473e-317 + 9.37435e-317i
+    (2,5)  4.68226e-320 + 4.68226e-320i
+    (3,5)  0 + 0i
+    (4,5)  0 + 9.43408e-317i
 }
       Name: field2
       Rank: 2
@@ -84,20 +84,20 @@
 Class Type: Sparse Array (complex)
  Data Type: IEEE 754 double-precision
 {
-    (1,1)  1 + -21i
-    (2,1)  5 + -25i
-    (3,1)  9 + -29i
-    (4,1)  13 + -33i
-    (5,1)  17 + -37i
-    (2,2)  6 + -26i
-    (3,2)  10 + -30i
-    (4,2)  14 + -34i
-    (5,2)  18 + -38i
-    (3,3)  11 + -31i
-    (4,3)  15 + -35i
-    (5,3)  19 + -39i
-    (4,4)  16 + -36i
-    (5,4)  20 + -40i
+    (1,1)  -21 + -25i
+    (2,1)  -29 + -33i
+    (3,1)  -37 + -26i
+    (4,1)  -30 + -34i
+    (5,1)  -38 + -31i
+    (2,2)  -35 + -39i
+    (3,2)  -36 + -40i
+    (4,2)  1.6976e-313 + 1.4854e-313i
+    (5,2)  9.37537e-317 + 9.37638e-317i
+    (3,3)  1.2732e-313 + 6.00525e-312i
+    (4,3)  6.55697e-312 + 9.37652e-317i
+    (5,3)  9.73485e-309 + 9.73485e-309i
+    (4,4)  9.73485e-309 + 9.73483e-309i
+    (5,4)  1.11255e-308 + 1.11255e-308i
 }
 }
 }
193. mat5_compressed_read_le.at:3624: 193. Read cell array with structure arrays (sparse fields) (mat5_compressed_read_le.at:3624): FAILED (mat5_compressed_read_le.at:3626)

#                             -*- compilation -*-
195. mat5_compressed_readslab_le.at:1: testing Read slab of double-precision array ...
./mat5_compressed_readslab_le.at:4: $builddir/../tools/matdump -d $srcdir/datasets/matio_test_cases_compressed_le.mat var70\(2:3:end,4:5:end,8:16:end\)
stderr:
/home/marten/Projects/matio-matio/test/testsuite.dir/at-groups/195/test-source: line 54:  4280 Segmentation fault      (core dumped) $builddir/../tools/matdump -d $srcdir/datasets/matio_test_cases_compressed_le.mat var70\(2:3:end,4:5:end,8:16:end\)
--- -	2016-01-19 16:22:10.537449963 +0100
+++ /home/marten/Projects/matio-matio/test/testsuite.dir/at-groups/195/stdout	2016-01-19 16:22:10.530316397 +0100
@@ -1,27 +1 @@
-var70(:,:,0) = 
-    7266 7426 7586 7746 7906 8066 
-    7269 7429 7589 7749 7909 8069 
-    7272 7432 7592 7752 7912 8072 
-    7275 7435 7595 7755 7915 8075 
-    7278 7438 7598 7758 7918 8078 
-    7281 7441 7601 7761 7921 8081 
-    7284 7444 7604 7764 7924 8084 
-    7287 7447 7607 7767 7927 8087 
-    7290 7450 7610 7770 7930 8090 
-    7293 7453 7613 7773 7933 8093 
-    7296 7456 7616 7776 7936 8096 
-
-var70(:,:,1) = 
-    23650 23810 23970 24130 24290 24450 
-    23653 23813 23973 24133 24293 24453 
-    23656 23816 23976 24136 24296 24456 
-    23659 23819 23979 24139 24299 24459 
-    23662 23822 23982 24142 24302 24462 
-    23665 23825 23985 24145 24305 24465 
-    23668 23828 23988 24148 24308 24468 
-    23671 23831 23991 24151 24311 24471 
-    23674 23834 23994 24154 24314 24474 
-    23677 23837 23997 24157 24317 24477 
-    23680 23840 24000 24160 24320 24480 
-
 
./mat5_compressed_readslab_le.at:4: exit code was 139, expected 0
195. mat5_compressed_readslab_le.at:1: 195. Read slab of double-precision array (mat5_compressed_readslab_le.at:1): FAILED (mat5_compressed_readslab_le.at:4)

#                             -*- compilation -*-
196. mat5_compressed_readslab_le.at:34: testing Read slab of single-precision array ...
./mat5_compressed_readslab_le.at:37: $builddir/../tools/matdump -d $srcdir/datasets/matio_test_cases_compressed_le.mat var71\(2:3:end,4:5:end,8:16:end\)
stderr:
/home/marten/Projects/matio-matio/test/testsuite.dir/at-groups/196/test-source: line 54:  4308 Segmentation fault      (core dumped) $builddir/../tools/matdump -d $srcdir/datasets/matio_test_cases_compressed_le.mat var71\(2:3:end,4:5:end,8:16:end\)
--- -	2016-01-19 16:22:10.646255664 +0100
+++ /home/marten/Projects/matio-matio/test/testsuite.dir/at-groups/196/stdout	2016-01-19 16:22:10.638316401 +0100
@@ -1,27 +1 @@
-var71(:,:,0) = 
-    7266 7426 7586 7746 7906 8066 
-    7269 7429 7589 7749 7909 8069 
-    7272 7432 7592 7752 7912 8072 
-    7275 7435 7595 7755 7915 8075 
-    7278 7438 7598 7758 7918 8078 
-    7281 7441 7601 7761 7921 8081 
-    7284 7444 7604 7764 7924 8084 
-    7287 7447 7607 7767 7927 8087 
-    7290 7450 7610 7770 7930 8090 
-    7293 7453 7613 7773 7933 8093 
-    7296 7456 7616 7776 7936 8096 
-
-var71(:,:,1) = 
-    23650 23810 23970 24130 24290 24450 
-    23653 23813 23973 24133 24293 24453 
-    23656 23816 23976 24136 24296 24456 
-    23659 23819 23979 24139 24299 24459 
-    23662 23822 23982 24142 24302 24462 
-    23665 23825 23985 24145 24305 24465 
-    23668 23828 23988 24148 24308 24468 
-    23671 23831 23991 24151 24311 24471 
-    23674 23834 23994 24154 24314 24474 
-    23677 23837 23997 24157 24317 24477 
-    23680 23840 24000 24160 24320 24480 
-
 
./mat5_compressed_readslab_le.at:37: exit code was 139, expected 0
196. mat5_compressed_readslab_le.at:34: 196. Read slab of single-precision array (mat5_compressed_readslab_le.at:34): FAILED (mat5_compressed_readslab_le.at:37)

#                             -*- compilation -*-
197. mat5_compressed_readslab_le.at:67: testing Read slab of 64-bit integer array ...
./mat5_compressed_readslab_le.at:70: $builddir/../tools/matdump -d $srcdir/datasets/matio_test_cases_compressed_le.mat var72\(2:3:end,4:5:end,8:16:end\)
stderr:
/home/marten/Projects/matio-matio/test/testsuite.dir/at-groups/197/test-source: line 54:  4336 Segmentation fault      (core dumped) $builddir/../tools/matdump -d $srcdir/datasets/matio_test_cases_compressed_le.mat var72\(2:3:end,4:5:end,8:16:end\)
--- -	2016-01-19 16:22:10.754659429 +0100
+++ /home/marten/Projects/matio-matio/test/testsuite.dir/at-groups/197/stdout	2016-01-19 16:22:10.750316405 +0100
@@ -1,27 +1 @@
-var72(:,:,0) = 
-    7266 7426 7586 7746 7906 8066 
-    7269 7429 7589 7749 7909 8069 
-    7272 7432 7592 7752 7912 8072 
-    7275 7435 7595 7755 7915 8075 
-    7278 7438 7598 7758 7918 8078 
-    7281 7441 7601 7761 7921 8081 
-    7284 7444 7604 7764 7924 8084 
-    7287 7447 7607 7767 7927 8087 
-    7290 7450 7610 7770 7930 8090 
-    7293 7453 7613 7773 7933 8093 
-    7296 7456 7616 7776 7936 8096 
-
-var72(:,:,1) = 
-    23650 23810 23970 24130 24290 24450 
-    23653 23813 23973 24133 24293 24453 
-    23656 23816 23976 24136 24296 24456 
-    23659 23819 23979 24139 24299 24459 
-    23662 23822 23982 24142 24302 24462 
-    23665 23825 23985 24145 24305 24465 
-    23668 23828 23988 24148 24308 24468 
-    23671 23831 23991 24151 24311 24471 
-    23674 23834 23994 24154 24314 24474 
-    23677 23837 23997 24157 24317 24477 
-    23680 23840 24000 24160 24320 24480 
-
 
./mat5_compressed_readslab_le.at:70: exit code was 139, expected 0
197. mat5_compressed_readslab_le.at:67: 197. Read slab of 64-bit integer array (mat5_compressed_readslab_le.at:67): FAILED (mat5_compressed_readslab_le.at:70)

#                             -*- compilation -*-
198. mat5_compressed_readslab_le.at:100: testing Read slab of 64-bit unsigned integer array ...
./mat5_compressed_readslab_le.at:103: $builddir/../tools/matdump -d $srcdir/datasets/matio_test_cases_compressed_le.mat var73\(2:3:end,4:5:end,8:16:end\)
stderr:
/home/marten/Projects/matio-matio/test/testsuite.dir/at-groups/198/test-source: line 54:  4364 Segmentation fault      (core dumped) $builddir/../tools/matdump -d $srcdir/datasets/matio_test_cases_compressed_le.mat var73\(2:3:end,4:5:end,8:16:end\)
--- -	2016-01-19 16:22:10.863293818 +0100
+++ /home/marten/Projects/matio-matio/test/testsuite.dir/at-groups/198/stdout	2016-01-19 16:22:10.858316409 +0100
@@ -1,27 +1 @@
-var73(:,:,0) = 
-    7266 7426 7586 7746 7906 8066 
-    7269 7429 7589 7749 7909 8069 
-    7272 7432 7592 7752 7912 8072 
-    7275 7435 7595 7755 7915 8075 
-    7278 7438 7598 7758 7918 8078 
-    7281 7441 7601 7761 7921 8081 
-    7284 7444 7604 7764 7924 8084 
-    7287 7447 7607 7767 7927 8087 
-    7290 7450 7610 7770 7930 8090 
-    7293 7453 7613 7773 7933 8093 
-    7296 7456 7616 7776 7936 8096 
-
-var73(:,:,1) = 
-    23650 23810 23970 24130 24290 24450 
-    23653 23813 23973 24133 24293 24453 
-    23656 23816 23976 24136 24296 24456 
-    23659 23819 23979 24139 24299 24459 
-    23662 23822 23982 24142 24302 24462 
-    23665 23825 23985 24145 24305 24465 
-    23668 23828 23988 24148 24308 24468 
-    23671 23831 23991 24151 24311 24471 
-    23674 23834 23994 24154 24314 24474 
-    23677 23837 23997 24157 24317 24477 
-    23680 23840 24000 24160 24320 24480 
-
 
./mat5_compressed_readslab_le.at:103: exit code was 139, expected 0
198. mat5_compressed_readslab_le.at:100: 198. Read slab of 64-bit unsigned integer array (mat5_compressed_readslab_le.at:100): FAILED (mat5_compressed_readslab_le.at:103)

#                             -*- compilation -*-
199. mat5_compressed_readslab_le.at:133: testing Read slab of 32-bit integer array ...
./mat5_compressed_readslab_le.at:136: $builddir/../tools/matdump -d $srcdir/datasets/matio_test_cases_compressed_le.mat var74\(2:3:end,4:5:end,8:16:end\)
stderr:
/home/marten/Projects/matio-matio/test/testsuite.dir/at-groups/199/test-source: line 54:  4401 Segmentation fault      (core dumped) $builddir/../tools/matdump -d $srcdir/datasets/matio_test_cases_compressed_le.mat var74\(2:3:end,4:5:end,8:16:end\)
--- -	2016-01-19 16:22:10.971429249 +0100
+++ /home/marten/Projects/matio-matio/test/testsuite.dir/at-groups/199/stdout	2016-01-19 16:22:10.966316413 +0100
@@ -1,27 +1 @@
-var74(:,:,0) = 
-    7266 7426 7586 7746 7906 8066 
-    7269 7429 7589 7749 7909 8069 
-    7272 7432 7592 7752 7912 8072 
-    7275 7435 7595 7755 7915 8075 
-    7278 7438 7598 7758 7918 8078 
-    7281 7441 7601 7761 7921 8081 
-    7284 7444 7604 7764 7924 8084 
-    7287 7447 7607 7767 7927 8087 
-    7290 7450 7610 7770 7930 8090 
-    7293 7453 7613 7773 7933 8093 
-    7296 7456 7616 7776 7936 8096 
-
-var74(:,:,1) = 
-    23650 23810 23970 24130 24290 24450 
-    23653 23813 23973 24133 24293 24453 
-    23656 23816 23976 24136 24296 24456 
-    23659 23819 23979 24139 24299 24459 
-    23662 23822 23982 24142 24302 24462 
-    23665 23825 23985 24145 24305 24465 
-    23668 23828 23988 24148 24308 24468 
-    23671 23831 23991 24151 24311 24471 
-    23674 23834 23994 24154 24314 24474 
-    23677 23837 23997 24157 24317 24477 
-    23680 23840 24000 24160 24320 24480 
-
 
./mat5_compressed_readslab_le.at:136: exit code was 139, expected 0
199. mat5_compressed_readslab_le.at:133: 199. Read slab of 32-bit integer array (mat5_compressed_readslab_le.at:133): FAILED (mat5_compressed_readslab_le.at:136)

#                             -*- compilation -*-
200. mat5_compressed_readslab_le.at:166: testing Read slab of 32-bit unsigned integer array ...
./mat5_compressed_readslab_le.at:169: $builddir/../tools/matdump -d $srcdir/datasets/matio_test_cases_compressed_le.mat var75\(2:3:end,4:5:end,8:16:end\)
stderr:
/home/marten/Projects/matio-matio/test/testsuite.dir/at-groups/200/test-source: line 54:  4429 Segmentation fault      (core dumped) $builddir/../tools/matdump -d $srcdir/datasets/matio_test_cases_compressed_le.mat var75\(2:3:end,4:5:end,8:16:end\)
--- -	2016-01-19 16:22:11.082824547 +0100
+++ /home/marten/Projects/matio-matio/test/testsuite.dir/at-groups/200/stdout	2016-01-19 16:22:11.078316417 +0100
@@ -1,27 +1 @@
-var75(:,:,0) = 
-    7266 7426 7586 7746 7906 8066 
-    7269 7429 7589 7749 7909 8069 
-    7272 7432 7592 7752 7912 8072 
-    7275 7435 7595 7755 7915 8075 
-    7278 7438 7598 7758 7918 8078 
-    7281 7441 7601 7761 7921 8081 
-    7284 7444 7604 7764 7924 8084 
-    7287 7447 7607 7767 7927 8087 
-    7290 7450 7610 7770 7930 8090 
-    7293 7453 7613 7773 7933 8093 
-    7296 7456 7616 7776 7936 8096 
-
-var75(:,:,1) = 
-    23650 23810 23970 24130 24290 24450 
-    23653 23813 23973 24133 24293 24453 
-    23656 23816 23976 24136 24296 24456 
-    23659 23819 23979 24139 24299 24459 
-    23662 23822 23982 24142 24302 24462 
-    23665 23825 23985 24145 24305 24465 
-    23668 23828 23988 24148 24308 24468 
-    23671 23831 23991 24151 24311 24471 
-    23674 23834 23994 24154 24314 24474 
-    23677 23837 23997 24157 24317 24477 
-    23680 23840 24000 24160 24320 24480 
-
 
./mat5_compressed_readslab_le.at:169: exit code was 139, expected 0
200. mat5_compressed_readslab_le.at:166: 200. Read slab of 32-bit unsigned integer array (mat5_compressed_readslab_le.at:166): FAILED (mat5_compressed_readslab_le.at:169)

#                             -*- compilation -*-
201. mat5_compressed_readslab_le.at:199: testing Read slab of 16-bit integer array ...
./mat5_compressed_readslab_le.at:202: $builddir/../tools/matdump -d $srcdir/datasets/matio_test_cases_compressed_le.mat var76\(2:3:end,4:5:end,8:16:end\)
stderr:
/home/marten/Projects/matio-matio/test/testsuite.dir/at-groups/201/test-source: line 54:  4457 Segmentation fault      (core dumped) $builddir/../tools/matdump -d $srcdir/datasets/matio_test_cases_compressed_le.mat var76\(2:3:end,4:5:end,8:16:end\)
--- -	2016-01-19 16:22:11.191888732 +0100
+++ /home/marten/Projects/matio-matio/test/testsuite.dir/at-groups/201/stdout	2016-01-19 16:22:11.186316421 +0100
@@ -1,27 +1 @@
-var76(:,:,0) = 
-    7266 7426 7586 7746 7906 8066 
-    7269 7429 7589 7749 7909 8069 
-    7272 7432 7592 7752 7912 8072 
-    7275 7435 7595 7755 7915 8075 
-    7278 7438 7598 7758 7918 8078 
-    7281 7441 7601 7761 7921 8081 
-    7284 7444 7604 7764 7924 8084 
-    7287 7447 7607 7767 7927 8087 
-    7290 7450 7610 7770 7930 8090 
-    7293 7453 7613 7773 7933 8093 
-    7296 7456 7616 7776 7936 8096 
-
-var76(:,:,1) = 
-    23650 23810 23970 24130 24290 24450 
-    23653 23813 23973 24133 24293 24453 
-    23656 23816 23976 24136 24296 24456 
-    23659 23819 23979 24139 24299 24459 
-    23662 23822 23982 24142 24302 24462 
-    23665 23825 23985 24145 24305 24465 
-    23668 23828 23988 24148 24308 24468 
-    23671 23831 23991 24151 24311 24471 
-    23674 23834 23994 24154 24314 24474 
-    23677 23837 23997 24157 24317 24477 
-    23680 23840 24000 24160 24320 24480 
-
 
./mat5_compressed_readslab_le.at:202: exit code was 139, expected 0
201. mat5_compressed_readslab_le.at:199: 201. Read slab of 16-bit integer array (mat5_compressed_readslab_le.at:199): FAILED (mat5_compressed_readslab_le.at:202)

#                             -*- compilation -*-
202. mat5_compressed_readslab_le.at:232: testing Read slab of 16-bit unsigned integer array ...
./mat5_compressed_readslab_le.at:235: $builddir/../tools/matdump -d $srcdir/datasets/matio_test_cases_compressed_le.mat var77\(2:3:end,4:5:end,8:16:end\)
stderr:
/home/marten/Projects/matio-matio/test/testsuite.dir/at-groups/202/test-source: line 54:  4485 Segmentation fault      (core dumped) $builddir/../tools/matdump -d $srcdir/datasets/matio_test_cases_compressed_le.mat var77\(2:3:end,4:5:end,8:16:end\)
--- -	2016-01-19 16:22:11.300275729 +0100
+++ /home/marten/Projects/matio-matio/test/testsuite.dir/at-groups/202/stdout	2016-01-19 16:22:11.294316425 +0100
@@ -1,27 +1 @@
-var77(:,:,0) = 
-    7266 7426 7586 7746 7906 8066 
-    7269 7429 7589 7749 7909 8069 
-    7272 7432 7592 7752 7912 8072 
-    7275 7435 7595 7755 7915 8075 
-    7278 7438 7598 7758 7918 8078 
-    7281 7441 7601 7761 7921 8081 
-    7284 7444 7604 7764 7924 8084 
-    7287 7447 7607 7767 7927 8087 
-    7290 7450 7610 7770 7930 8090 
-    7293 7453 7613 7773 7933 8093 
-    7296 7456 7616 7776 7936 8096 
-
-var77(:,:,1) = 
-    23650 23810 23970 24130 24290 24450 
-    23653 23813 23973 24133 24293 24453 
-    23656 23816 23976 24136 24296 24456 
-    23659 23819 23979 24139 24299 24459 
-    23662 23822 23982 24142 24302 24462 
-    23665 23825 23985 24145 24305 24465 
-    23668 23828 23988 24148 24308 24468 
-    23671 23831 23991 24151 24311 24471 
-    23674 23834 23994 24154 24314 24474 
-    23677 23837 23997 24157 24317 24477 
-    23680 23840 24000 24160 24320 24480 
-
 
./mat5_compressed_readslab_le.at:235: exit code was 139, expected 0
202. mat5_compressed_readslab_le.at:232: 202. Read slab of 16-bit unsigned integer array (mat5_compressed_readslab_le.at:232): FAILED (mat5_compressed_readslab_le.at:235)

#                             -*- compilation -*-
203. mat5_compressed_readslab_le.at:265: testing Read slab of 8-bit integer array ...
./mat5_compressed_readslab_le.at:268: $builddir/../tools/matdump -d $srcdir/datasets/matio_test_cases_compressed_le.mat var78\(2:3:end,4:5:end,8:16:end\)
stderr:
/home/marten/Projects/matio-matio/test/testsuite.dir/at-groups/203/test-source: line 54:  4513 Segmentation fault      (core dumped) $builddir/../tools/matdump -d $srcdir/datasets/matio_test_cases_compressed_le.mat var78\(2:3:end,4:5:end,8:16:end\)
--- -	2016-01-19 16:22:11.408999173 +0100
+++ /home/marten/Projects/matio-matio/test/testsuite.dir/at-groups/203/stdout	2016-01-19 16:22:11.402316429 +0100
@@ -1,27 +1 @@
-var78(:,:,0) = 
-    1 -92 -60 -52 95 -76 
-    37 39 -19 -57 -75 117 
-    -55 109 99 2 -77 12 
-    -70 -69 85 106 -83 -108 
-    -48 68 76 -34 -112 51 
-    -84 76 109 -77 69 -35 
-    -96 -42 96 92 -57 -105 
-    -93 -4 -60 30 -97 -1 
-    -91 36 24 -126 36 99 
-    -24 45 112 -55 37 -103 
-    -123 -89 74 3 90 55 
-
-var78(:,:,1) = 
-    -77 59 40 39 115 -80 
-    27 -19 27 88 -121 113 
-    59 84 90 -55 99 27 
-    -38 -99 122 -95 47 45 
-    -96 -27 124 -27 -108 94 
-    32 121 7 -5 -99 124 
-    -52 25 -2 -11 -9 7 
-    -32 -22 -84 48 -70 54 
-    123 8 -45 125 67 76 
-    63 -70 -79 94 -89 -54 
-    122 9 -120 36 107 -48 
-
 
./mat5_compressed_readslab_le.at:268: exit code was 139, expected 0
203. mat5_compressed_readslab_le.at:265: 203. Read slab of 8-bit integer array (mat5_compressed_readslab_le.at:265): FAILED (mat5_compressed_readslab_le.at:268)

#                             -*- compilation -*-
204. mat5_compressed_readslab_le.at:298: testing Read slab of 8-bit unsigned integer array ...
./mat5_compressed_readslab_le.at:301: $builddir/../tools/matdump -d $srcdir/datasets/matio_test_cases_compressed_le.mat var79\(2:3:end,4:5:end,8:16:end\)
stderr:
/home/marten/Projects/matio-matio/test/testsuite.dir/at-groups/204/test-source: line 54:  4541 Segmentation fault      (core dumped) $builddir/../tools/matdump -d $srcdir/datasets/matio_test_cases_compressed_le.mat var79\(2:3:end,4:5:end,8:16:end\)
--- -	2016-01-19 16:22:11.518468871 +0100
+++ /home/marten/Projects/matio-matio/test/testsuite.dir/at-groups/204/stdout	2016-01-19 16:22:11.510316433 +0100
@@ -1,27 +1 @@
-var79(:,:,0) = 
-    36 74 142 112 148 136 
-    154 65 205 97 230 111 
-    198 249 42 154 21 22 
-    69 151 43 26 210 103 
-    227 109 2 191 13 188 
-    194 131 15 53 28 221 
-    140 194 177 214 216 4 
-    19 237 240 216 1 139 
-    11 190 164 229 21 238 
-    17 218 112 187 20 175 
-    151 35 138 192 179 207 
-
-var79(:,:,1) = 
-    193 249 252 237 98 44 
-    24 124 18 241 88 145 
-    236 83 133 212 40 144 
-    141 90 214 19 115 223 
-    144 102 101 102 185 123 
-    226 213 22 212 226 48 
-    48 227 176 123 23 190 
-    36 255 101 57 22 70 
-    207 152 233 225 160 115 
-    199 212 106 27 111 113 
-    30 62 39 178 100 7 
-
 
./mat5_compressed_readslab_le.at:301: exit code was 139, expected 0
204. mat5_compressed_readslab_le.at:298: 204. Read slab of 8-bit unsigned integer array (mat5_compressed_readslab_le.at:298): FAILED (mat5_compressed_readslab_le.at:301)

#                             -*- compilation -*-
205. mat5_compressed_readslab_le.at:331: testing Read slab of double-precision complex array ...
./mat5_compressed_readslab_le.at:334: $builddir/../tools/matdump -d $srcdir/datasets/matio_test_cases_compressed_le.mat var80\(2:3:end,4:5:end,8:16:end\)
stderr:
/home/marten/Projects/matio-matio/test/testsuite.dir/at-groups/205/test-source: line 54:  4569 Segmentation fault      (core dumped) $builddir/../tools/matdump -d $srcdir/datasets/matio_test_cases_compressed_le.mat var80\(2:3:end,4:5:end,8:16:end\)
--- -	2016-01-19 16:22:11.627537017 +0100
+++ /home/marten/Projects/matio-matio/test/testsuite.dir/at-groups/205/stdout	2016-01-19 16:22:11.622316437 +0100
@@ -1,27 +1 @@
-var80(:,:,0) = 
-    14531 + 14532i 14851 + 14852i 15171 + 15172i 15491 + 15492i 15811 + 15812i 16131 + 16132i 
-    14537 + 14538i 14857 + 14858i 15177 + 15178i 15497 + 15498i 15817 + 15818i 16137 + 16138i 
-    14543 + 14544i 14863 + 14864i 15183 + 15184i 15503 + 15504i 15823 + 15824i 16143 + 16144i 
-    14549 + 14550i 14869 + 14870i 15189 + 15190i 15509 + 15510i 15829 + 15830i 16149 + 16150i 
-    14555 + 14556i 14875 + 14876i 15195 + 15196i 15515 + 15516i 15835 + 15836i 16155 + 16156i 
-    14561 + 14562i 14881 + 14882i 15201 + 15202i 15521 + 15522i 15841 + 15842i 16161 + 16162i 
-    14567 + 14568i 14887 + 14888i 15207 + 15208i 15527 + 15528i 15847 + 15848i 16167 + 16168i 
-    14573 + 14574i 14893 + 14894i 15213 + 15214i 15533 + 15534i 15853 + 15854i 16173 + 16174i 
-    14579 + 14580i 14899 + 14900i 15219 + 15220i 15539 + 15540i 15859 + 15860i 16179 + 16180i 
-    14585 + 14586i 14905 + 14906i 15225 + 15226i 15545 + 15546i 15865 + 15866i 16185 + 16186i 
-    14591 + 14592i 14911 + 14912i 15231 + 15232i 15551 + 15552i 15871 + 15872i 16191 + 16192i 
-
-var80(:,:,1) = 
-    47299 + 47300i 47619 + 47620i 47939 + 47940i 48259 + 48260i 48579 + 48580i 48899 + 48900i 
-    47305 + 47306i 47625 + 47626i 47945 + 47946i 48265 + 48266i 48585 + 48586i 48905 + 48906i 
-    47311 + 47312i 47631 + 47632i 47951 + 47952i 48271 + 48272i 48591 + 48592i 48911 + 48912i 
-    47317 + 47318i 47637 + 47638i 47957 + 47958i 48277 + 48278i 48597 + 48598i 48917 + 48918i 
-    47323 + 47324i 47643 + 47644i 47963 + 47964i 48283 + 48284i 48603 + 48604i 48923 + 48924i 
-    47329 + 47330i 47649 + 47650i 47969 + 47970i 48289 + 48290i 48609 + 48610i 48929 + 48930i 
-    47335 + 47336i 47655 + 47656i 47975 + 47976i 48295 + 48296i 48615 + 48616i 48935 + 48936i 
-    47341 + 47342i 47661 + 47662i 47981 + 47982i 48301 + 48302i 48621 + 48622i 48941 + 48942i 
-    47347 + 47348i 47667 + 47668i 47987 + 47988i 48307 + 48308i 48627 + 48628i 48947 + 48948i 
-    47353 + 47354i 47673 + 47674i 47993 + 47994i 48313 + 48314i 48633 + 48634i 48953 + 48954i 
-    47359 + 47360i 47679 + 47680i 47999 + 48000i 48319 + 48320i 48639 + 48640i 48959 + 48960i 
-
 
./mat5_compressed_readslab_le.at:334: exit code was 139, expected 0
205. mat5_compressed_readslab_le.at:331: 205. Read slab of double-precision complex array (mat5_compressed_readslab_le.at:331): FAILED (mat5_compressed_readslab_le.at:334)

#                             -*- compilation -*-
206. mat5_compressed_readslab_le.at:364: testing Read slab of single-precision complex array ...
./mat5_compressed_readslab_le.at:367: $builddir/../tools/matdump -d $srcdir/datasets/matio_test_cases_compressed_le.mat var81\(2:3:end,4:5:end,8:16:end\)
stderr:
/home/marten/Projects/matio-matio/test/testsuite.dir/at-groups/206/test-source: line 54:  4597 Segmentation fault      (core dumped) $builddir/../tools/matdump -d $srcdir/datasets/matio_test_cases_compressed_le.mat var81\(2:3:end,4:5:end,8:16:end\)
--- -	2016-01-19 16:22:11.737259056 +0100
+++ /home/marten/Projects/matio-matio/test/testsuite.dir/at-groups/206/stdout	2016-01-19 16:22:11.730316441 +0100
@@ -1,27 +1 @@
-var81(:,:,0) = 
-    14531 + 14532i 14851 + 14852i 15171 + 15172i 15491 + 15492i 15811 + 15812i 16131 + 16132i 
-    14537 + 14538i 14857 + 14858i 15177 + 15178i 15497 + 15498i 15817 + 15818i 16137 + 16138i 
-    14543 + 14544i 14863 + 14864i 15183 + 15184i 15503 + 15504i 15823 + 15824i 16143 + 16144i 
-    14549 + 14550i 14869 + 14870i 15189 + 15190i 15509 + 15510i 15829 + 15830i 16149 + 16150i 
-    14555 + 14556i 14875 + 14876i 15195 + 15196i 15515 + 15516i 15835 + 15836i 16155 + 16156i 
-    14561 + 14562i 14881 + 14882i 15201 + 15202i 15521 + 15522i 15841 + 15842i 16161 + 16162i 
-    14567 + 14568i 14887 + 14888i 15207 + 15208i 15527 + 15528i 15847 + 15848i 16167 + 16168i 
-    14573 + 14574i 14893 + 14894i 15213 + 15214i 15533 + 15534i 15853 + 15854i 16173 + 16174i 
-    14579 + 14580i 14899 + 14900i 15219 + 15220i 15539 + 15540i 15859 + 15860i 16179 + 16180i 
-    14585 + 14586i 14905 + 14906i 15225 + 15226i 15545 + 15546i 15865 + 15866i 16185 + 16186i 
-    14591 + 14592i 14911 + 14912i 15231 + 15232i 15551 + 15552i 15871 + 15872i 16191 + 16192i 
-
-var81(:,:,1) = 
-    47299 + 47300i 47619 + 47620i 47939 + 47940i 48259 + 48260i 48579 + 48580i 48899 + 48900i 
-    47305 + 47306i 47625 + 47626i 47945 + 47946i 48265 + 48266i 48585 + 48586i 48905 + 48906i 
-    47311 + 47312i 47631 + 47632i 47951 + 47952i 48271 + 48272i 48591 + 48592i 48911 + 48912i 
-    47317 + 47318i 47637 + 47638i 47957 + 47958i 48277 + 48278i 48597 + 48598i 48917 + 48918i 
-    47323 + 47324i 47643 + 47644i 47963 + 47964i 48283 + 48284i 48603 + 48604i 48923 + 48924i 
-    47329 + 47330i 47649 + 47650i 47969 + 47970i 48289 + 48290i 48609 + 48610i 48929 + 48930i 
-    47335 + 47336i 47655 + 47656i 47975 + 47976i 48295 + 48296i 48615 + 48616i 48935 + 48936i 
-    47341 + 47342i 47661 + 47662i 47981 + 47982i 48301 + 48302i 48621 + 48622i 48941 + 48942i 
-    47347 + 47348i 47667 + 47668i 47987 + 47988i 48307 + 48308i 48627 + 48628i 48947 + 48948i 
-    47353 + 47354i 47673 + 47674i 47993 + 47994i 48313 + 48314i 48633 + 48634i 48953 + 48954i 
-    47359 + 47360i 47679 + 47680i 47999 + 48000i 48319 + 48320i 48639 + 48640i 48959 + 48960i 
-
 
./mat5_compressed_readslab_le.at:367: exit code was 139, expected 0
206. mat5_compressed_readslab_le.at:364: 206. Read slab of single-precision complex array (mat5_compressed_readslab_le.at:364): FAILED (mat5_compressed_readslab_le.at:367)

#                             -*- compilation -*-
207. mat5_compressed_readslab_le.at:397: testing Read slab of 64-bit integer complex array ...
./mat5_compressed_readslab_le.at:400: $builddir/../tools/matdump -d $srcdir/datasets/matio_test_cases_compressed_le.mat var82\(2:3:end,4:5:end,8:16:end\)
stderr:
/home/marten/Projects/matio-matio/test/testsuite.dir/at-groups/207/test-source: line 54:  4625 Segmentation fault      (core dumped) $builddir/../tools/matdump -d $srcdir/datasets/matio_test_cases_compressed_le.mat var82\(2:3:end,4:5:end,8:16:end\)
--- -	2016-01-19 16:22:11.846865393 +0100
+++ /home/marten/Projects/matio-matio/test/testsuite.dir/at-groups/207/stdout	2016-01-19 16:22:11.842316445 +0100
@@ -1,27 +1 @@
-var82(:,:,0) = 
-    14531 + 14532i 14851 + 14852i 15171 + 15172i 15491 + 15492i 15811 + 15812i 16131 + 16132i 
-    14537 + 14538i 14857 + 14858i 15177 + 15178i 15497 + 15498i 15817 + 15818i 16137 + 16138i 
-    14543 + 14544i 14863 + 14864i 15183 + 15184i 15503 + 15504i 15823 + 15824i 16143 + 16144i 
-    14549 + 14550i 14869 + 14870i 15189 + 15190i 15509 + 15510i 15829 + 15830i 16149 + 16150i 
-    14555 + 14556i 14875 + 14876i 15195 + 15196i 15515 + 15516i 15835 + 15836i 16155 + 16156i 
-    14561 + 14562i 14881 + 14882i 15201 + 15202i 15521 + 15522i 15841 + 15842i 16161 + 16162i 
-    14567 + 14568i 14887 + 14888i 15207 + 15208i 15527 + 15528i 15847 + 15848i 16167 + 16168i 
-    14573 + 14574i 14893 + 14894i 15213 + 15214i 15533 + 15534i 15853 + 15854i 16173 + 16174i 
-    14579 + 14580i 14899 + 14900i 15219 + 15220i 15539 + 15540i 15859 + 15860i 16179 + 16180i 
-    14585 + 14586i 14905 + 14906i 15225 + 15226i 15545 + 15546i 15865 + 15866i 16185 + 16186i 
-    14591 + 14592i 14911 + 14912i 15231 + 15232i 15551 + 15552i 15871 + 15872i 16191 + 16192i 
-
-var82(:,:,1) = 
-    47299 + 47300i 47619 + 47620i 47939 + 47940i 48259 + 48260i 48579 + 48580i 48899 + 48900i 
-    47305 + 47306i 47625 + 47626i 47945 + 47946i 48265 + 48266i 48585 + 48586i 48905 + 48906i 
-    47311 + 47312i 47631 + 47632i 47951 + 47952i 48271 + 48272i 48591 + 48592i 48911 + 48912i 
-    47317 + 47318i 47637 + 47638i 47957 + 47958i 48277 + 48278i 48597 + 48598i 48917 + 48918i 
-    47323 + 47324i 47643 + 47644i 47963 + 47964i 48283 + 48284i 48603 + 48604i 48923 + 48924i 
-    47329 + 47330i 47649 + 47650i 47969 + 47970i 48289 + 48290i 48609 + 48610i 48929 + 48930i 
-    47335 + 47336i 47655 + 47656i 47975 + 47976i 48295 + 48296i 48615 + 48616i 48935 + 48936i 
-    47341 + 47342i 47661 + 47662i 47981 + 47982i 48301 + 48302i 48621 + 48622i 48941 + 48942i 
-    47347 + 47348i 47667 + 47668i 47987 + 47988i 48307 + 48308i 48627 + 48628i 48947 + 48948i 
-    47353 + 47354i 47673 + 47674i 47993 + 47994i 48313 + 48314i 48633 + 48634i 48953 + 48954i 
-    47359 + 47360i 47679 + 47680i 47999 + 48000i 48319 + 48320i 48639 + 48640i 48959 + 48960i 
-
 
./mat5_compressed_readslab_le.at:400: exit code was 139, expected 0
207. mat5_compressed_readslab_le.at:397: 207. Read slab of 64-bit integer complex array (mat5_compressed_readslab_le.at:397): FAILED (mat5_compressed_readslab_le.at:400)

#                             -*- compilation -*-
208. mat5_compressed_readslab_le.at:430: testing Read slab of 64-bit unsigned integer complex array ...
./mat5_compressed_readslab_le.at:433: $builddir/../tools/matdump -d $srcdir/datasets/matio_test_cases_compressed_le.mat var83\(2:3:end,4:5:end,8:16:end\)
stderr:
/home/marten/Projects/matio-matio/test/testsuite.dir/at-groups/208/test-source: line 54:  4655 Segmentation fault      (core dumped) $builddir/../tools/matdump -d $srcdir/datasets/matio_test_cases_compressed_le.mat var83\(2:3:end,4:5:end,8:16:end\)
--- -	2016-01-19 16:22:11.955521397 +0100
+++ /home/marten/Projects/matio-matio/test/testsuite.dir/at-groups/208/stdout	2016-01-19 16:22:11.950316449 +0100
@@ -1,27 +1 @@
-var83(:,:,0) = 
-    14531 + 14532i 14851 + 14852i 15171 + 15172i 15491 + 15492i 15811 + 15812i 16131 + 16132i 
-    14537 + 14538i 14857 + 14858i 15177 + 15178i 15497 + 15498i 15817 + 15818i 16137 + 16138i 
-    14543 + 14544i 14863 + 14864i 15183 + 15184i 15503 + 15504i 15823 + 15824i 16143 + 16144i 
-    14549 + 14550i 14869 + 14870i 15189 + 15190i 15509 + 15510i 15829 + 15830i 16149 + 16150i 
-    14555 + 14556i 14875 + 14876i 15195 + 15196i 15515 + 15516i 15835 + 15836i 16155 + 16156i 
-    14561 + 14562i 14881 + 14882i 15201 + 15202i 15521 + 15522i 15841 + 15842i 16161 + 16162i 
-    14567 + 14568i 14887 + 14888i 15207 + 15208i 15527 + 15528i 15847 + 15848i 16167 + 16168i 
-    14573 + 14574i 14893 + 14894i 15213 + 15214i 15533 + 15534i 15853 + 15854i 16173 + 16174i 
-    14579 + 14580i 14899 + 14900i 15219 + 15220i 15539 + 15540i 15859 + 15860i 16179 + 16180i 
-    14585 + 14586i 14905 + 14906i 15225 + 15226i 15545 + 15546i 15865 + 15866i 16185 + 16186i 
-    14591 + 14592i 14911 + 14912i 15231 + 15232i 15551 + 15552i 15871 + 15872i 16191 + 16192i 
-
-var83(:,:,1) = 
-    47299 + 47300i 47619 + 47620i 47939 + 47940i 48259 + 48260i 48579 + 48580i 48899 + 48900i 
-    47305 + 47306i 47625 + 47626i 47945 + 47946i 48265 + 48266i 48585 + 48586i 48905 + 48906i 
-    47311 + 47312i 47631 + 47632i 47951 + 47952i 48271 + 48272i 48591 + 48592i 48911 + 48912i 
-    47317 + 47318i 47637 + 47638i 47957 + 47958i 48277 + 48278i 48597 + 48598i 48917 + 48918i 
-    47323 + 47324i 47643 + 47644i 47963 + 47964i 48283 + 48284i 48603 + 48604i 48923 + 48924i 
-    47329 + 47330i 47649 + 47650i 47969 + 47970i 48289 + 48290i 48609 + 48610i 48929 + 48930i 
-    47335 + 47336i 47655 + 47656i 47975 + 47976i 48295 + 48296i 48615 + 48616i 48935 + 48936i 
-    47341 + 47342i 47661 + 47662i 47981 + 47982i 48301 + 48302i 48621 + 48622i 48941 + 48942i 
-    47347 + 47348i 47667 + 47668i 47987 + 47988i 48307 + 48308i 48627 + 48628i 48947 + 48948i 
-    47353 + 47354i 47673 + 47674i 47993 + 47994i 48313 + 48314i 48633 + 48634i 48953 + 48954i 
-    47359 + 47360i 47679 + 47680i 47999 + 48000i 48319 + 48320i 48639 + 48640i 48959 + 48960i 
-
 
./mat5_compressed_readslab_le.at:433: exit code was 139, expected 0
208. mat5_compressed_readslab_le.at:430: 208. Read slab of 64-bit unsigned integer complex array (mat5_compressed_readslab_le.at:430): FAILED (mat5_compressed_readslab_le.at:433)

#                             -*- compilation -*-
209. mat5_compressed_readslab_le.at:463: testing Read slab of 32-bit integer complex array ...
./mat5_compressed_readslab_le.at:466: $builddir/../tools/matdump -d $srcdir/datasets/matio_test_cases_compressed_le.mat var84\(2:3:end,4:5:end,8:16:end\)
stderr:
/home/marten/Projects/matio-matio/test/testsuite.dir/at-groups/209/test-source: line 54:  4683 Segmentation fault      (core dumped) $builddir/../tools/matdump -d $srcdir/datasets/matio_test_cases_compressed_le.mat var84\(2:3:end,4:5:end,8:16:end\)
--- -	2016-01-19 16:22:12.065204871 +0100
+++ /home/marten/Projects/matio-matio/test/testsuite.dir/at-groups/209/stdout	2016-01-19 16:22:12.058316453 +0100
@@ -1,27 +1 @@
-var84(:,:,0) = 
-    14531 + 14532i 14851 + 14852i 15171 + 15172i 15491 + 15492i 15811 + 15812i 16131 + 16132i 
-    14537 + 14538i 14857 + 14858i 15177 + 15178i 15497 + 15498i 15817 + 15818i 16137 + 16138i 
-    14543 + 14544i 14863 + 14864i 15183 + 15184i 15503 + 15504i 15823 + 15824i 16143 + 16144i 
-    14549 + 14550i 14869 + 14870i 15189 + 15190i 15509 + 15510i 15829 + 15830i 16149 + 16150i 
-    14555 + 14556i 14875 + 14876i 15195 + 15196i 15515 + 15516i 15835 + 15836i 16155 + 16156i 
-    14561 + 14562i 14881 + 14882i 15201 + 15202i 15521 + 15522i 15841 + 15842i 16161 + 16162i 
-    14567 + 14568i 14887 + 14888i 15207 + 15208i 15527 + 15528i 15847 + 15848i 16167 + 16168i 
-    14573 + 14574i 14893 + 14894i 15213 + 15214i 15533 + 15534i 15853 + 15854i 16173 + 16174i 
-    14579 + 14580i 14899 + 14900i 15219 + 15220i 15539 + 15540i 15859 + 15860i 16179 + 16180i 
-    14585 + 14586i 14905 + 14906i 15225 + 15226i 15545 + 15546i 15865 + 15866i 16185 + 16186i 
-    14591 + 14592i 14911 + 14912i 15231 + 15232i 15551 + 15552i 15871 + 15872i 16191 + 16192i 
-
-var84(:,:,1) = 
-    47299 + 47300i 47619 + 47620i 47939 + 47940i 48259 + 48260i 48579 + 48580i 48899 + 48900i 
-    47305 + 47306i 47625 + 47626i 47945 + 47946i 48265 + 48266i 48585 + 48586i 48905 + 48906i 
-    47311 + 47312i 47631 + 47632i 47951 + 47952i 48271 + 48272i 48591 + 48592i 48911 + 48912i 
-    47317 + 47318i 47637 + 47638i 47957 + 47958i 48277 + 48278i 48597 + 48598i 48917 + 48918i 
-    47323 + 47324i 47643 + 47644i 47963 + 47964i 48283 + 48284i 48603 + 48604i 48923 + 48924i 
-    47329 + 47330i 47649 + 47650i 47969 + 47970i 48289 + 48290i 48609 + 48610i 48929 + 48930i 
-    47335 + 47336i 47655 + 47656i 47975 + 47976i 48295 + 48296i 48615 + 48616i 48935 + 48936i 
-    47341 + 47342i 47661 + 47662i 47981 + 47982i 48301 + 48302i 48621 + 48622i 48941 + 48942i 
-    47347 + 47348i 47667 + 47668i 47987 + 47988i 48307 + 48308i 48627 + 48628i 48947 + 48948i 
-    47353 + 47354i 47673 + 47674i 47993 + 47994i 48313 + 48314i 48633 + 48634i 48953 + 48954i 
-    47359 + 47360i 47679 + 47680i 47999 + 48000i 48319 + 48320i 48639 + 48640i 48959 + 48960i 
-
 
./mat5_compressed_readslab_le.at:466: exit code was 139, expected 0
209. mat5_compressed_readslab_le.at:463: 209. Read slab of 32-bit integer complex array (mat5_compressed_readslab_le.at:463): FAILED (mat5_compressed_readslab_le.at:466)

#                             -*- compilation -*-
210. mat5_compressed_readslab_le.at:496: testing Read slab of 32-bit unsigned integer complex array ...
./mat5_compressed_readslab_le.at:499: $builddir/../tools/matdump -d $srcdir/datasets/matio_test_cases_compressed_le.mat var85\(2:3:end,4:5:end,8:16:end\)
stderr:
/home/marten/Projects/matio-matio/test/testsuite.dir/at-groups/210/test-source: line 54:  4711 Segmentation fault      (core dumped) $builddir/../tools/matdump -d $srcdir/datasets/matio_test_cases_compressed_le.mat var85\(2:3:end,4:5:end,8:16:end\)
--- -	2016-01-19 16:22:12.174218453 +0100
+++ /home/marten/Projects/matio-matio/test/testsuite.dir/at-groups/210/stdout	2016-01-19 16:22:12.166316457 +0100
@@ -1,27 +1 @@
-var85(:,:,0) = 
-    14531 + 14532i 14851 + 14852i 15171 + 15172i 15491 + 15492i 15811 + 15812i 16131 + 16132i 
-    14537 + 14538i 14857 + 14858i 15177 + 15178i 15497 + 15498i 15817 + 15818i 16137 + 16138i 
-    14543 + 14544i 14863 + 14864i 15183 + 15184i 15503 + 15504i 15823 + 15824i 16143 + 16144i 
-    14549 + 14550i 14869 + 14870i 15189 + 15190i 15509 + 15510i 15829 + 15830i 16149 + 16150i 
-    14555 + 14556i 14875 + 14876i 15195 + 15196i 15515 + 15516i 15835 + 15836i 16155 + 16156i 
-    14561 + 14562i 14881 + 14882i 15201 + 15202i 15521 + 15522i 15841 + 15842i 16161 + 16162i 
-    14567 + 14568i 14887 + 14888i 15207 + 15208i 15527 + 15528i 15847 + 15848i 16167 + 16168i 
-    14573 + 14574i 14893 + 14894i 15213 + 15214i 15533 + 15534i 15853 + 15854i 16173 + 16174i 
-    14579 + 14580i 14899 + 14900i 15219 + 15220i 15539 + 15540i 15859 + 15860i 16179 + 16180i 
-    14585 + 14586i 14905 + 14906i 15225 + 15226i 15545 + 15546i 15865 + 15866i 16185 + 16186i 
-    14591 + 14592i 14911 + 14912i 15231 + 15232i 15551 + 15552i 15871 + 15872i 16191 + 16192i 
-
-var85(:,:,1) = 
-    47299 + 47300i 47619 + 47620i 47939 + 47940i 48259 + 48260i 48579 + 48580i 48899 + 48900i 
-    47305 + 47306i 47625 + 47626i 47945 + 47946i 48265 + 48266i 48585 + 48586i 48905 + 48906i 
-    47311 + 47312i 47631 + 47632i 47951 + 47952i 48271 + 48272i 48591 + 48592i 48911 + 48912i 
-    47317 + 47318i 47637 + 47638i 47957 + 47958i 48277 + 48278i 48597 + 48598i 48917 + 48918i 
-    47323 + 47324i 47643 + 47644i 47963 + 47964i 48283 + 48284i 48603 + 48604i 48923 + 48924i 
-    47329 + 47330i 47649 + 47650i 47969 + 47970i 48289 + 48290i 48609 + 48610i 48929 + 48930i 
-    47335 + 47336i 47655 + 47656i 47975 + 47976i 48295 + 48296i 48615 + 48616i 48935 + 48936i 
-    47341 + 47342i 47661 + 47662i 47981 + 47982i 48301 + 48302i 48621 + 48622i 48941 + 48942i 
-    47347 + 47348i 47667 + 47668i 47987 + 47988i 48307 + 48308i 48627 + 48628i 48947 + 48948i 
-    47353 + 47354i 47673 + 47674i 47993 + 47994i 48313 + 48314i 48633 + 48634i 48953 + 48954i 
-    47359 + 47360i 47679 + 47680i 47999 + 48000i 48319 + 48320i 48639 + 48640i 48959 + 48960i 
-
 
./mat5_compressed_readslab_le.at:499: exit code was 139, expected 0
210. mat5_compressed_readslab_le.at:496: 210. Read slab of 32-bit unsigned integer complex array (mat5_compressed_readslab_le.at:496): FAILED (mat5_compressed_readslab_le.at:499)

#                             -*- compilation -*-
211. mat5_compressed_readslab_le.at:529: testing Read slab of 16-bit integer complex array ...
./mat5_compressed_readslab_le.at:532: $builddir/../tools/matdump -d $srcdir/datasets/matio_test_cases_compressed_le.mat var86\(2:3:end,4:5:end,8:16:end\)
stderr:
/home/marten/Projects/matio-matio/test/testsuite.dir/at-groups/211/test-source: line 54:  4739 Segmentation fault      (core dumped) $builddir/../tools/matdump -d $srcdir/datasets/matio_test_cases_compressed_le.mat var86\(2:3:end,4:5:end,8:16:end\)
--- -	2016-01-19 16:22:12.285053617 +0100
+++ /home/marten/Projects/matio-matio/test/testsuite.dir/at-groups/211/stdout	2016-01-19 16:22:12.278316461 +0100
@@ -1,27 +1 @@
-var86(:,:,0) = 
-    31419 + 12074i -16493 + -9400i 2771 + -10261i -13965 + 16888i -25303 + 5509i 13196 + 15195i 
-    11550 + 31935i 15688 + 20383i -25754 + -31533i -1934 + -19892i 16352 + 363i -12123 + -23263i 
-    14036 + -25970i -10204 + -15596i 27007 + -3499i 24973 + -17196i 9743 + -9728i -10874 + 25982i 
-    12950 + -26466i 14390 + -20232i -7948 + -4034i 29557 + -23198i 6783 + -16717i -11012 + -7600i 
-    11549 + -13221i -21008 + 3161i 1047 + -17085i -26196 + -27443i 27364 + -31769i -10870 + -24078i 
-    8802 + -13913i 22712 + -11293i 28781 + -6213i 17138 + 17163i 845 + -5483i -4181 + 21428i 
-    -8540 + 20686i 16110 + -30851i 22132 + 27840i 4173 + 22551i -5927 + 30238i 19441 + -25234i 
-    82 + -2536i 6298 + -2954i -2300 + -1878i 21456 + -372i 9080 + 5283i 27199 + -11909i 
-    6556 + 25498i -10732 + -25971i 14919 + -19351i -12554 + -766i 25263 + -12552i -4204 + 14748i 
-    -22761 + -19987i -15133 + 15777i -32577 + 15858i -11899 + 26000i -6594 + 9643i -12638 + 6522i 
-    -14602 + -32033i -23705 + 32679i 28973 + -16332i -13223 + -7784i -21471 + -8832i -21381 + 3874i 
-
-var86(:,:,1) = 
-    10009 + -1227i 23621 + 10035i -22333 + -20060i -28782 + 3888i -5804 + -12847i -2817 + 10293i 
-    23342 + 16514i -26955 + -8794i -28080 + -30034i -26055 + -4279i -19613 + 7820i -666 + -21153i 
-    27792 + -11483i 3884 + 18834i -24965 + 30996i 17075 + -5598i -24500 + 23384i 6202 + 23652i 
-    -16194 + -25596i 25669 + 17940i 11506 + -19238i 15629 + 19686i 6332 + -32352i -27772 + 7728i 
-    9911 + -20183i 19480 + -25157i -5438 + 17227i -27961 + -5378i 9084 + 8866i 24485 + 27017i 
-    -28341 + 22322i -24243 + -10527i 6325 + 19908i 22850 + -7463i 12787 + 16795i 7898 + 4210i 
-    3508 + -7880i 4464 + 28510i 16761 + 20643i -17585 + 883i 27522 + 650i 8062 + 28365i 
-    20369 + -482i -6616 + -24233i 18192 + -20736i -1421 + -6768i 7219 + -25890i -28910 + -21963i 
-    -4578 + 21351i -14599 + -1762i -18629 + 17622i 28956 + -7833i -16811 + -5838i 7298 + -10445i 
-    18426 + 31578i -19424 + 6424i 2759 + -21496i 19321 + -31347i 22569 + 6221i 29980 + 25776i 
-    -26016 + 17152i -29786 + 14220i 15764 + 18250i 22739 + -27552i 21757 + -28407i 5019 + -2720i 
-
 
./mat5_compressed_readslab_le.at:532: exit code was 139, expected 0
211. mat5_compressed_readslab_le.at:529: 211. Read slab of 16-bit integer complex array (mat5_compressed_readslab_le.at:529): FAILED (mat5_compressed_readslab_le.at:532)

#                             -*- compilation -*-
212. mat5_compressed_readslab_le.at:562: testing Read slab of 16-bit unsigned integer complex array ...
./mat5_compressed_readslab_le.at:565: $builddir/../tools/matdump -d $srcdir/datasets/matio_test_cases_compressed_le.mat var87\(2:3:end,4:5:end,8:16:end\)
stderr:
/home/marten/Projects/matio-matio/test/testsuite.dir/at-groups/212/test-source: line 54:  4767 Segmentation fault      (core dumped) $builddir/../tools/matdump -d $srcdir/datasets/matio_test_cases_compressed_le.mat var87\(2:3:end,4:5:end,8:16:end\)
--- -	2016-01-19 16:22:12.394834212 +0100
+++ /home/marten/Projects/matio-matio/test/testsuite.dir/at-groups/212/stdout	2016-01-19 16:22:12.390316465 +0100
@@ -1,27 +1 @@
-var87(:,:,0) = 
-    63490 + 42712i 48615 + 54935i 14063 + 54325i 12093 + 4405i 47337 + 59129i 25576 + 6335i 
-    29714 + 8391i 11083 + 51765i 15062 + 33495i 8834 + 7721i 62332 + 27780i 12201 + 17545i 
-    61483 + 15861i 2973 + 2285i 51022 + 34454i 54420 + 31822i 3623 + 2694i 49659 + 37636i 
-    15850 + 33874i 47407 + 28409i 60470 + 39080i 26675 + 29151i 11530 + 27741i 28187 + 58668i 
-    55082 + 3631i 33701 + 18840i 44448 + 44287i 42660 + 29044i 4141 + 36801i 3135 + 5269i 
-    45390 + 5685i 34873 + 47323i 64996 + 30009i 65323 + 50276i 64250 + 50570i 16458 + 14517i 
-    10423 + 60745i 13711 + 7195i 283 + 64783i 7139 + 32010i 39722 + 49989i 31662 + 28316i 
-    44728 + 38383i 6046 + 45393i 18983 + 191i 47157 + 29016i 26118 + 40150i 38430 + 36198i 
-    43170 + 36676i 44211 + 53418i 3436 + 45327i 35840 + 18163i 28214 + 21931i 47450 + 50404i 
-    46711 + 20162i 16574 + 31089i 44524 + 18230i 15379 + 14923i 25798 + 27469i 201 + 49160i 
-    49188 + 52357i 41210 + 28626i 15729 + 21345i 30214 + 63617i 62573 + 58367i 50221 + 54517i 
-
-var87(:,:,1) = 
-    47469 + 42818i 8920 + 61180i 45303 + 55200i 10001 + 43967i 58589 + 45954i 16219 + 17867i 
-    7124 + 35280i 29466 + 54541i 4881 + 31280i 48614 + 38397i 9073 + 25270i 59934 + 13526i 
-    34741 + 37493i 65042 + 23250i 38207 + 48851i 14572 + 48016i 20846 + 33025i 58464 + 17576i 
-    44064 + 39694i 1978 + 56271i 807 + 7069i 25265 + 24936i 22905 + 59697i 34801 + 59568i 
-    6995 + 4154i 14377 + 47601i 50473 + 21558i 1715 + 40096i 22981 + 42347i 20649 + 30475i 
-    7531 + 33600i 12353 + 11382i 6544 + 29624i 37345 + 13265i 24828 + 62213i 55999 + 42307i 
-    54978 + 37775i 8336 + 45819i 52787 + 2034i 11025 + 46066i 46887 + 36422i 4464 + 16054i 
-    15416 + 23755i 45530 + 55892i 5986 + 58345i 37554 + 31865i 50013 + 60501i 23302 + 47556i 
-    27259 + 51376i 8908 + 40510i 57054 + 22602i 4791 + 53489i 29781 + 52236i 24764 + 55871i 
-    64300 + 6331i 11258 + 60909i 2935 + 55316i 22789 + 15282i 37210 + 42165i 22331 + 53630i 
-    1212 + 37261i 56638 + 57033i 42851 + 16897i 23465 + 10050i 37785 + 60771i 63541 + 34455i 
-
 
./mat5_compressed_readslab_le.at:565: exit code was 139, expected 0
212. mat5_compressed_readslab_le.at:562: 212. Read slab of 16-bit unsigned integer complex array (mat5_compressed_readslab_le.at:562): FAILED (mat5_compressed_readslab_le.at:565)

#                             -*- compilation -*-
213. mat5_compressed_readslab_le.at:595: testing Read slab of 8-bit integer complex array ...
./mat5_compressed_readslab_le.at:598: $builddir/../tools/matdump -d $srcdir/datasets/matio_test_cases_compressed_le.mat var88\(2:3:end,4:5:end,8:16:end\)
stderr:
/home/marten/Projects/matio-matio/test/testsuite.dir/at-groups/213/test-source: line 54:  4795 Segmentation fault      (core dumped) $builddir/../tools/matdump -d $srcdir/datasets/matio_test_cases_compressed_le.mat var88\(2:3:end,4:5:end,8:16:end\)
--- -	2016-01-19 16:22:12.502875954 +0100
+++ /home/marten/Projects/matio-matio/test/testsuite.dir/at-groups/213/stdout	2016-01-19 16:22:12.498316469 +0100
@@ -1,27 +1 @@
-var88(:,:,0) = 
-    24 + -109i 5 + 103i 79 + -98i -11 + -41i 3 + -95i -99 + -15i 
-    -38 + 98i -71 + -109i -125 + -9i -4 + -5i -69 + -113i -92 + -70i 
-    -32 + 69i -9 + 76i -81 + -45i 111 + -12i -24 + -55i 115 + 62i 
-    1 + -58i 52 + -40i -30 + 6i -79 + 23i -40 + -78i -29 + -52i 
-    106 + 37i -48 + 1i 109 + -65i 118 + -68i 81 + -95i -121 + 61i 
-    23 + -118i -1 + -71i -111 + -88i 60 + -49i 108 + -15i -62 + 101i 
-    86 + -117i 43 + 106i -21 + -57i -31 + -47i -37 + 5i -72 + 52i 
-    3 + -10i 121 + -39i -59 + -22i 98 + -49i 24 + -97i -110 + -111i 
-    -94 + 111i 68 + 45i 64 + -47i 19 + -84i 65 + 17i 126 + 124i 
-    43 + -69i 9 + 7i 38 + 36i 114 + -19i -79 + -19i 85 + -44i 
-    37 + 24i 49 + -122i 32 + 84i 126 + 112i -54 + -36i -32 + 42i 
-
-var88(:,:,1) = 
-    10 + 105i -120 + -94i -79 + -87i 55 + -21i 19 + 106i 47 + -65i 
-    -88 + -104i 69 + 16i -50 + 8i -78 + 49i 18 + 47i -103 + -35i 
-    82 + 96i 5 + 114i -13 + -48i -61 + 22i -39 + -73i 127 + 30i 
-    98 + -85i 80 + 42i 51 + -21i 74 + -73i -47 + -60i 28 + 16i 
-    -66 + -27i -7 + 4i -95 + 3i -26 + 71i -102 + -120i -72 + -13i 
-    83 + -12i 74 + 84i -115 + -5i 81 + 0i -17 + -102i -76 + -67i 
-    -18 + -32i 83 + 76i 117 + 120i -45 + -123i 18 + 66i -46 + 33i 
-    58 + -92i -74 + 93i 66 + 29i -8 + 58i -12 + -59i 40 + 109i 
-    -59 + -89i -124 + 7i 64 + 10i 63 + -124i -41 + 34i -117 + 25i 
-    -45 + 16i -61 + 54i 54 + -101i -83 + -112i 46 + 51i 103 + 12i 
-    -36 + -68i 3 + -83i 51 + 74i 97 + 123i -61 + -40i 89 + -9i 
-
 
./mat5_compressed_readslab_le.at:598: exit code was 139, expected 0
213. mat5_compressed_readslab_le.at:595: 213. Read slab of 8-bit integer complex array (mat5_compressed_readslab_le.at:595): FAILED (mat5_compressed_readslab_le.at:598)

#                             -*- compilation -*-
214. mat5_compressed_readslab_le.at:628: testing Read slab of 8-bit unsigned integer complex array ...
./mat5_compressed_readslab_le.at:631: $builddir/../tools/matdump -d $srcdir/datasets/matio_test_cases_compressed_le.mat var89\(2:3:end,4:5:end,8:16:end\)
stderr:
/home/marten/Projects/matio-matio/test/testsuite.dir/at-groups/214/test-source: line 54:  4823 Segmentation fault      (core dumped) $builddir/../tools/matdump -d $srcdir/datasets/matio_test_cases_compressed_le.mat var89\(2:3:end,4:5:end,8:16:end\)
--- -	2016-01-19 16:22:12.612325423 +0100
+++ /home/marten/Projects/matio-matio/test/testsuite.dir/at-groups/214/stdout	2016-01-19 16:22:12.606316473 +0100
@@ -1,27 +1 @@
-var89(:,:,0) = 
-    233 + 19i 98 + 36i 145 + 191i 87 + 191i 30 + 24i 142 + 157i 
-    99 + 152i 129 + 239i 23 + 137i 187 + 27i 149 + 230i 186 + 204i 
-    194 + 176i 246 + 207i 229 + 96i 224 + 67i 56 + 158i 139 + 252i 
-    219 + 39i 42 + 97i 17 + 104i 96 + 230i 114 + 96i 130 + 202i 
-    182 + 250i 209 + 14i 158 + 68i 66 + 32i 242 + 79i 197 + 221i 
-    198 + 121i 114 + 150i 85 + 154i 196 + 72i 82 + 206i 169 + 34i 
-    70 + 99i 245 + 204i 207 + 145i 239 + 53i 106 + 114i 160 + 148i 
-    250 + 205i 62 + 143i 112 + 116i 15 + 197i 8 + 202i 131 + 129i 
-    154 + 19i 192 + 87i 135 + 182i 111 + 188i 87 + 217i 255 + 157i 
-    20 + 127i 88 + 125i 138 + 79i 225 + 144i 138 + 126i 93 + 4i 
-    55 + 248i 254 + 59i 118 + 171i 190 + 181i 26 + 138i 140 + 149i 
-
-var89(:,:,1) = 
-    182 + 191i 212 + 183i 51 + 193i 46 + 45i 16 + 249i 110 + 132i 
-    45 + 138i 121 + 33i 81 + 133i 90 + 128i 137 + 65i 234 + 197i 
-    41 + 32i 193 + 87i 42 + 147i 171 + 187i 149 + 145i 22 + 223i 
-    74 + 142i 95 + 150i 219 + 48i 105 + 53i 87 + 154i 229 + 72i 
-    173 + 106i 75 + 167i 185 + 124i 23 + 168i 111 + 32i 169 + 26i 
-    14 + 5i 139 + 111i 65 + 8i 111 + 218i 179 + 46i 128 + 186i 
-    56 + 15i 241 + 161i 120 + 240i 91 + 101i 164 + 95i 87 + 139i 
-    159 + 205i 62 + 17i 24 + 19i 90 + 72i 121 + 106i 152 + 77i 
-    218 + 172i 165 + 198i 104 + 3i 178 + 168i 125 + 144i 17 + 58i 
-    235 + 235i 249 + 244i 23 + 34i 172 + 79i 215 + 171i 215 + 242i 
-    253 + 46i 207 + 210i 88 + 216i 176 + 42i 48 + 141i 62 + 229i 
-
 
./mat5_compressed_readslab_le.at:631: exit code was 139, expected 0
214. mat5_compressed_readslab_le.at:628: 214. Read slab of 8-bit unsigned integer complex array (mat5_compressed_readslab_le.at:628): FAILED (mat5_compressed_readslab_le.at:631)

#                             -*- compilation -*-
225. mat5_compressed_readslab_le.at:991: testing Read linear slab of double-precision complex array ...
./mat5_compressed_readslab_le.at:993: $builddir/../tools/matdump -d $srcdir/datasets/matio_test_cases_compressed_le.mat var80\(3257:1111:end\)
stderr:
--- -	2016-01-19 16:22:12.874786145 +0100
+++ /home/marten/Projects/matio-matio/test/testsuite.dir/at-groups/225/stdout	2016-01-19 16:22:12.870316483 +0100
@@ -1,28 +1,28 @@
 6513 + 6514i 
-8735 + 8736i 
-10957 + 10958i 
-13179 + 13180i 
-15401 + 15402i 
-17623 + 17624i 
-19845 + 19846i 
-22067 + 22068i 
-24289 + 24290i 
-26511 + 26512i 
-28733 + 28734i 
-30955 + 30956i 
-33177 + 33178i 
-35399 + 35400i 
-37621 + 37622i 
-39843 + 39844i 
-42065 + 42066i 
-44287 + 44288i 
-46509 + 46510i 
-48731 + 48732i 
-50953 + 50954i 
-53175 + 53176i 
-55397 + 55398i 
-57619 + 57620i 
-59841 + 59842i 
-62063 + 62064i 
-64285 + 64286i 
+8736 + 10958i 
+13180 + 15402i 
+17624 + 19846i 
+22068 + 24290i 
+26512 + 28734i 
+30956 + 33178i 
+35400 + 37622i 
+39844 + 42066i 
+44288 + 46510i 
+48732 + 50954i 
+53176 + 55398i 
+57620 + 59842i 
+62064 + 64286i 
+0 + 3.21143e-322i 
+1.17744e-314 + 0i 
+0 + 2.0024e-319i 
+8.80811e-317 + 8.8083e-317i 
+0 + 0i 
+1.54148e-321 + 0i 
+6.95336e-310 + 6.62063e-312i 
+8.73205e-317 + 4.94066e-324i 
+8.48798e-314 + 1.061e-313i 
+6.92176e-310 + 6.92176e-310i 
+1.061e-313 + 6.04769e-312i 
+6.45087e-312 + 8.72918e-317i 
+9.73483e-309 + 1.11255e-308i 
 
225. mat5_compressed_readslab_le.at:991: 225. Read linear slab of double-precision complex array (mat5_compressed_readslab_le.at:991): FAILED (mat5_compressed_readslab_le.at:993)

#                             -*- compilation -*-
226. mat5_compressed_readslab_le.at:1024: testing Read linear slab of single-precision complex array ...
./mat5_compressed_readslab_le.at:1026: $builddir/../tools/matdump -d $srcdir/datasets/matio_test_cases_compressed_le.mat var81\(3257:1111:end\)
stderr:
--- -	2016-01-19 16:22:12.899882830 +0100
+++ /home/marten/Projects/matio-matio/test/testsuite.dir/at-groups/226/stdout	2016-01-19 16:22:12.894316484 +0100
@@ -1,28 +1,28 @@
-6513 + 6514i 
-8735 + 8736i 
-10957 + 10958i 
-13179 + 13180i 
-15401 + 15402i 
-17623 + 17624i 
-19845 + 19846i 
-22067 + 22068i 
-24289 + 24290i 
-26511 + 26512i 
-28733 + 28734i 
-30955 + 30956i 
-33177 + 33178i 
-35399 + 35400i 
-37621 + 37622i 
-39843 + 39844i 
-42065 + 42066i 
-44287 + 44288i 
-46509 + 46510i 
-48731 + 48732i 
-50953 + 50954i 
-53175 + 53176i 
-55397 + 55398i 
-57619 + 57620i 
-59841 + 59842i 
-62063 + 62064i 
-64285 + 64286i 
+6514 + 8736i 
+10958 + 13180i 
+15402 + 17624i 
+19846 + 22068i 
+24290 + 26512i 
+28734 + 30956i 
+33178 + 35400i 
+37622 + 39844i 
+42066 + 44288i 
+46510 + 48732i 
+50954 + 53176i 
+55398 + 57620i 
+59842 + 62064i 
+64286 + 0i 
+4.27153e-38 + 0i 
+4.26007e-38 + 0i 
+2.9147e-43 + 0i 
+1.79366e-43 + 0i 
+4.28279e-38 + 0i 
+0 + 0i 
+1.91978e-43 + 0i 
+-1.41741e+28 + 4.59149e-41i 
+0 + 0i 
+4.37205e-43 + 0i 
+0 + 0i 
+0 + 0i 
+1.06997e+11 + 4.56165e-41i 
 
226. mat5_compressed_readslab_le.at:1024: 226. Read linear slab of single-precision complex array (mat5_compressed_readslab_le.at:1024): FAILED (mat5_compressed_readslab_le.at:1026)

#                             -*- compilation -*-
227. mat5_compressed_readslab_le.at:1057: testing Read linear slab of 64-bit integer complex array ...
./mat5_compressed_readslab_le.at:1059: $builddir/../tools/matdump -d $srcdir/datasets/matio_test_cases_compressed_le.mat var82\(3257:1111:end\)
stderr:
--- -	2016-01-19 16:22:12.924788194 +0100
+++ /home/marten/Projects/matio-matio/test/testsuite.dir/at-groups/227/stdout	2016-01-19 16:22:12.918316485 +0100
@@ -1,28 +1,28 @@
 6513 + 6514i 
-8735 + 8736i 
-10957 + 10958i 
-13179 + 13180i 
-15401 + 15402i 
-17623 + 17624i 
-19845 + 19846i 
-22067 + 22068i 
-24289 + 24290i 
-26511 + 26512i 
-28733 + 28734i 
-30955 + 30956i 
-33177 + 33178i 
-35399 + 35400i 
-37621 + 37622i 
-39843 + 39844i 
-42065 + 42066i 
-44287 + 44288i 
-46509 + 46510i 
-48731 + 48732i 
-50953 + 50954i 
-53175 + 53176i 
-55397 + 55398i 
-57619 + 57620i 
-59841 + 59842i 
-62063 + 62064i 
-64285 + 64286i 
+8736 + 10958i 
+13180 + 15402i 
+17624 + 19846i 
+22068 + 24290i 
+26512 + 28734i 
+30956 + 33178i 
+35400 + 37622i 
+39844 + 42066i 
+44288 + 46510i 
+48732 + 50954i 
+53176 + 55398i 
+57620 + 59842i 
+62064 + 64286i 
+0 + 65i 
+2383158354 + 0i 
+0 + 40529i 
+39847904 + 39848288i 
+0 + 0i 
+312 + 0i 
+140737488355343 + 1340029796664i 
+39693952 + 1i 
+17179869185 + 21474836568i 
+140246344729792 + 140246344729664i 
+21474836489 + 1224065679376i 
+1305670058003 + 39688144i 
+1970350607171588 + 2251834173816838i 
 
227. mat5_compressed_readslab_le.at:1057: 227. Read linear slab of 64-bit integer complex array (mat5_compressed_readslab_le.at:1057): FAILED (mat5_compressed_readslab_le.at:1059)

#                             -*- compilation -*-
228. mat5_compressed_readslab_le.at:1090: testing Read linear slab of 64-bit unsigned integer complex array ...
./mat5_compressed_readslab_le.at:1092: $builddir/../tools/matdump -d $srcdir/datasets/matio_test_cases_compressed_le.mat var83\(3257:1111:end\)
stderr:
--- -	2016-01-19 16:22:12.949904303 +0100
+++ /home/marten/Projects/matio-matio/test/testsuite.dir/at-groups/228/stdout	2016-01-19 16:22:12.942316486 +0100
@@ -1,28 +1,28 @@
 6513 + 6514i 
-8735 + 8736i 
-10957 + 10958i 
-13179 + 13180i 
-15401 + 15402i 
-17623 + 17624i 
-19845 + 19846i 
-22067 + 22068i 
-24289 + 24290i 
-26511 + 26512i 
-28733 + 28734i 
-30955 + 30956i 
-33177 + 33178i 
-35399 + 35400i 
-37621 + 37622i 
-39843 + 39844i 
-42065 + 42066i 
-44287 + 44288i 
-46509 + 46510i 
-48731 + 48732i 
-50953 + 50954i 
-53175 + 53176i 
-55397 + 55398i 
-57619 + 57620i 
-59841 + 59842i 
-62063 + 62064i 
-64285 + 64286i 
+8736 + 10958i 
+13180 + 15402i 
+17624 + 19846i 
+22068 + 24290i 
+26512 + 28734i 
+30956 + 33178i 
+35400 + 37622i 
+39844 + 42066i 
+44288 + 46510i 
+48732 + 50954i 
+53176 + 55398i 
+57620 + 59842i 
+62064 + 64286i 
+0 + 65i 
+2383158354 + 0i 
+0 + 40529i 
+22534112 + 22534496i 
+0 + 0i 
+312 + 0i 
+140737488355343 + 1340029796664i 
+22380160 + 1i 
+17179869185 + 21474836568i 
+140552017585344 + 140552017585216i 
+21474836489 + 1224065679376i 
+1305670058003 + 22374352i 
+1970350607171588 + 2251834173816838i 
 
228. mat5_compressed_readslab_le.at:1090: 228. Read linear slab of 64-bit unsigned integer complex array (mat5_compressed_readslab_le.at:1090): FAILED (mat5_compressed_readslab_le.at:1092)

#                             -*- compilation -*-
229. mat5_compressed_readslab_le.at:1123: testing Read linear slab of 32-bit integer complex array ...
./mat5_compressed_readslab_le.at:1125: $builddir/../tools/matdump -d $srcdir/datasets/matio_test_cases_compressed_le.mat var84\(3257:1111:end\)
stderr:
--- -	2016-01-19 16:22:12.974829888 +0100
+++ /home/marten/Projects/matio-matio/test/testsuite.dir/at-groups/229/stdout	2016-01-19 16:22:12.970316487 +0100
@@ -1,28 +1,28 @@
 6513 + 6514i 
-8735 + 8736i 
-10957 + 10958i 
-13179 + 13180i 
-15401 + 15402i 
-17623 + 17624i 
-19845 + 19846i 
-22067 + 22068i 
-24289 + 24290i 
-26511 + 26512i 
-28733 + 28734i 
-30955 + 30956i 
-33177 + 33178i 
-35399 + 35400i 
-37621 + 37622i 
-39843 + 39844i 
-42065 + 42066i 
-44287 + 44288i 
-46509 + 46510i 
-48731 + 48732i 
-50953 + 50954i 
-53175 + 53176i 
-55397 + 55398i 
-57619 + 57620i 
-59841 + 59842i 
-62063 + 62064i 
-64285 + 64286i 
+8736 + 10958i 
+13180 + 15402i 
+17624 + 19846i 
+22068 + 24290i 
+26512 + 28734i 
+30956 + 33178i 
+35400 + 37622i 
+39844 + 42066i 
+44288 + 46510i 
+48732 + 50954i 
+53176 + 55398i 
+57620 + 59842i 
+62064 + 64286i 
+12206208 + 0i 
+12165312 + 0i 
+208 + 0i 
+128 + 0i 
+12246384 + 0i 
+0 + 0i 
+137 + 0i 
+231769472 + 32767i 
+0 + 0i 
+312 + 0i 
+0 + 0i 
+0 + 0i 
+731929600 + 32549i 
 
229. mat5_compressed_readslab_le.at:1123: 229. Read linear slab of 32-bit integer complex array (mat5_compressed_readslab_le.at:1123): FAILED (mat5_compressed_readslab_le.at:1125)

#                             -*- compilation -*-
230. mat5_compressed_readslab_le.at:1156: testing Read linear slab of 32-bit unsigned integer complex array ...
./mat5_compressed_readslab_le.at:1158: $builddir/../tools/matdump -d $srcdir/datasets/matio_test_cases_compressed_le.mat var85\(3257:1111:end\)
stderr:
--- -	2016-01-19 16:22:12.999518312 +0100
+++ /home/marten/Projects/matio-matio/test/testsuite.dir/at-groups/230/stdout	2016-01-19 16:22:12.994316488 +0100
@@ -1,28 +1,28 @@
 6513 + 6514i 
-8735 + 8736i 
-10957 + 10958i 
-13179 + 13180i 
-15401 + 15402i 
-17623 + 17624i 
-19845 + 19846i 
-22067 + 22068i 
-24289 + 24290i 
-26511 + 26512i 
-28733 + 28734i 
-30955 + 30956i 
-33177 + 33178i 
-35399 + 35400i 
-37621 + 37622i 
-39843 + 39844i 
-42065 + 42066i 
-44287 + 44288i 
-46509 + 46510i 
-48731 + 48732i 
-50953 + 50954i 
-53175 + 53176i 
-55397 + 55398i 
-57619 + 57620i 
-59841 + 59842i 
-62063 + 62064i 
-64285 + 64286i 
+8736 + 10958i 
+13180 + 15402i 
+17624 + 19846i 
+22068 + 24290i 
+26512 + 28734i 
+30956 + 33178i 
+35400 + 37622i 
+39844 + 42066i 
+44288 + 46510i 
+48732 + 50954i 
+53176 + 55398i 
+57620 + 59842i 
+62064 + 64286i 
+32764032 + 0i 
+32723136 + 0i 
+208 + 0i 
+128 + 0i 
+32804208 + 0i 
+0 + 0i 
+137 + 0i 
+306083968 + 32766i 
+0 + 0i 
+312 + 0i 
+0 + 0i 
+0 + 0i 
+1876147200 + 32683i 
 
230. mat5_compressed_readslab_le.at:1156: 230. Read linear slab of 32-bit unsigned integer complex array (mat5_compressed_readslab_le.at:1156): FAILED (mat5_compressed_readslab_le.at:1158)

#                             -*- compilation -*-
231. mat5_compressed_readslab_le.at:1189: testing Read linear slab of 16-bit integer complex array ...
./mat5_compressed_readslab_le.at:1191: $builddir/../tools/matdump -d $srcdir/datasets/matio_test_cases_compressed_le.mat var86\(3257:1111:end\)
stderr:
--- -	2016-01-19 16:22:13.021571750 +0100
+++ /home/marten/Projects/matio-matio/test/testsuite.dir/at-groups/231/stdout	2016-01-19 16:22:13.014316488 +0100
@@ -1,28 +1,28 @@
 -10654 + 2041i 
--5682 + -8946i 
-23505 + -19284i 
--29808 + -793i 
-14361 + 14250i 
-24577 + 10449i 
-10061 + -10980i 
-2278 + 30610i 
-30584 + -16154i 
--10092 + -15599i 
--28226 + 856i 
-18653 + 19236i 
-9803 + 32660i 
-10182 + -32150i 
-30378 + 32495i 
-19696 + -11216i 
--30489 + -3723i 
-31624 + -2321i 
-6915 + -18372i 
-8442 + -9731i 
--16034 + -3060i 
--30068 + -24676i 
-7227 + -17710i 
--22074 + 4538i 
-5373 + 10851i 
--12908 + 17807i 
-10850 + 7874i 
+-8946 + -19284i 
+-793 + 14250i 
+10449 + -10980i 
+30610 + -16154i 
+-15599 + 856i 
+19236 + 32660i 
+-32150 + 32495i 
+-11216 + -3723i 
+-2321 + -18372i 
+-9731 + -3060i 
+-24676 + -17710i 
+4538 + 10851i 
+17807 + 7874i 
+10901 + 0i 
+0 + 0i 
+0 + 0i 
+0 + 0i 
+2 + 0i 
+0 + 0i 
+-4432 + 117i 
+0 + 0i 
+20992 + 117i 
+0 + 0i 
+8 + 0i 
+2 + 0i 
+33 + 0i 
 
231. mat5_compressed_readslab_le.at:1189: 231. Read linear slab of 16-bit integer complex array (mat5_compressed_readslab_le.at:1189): FAILED (mat5_compressed_readslab_le.at:1191)

#                             -*- compilation -*-
232. mat5_compressed_readslab_le.at:1222: testing Read linear slab of 16-bit unsigned integer complex array ...
./mat5_compressed_readslab_le.at:1224: $builddir/../tools/matdump -d $srcdir/datasets/matio_test_cases_compressed_le.mat var87\(3257:1111:end\)
stderr:
--- -	2016-01-19 16:22:13.043690803 +0100
+++ /home/marten/Projects/matio-matio/test/testsuite.dir/at-groups/232/stdout	2016-01-19 16:22:13.038316489 +0100
@@ -1,28 +1,28 @@
 18653 + 18059i 
-30454 + 36469i 
-11090 + 49102i 
-51945 + 25659i 
-59160 + 51510i 
-39866 + 61119i 
-53268 + 43019i 
-43356 + 9321i 
-32869 + 31981i 
-38858 + 37281i 
-62411 + 63389i 
-58886 + 55340i 
-36223 + 10839i 
-62276 + 52727i 
-9244 + 37001i 
-36878 + 2671i 
-15788 + 12333i 
-4031 + 15964i 
-29959 + 25528i 
-42025 + 16986i 
-22838 + 65016i 
-22738 + 31838i 
-47727 + 42512i 
-53210 + 45773i 
-39345 + 36843i 
-39409 + 52620i 
-9100 + 59236i 
+36469 + 49102i 
+25659 + 51510i 
+61119 + 43019i 
+9321 + 31981i 
+37281 + 63389i 
+55340 + 10839i 
+52727 + 37001i 
+2671 + 12333i 
+15964 + 25528i 
+16986 + 65016i 
+31838 + 42512i 
+45773 + 36843i 
+52620 + 59236i 
+10901 + 0i 
+0 + 0i 
+0 + 0i 
+0 + 0i 
+2 + 0i 
+0 + 0i 
+3760 + 171i 
+0 + 0i 
+29184 + 170i 
+0 + 0i 
+8 + 0i 
+2 + 0i 
+33 + 0i 
 
232. mat5_compressed_readslab_le.at:1222: 232. Read linear slab of 16-bit unsigned integer complex array (mat5_compressed_readslab_le.at:1222): FAILED (mat5_compressed_readslab_le.at:1224)

#                             -*- compilation -*-
233. mat5_compressed_readslab_le.at:1255: testing Read linear slab of 8-bit integer complex array ...
./mat5_compressed_readslab_le.at:1257: $builddir/../tools/matdump -d $srcdir/datasets/matio_test_cases_compressed_le.mat var88\(3257:1111:end\)
stderr:
--- -	2016-01-19 16:22:13.066511138 +0100
+++ /home/marten/Projects/matio-matio/test/testsuite.dir/at-groups/233/stdout	2016-01-19 16:22:13.058316490 +0100
@@ -1,28 +1,28 @@
 -58 + 9i 
-37 + -39i 
-28 + 59i 
-55 + -63i 
--67 + -87i 
-82 + -113i 
-38 + 85i 
-89 + 115i 
-84 + 100i 
-1 + -29i 
--106 + -92i 
-95 + 57i 
--104 + -80i 
--95 + -84i 
--14 + -123i 
--31 + -60i 
--27 + 2i 
--104 + -30i 
-117 + 121i 
-36 + 104i 
--49 + -121i 
--117 + 114i 
--98 + 73i 
-40 + -4i 
-123 + 33i 
--1 + 64i 
-112 + -45i 
+-39 + 59i 
+-63 + -87i 
+-113 + 85i 
+115 + 100i 
+-29 + -92i 
+57 + -80i 
+-84 + -123i 
+-60 + 2i 
+-30 + 121i 
+104 + -121i 
+114 + 73i 
+-4 + 33i 
+64 + -45i 
+0 + 0i 
+0 + 0i 
+-64 + 48i 
+107 + 0i 
+0 + 0i 
+0 + 0i 
+48 + -48i 
+107 + 0i 
+0 + 0i 
+0 + 0i 
+-121 + 42i 
+0 + 0i 
+0 + 0i 
 
233. mat5_compressed_readslab_le.at:1255: 233. Read linear slab of 8-bit integer complex array (mat5_compressed_readslab_le.at:1255): FAILED (mat5_compressed_readslab_le.at:1257)

#                             -*- compilation -*-
234. mat5_compressed_readslab_le.at:1288: testing Read linear slab of 8-bit unsigned integer complex array ...
./mat5_compressed_readslab_le.at:1290: $builddir/../tools/matdump -d $srcdir/datasets/matio_test_cases_compressed_le.mat var89\(3257:1111:end\)
stderr:
--- -	2016-01-19 16:22:13.088406430 +0100
+++ /home/marten/Projects/matio-matio/test/testsuite.dir/at-groups/234/stdout	2016-01-19 16:22:13.082316491 +0100
@@ -1,28 +1,28 @@
 20 + 13i 
-181 + 222i 
-139 + 184i 
-151 + 35i 
-120 + 204i 
-222 + 111i 
-138 + 19i 
-36 + 68i 
-111 + 184i 
-9 + 93i 
-199 + 135i 
-166 + 215i 
-216 + 131i 
-79 + 233i 
-120 + 64i 
-133 + 175i 
-46 + 199i 
-233 + 68i 
-182 + 186i 
-170 + 48i 
-222 + 94i 
-160 + 144i 
-53 + 199i 
-43 + 251i 
-224 + 206i 
-162 + 102i 
-179 + 205i 
+222 + 184i 
+35 + 204i 
+111 + 19i 
+68 + 184i 
+93 + 135i 
+215 + 131i 
+233 + 64i 
+175 + 199i 
+68 + 186i 
+48 + 94i 
+144 + 199i 
+251 + 206i 
+102 + 205i 
+0 + 0i 
+0 + 0i 
+192 + 224i 
+121 + 1i 
+0 + 0i 
+0 + 0i 
+48 + 128i 
+122 + 1i 
+0 + 0i 
+0 + 0i 
+135 + 42i 
+0 + 0i 
+0 + 0i 
 
234. mat5_compressed_readslab_le.at:1288: 234. Read linear slab of 8-bit unsigned integer complex array (mat5_compressed_readslab_le.at:1288): FAILED (mat5_compressed_readslab_le.at:1290)

#                             -*- compilation -*-
307. mat5_uncompressed_readslab_be.at:1: testing Read slab of 2D double-precision array ...
./mat5_uncompressed_readslab_be.at:3: $builddir/../tools/matdump -d $srcdir/datasets/matio_test_cases_uncompressed_be.mat var70\(2:3:end,4:5:end,8:16:end\)
stderr:
/home/marten/Projects/matio-matio/test/testsuite.dir/at-groups/307/test-source: line 51:  7408 Segmentation fault      (core dumped) $builddir/../tools/matdump -d $srcdir/datasets/matio_test_cases_uncompressed_be.mat var70\(2:3:end,4:5:end,8:16:end\)
--- -	2016-01-19 16:22:14.740943854 +0100
+++ /home/marten/Projects/matio-matio/test/testsuite.dir/at-groups/307/stdout	2016-01-19 16:22:14.734316552 +0100
@@ -1,27 +1 @@
-var70(:,:,0) = 
-    7266 7426 7586 7746 7906 8066 
-    7269 7429 7589 7749 7909 8069 
-    7272 7432 7592 7752 7912 8072 
-    7275 7435 7595 7755 7915 8075 
-    7278 7438 7598 7758 7918 8078 
-    7281 7441 7601 7761 7921 8081 
-    7284 7444 7604 7764 7924 8084 
-    7287 7447 7607 7767 7927 8087 
-    7290 7450 7610 7770 7930 8090 
-    7293 7453 7613 7773 7933 8093 
-    7296 7456 7616 7776 7936 8096 
-
-var70(:,:,1) = 
-    23650 23810 23970 24130 24290 24450 
-    23653 23813 23973 24133 24293 24453 
-    23656 23816 23976 24136 24296 24456 
-    23659 23819 23979 24139 24299 24459 
-    23662 23822 23982 24142 24302 24462 
-    23665 23825 23985 24145 24305 24465 
-    23668 23828 23988 24148 24308 24468 
-    23671 23831 23991 24151 24311 24471 
-    23674 23834 23994 24154 24314 24474 
-    23677 23837 23997 24157 24317 24477 
-    23680 23840 24000 24160 24320 24480 
-
 
./mat5_uncompressed_readslab_be.at:3: exit code was 139, expected 0
307. mat5_uncompressed_readslab_be.at:1: 307. Read slab of 2D double-precision array (mat5_uncompressed_readslab_be.at:1): FAILED (mat5_uncompressed_readslab_be.at:3)

#                             -*- compilation -*-
308. mat5_uncompressed_readslab_be.at:33: testing Read slab of single-precision array ...
./mat5_uncompressed_readslab_be.at:35: $builddir/../tools/matdump -d $srcdir/datasets/matio_test_cases_uncompressed_be.mat var71\(2:3:end,4:5:end,8:16:end\)
stderr:
/home/marten/Projects/matio-matio/test/testsuite.dir/at-groups/308/test-source: line 51:  7435 Segmentation fault      (core dumped) $builddir/../tools/matdump -d $srcdir/datasets/matio_test_cases_uncompressed_be.mat var71\(2:3:end,4:5:end,8:16:end\)
--- -	2016-01-19 16:22:14.848981915 +0100
+++ /home/marten/Projects/matio-matio/test/testsuite.dir/at-groups/308/stdout	2016-01-19 16:22:14.842316556 +0100
@@ -1,27 +1 @@
-var71(:,:,0) = 
-    7266 7426 7586 7746 7906 8066 
-    7269 7429 7589 7749 7909 8069 
-    7272 7432 7592 7752 7912 8072 
-    7275 7435 7595 7755 7915 8075 
-    7278 7438 7598 7758 7918 8078 
-    7281 7441 7601 7761 7921 8081 
-    7284 7444 7604 7764 7924 8084 
-    7287 7447 7607 7767 7927 8087 
-    7290 7450 7610 7770 7930 8090 
-    7293 7453 7613 7773 7933 8093 
-    7296 7456 7616 7776 7936 8096 
-
-var71(:,:,1) = 
-    23650 23810 23970 24130 24290 24450 
-    23653 23813 23973 24133 24293 24453 
-    23656 23816 23976 24136 24296 24456 
-    23659 23819 23979 24139 24299 24459 
-    23662 23822 23982 24142 24302 24462 
-    23665 23825 23985 24145 24305 24465 
-    23668 23828 23988 24148 24308 24468 
-    23671 23831 23991 24151 24311 24471 
-    23674 23834 23994 24154 24314 24474 
-    23677 23837 23997 24157 24317 24477 
-    23680 23840 24000 24160 24320 24480 
-
 
./mat5_uncompressed_readslab_be.at:35: exit code was 139, expected 0
308. mat5_uncompressed_readslab_be.at:33: 308. Read slab of single-precision array (mat5_uncompressed_readslab_be.at:33): FAILED (mat5_uncompressed_readslab_be.at:35)

#                             -*- compilation -*-
309. mat5_uncompressed_readslab_be.at:65: testing Read slab of 64-bit integer array ...
./mat5_uncompressed_readslab_be.at:67: $builddir/../tools/matdump -d $srcdir/datasets/matio_test_cases_uncompressed_be.mat var72\(2:3:end,4:5:end,8:16:end\)
stderr:
/home/marten/Projects/matio-matio/test/testsuite.dir/at-groups/309/test-source: line 51:  7471 Segmentation fault      (core dumped) $builddir/../tools/matdump -d $srcdir/datasets/matio_test_cases_uncompressed_be.mat var72\(2:3:end,4:5:end,8:16:end\)
--- -	2016-01-19 16:22:14.955235927 +0100
+++ /home/marten/Projects/matio-matio/test/testsuite.dir/at-groups/309/stdout	2016-01-19 16:22:14.950316559 +0100
@@ -1,27 +1 @@
-var72(:,:,0) = 
-    7266 7426 7586 7746 7906 8066 
-    7269 7429 7589 7749 7909 8069 
-    7272 7432 7592 7752 7912 8072 
-    7275 7435 7595 7755 7915 8075 
-    7278 7438 7598 7758 7918 8078 
-    7281 7441 7601 7761 7921 8081 
-    7284 7444 7604 7764 7924 8084 
-    7287 7447 7607 7767 7927 8087 
-    7290 7450 7610 7770 7930 8090 
-    7293 7453 7613 7773 7933 8093 
-    7296 7456 7616 7776 7936 8096 
-
-var72(:,:,1) = 
-    23650 23810 23970 24130 24290 24450 
-    23653 23813 23973 24133 24293 24453 
-    23656 23816 23976 24136 24296 24456 
-    23659 23819 23979 24139 24299 24459 
-    23662 23822 23982 24142 24302 24462 
-    23665 23825 23985 24145 24305 24465 
-    23668 23828 23988 24148 24308 24468 
-    23671 23831 23991 24151 24311 24471 
-    23674 23834 23994 24154 24314 24474 
-    23677 23837 23997 24157 24317 24477 
-    23680 23840 24000 24160 24320 24480 
-
 
./mat5_uncompressed_readslab_be.at:67: exit code was 139, expected 0
309. mat5_uncompressed_readslab_be.at:65: 309. Read slab of 64-bit integer array (mat5_uncompressed_readslab_be.at:65): FAILED (mat5_uncompressed_readslab_be.at:67)

#                             -*- compilation -*-
310. mat5_uncompressed_readslab_be.at:97: testing Read slab of 64-bit unsigned integer array ...
./mat5_uncompressed_readslab_be.at:99: $builddir/../tools/matdump -d $srcdir/datasets/matio_test_cases_uncompressed_be.mat var73\(2:3:end,4:5:end,8:16:end\)
stderr:
/home/marten/Projects/matio-matio/test/testsuite.dir/at-groups/310/test-source: line 51:  7498 Segmentation fault      (core dumped) $builddir/../tools/matdump -d $srcdir/datasets/matio_test_cases_uncompressed_be.mat var73\(2:3:end,4:5:end,8:16:end\)
--- -	2016-01-19 16:22:15.062060473 +0100
+++ /home/marten/Projects/matio-matio/test/testsuite.dir/at-groups/310/stdout	2016-01-19 16:22:15.054316563 +0100
@@ -1,27 +1 @@
-var73(:,:,0) = 
-    7266 7426 7586 7746 7906 8066 
-    7269 7429 7589 7749 7909 8069 
-    7272 7432 7592 7752 7912 8072 
-    7275 7435 7595 7755 7915 8075 
-    7278 7438 7598 7758 7918 8078 
-    7281 7441 7601 7761 7921 8081 
-    7284 7444 7604 7764 7924 8084 
-    7287 7447 7607 7767 7927 8087 
-    7290 7450 7610 7770 7930 8090 
-    7293 7453 7613 7773 7933 8093 
-    7296 7456 7616 7776 7936 8096 
-
-var73(:,:,1) = 
-    23650 23810 23970 24130 24290 24450 
-    23653 23813 23973 24133 24293 24453 
-    23656 23816 23976 24136 24296 24456 
-    23659 23819 23979 24139 24299 24459 
-    23662 23822 23982 24142 24302 24462 
-    23665 23825 23985 24145 24305 24465 
-    23668 23828 23988 24148 24308 24468 
-    23671 23831 23991 24151 24311 24471 
-    23674 23834 23994 24154 24314 24474 
-    23677 23837 23997 24157 24317 24477 
-    23680 23840 24000 24160 24320 24480 
-
 
./mat5_uncompressed_readslab_be.at:99: exit code was 139, expected 0
310. mat5_uncompressed_readslab_be.at:97: 310. Read slab of 64-bit unsigned integer array (mat5_uncompressed_readslab_be.at:97): FAILED (mat5_uncompressed_readslab_be.at:99)

#                             -*- compilation -*-
311. mat5_uncompressed_readslab_be.at:129: testing Read slab of 32-bit integer array ...
./mat5_uncompressed_readslab_be.at:131: $builddir/../tools/matdump -d $srcdir/datasets/matio_test_cases_uncompressed_be.mat var74\(2:3:end,4:5:end,8:16:end\)
stderr:
/home/marten/Projects/matio-matio/test/testsuite.dir/at-groups/311/test-source: line 51:  7525 Segmentation fault      (core dumped) $builddir/../tools/matdump -d $srcdir/datasets/matio_test_cases_uncompressed_be.mat var74\(2:3:end,4:5:end,8:16:end\)
--- -	2016-01-19 16:22:15.167155861 +0100
+++ /home/marten/Projects/matio-matio/test/testsuite.dir/at-groups/311/stdout	2016-01-19 16:22:15.162316567 +0100
@@ -1,27 +1 @@
-var74(:,:,0) = 
-    7266 7426 7586 7746 7906 8066 
-    7269 7429 7589 7749 7909 8069 
-    7272 7432 7592 7752 7912 8072 
-    7275 7435 7595 7755 7915 8075 
-    7278 7438 7598 7758 7918 8078 
-    7281 7441 7601 7761 7921 8081 
-    7284 7444 7604 7764 7924 8084 
-    7287 7447 7607 7767 7927 8087 
-    7290 7450 7610 7770 7930 8090 
-    7293 7453 7613 7773 7933 8093 
-    7296 7456 7616 7776 7936 8096 
-
-var74(:,:,1) = 
-    23650 23810 23970 24130 24290 24450 
-    23653 23813 23973 24133 24293 24453 
-    23656 23816 23976 24136 24296 24456 
-    23659 23819 23979 24139 24299 24459 
-    23662 23822 23982 24142 24302 24462 
-    23665 23825 23985 24145 24305 24465 
-    23668 23828 23988 24148 24308 24468 
-    23671 23831 23991 24151 24311 24471 
-    23674 23834 23994 24154 24314 24474 
-    23677 23837 23997 24157 24317 24477 
-    23680 23840 24000 24160 24320 24480 
-
 
./mat5_uncompressed_readslab_be.at:131: exit code was 139, expected 0
311. mat5_uncompressed_readslab_be.at:129: 311. Read slab of 32-bit integer array (mat5_uncompressed_readslab_be.at:129): FAILED (mat5_uncompressed_readslab_be.at:131)

#                             -*- compilation -*-
312. mat5_uncompressed_readslab_be.at:161: testing Read slab of 32-bit unsigned integer array ...
./mat5_uncompressed_readslab_be.at:163: $builddir/../tools/matdump -d $srcdir/datasets/matio_test_cases_uncompressed_be.mat var75\(2:3:end,4:5:end,8:16:end\)
stderr:
/home/marten/Projects/matio-matio/test/testsuite.dir/at-groups/312/test-source: line 51:  7552 Segmentation fault      (core dumped) $builddir/../tools/matdump -d $srcdir/datasets/matio_test_cases_uncompressed_be.mat var75\(2:3:end,4:5:end,8:16:end\)
--- -	2016-01-19 16:22:15.275075413 +0100
+++ /home/marten/Projects/matio-matio/test/testsuite.dir/at-groups/312/stdout	2016-01-19 16:22:15.270316571 +0100
@@ -1,27 +1 @@
-var75(:,:,0) = 
-    7266 7426 7586 7746 7906 8066 
-    7269 7429 7589 7749 7909 8069 
-    7272 7432 7592 7752 7912 8072 
-    7275 7435 7595 7755 7915 8075 
-    7278 7438 7598 7758 7918 8078 
-    7281 7441 7601 7761 7921 8081 
-    7284 7444 7604 7764 7924 8084 
-    7287 7447 7607 7767 7927 8087 
-    7290 7450 7610 7770 7930 8090 
-    7293 7453 7613 7773 7933 8093 
-    7296 7456 7616 7776 7936 8096 
-
-var75(:,:,1) = 
-    23650 23810 23970 24130 24290 24450 
-    23653 23813 23973 24133 24293 24453 
-    23656 23816 23976 24136 24296 24456 
-    23659 23819 23979 24139 24299 24459 
-    23662 23822 23982 24142 24302 24462 
-    23665 23825 23985 24145 24305 24465 
-    23668 23828 23988 24148 24308 24468 
-    23671 23831 23991 24151 24311 24471 
-    23674 23834 23994 24154 24314 24474 
-    23677 23837 23997 24157 24317 24477 
-    23680 23840 24000 24160 24320 24480 
-
 
./mat5_uncompressed_readslab_be.at:163: exit code was 139, expected 0
312. mat5_uncompressed_readslab_be.at:161: 312. Read slab of 32-bit unsigned integer array (mat5_uncompressed_readslab_be.at:161): FAILED (mat5_uncompressed_readslab_be.at:163)

#                             -*- compilation -*-
313. mat5_uncompressed_readslab_be.at:193: testing Read slab of 16-bit integer array ...
./mat5_uncompressed_readslab_be.at:195: $builddir/../tools/matdump -d $srcdir/datasets/matio_test_cases_uncompressed_be.mat var76\(2:3:end,4:5:end,8:16:end\)
stderr:
/home/marten/Projects/matio-matio/test/testsuite.dir/at-groups/313/test-source: line 51:  7579 Segmentation fault      (core dumped) $builddir/../tools/matdump -d $srcdir/datasets/matio_test_cases_uncompressed_be.mat var76\(2:3:end,4:5:end,8:16:end\)
--- -	2016-01-19 16:22:15.381261693 +0100
+++ /home/marten/Projects/matio-matio/test/testsuite.dir/at-groups/313/stdout	2016-01-19 16:22:15.374316575 +0100
@@ -1,27 +1 @@
-var76(:,:,0) = 
-    7266 7426 7586 7746 7906 8066 
-    7269 7429 7589 7749 7909 8069 
-    7272 7432 7592 7752 7912 8072 
-    7275 7435 7595 7755 7915 8075 
-    7278 7438 7598 7758 7918 8078 
-    7281 7441 7601 7761 7921 8081 
-    7284 7444 7604 7764 7924 8084 
-    7287 7447 7607 7767 7927 8087 
-    7290 7450 7610 7770 7930 8090 
-    7293 7453 7613 7773 7933 8093 
-    7296 7456 7616 7776 7936 8096 
-
-var76(:,:,1) = 
-    23650 23810 23970 24130 24290 24450 
-    23653 23813 23973 24133 24293 24453 
-    23656 23816 23976 24136 24296 24456 
-    23659 23819 23979 24139 24299 24459 
-    23662 23822 23982 24142 24302 24462 
-    23665 23825 23985 24145 24305 24465 
-    23668 23828 23988 24148 24308 24468 
-    23671 23831 23991 24151 24311 24471 
-    23674 23834 23994 24154 24314 24474 
-    23677 23837 23997 24157 24317 24477 
-    23680 23840 24000 24160 24320 24480 
-
 
./mat5_uncompressed_readslab_be.at:195: exit code was 139, expected 0
313. mat5_uncompressed_readslab_be.at:193: 313. Read slab of 16-bit integer array (mat5_uncompressed_readslab_be.at:193): FAILED (mat5_uncompressed_readslab_be.at:195)

#                             -*- compilation -*-
314. mat5_uncompressed_readslab_be.at:225: testing Read slab of 16-bit unsigned integer array ...
./mat5_uncompressed_readslab_be.at:227: $builddir/../tools/matdump -d $srcdir/datasets/matio_test_cases_uncompressed_be.mat var77\(2:3:end,4:5:end,8:16:end\)
stderr:
/home/marten/Projects/matio-matio/test/testsuite.dir/at-groups/314/test-source: line 51:  7606 Segmentation fault      (core dumped) $builddir/../tools/matdump -d $srcdir/datasets/matio_test_cases_uncompressed_be.mat var77\(2:3:end,4:5:end,8:16:end\)
--- -	2016-01-19 16:22:15.488669193 +0100
+++ /home/marten/Projects/matio-matio/test/testsuite.dir/at-groups/314/stdout	2016-01-19 16:22:15.482316579 +0100
@@ -1,27 +1 @@
-var77(:,:,0) = 
-    7266 7426 7586 7746 7906 8066 
-    7269 7429 7589 7749 7909 8069 
-    7272 7432 7592 7752 7912 8072 
-    7275 7435 7595 7755 7915 8075 
-    7278 7438 7598 7758 7918 8078 
-    7281 7441 7601 7761 7921 8081 
-    7284 7444 7604 7764 7924 8084 
-    7287 7447 7607 7767 7927 8087 
-    7290 7450 7610 7770 7930 8090 
-    7293 7453 7613 7773 7933 8093 
-    7296 7456 7616 7776 7936 8096 
-
-var77(:,:,1) = 
-    23650 23810 23970 24130 24290 24450 
-    23653 23813 23973 24133 24293 24453 
-    23656 23816 23976 24136 24296 24456 
-    23659 23819 23979 24139 24299 24459 
-    23662 23822 23982 24142 24302 24462 
-    23665 23825 23985 24145 24305 24465 
-    23668 23828 23988 24148 24308 24468 
-    23671 23831 23991 24151 24311 24471 
-    23674 23834 23994 24154 24314 24474 
-    23677 23837 23997 24157 24317 24477 
-    23680 23840 24000 24160 24320 24480 
-
 
./mat5_uncompressed_readslab_be.at:227: exit code was 139, expected 0
314. mat5_uncompressed_readslab_be.at:225: 314. Read slab of 16-bit unsigned integer array (mat5_uncompressed_readslab_be.at:225): FAILED (mat5_uncompressed_readslab_be.at:227)

#                             -*- compilation -*-
315. mat5_uncompressed_readslab_be.at:257: testing Read slab of 8-bit integer array ...
./mat5_uncompressed_readslab_be.at:259: $builddir/../tools/matdump -d $srcdir/datasets/matio_test_cases_uncompressed_be.mat var78\(2:3:end,4:5:end,8:16:end\)
stderr:
/home/marten/Projects/matio-matio/test/testsuite.dir/at-groups/315/test-source: line 51:  7633 Segmentation fault      (core dumped) $builddir/../tools/matdump -d $srcdir/datasets/matio_test_cases_uncompressed_be.mat var78\(2:3:end,4:5:end,8:16:end\)
--- -	2016-01-19 16:22:15.595666800 +0100
+++ /home/marten/Projects/matio-matio/test/testsuite.dir/at-groups/315/stdout	2016-01-19 16:22:15.590316583 +0100
@@ -1,27 +1 @@
-var78(:,:,0) = 
-    1 -92 -60 -52 95 -76 
-    37 39 -19 -57 -75 117 
-    -55 109 99 2 -77 12 
-    -70 -69 85 106 -83 -108 
-    -48 68 76 -34 -112 51 
-    -84 76 109 -77 69 -35 
-    -96 -42 96 92 -57 -105 
-    -93 -4 -60 30 -97 -1 
-    -91 36 24 -126 36 99 
-    -24 45 112 -55 37 -103 
-    -123 -89 74 3 90 55 
-
-var78(:,:,1) = 
-    -77 59 40 39 115 -80 
-    27 -19 27 88 -121 113 
-    59 84 90 -55 99 27 
-    -38 -99 122 -95 47 45 
-    -96 -27 124 -27 -108 94 
-    32 121 7 -5 -99 124 
-    -52 25 -2 -11 -9 7 
-    -32 -22 -84 48 -70 54 
-    123 8 -45 125 67 76 
-    63 -70 -79 94 -89 -54 
-    122 9 -120 36 107 -48 
-
 
./mat5_uncompressed_readslab_be.at:259: exit code was 139, expected 0
315. mat5_uncompressed_readslab_be.at:257: 315. Read slab of 8-bit integer array (mat5_uncompressed_readslab_be.at:257): FAILED (mat5_uncompressed_readslab_be.at:259)

#                             -*- compilation -*-
316. mat5_uncompressed_readslab_be.at:289: testing Read slab of 8-bit unsigned integer array ...
./mat5_uncompressed_readslab_be.at:291: $builddir/../tools/matdump -d $srcdir/datasets/matio_test_cases_uncompressed_be.mat var79\(2:3:end,4:5:end,8:16:end\)
stderr:
/home/marten/Projects/matio-matio/test/testsuite.dir/at-groups/316/test-source: line 51:  7660 Segmentation fault      (core dumped) $builddir/../tools/matdump -d $srcdir/datasets/matio_test_cases_uncompressed_be.mat var79\(2:3:end,4:5:end,8:16:end\)
--- -	2016-01-19 16:22:15.703675071 +0100
+++ /home/marten/Projects/matio-matio/test/testsuite.dir/at-groups/316/stdout	2016-01-19 16:22:15.698316587 +0100
@@ -1,27 +1 @@
-var79(:,:,0) = 
-    36 74 142 112 148 136 
-    154 65 205 97 230 111 
-    198 249 42 154 21 22 
-    69 151 43 26 210 103 
-    227 109 2 191 13 188 
-    194 131 15 53 28 221 
-    140 194 177 214 216 4 
-    19 237 240 216 1 139 
-    11 190 164 229 21 238 
-    17 218 112 187 20 175 
-    151 35 138 192 179 207 
-
-var79(:,:,1) = 
-    193 249 252 237 98 44 
-    24 124 18 241 88 145 
-    236 83 133 212 40 144 
-    141 90 214 19 115 223 
-    144 102 101 102 185 123 
-    226 213 22 212 226 48 
-    48 227 176 123 23 190 
-    36 255 101 57 22 70 
-    207 152 233 225 160 115 
-    199 212 106 27 111 113 
-    30 62 39 178 100 7 
-
 
./mat5_uncompressed_readslab_be.at:291: exit code was 139, expected 0
316. mat5_uncompressed_readslab_be.at:289: 316. Read slab of 8-bit unsigned integer array (mat5_uncompressed_readslab_be.at:289): FAILED (mat5_uncompressed_readslab_be.at:291)

#                             -*- compilation -*-
317. mat5_uncompressed_readslab_be.at:321: testing Read slab of double-precision complex array ...
./mat5_uncompressed_readslab_be.at:323: $builddir/../tools/matdump -d $srcdir/datasets/matio_test_cases_uncompressed_be.mat var80\(2:3:end,4:5:end,8:16:end\)
stderr:
/home/marten/Projects/matio-matio/test/testsuite.dir/at-groups/317/test-source: line 51:  7687 Segmentation fault      (core dumped) $builddir/../tools/matdump -d $srcdir/datasets/matio_test_cases_uncompressed_be.mat var80\(2:3:end,4:5:end,8:16:end\)
--- -	2016-01-19 16:22:15.811371452 +0100
+++ /home/marten/Projects/matio-matio/test/testsuite.dir/at-groups/317/stdout	2016-01-19 16:22:15.806316591 +0100
@@ -1,27 +1 @@
-var80(:,:,0) = 
-    14531 + 14532i 14851 + 14852i 15171 + 15172i 15491 + 15492i 15811 + 15812i 16131 + 16132i 
-    14537 + 14538i 14857 + 14858i 15177 + 15178i 15497 + 15498i 15817 + 15818i 16137 + 16138i 
-    14543 + 14544i 14863 + 14864i 15183 + 15184i 15503 + 15504i 15823 + 15824i 16143 + 16144i 
-    14549 + 14550i 14869 + 14870i 15189 + 15190i 15509 + 15510i 15829 + 15830i 16149 + 16150i 
-    14555 + 14556i 14875 + 14876i 15195 + 15196i 15515 + 15516i 15835 + 15836i 16155 + 16156i 
-    14561 + 14562i 14881 + 14882i 15201 + 15202i 15521 + 15522i 15841 + 15842i 16161 + 16162i 
-    14567 + 14568i 14887 + 14888i 15207 + 15208i 15527 + 15528i 15847 + 15848i 16167 + 16168i 
-    14573 + 14574i 14893 + 14894i 15213 + 15214i 15533 + 15534i 15853 + 15854i 16173 + 16174i 
-    14579 + 14580i 14899 + 14900i 15219 + 15220i 15539 + 15540i 15859 + 15860i 16179 + 16180i 
-    14585 + 14586i 14905 + 14906i 15225 + 15226i 15545 + 15546i 15865 + 15866i 16185 + 16186i 
-    14591 + 14592i 14911 + 14912i 15231 + 15232i 15551 + 15552i 15871 + 15872i 16191 + 16192i 
-
-var80(:,:,1) = 
-    47299 + 47300i 47619 + 47620i 47939 + 47940i 48259 + 48260i 48579 + 48580i 48899 + 48900i 
-    47305 + 47306i 47625 + 47626i 47945 + 47946i 48265 + 48266i 48585 + 48586i 48905 + 48906i 
-    47311 + 47312i 47631 + 47632i 47951 + 47952i 48271 + 48272i 48591 + 48592i 48911 + 48912i 
-    47317 + 47318i 47637 + 47638i 47957 + 47958i 48277 + 48278i 48597 + 48598i 48917 + 48918i 
-    47323 + 47324i 47643 + 47644i 47963 + 47964i 48283 + 48284i 48603 + 48604i 48923 + 48924i 
-    47329 + 47330i 47649 + 47650i 47969 + 47970i 48289 + 48290i 48609 + 48610i 48929 + 48930i 
-    47335 + 47336i 47655 + 47656i 47975 + 47976i 48295 + 48296i 48615 + 48616i 48935 + 48936i 
-    47341 + 47342i 47661 + 47662i 47981 + 47982i 48301 + 48302i 48621 + 48622i 48941 + 48942i 
-    47347 + 47348i 47667 + 47668i 47987 + 47988i 48307 + 48308i 48627 + 48628i 48947 + 48948i 
-    47353 + 47354i 47673 + 47674i 47993 + 47994i 48313 + 48314i 48633 + 48634i 48953 + 48954i 
-    47359 + 47360i 47679 + 47680i 47999 + 48000i 48319 + 48320i 48639 + 48640i 48959 + 48960i 
-
 
./mat5_uncompressed_readslab_be.at:323: exit code was 139, expected 0
317. mat5_uncompressed_readslab_be.at:321: 317. Read slab of double-precision complex array (mat5_uncompressed_readslab_be.at:321): FAILED (mat5_uncompressed_readslab_be.at:323)

#                             -*- compilation -*-
318. mat5_uncompressed_readslab_be.at:353: testing Read slab of single-precision complex array ...
./mat5_uncompressed_readslab_be.at:355: $builddir/../tools/matdump -d $srcdir/datasets/matio_test_cases_uncompressed_be.mat var81\(2:3:end,4:5:end,8:16:end\)
stderr:
/home/marten/Projects/matio-matio/test/testsuite.dir/at-groups/318/test-source: line 51:  7714 Segmentation fault      (core dumped) $builddir/../tools/matdump -d $srcdir/datasets/matio_test_cases_uncompressed_be.mat var81\(2:3:end,4:5:end,8:16:end\)
--- -	2016-01-19 16:22:15.918158801 +0100
+++ /home/marten/Projects/matio-matio/test/testsuite.dir/at-groups/318/stdout	2016-01-19 16:22:15.910316595 +0100
@@ -1,27 +1 @@
-var81(:,:,0) = 
-    14531 + 14532i 14851 + 14852i 15171 + 15172i 15491 + 15492i 15811 + 15812i 16131 + 16132i 
-    14537 + 14538i 14857 + 14858i 15177 + 15178i 15497 + 15498i 15817 + 15818i 16137 + 16138i 
-    14543 + 14544i 14863 + 14864i 15183 + 15184i 15503 + 15504i 15823 + 15824i 16143 + 16144i 
-    14549 + 14550i 14869 + 14870i 15189 + 15190i 15509 + 15510i 15829 + 15830i 16149 + 16150i 
-    14555 + 14556i 14875 + 14876i 15195 + 15196i 15515 + 15516i 15835 + 15836i 16155 + 16156i 
-    14561 + 14562i 14881 + 14882i 15201 + 15202i 15521 + 15522i 15841 + 15842i 16161 + 16162i 
-    14567 + 14568i 14887 + 14888i 15207 + 15208i 15527 + 15528i 15847 + 15848i 16167 + 16168i 
-    14573 + 14574i 14893 + 14894i 15213 + 15214i 15533 + 15534i 15853 + 15854i 16173 + 16174i 
-    14579 + 14580i 14899 + 14900i 15219 + 15220i 15539 + 15540i 15859 + 15860i 16179 + 16180i 
-    14585 + 14586i 14905 + 14906i 15225 + 15226i 15545 + 15546i 15865 + 15866i 16185 + 16186i 
-    14591 + 14592i 14911 + 14912i 15231 + 15232i 15551 + 15552i 15871 + 15872i 16191 + 16192i 
-
-var81(:,:,1) = 
-    47299 + 47300i 47619 + 47620i 47939 + 47940i 48259 + 48260i 48579 + 48580i 48899 + 48900i 
-    47305 + 47306i 47625 + 47626i 47945 + 47946i 48265 + 48266i 48585 + 48586i 48905 + 48906i 
-    47311 + 47312i 47631 + 47632i 47951 + 47952i 48271 + 48272i 48591 + 48592i 48911 + 48912i 
-    47317 + 47318i 47637 + 47638i 47957 + 47958i 48277 + 48278i 48597 + 48598i 48917 + 48918i 
-    47323 + 47324i 47643 + 47644i 47963 + 47964i 48283 + 48284i 48603 + 48604i 48923 + 48924i 
-    47329 + 47330i 47649 + 47650i 47969 + 47970i 48289 + 48290i 48609 + 48610i 48929 + 48930i 
-    47335 + 47336i 47655 + 47656i 47975 + 47976i 48295 + 48296i 48615 + 48616i 48935 + 48936i 
-    47341 + 47342i 47661 + 47662i 47981 + 47982i 48301 + 48302i 48621 + 48622i 48941 + 48942i 
-    47347 + 47348i 47667 + 47668i 47987 + 47988i 48307 + 48308i 48627 + 48628i 48947 + 48948i 
-    47353 + 47354i 47673 + 47674i 47993 + 47994i 48313 + 48314i 48633 + 48634i 48953 + 48954i 
-    47359 + 47360i 47679 + 47680i 47999 + 48000i 48319 + 48320i 48639 + 48640i 48959 + 48960i 
-
 
./mat5_uncompressed_readslab_be.at:355: exit code was 139, expected 0
318. mat5_uncompressed_readslab_be.at:353: 318. Read slab of single-precision complex array (mat5_uncompressed_readslab_be.at:353): FAILED (mat5_uncompressed_readslab_be.at:355)

#                             -*- compilation -*-
319. mat5_uncompressed_readslab_be.at:385: testing Read slab of 64-bit integer complex array ...
./mat5_uncompressed_readslab_be.at:387: $builddir/../tools/matdump -d $srcdir/datasets/matio_test_cases_uncompressed_be.mat var82\(2:3:end,4:5:end,8:16:end\)
stderr:
/home/marten/Projects/matio-matio/test/testsuite.dir/at-groups/319/test-source: line 51:  7743 Segmentation fault      (core dumped) $builddir/../tools/matdump -d $srcdir/datasets/matio_test_cases_uncompressed_be.mat var82\(2:3:end,4:5:end,8:16:end\)
--- -	2016-01-19 16:22:16.026122745 +0100
+++ /home/marten/Projects/matio-matio/test/testsuite.dir/at-groups/319/stdout	2016-01-19 16:22:16.018316599 +0100
@@ -1,27 +1 @@
-var82(:,:,0) = 
-    14531 + 14532i 14851 + 14852i 15171 + 15172i 15491 + 15492i 15811 + 15812i 16131 + 16132i 
-    14537 + 14538i 14857 + 14858i 15177 + 15178i 15497 + 15498i 15817 + 15818i 16137 + 16138i 
-    14543 + 14544i 14863 + 14864i 15183 + 15184i 15503 + 15504i 15823 + 15824i 16143 + 16144i 
-    14549 + 14550i 14869 + 14870i 15189 + 15190i 15509 + 15510i 15829 + 15830i 16149 + 16150i 
-    14555 + 14556i 14875 + 14876i 15195 + 15196i 15515 + 15516i 15835 + 15836i 16155 + 16156i 
-    14561 + 14562i 14881 + 14882i 15201 + 15202i 15521 + 15522i 15841 + 15842i 16161 + 16162i 
-    14567 + 14568i 14887 + 14888i 15207 + 15208i 15527 + 15528i 15847 + 15848i 16167 + 16168i 
-    14573 + 14574i 14893 + 14894i 15213 + 15214i 15533 + 15534i 15853 + 15854i 16173 + 16174i 
-    14579 + 14580i 14899 + 14900i 15219 + 15220i 15539 + 15540i 15859 + 15860i 16179 + 16180i 
-    14585 + 14586i 14905 + 14906i 15225 + 15226i 15545 + 15546i 15865 + 15866i 16185 + 16186i 
-    14591 + 14592i 14911 + 14912i 15231 + 15232i 15551 + 15552i 15871 + 15872i 16191 + 16192i 
-
-var82(:,:,1) = 
-    47299 + 47300i 47619 + 47620i 47939 + 47940i 48259 + 48260i 48579 + 48580i 48899 + 48900i 
-    47305 + 47306i 47625 + 47626i 47945 + 47946i 48265 + 48266i 48585 + 48586i 48905 + 48906i 
-    47311 + 47312i 47631 + 47632i 47951 + 47952i 48271 + 48272i 48591 + 48592i 48911 + 48912i 
-    47317 + 47318i 47637 + 47638i 47957 + 47958i 48277 + 48278i 48597 + 48598i 48917 + 48918i 
-    47323 + 47324i 47643 + 47644i 47963 + 47964i 48283 + 48284i 48603 + 48604i 48923 + 48924i 
-    47329 + 47330i 47649 + 47650i 47969 + 47970i 48289 + 48290i 48609 + 48610i 48929 + 48930i 
-    47335 + 47336i 47655 + 47656i 47975 + 47976i 48295 + 48296i 48615 + 48616i 48935 + 48936i 
-    47341 + 47342i 47661 + 47662i 47981 + 47982i 48301 + 48302i 48621 + 48622i 48941 + 48942i 
-    47347 + 47348i 47667 + 47668i 47987 + 47988i 48307 + 48308i 48627 + 48628i 48947 + 48948i 
-    47353 + 47354i 47673 + 47674i 47993 + 47994i 48313 + 48314i 48633 + 48634i 48953 + 48954i 
-    47359 + 47360i 47679 + 47680i 47999 + 48000i 48319 + 48320i 48639 + 48640i 48959 + 48960i 
-
 
./mat5_uncompressed_readslab_be.at:387: exit code was 139, expected 0
319. mat5_uncompressed_readslab_be.at:385: 319. Read slab of 64-bit integer complex array (mat5_uncompressed_readslab_be.at:385): FAILED (mat5_uncompressed_readslab_be.at:387)

#                             -*- compilation -*-
320. mat5_uncompressed_readslab_be.at:417: testing Read slab of 64-bit unsigned integer complex array ...
./mat5_uncompressed_readslab_be.at:419: $builddir/../tools/matdump -d $srcdir/datasets/matio_test_cases_uncompressed_be.mat var83\(2:3:end,4:5:end,8:16:end\)
stderr:
/home/marten/Projects/matio-matio/test/testsuite.dir/at-groups/320/test-source: line 51:  7770 Segmentation fault      (core dumped) $builddir/../tools/matdump -d $srcdir/datasets/matio_test_cases_uncompressed_be.mat var83\(2:3:end,4:5:end,8:16:end\)
--- -	2016-01-19 16:22:16.133090343 +0100
+++ /home/marten/Projects/matio-matio/test/testsuite.dir/at-groups/320/stdout	2016-01-19 16:22:16.126316603 +0100
@@ -1,27 +1 @@
-var83(:,:,0) = 
-    14531 + 14532i 14851 + 14852i 15171 + 15172i 15491 + 15492i 15811 + 15812i 16131 + 16132i 
-    14537 + 14538i 14857 + 14858i 15177 + 15178i 15497 + 15498i 15817 + 15818i 16137 + 16138i 
-    14543 + 14544i 14863 + 14864i 15183 + 15184i 15503 + 15504i 15823 + 15824i 16143 + 16144i 
-    14549 + 14550i 14869 + 14870i 15189 + 15190i 15509 + 15510i 15829 + 15830i 16149 + 16150i 
-    14555 + 14556i 14875 + 14876i 15195 + 15196i 15515 + 15516i 15835 + 15836i 16155 + 16156i 
-    14561 + 14562i 14881 + 14882i 15201 + 15202i 15521 + 15522i 15841 + 15842i 16161 + 16162i 
-    14567 + 14568i 14887 + 14888i 15207 + 15208i 15527 + 15528i 15847 + 15848i 16167 + 16168i 
-    14573 + 14574i 14893 + 14894i 15213 + 15214i 15533 + 15534i 15853 + 15854i 16173 + 16174i 
-    14579 + 14580i 14899 + 14900i 15219 + 15220i 15539 + 15540i 15859 + 15860i 16179 + 16180i 
-    14585 + 14586i 14905 + 14906i 15225 + 15226i 15545 + 15546i 15865 + 15866i 16185 + 16186i 
-    14591 + 14592i 14911 + 14912i 15231 + 15232i 15551 + 15552i 15871 + 15872i 16191 + 16192i 
-
-var83(:,:,1) = 
-    47299 + 47300i 47619 + 47620i 47939 + 47940i 48259 + 48260i 48579 + 48580i 48899 + 48900i 
-    47305 + 47306i 47625 + 47626i 47945 + 47946i 48265 + 48266i 48585 + 48586i 48905 + 48906i 
-    47311 + 47312i 47631 + 47632i 47951 + 47952i 48271 + 48272i 48591 + 48592i 48911 + 48912i 
-    47317 + 47318i 47637 + 47638i 47957 + 47958i 48277 + 48278i 48597 + 48598i 48917 + 48918i 
-    47323 + 47324i 47643 + 47644i 47963 + 47964i 48283 + 48284i 48603 + 48604i 48923 + 48924i 
-    47329 + 47330i 47649 + 47650i 47969 + 47970i 48289 + 48290i 48609 + 48610i 48929 + 48930i 
-    47335 + 47336i 47655 + 47656i 47975 + 47976i 48295 + 48296i 48615 + 48616i 48935 + 48936i 
-    47341 + 47342i 47661 + 47662i 47981 + 47982i 48301 + 48302i 48621 + 48622i 48941 + 48942i 
-    47347 + 47348i 47667 + 47668i 47987 + 47988i 48307 + 48308i 48627 + 48628i 48947 + 48948i 
-    47353 + 47354i 47673 + 47674i 47993 + 47994i 48313 + 48314i 48633 + 48634i 48953 + 48954i 
-    47359 + 47360i 47679 + 47680i 47999 + 48000i 48319 + 48320i 48639 + 48640i 48959 + 48960i 
-
 
./mat5_uncompressed_readslab_be.at:419: exit code was 139, expected 0
320. mat5_uncompressed_readslab_be.at:417: 320. Read slab of 64-bit unsigned integer complex array (mat5_uncompressed_readslab_be.at:417): FAILED (mat5_uncompressed_readslab_be.at:419)

#                             -*- compilation -*-
321. mat5_uncompressed_readslab_be.at:449: testing Read slab of 32-bit integer complex array ...
./mat5_uncompressed_readslab_be.at:451: $builddir/../tools/matdump -d $srcdir/datasets/matio_test_cases_uncompressed_be.mat var84\(2:3:end,4:5:end,8:16:end\)
stderr:
/home/marten/Projects/matio-matio/test/testsuite.dir/at-groups/321/test-source: line 51:  7797 Segmentation fault      (core dumped) $builddir/../tools/matdump -d $srcdir/datasets/matio_test_cases_uncompressed_be.mat var84\(2:3:end,4:5:end,8:16:end\)
--- -	2016-01-19 16:22:16.241063052 +0100
+++ /home/marten/Projects/matio-matio/test/testsuite.dir/at-groups/321/stdout	2016-01-19 16:22:16.234316607 +0100
@@ -1,27 +1 @@
-var84(:,:,0) = 
-    14531 + 14532i 14851 + 14852i 15171 + 15172i 15491 + 15492i 15811 + 15812i 16131 + 16132i 
-    14537 + 14538i 14857 + 14858i 15177 + 15178i 15497 + 15498i 15817 + 15818i 16137 + 16138i 
-    14543 + 14544i 14863 + 14864i 15183 + 15184i 15503 + 15504i 15823 + 15824i 16143 + 16144i 
-    14549 + 14550i 14869 + 14870i 15189 + 15190i 15509 + 15510i 15829 + 15830i 16149 + 16150i 
-    14555 + 14556i 14875 + 14876i 15195 + 15196i 15515 + 15516i 15835 + 15836i 16155 + 16156i 
-    14561 + 14562i 14881 + 14882i 15201 + 15202i 15521 + 15522i 15841 + 15842i 16161 + 16162i 
-    14567 + 14568i 14887 + 14888i 15207 + 15208i 15527 + 15528i 15847 + 15848i 16167 + 16168i 
-    14573 + 14574i 14893 + 14894i 15213 + 15214i 15533 + 15534i 15853 + 15854i 16173 + 16174i 
-    14579 + 14580i 14899 + 14900i 15219 + 15220i 15539 + 15540i 15859 + 15860i 16179 + 16180i 
-    14585 + 14586i 14905 + 14906i 15225 + 15226i 15545 + 15546i 15865 + 15866i 16185 + 16186i 
-    14591 + 14592i 14911 + 14912i 15231 + 15232i 15551 + 15552i 15871 + 15872i 16191 + 16192i 
-
-var84(:,:,1) = 
-    47299 + 47300i 47619 + 47620i 47939 + 47940i 48259 + 48260i 48579 + 48580i 48899 + 48900i 
-    47305 + 47306i 47625 + 47626i 47945 + 47946i 48265 + 48266i 48585 + 48586i 48905 + 48906i 
-    47311 + 47312i 47631 + 47632i 47951 + 47952i 48271 + 48272i 48591 + 48592i 48911 + 48912i 
-    47317 + 47318i 47637 + 47638i 47957 + 47958i 48277 + 48278i 48597 + 48598i 48917 + 48918i 
-    47323 + 47324i 47643 + 47644i 47963 + 47964i 48283 + 48284i 48603 + 48604i 48923 + 48924i 
-    47329 + 47330i 47649 + 47650i 47969 + 47970i 48289 + 48290i 48609 + 48610i 48929 + 48930i 
-    47335 + 47336i 47655 + 47656i 47975 + 47976i 48295 + 48296i 48615 + 48616i 48935 + 48936i 
-    47341 + 47342i 47661 + 47662i 47981 + 47982i 48301 + 48302i 48621 + 48622i 48941 + 48942i 
-    47347 + 47348i 47667 + 47668i 47987 + 47988i 48307 + 48308i 48627 + 48628i 48947 + 48948i 
-    47353 + 47354i 47673 + 47674i 47993 + 47994i 48313 + 48314i 48633 + 48634i 48953 + 48954i 
-    47359 + 47360i 47679 + 47680i 47999 + 48000i 48319 + 48320i 48639 + 48640i 48959 + 48960i 
-
 
./mat5_uncompressed_readslab_be.at:451: exit code was 139, expected 0
321. mat5_uncompressed_readslab_be.at:449: 321. Read slab of 32-bit integer complex array (mat5_uncompressed_readslab_be.at:449): FAILED (mat5_uncompressed_readslab_be.at:451)

#                             -*- compilation -*-
322. mat5_uncompressed_readslab_be.at:481: testing Read slab of 32-bit unsigned integer complex array ...
./mat5_uncompressed_readslab_be.at:483: $builddir/../tools/matdump -d $srcdir/datasets/matio_test_cases_uncompressed_be.mat var85\(2:3:end,4:5:end,8:16:end\)
stderr:
/home/marten/Projects/matio-matio/test/testsuite.dir/at-groups/322/test-source: line 51:  7824 Segmentation fault      (core dumped) $builddir/../tools/matdump -d $srcdir/datasets/matio_test_cases_uncompressed_be.mat var85\(2:3:end,4:5:end,8:16:end\)
--- -	2016-01-19 16:22:16.348270401 +0100
+++ /home/marten/Projects/matio-matio/test/testsuite.dir/at-groups/322/stdout	2016-01-19 16:22:16.342316611 +0100
@@ -1,27 +1 @@
-var85(:,:,0) = 
-    14531 + 14532i 14851 + 14852i 15171 + 15172i 15491 + 15492i 15811 + 15812i 16131 + 16132i 
-    14537 + 14538i 14857 + 14858i 15177 + 15178i 15497 + 15498i 15817 + 15818i 16137 + 16138i 
-    14543 + 14544i 14863 + 14864i 15183 + 15184i 15503 + 15504i 15823 + 15824i 16143 + 16144i 
-    14549 + 14550i 14869 + 14870i 15189 + 15190i 15509 + 15510i 15829 + 15830i 16149 + 16150i 
-    14555 + 14556i 14875 + 14876i 15195 + 15196i 15515 + 15516i 15835 + 15836i 16155 + 16156i 
-    14561 + 14562i 14881 + 14882i 15201 + 15202i 15521 + 15522i 15841 + 15842i 16161 + 16162i 
-    14567 + 14568i 14887 + 14888i 15207 + 15208i 15527 + 15528i 15847 + 15848i 16167 + 16168i 
-    14573 + 14574i 14893 + 14894i 15213 + 15214i 15533 + 15534i 15853 + 15854i 16173 + 16174i 
-    14579 + 14580i 14899 + 14900i 15219 + 15220i 15539 + 15540i 15859 + 15860i 16179 + 16180i 
-    14585 + 14586i 14905 + 14906i 15225 + 15226i 15545 + 15546i 15865 + 15866i 16185 + 16186i 
-    14591 + 14592i 14911 + 14912i 15231 + 15232i 15551 + 15552i 15871 + 15872i 16191 + 16192i 
-
-var85(:,:,1) = 
-    47299 + 47300i 47619 + 47620i 47939 + 47940i 48259 + 48260i 48579 + 48580i 48899 + 48900i 
-    47305 + 47306i 47625 + 47626i 47945 + 47946i 48265 + 48266i 48585 + 48586i 48905 + 48906i 
-    47311 + 47312i 47631 + 47632i 47951 + 47952i 48271 + 48272i 48591 + 48592i 48911 + 48912i 
-    47317 + 47318i 47637 + 47638i 47957 + 47958i 48277 + 48278i 48597 + 48598i 48917 + 48918i 
-    47323 + 47324i 47643 + 47644i 47963 + 47964i 48283 + 48284i 48603 + 48604i 48923 + 48924i 
-    47329 + 47330i 47649 + 47650i 47969 + 47970i 48289 + 48290i 48609 + 48610i 48929 + 48930i 
-    47335 + 47336i 47655 + 47656i 47975 + 47976i 48295 + 48296i 48615 + 48616i 48935 + 48936i 
-    47341 + 47342i 47661 + 47662i 47981 + 47982i 48301 + 48302i 48621 + 48622i 48941 + 48942i 
-    47347 + 47348i 47667 + 47668i 47987 + 47988i 48307 + 48308i 48627 + 48628i 48947 + 48948i 
-    47353 + 47354i 47673 + 47674i 47993 + 47994i 48313 + 48314i 48633 + 48634i 48953 + 48954i 
-    47359 + 47360i 47679 + 47680i 47999 + 48000i 48319 + 48320i 48639 + 48640i 48959 + 48960i 
-
 
./mat5_uncompressed_readslab_be.at:483: exit code was 139, expected 0
322. mat5_uncompressed_readslab_be.at:481: 322. Read slab of 32-bit unsigned integer complex array (mat5_uncompressed_readslab_be.at:481): FAILED (mat5_uncompressed_readslab_be.at:483)

#                             -*- compilation -*-
323. mat5_uncompressed_readslab_be.at:513: testing Read slab of 16-bit integer complex array ...
./mat5_uncompressed_readslab_be.at:515: $builddir/../tools/matdump -d $srcdir/datasets/matio_test_cases_uncompressed_be.mat var86\(2:3:end,4:5:end,8:16:end\)
stderr:
/home/marten/Projects/matio-matio/test/testsuite.dir/at-groups/323/test-source: line 51:  7851 Segmentation fault      (core dumped) $builddir/../tools/matdump -d $srcdir/datasets/matio_test_cases_uncompressed_be.mat var86\(2:3:end,4:5:end,8:16:end\)
--- -	2016-01-19 16:22:16.454764949 +0100
+++ /home/marten/Projects/matio-matio/test/testsuite.dir/at-groups/323/stdout	2016-01-19 16:22:16.450316615 +0100
@@ -1,27 +1 @@
-var86(:,:,0) = 
-    31419 + 12074i -16493 + -9400i 2771 + -10261i -13965 + 16888i -25303 + 5509i 13196 + 15195i 
-    11550 + 31935i 15688 + 20383i -25754 + -31533i -1934 + -19892i 16352 + 363i -12123 + -23263i 
-    14036 + -25970i -10204 + -15596i 27007 + -3499i 24973 + -17196i 9743 + -9728i -10874 + 25982i 
-    12950 + -26466i 14390 + -20232i -7948 + -4034i 29557 + -23198i 6783 + -16717i -11012 + -7600i 
-    11549 + -13221i -21008 + 3161i 1047 + -17085i -26196 + -27443i 27364 + -31769i -10870 + -24078i 
-    8802 + -13913i 22712 + -11293i 28781 + -6213i 17138 + 17163i 845 + -5483i -4181 + 21428i 
-    -8540 + 20686i 16110 + -30851i 22132 + 27840i 4173 + 22551i -5927 + 30238i 19441 + -25234i 
-    82 + -2536i 6298 + -2954i -2300 + -1878i 21456 + -372i 9080 + 5283i 27199 + -11909i 
-    6556 + 25498i -10732 + -25971i 14919 + -19351i -12554 + -766i 25263 + -12552i -4204 + 14748i 
-    -22761 + -19987i -15133 + 15777i -32577 + 15858i -11899 + 26000i -6594 + 9643i -12638 + 6522i 
-    -14602 + -32033i -23705 + 32679i 28973 + -16332i -13223 + -7784i -21471 + -8832i -21381 + 3874i 
-
-var86(:,:,1) = 
-    10009 + -1227i 23621 + 10035i -22333 + -20060i -28782 + 3888i -5804 + -12847i -2817 + 10293i 
-    23342 + 16514i -26955 + -8794i -28080 + -30034i -26055 + -4279i -19613 + 7820i -666 + -21153i 
-    27792 + -11483i 3884 + 18834i -24965 + 30996i 17075 + -5598i -24500 + 23384i 6202 + 23652i 
-    -16194 + -25596i 25669 + 17940i 11506 + -19238i 15629 + 19686i 6332 + -32352i -27772 + 7728i 
-    9911 + -20183i 19480 + -25157i -5438 + 17227i -27961 + -5378i 9084 + 8866i 24485 + 27017i 
-    -28341 + 22322i -24243 + -10527i 6325 + 19908i 22850 + -7463i 12787 + 16795i 7898 + 4210i 
-    3508 + -7880i 4464 + 28510i 16761 + 20643i -17585 + 883i 27522 + 650i 8062 + 28365i 
-    20369 + -482i -6616 + -24233i 18192 + -20736i -1421 + -6768i 7219 + -25890i -28910 + -21963i 
-    -4578 + 21351i -14599 + -1762i -18629 + 17622i 28956 + -7833i -16811 + -5838i 7298 + -10445i 
-    18426 + 31578i -19424 + 6424i 2759 + -21496i 19321 + -31347i 22569 + 6221i 29980 + 25776i 
-    -26016 + 17152i -29786 + 14220i 15764 + 18250i 22739 + -27552i 21757 + -28407i 5019 + -2720i 
-
 
./mat5_uncompressed_readslab_be.at:515: exit code was 139, expected 0
323. mat5_uncompressed_readslab_be.at:513: 323. Read slab of 16-bit integer complex array (mat5_uncompressed_readslab_be.at:513): FAILED (mat5_uncompressed_readslab_be.at:515)

#                             -*- compilation -*-
324. mat5_uncompressed_readslab_be.at:545: testing Read slab of 16-bit unsigned integer complex array ...
./mat5_uncompressed_readslab_be.at:547: $builddir/../tools/matdump -d $srcdir/datasets/matio_test_cases_uncompressed_be.mat var87\(2:3:end,4:5:end,8:16:end\)
stderr:
/home/marten/Projects/matio-matio/test/testsuite.dir/at-groups/324/test-source: line 51:  7878 Segmentation fault      (core dumped) $builddir/../tools/matdump -d $srcdir/datasets/matio_test_cases_uncompressed_be.mat var87\(2:3:end,4:5:end,8:16:end\)
--- -	2016-01-19 16:22:16.561783563 +0100
+++ /home/marten/Projects/matio-matio/test/testsuite.dir/at-groups/324/stdout	2016-01-19 16:22:16.554316618 +0100
@@ -1,27 +1 @@
-var87(:,:,0) = 
-    63490 + 42712i 48615 + 54935i 14063 + 54325i 12093 + 4405i 47337 + 59129i 25576 + 6335i 
-    29714 + 8391i 11083 + 51765i 15062 + 33495i 8834 + 7721i 62332 + 27780i 12201 + 17545i 
-    61483 + 15861i 2973 + 2285i 51022 + 34454i 54420 + 31822i 3623 + 2694i 49659 + 37636i 
-    15850 + 33874i 47407 + 28409i 60470 + 39080i 26675 + 29151i 11530 + 27741i 28187 + 58668i 
-    55082 + 3631i 33701 + 18840i 44448 + 44287i 42660 + 29044i 4141 + 36801i 3135 + 5269i 
-    45390 + 5685i 34873 + 47323i 64996 + 30009i 65323 + 50276i 64250 + 50570i 16458 + 14517i 
-    10423 + 60745i 13711 + 7195i 283 + 64783i 7139 + 32010i 39722 + 49989i 31662 + 28316i 
-    44728 + 38383i 6046 + 45393i 18983 + 191i 47157 + 29016i 26118 + 40150i 38430 + 36198i 
-    43170 + 36676i 44211 + 53418i 3436 + 45327i 35840 + 18163i 28214 + 21931i 47450 + 50404i 
-    46711 + 20162i 16574 + 31089i 44524 + 18230i 15379 + 14923i 25798 + 27469i 201 + 49160i 
-    49188 + 52357i 41210 + 28626i 15729 + 21345i 30214 + 63617i 62573 + 58367i 50221 + 54517i 
-
-var87(:,:,1) = 
-    47469 + 42818i 8920 + 61180i 45303 + 55200i 10001 + 43967i 58589 + 45954i 16219 + 17867i 
-    7124 + 35280i 29466 + 54541i 4881 + 31280i 48614 + 38397i 9073 + 25270i 59934 + 13526i 
-    34741 + 37493i 65042 + 23250i 38207 + 48851i 14572 + 48016i 20846 + 33025i 58464 + 17576i 
-    44064 + 39694i 1978 + 56271i 807 + 7069i 25265 + 24936i 22905 + 59697i 34801 + 59568i 
-    6995 + 4154i 14377 + 47601i 50473 + 21558i 1715 + 40096i 22981 + 42347i 20649 + 30475i 
-    7531 + 33600i 12353 + 11382i 6544 + 29624i 37345 + 13265i 24828 + 62213i 55999 + 42307i 
-    54978 + 37775i 8336 + 45819i 52787 + 2034i 11025 + 46066i 46887 + 36422i 4464 + 16054i 
-    15416 + 23755i 45530 + 55892i 5986 + 58345i 37554 + 31865i 50013 + 60501i 23302 + 47556i 
-    27259 + 51376i 8908 + 40510i 57054 + 22602i 4791 + 53489i 29781 + 52236i 24764 + 55871i 
-    64300 + 6331i 11258 + 60909i 2935 + 55316i 22789 + 15282i 37210 + 42165i 22331 + 53630i 
-    1212 + 37261i 56638 + 57033i 42851 + 16897i 23465 + 10050i 37785 + 60771i 63541 + 34455i 
-
 
./mat5_uncompressed_readslab_be.at:547: exit code was 139, expected 0
324. mat5_uncompressed_readslab_be.at:545: 324. Read slab of 16-bit unsigned integer complex array (mat5_uncompressed_readslab_be.at:545): FAILED (mat5_uncompressed_readslab_be.at:547)

#                             -*- compilation -*-
325. mat5_uncompressed_readslab_be.at:577: testing Read slab of 8-bit integer complex array ...
./mat5_uncompressed_readslab_be.at:579: $builddir/../tools/matdump -d $srcdir/datasets/matio_test_cases_uncompressed_be.mat var88\(2:3:end,4:5:end,8:16:end\)
stderr:
/home/marten/Projects/matio-matio/test/testsuite.dir/at-groups/325/test-source: line 51:  7905 Segmentation fault      (core dumped) $builddir/../tools/matdump -d $srcdir/datasets/matio_test_cases_uncompressed_be.mat var88\(2:3:end,4:5:end,8:16:end\)
--- -	2016-01-19 16:22:16.668107603 +0100
+++ /home/marten/Projects/matio-matio/test/testsuite.dir/at-groups/325/stdout	2016-01-19 16:22:16.662316622 +0100
@@ -1,27 +1 @@
-var88(:,:,0) = 
-    24 + -109i 5 + 103i 79 + -98i -11 + -41i 3 + -95i -99 + -15i 
-    -38 + 98i -71 + -109i -125 + -9i -4 + -5i -69 + -113i -92 + -70i 
-    -32 + 69i -9 + 76i -81 + -45i 111 + -12i -24 + -55i 115 + 62i 
-    1 + -58i 52 + -40i -30 + 6i -79 + 23i -40 + -78i -29 + -52i 
-    106 + 37i -48 + 1i 109 + -65i 118 + -68i 81 + -95i -121 + 61i 
-    23 + -118i -1 + -71i -111 + -88i 60 + -49i 108 + -15i -62 + 101i 
-    86 + -117i 43 + 106i -21 + -57i -31 + -47i -37 + 5i -72 + 52i 
-    3 + -10i 121 + -39i -59 + -22i 98 + -49i 24 + -97i -110 + -111i 
-    -94 + 111i 68 + 45i 64 + -47i 19 + -84i 65 + 17i 126 + 124i 
-    43 + -69i 9 + 7i 38 + 36i 114 + -19i -79 + -19i 85 + -44i 
-    37 + 24i 49 + -122i 32 + 84i 126 + 112i -54 + -36i -32 + 42i 
-
-var88(:,:,1) = 
-    10 + 105i -120 + -94i -79 + -87i 55 + -21i 19 + 106i 47 + -65i 
-    -88 + -104i 69 + 16i -50 + 8i -78 + 49i 18 + 47i -103 + -35i 
-    82 + 96i 5 + 114i -13 + -48i -61 + 22i -39 + -73i 127 + 30i 
-    98 + -85i 80 + 42i 51 + -21i 74 + -73i -47 + -60i 28 + 16i 
-    -66 + -27i -7 + 4i -95 + 3i -26 + 71i -102 + -120i -72 + -13i 
-    83 + -12i 74 + 84i -115 + -5i 81 + 0i -17 + -102i -76 + -67i 
-    -18 + -32i 83 + 76i 117 + 120i -45 + -123i 18 + 66i -46 + 33i 
-    58 + -92i -74 + 93i 66 + 29i -8 + 58i -12 + -59i 40 + 109i 
-    -59 + -89i -124 + 7i 64 + 10i 63 + -124i -41 + 34i -117 + 25i 
-    -45 + 16i -61 + 54i 54 + -101i -83 + -112i 46 + 51i 103 + 12i 
-    -36 + -68i 3 + -83i 51 + 74i 97 + 123i -61 + -40i 89 + -9i 
-
 
./mat5_uncompressed_readslab_be.at:579: exit code was 139, expected 0
325. mat5_uncompressed_readslab_be.at:577: 325. Read slab of 8-bit integer complex array (mat5_uncompressed_readslab_be.at:577): FAILED (mat5_uncompressed_readslab_be.at:579)

#                             -*- compilation -*-
326. mat5_uncompressed_readslab_be.at:609: testing Read slab of 8-bit unsigned integer complex array ...
./mat5_uncompressed_readslab_be.at:611: $builddir/../tools/matdump -d $srcdir/datasets/matio_test_cases_uncompressed_be.mat var89\(2:3:end,4:5:end,8:16:end\)
stderr:
/home/marten/Projects/matio-matio/test/testsuite.dir/at-groups/326/test-source: line 51:  7932 Segmentation fault      (core dumped) $builddir/../tools/matdump -d $srcdir/datasets/matio_test_cases_uncompressed_be.mat var89\(2:3:end,4:5:end,8:16:end\)
--- -	2016-01-19 16:22:16.775501823 +0100
+++ /home/marten/Projects/matio-matio/test/testsuite.dir/at-groups/326/stdout	2016-01-19 16:22:16.770316626 +0100
@@ -1,27 +1 @@
-var89(:,:,0) = 
-    233 + 19i 98 + 36i 145 + 191i 87 + 191i 30 + 24i 142 + 157i 
-    99 + 152i 129 + 239i 23 + 137i 187 + 27i 149 + 230i 186 + 204i 
-    194 + 176i 246 + 207i 229 + 96i 224 + 67i 56 + 158i 139 + 252i 
-    219 + 39i 42 + 97i 17 + 104i 96 + 230i 114 + 96i 130 + 202i 
-    182 + 250i 209 + 14i 158 + 68i 66 + 32i 242 + 79i 197 + 221i 
-    198 + 121i 114 + 150i 85 + 154i 196 + 72i 82 + 206i 169 + 34i 
-    70 + 99i 245 + 204i 207 + 145i 239 + 53i 106 + 114i 160 + 148i 
-    250 + 205i 62 + 143i 112 + 116i 15 + 197i 8 + 202i 131 + 129i 
-    154 + 19i 192 + 87i 135 + 182i 111 + 188i 87 + 217i 255 + 157i 
-    20 + 127i 88 + 125i 138 + 79i 225 + 144i 138 + 126i 93 + 4i 
-    55 + 248i 254 + 59i 118 + 171i 190 + 181i 26 + 138i 140 + 149i 
-
-var89(:,:,1) = 
-    182 + 191i 212 + 183i 51 + 193i 46 + 45i 16 + 249i 110 + 132i 
-    45 + 138i 121 + 33i 81 + 133i 90 + 128i 137 + 65i 234 + 197i 
-    41 + 32i 193 + 87i 42 + 147i 171 + 187i 149 + 145i 22 + 223i 
-    74 + 142i 95 + 150i 219 + 48i 105 + 53i 87 + 154i 229 + 72i 
-    173 + 106i 75 + 167i 185 + 124i 23 + 168i 111 + 32i 169 + 26i 
-    14 + 5i 139 + 111i 65 + 8i 111 + 218i 179 + 46i 128 + 186i 
-    56 + 15i 241 + 161i 120 + 240i 91 + 101i 164 + 95i 87 + 139i 
-    159 + 205i 62 + 17i 24 + 19i 90 + 72i 121 + 106i 152 + 77i 
-    218 + 172i 165 + 198i 104 + 3i 178 + 168i 125 + 144i 17 + 58i 
-    235 + 235i 249 + 244i 23 + 34i 172 + 79i 215 + 171i 215 + 242i 
-    253 + 46i 207 + 210i 88 + 216i 176 + 42i 48 + 141i 62 + 229i 
-
 
./mat5_uncompressed_readslab_be.at:611: exit code was 139, expected 0
326. mat5_uncompressed_readslab_be.at:609: 326. Read slab of 8-bit unsigned integer complex array (mat5_uncompressed_readslab_be.at:609): FAILED (mat5_uncompressed_readslab_be.at:611)

#                             -*- compilation -*-
337. mat5_uncompressed_readslab_be.at:971: testing Read linear slab of double-precision complex array ...
./mat5_uncompressed_readslab_be.at:973: $builddir/../tools/matdump -d $srcdir/datasets/matio_test_cases_uncompressed_be.mat var80\(3257:1111:end\)
stderr:
--- -	2016-01-19 16:22:17.017007941 +0100
+++ /home/marten/Projects/matio-matio/test/testsuite.dir/at-groups/337/stdout	2016-01-19 16:22:17.010316635 +0100
@@ -1,28 +1,28 @@
 6513 + 6514i 
-8735 + 8736i 
-10957 + 10958i 
-13179 + 13180i 
-15401 + 15402i 
-17623 + 17624i 
-19845 + 19846i 
-22067 + 22068i 
-24289 + 24290i 
-26511 + 26512i 
-28733 + 28734i 
-30955 + 30956i 
-33177 + 33178i 
-35399 + 35400i 
-37621 + 37622i 
-39843 + 39844i 
-42065 + 42066i 
-44287 + 44288i 
-46509 + 46510i 
-48731 + 48732i 
-50953 + 50954i 
-53175 + 53176i 
-55397 + 55398i 
-57619 + 57620i 
-59841 + 59842i 
-62063 + 62064i 
-64285 + 64286i 
+8736 + 10958i 
+13180 + 15402i 
+17624 + 19846i 
+22068 + 24290i 
+26512 + 28734i 
+30956 + 33178i 
+35400 + 37622i 
+39844 + 42066i 
+44288 + 46510i 
+48732 + 50954i 
+53176 + 55398i 
+57620 + 59842i 
+62064 + 64286i 
+0 + 0i 
+0 + 0i 
+0 + 0i 
+0 + 0i 
+0 + 0i 
+0 + 0i 
+0 + 0i 
+0 + 0i 
+0 + 0i 
+0 + 0i 
+0 + 0i 
+0 + 0i 
+0 + 0i 
 
337. mat5_uncompressed_readslab_be.at:971: 337. Read linear slab of double-precision complex array (mat5_uncompressed_readslab_be.at:971): FAILED (mat5_uncompressed_readslab_be.at:973)

#                             -*- compilation -*-
338. mat5_uncompressed_readslab_be.at:1004: testing Read linear slab of single-precision complex array ...
./mat5_uncompressed_readslab_be.at:1006: $builddir/../tools/matdump -d $srcdir/datasets/matio_test_cases_uncompressed_be.mat var81\(3257:1111:end\)
stderr:
--- -	2016-01-19 16:22:17.037137968 +0100
+++ /home/marten/Projects/matio-matio/test/testsuite.dir/at-groups/338/stdout	2016-01-19 16:22:17.030316636 +0100
@@ -1,28 +1,28 @@
 6513 + 6514i 
-8735 + 8736i 
-10957 + 10958i 
-13179 + 13180i 
-15401 + 15402i 
-17623 + 17624i 
-19845 + 19846i 
-22067 + 22068i 
-24289 + 24290i 
-26511 + 26512i 
-28733 + 28734i 
-30955 + 30956i 
-33177 + 33178i 
-35399 + 35400i 
-37621 + 37622i 
-39843 + 39844i 
-42065 + 42066i 
-44287 + 44288i 
-46509 + 46510i 
-48731 + 48732i 
-50953 + 50954i 
-53175 + 53176i 
-55397 + 55398i 
-57619 + 57620i 
-59841 + 59842i 
-62063 + 62064i 
-64285 + 64286i 
+8736 + 10958i 
+13180 + 15402i 
+17624 + 19846i 
+22068 + 24290i 
+26512 + 28734i 
+30956 + 33178i 
+35400 + 37622i 
+39844 + 42066i 
+44288 + 46510i 
+48732 + 50954i 
+53176 + 55398i 
+57620 + 59842i 
+62064 + 64286i 
+0 + 0i 
+0 + 0i 
+0 + 0i 
+0 + 0i 
+0 + 0i 
+0 + 0i 
+0 + 0i 
+0 + 0i 
+0 + 0i 
+0 + 0i 
+0 + 0i 
+0 + 0i 
+0 + 0i 
 
338. mat5_uncompressed_readslab_be.at:1004: 338. Read linear slab of single-precision complex array (mat5_uncompressed_readslab_be.at:1004): FAILED (mat5_uncompressed_readslab_be.at:1006)

#                             -*- compilation -*-
339. mat5_uncompressed_readslab_be.at:1037: testing Read linear slab of 64-bit integer complex array ...
./mat5_uncompressed_readslab_be.at:1039: $builddir/../tools/matdump -d $srcdir/datasets/matio_test_cases_uncompressed_be.mat var82\(3257:1111:end\)
stderr:
--- -	2016-01-19 16:22:17.057390906 +0100
+++ /home/marten/Projects/matio-matio/test/testsuite.dir/at-groups/339/stdout	2016-01-19 16:22:17.050316637 +0100
@@ -1,28 +1,28 @@
 6513 + 6514i 
-8735 + 8736i 
-10957 + 10958i 
-13179 + 13180i 
-15401 + 15402i 
-17623 + 17624i 
-19845 + 19846i 
-22067 + 22068i 
-24289 + 24290i 
-26511 + 26512i 
-28733 + 28734i 
-30955 + 30956i 
-33177 + 33178i 
-35399 + 35400i 
-37621 + 37622i 
-39843 + 39844i 
-42065 + 42066i 
-44287 + 44288i 
-46509 + 46510i 
-48731 + 48732i 
-50953 + 50954i 
-53175 + 53176i 
-55397 + 55398i 
-57619 + 57620i 
-59841 + 59842i 
-62063 + 62064i 
-64285 + 64286i 
+8736 + 10958i 
+13180 + 15402i 
+17624 + 19846i 
+22068 + 24290i 
+26512 + 28734i 
+30956 + 33178i 
+35400 + 37622i 
+39844 + 42066i 
+44288 + 46510i 
+48732 + 50954i 
+53176 + 55398i 
+57620 + 59842i 
+62064 + 64286i 
+0 + 0i 
+0 + 0i 
+0 + 0i 
+0 + 0i 
+0 + 0i 
+0 + 0i 
+0 + 0i 
+0 + 0i 
+0 + 0i 
+0 + 0i 
+0 + 0i 
+0 + 0i 
+0 + 0i 
 
339. mat5_uncompressed_readslab_be.at:1037: 339. Read linear slab of 64-bit integer complex array (mat5_uncompressed_readslab_be.at:1037): FAILED (mat5_uncompressed_readslab_be.at:1039)

#                             -*- compilation -*-
340. mat5_uncompressed_readslab_be.at:1070: testing Read linear slab of 64-bit unsigned integer complex array ...
./mat5_uncompressed_readslab_be.at:1072: $builddir/../tools/matdump -d $srcdir/datasets/matio_test_cases_uncompressed_be.mat var83\(3257:1111:end\)
stderr:
--- -	2016-01-19 16:22:17.077513073 +0100
+++ /home/marten/Projects/matio-matio/test/testsuite.dir/at-groups/340/stdout	2016-01-19 16:22:17.070316637 +0100
@@ -1,28 +1,28 @@
 6513 + 6514i 
-8735 + 8736i 
-10957 + 10958i 
-13179 + 13180i 
-15401 + 15402i 
-17623 + 17624i 
-19845 + 19846i 
-22067 + 22068i 
-24289 + 24290i 
-26511 + 26512i 
-28733 + 28734i 
-30955 + 30956i 
-33177 + 33178i 
-35399 + 35400i 
-37621 + 37622i 
-39843 + 39844i 
-42065 + 42066i 
-44287 + 44288i 
-46509 + 46510i 
-48731 + 48732i 
-50953 + 50954i 
-53175 + 53176i 
-55397 + 55398i 
-57619 + 57620i 
-59841 + 59842i 
-62063 + 62064i 
-64285 + 64286i 
+8736 + 10958i 
+13180 + 15402i 
+17624 + 19846i 
+22068 + 24290i 
+26512 + 28734i 
+30956 + 33178i 
+35400 + 37622i 
+39844 + 42066i 
+44288 + 46510i 
+48732 + 50954i 
+53176 + 55398i 
+57620 + 59842i 
+62064 + 64286i 
+0 + 0i 
+0 + 0i 
+0 + 0i 
+0 + 0i 
+0 + 0i 
+0 + 0i 
+0 + 0i 
+0 + 0i 
+0 + 0i 
+0 + 0i 
+0 + 0i 
+0 + 0i 
+0 + 0i 
 
340. mat5_uncompressed_readslab_be.at:1070: 340. Read linear slab of 64-bit unsigned integer complex array (mat5_uncompressed_readslab_be.at:1070): FAILED (mat5_uncompressed_readslab_be.at:1072)

#                             -*- compilation -*-
341. mat5_uncompressed_readslab_be.at:1103: testing Read linear slab of 32-bit integer complex array ...
./mat5_uncompressed_readslab_be.at:1105: $builddir/../tools/matdump -d $srcdir/datasets/matio_test_cases_uncompressed_be.mat var84\(3257:1111:end\)
stderr:
--- -	2016-01-19 16:22:17.097405361 +0100
+++ /home/marten/Projects/matio-matio/test/testsuite.dir/at-groups/341/stdout	2016-01-19 16:22:17.090316638 +0100
@@ -1,28 +1,28 @@
 6513 + 6514i 
-8735 + 8736i 
-10957 + 10958i 
-13179 + 13180i 
-15401 + 15402i 
-17623 + 17624i 
-19845 + 19846i 
-22067 + 22068i 
-24289 + 24290i 
-26511 + 26512i 
-28733 + 28734i 
-30955 + 30956i 
-33177 + 33178i 
-35399 + 35400i 
-37621 + 37622i 
-39843 + 39844i 
-42065 + 42066i 
-44287 + 44288i 
-46509 + 46510i 
-48731 + 48732i 
-50953 + 50954i 
-53175 + 53176i 
-55397 + 55398i 
-57619 + 57620i 
-59841 + 59842i 
-62063 + 62064i 
-64285 + 64286i 
+8736 + 10958i 
+13180 + 15402i 
+17624 + 19846i 
+22068 + 24290i 
+26512 + 28734i 
+30956 + 33178i 
+35400 + 37622i 
+39844 + 42066i 
+44288 + 46510i 
+48732 + 50954i 
+53176 + 55398i 
+57620 + 59842i 
+62064 + 64286i 
+0 + 0i 
+0 + 0i 
+0 + 0i 
+0 + 0i 
+0 + 0i 
+0 + 0i 
+0 + 0i 
+0 + 0i 
+0 + 0i 
+0 + 0i 
+0 + 0i 
+0 + 0i 
+0 + 0i 
 
341. mat5_uncompressed_readslab_be.at:1103: 341. Read linear slab of 32-bit integer complex array (mat5_uncompressed_readslab_be.at:1103): FAILED (mat5_uncompressed_readslab_be.at:1105)

#                             -*- compilation -*-
342. mat5_uncompressed_readslab_be.at:1136: testing Read linear slab of 32-bit unsigned integer complex array ...
./mat5_uncompressed_readslab_be.at:1138: $builddir/../tools/matdump -d $srcdir/datasets/matio_test_cases_uncompressed_be.mat var85\(3257:1111:end\)
stderr:
--- -	2016-01-19 16:22:17.117508481 +0100
+++ /home/marten/Projects/matio-matio/test/testsuite.dir/at-groups/342/stdout	2016-01-19 16:22:17.110316639 +0100
@@ -1,28 +1,28 @@
 6513 + 6514i 
-8735 + 8736i 
-10957 + 10958i 
-13179 + 13180i 
-15401 + 15402i 
-17623 + 17624i 
-19845 + 19846i 
-22067 + 22068i 
-24289 + 24290i 
-26511 + 26512i 
-28733 + 28734i 
-30955 + 30956i 
-33177 + 33178i 
-35399 + 35400i 
-37621 + 37622i 
-39843 + 39844i 
-42065 + 42066i 
-44287 + 44288i 
-46509 + 46510i 
-48731 + 48732i 
-50953 + 50954i 
-53175 + 53176i 
-55397 + 55398i 
-57619 + 57620i 
-59841 + 59842i 
-62063 + 62064i 
-64285 + 64286i 
+8736 + 10958i 
+13180 + 15402i 
+17624 + 19846i 
+22068 + 24290i 
+26512 + 28734i 
+30956 + 33178i 
+35400 + 37622i 
+39844 + 42066i 
+44288 + 46510i 
+48732 + 50954i 
+53176 + 55398i 
+57620 + 59842i 
+62064 + 64286i 
+0 + 0i 
+0 + 0i 
+0 + 0i 
+0 + 0i 
+0 + 0i 
+0 + 0i 
+0 + 0i 
+0 + 0i 
+0 + 0i 
+0 + 0i 
+0 + 0i 
+0 + 0i 
+0 + 0i 
 
342. mat5_uncompressed_readslab_be.at:1136: 342. Read linear slab of 32-bit unsigned integer complex array (mat5_uncompressed_readslab_be.at:1136): FAILED (mat5_uncompressed_readslab_be.at:1138)

#                             -*- compilation -*-
343. mat5_uncompressed_readslab_be.at:1169: testing Read linear slab of 16-bit integer complex array ...
./mat5_uncompressed_readslab_be.at:1171: $builddir/../tools/matdump -d $srcdir/datasets/matio_test_cases_uncompressed_be.mat var86\(3257:1111:end\)
stderr:
--- -	2016-01-19 16:22:17.138071581 +0100
+++ /home/marten/Projects/matio-matio/test/testsuite.dir/at-groups/343/stdout	2016-01-19 16:22:17.130316640 +0100
@@ -1,28 +1,28 @@
 -10654 + 2041i 
--5682 + -8946i 
-23505 + -19284i 
--29808 + -793i 
-14361 + 14250i 
-24577 + 10449i 
-10061 + -10980i 
-2278 + 30610i 
-30584 + -16154i 
--10092 + -15599i 
--28226 + 856i 
-18653 + 19236i 
-9803 + 32660i 
-10182 + -32150i 
-30378 + 32495i 
-19696 + -11216i 
--30489 + -3723i 
-31624 + -2321i 
-6915 + -18372i 
-8442 + -9731i 
--16034 + -3060i 
--30068 + -24676i 
-7227 + -17710i 
--22074 + 4538i 
-5373 + 10851i 
--12908 + 17807i 
-10850 + 7874i 
+-8946 + -19284i 
+-793 + 14250i 
+10449 + -10980i 
+30610 + -16154i 
+-15599 + 856i 
+19236 + 32660i 
+-32150 + 32495i 
+-11216 + -3723i 
+-2321 + -18372i 
+-9731 + -3060i 
+-24676 + -17710i 
+4538 + 10851i 
+17807 + 7874i 
+-1712 + 325i 
+0 + 0i 
+-400 + 325i 
+0 + 0i 
+912 + 326i 
+0 + 0i 
+2224 + 326i 
+0 + 0i 
+3536 + 326i 
+0 + 0i 
+4848 + 326i 
+0 + 0i 
+6160 + 326i 
 
343. mat5_uncompressed_readslab_be.at:1169: 343. Read linear slab of 16-bit integer complex array (mat5_uncompressed_readslab_be.at:1169): FAILED (mat5_uncompressed_readslab_be.at:1171)

#                             -*- compilation -*-
344. mat5_uncompressed_readslab_be.at:1202: testing Read linear slab of 16-bit unsigned integer complex array ...
./mat5_uncompressed_readslab_be.at:1204: $builddir/../tools/matdump -d $srcdir/datasets/matio_test_cases_uncompressed_be.mat var87\(3257:1111:end\)
stderr:
--- -	2016-01-19 16:22:17.159037959 +0100
+++ /home/marten/Projects/matio-matio/test/testsuite.dir/at-groups/344/stdout	2016-01-19 16:22:17.154316641 +0100
@@ -1,28 +1,28 @@
 18653 + 18059i 
-30454 + 36469i 
-11090 + 49102i 
-51945 + 25659i 
-59160 + 51510i 
-39866 + 61119i 
-53268 + 43019i 
-43356 + 9321i 
-32869 + 31981i 
-38858 + 37281i 
-62411 + 63389i 
-58886 + 55340i 
-36223 + 10839i 
-62276 + 52727i 
-9244 + 37001i 
-36878 + 2671i 
-15788 + 12333i 
-4031 + 15964i 
-29959 + 25528i 
-42025 + 16986i 
-22838 + 65016i 
-22738 + 31838i 
-47727 + 42512i 
-53210 + 45773i 
-39345 + 36843i 
-39409 + 52620i 
-9100 + 59236i 
+36469 + 49102i 
+25659 + 51510i 
+61119 + 43019i 
+9321 + 31981i 
+37281 + 63389i 
+55340 + 10839i 
+52727 + 37001i 
+2671 + 12333i 
+15964 + 25528i 
+16986 + 65016i 
+31838 + 42512i 
+45773 + 36843i 
+52620 + 59236i 
+31056 + 263i 
+0 + 0i 
+32368 + 263i 
+0 + 0i 
+33680 + 263i 
+0 + 0i 
+34992 + 263i 
+0 + 0i 
+36304 + 263i 
+0 + 0i 
+37616 + 263i 
+0 + 0i 
+38928 + 263i 
 
344. mat5_uncompressed_readslab_be.at:1202: 344. Read linear slab of 16-bit unsigned integer complex array (mat5_uncompressed_readslab_be.at:1202): FAILED (mat5_uncompressed_readslab_be.at:1204)

#                             -*- compilation -*-
345. mat5_uncompressed_readslab_be.at:1235: testing Read linear slab of 8-bit integer complex array ...
./mat5_uncompressed_readslab_be.at:1237: $builddir/../tools/matdump -d $srcdir/datasets/matio_test_cases_uncompressed_be.mat var88\(3257:1111:end\)
stderr:
--- -	2016-01-19 16:22:17.179116618 +0100
+++ /home/marten/Projects/matio-matio/test/testsuite.dir/at-groups/345/stdout	2016-01-19 16:22:17.174316641 +0100
@@ -1,28 +1,28 @@
 -58 + 9i 
-37 + -39i 
-28 + 59i 
-55 + -63i 
--67 + -87i 
-82 + -113i 
-38 + 85i 
-89 + 115i 
-84 + 100i 
-1 + -29i 
--106 + -92i 
-95 + 57i 
--104 + -80i 
--95 + -84i 
--14 + -123i 
--31 + -60i 
--27 + 2i 
--104 + -30i 
-117 + 121i 
-36 + 104i 
--49 + -121i 
--117 + 114i 
--98 + 73i 
-40 + -4i 
-123 + 33i 
--1 + 64i 
-112 + -45i 
+-39 + 59i 
+-63 + -87i 
+-113 + 85i 
+115 + 100i 
+-29 + -92i 
+57 + -80i 
+-84 + -123i 
+-60 + 2i 
+-30 + 121i 
+104 + -121i 
+114 + 73i 
+-4 + 33i 
+64 + -45i 
+0 + 0i 
+0 + 0i 
+-64 + 60i 
+16 + 2i 
+0 + 0i 
+0 + 0i 
+16 + 53i 
+16 + 2i 
+0 + 0i 
+0 + 0i 
+0 + 0i 
+0 + 0i 
+0 + 0i 
 
345. mat5_uncompressed_readslab_be.at:1235: 345. Read linear slab of 8-bit integer complex array (mat5_uncompressed_readslab_be.at:1235): FAILED (mat5_uncompressed_readslab_be.at:1237)

#                             -*- compilation -*-
346. mat5_uncompressed_readslab_be.at:1268: testing Read linear slab of 8-bit unsigned integer complex array ...
./mat5_uncompressed_readslab_be.at:1270: $builddir/../tools/matdump -d $srcdir/datasets/matio_test_cases_uncompressed_be.mat var89\(3257:1111:end\)
stderr:
--- -	2016-01-19 16:22:17.198609887 +0100
+++ /home/marten/Projects/matio-matio/test/testsuite.dir/at-groups/346/stdout	2016-01-19 16:22:17.194316642 +0100
@@ -1,28 +1,28 @@
 20 + 13i 
-181 + 222i 
-139 + 184i 
-151 + 35i 
-120 + 204i 
-222 + 111i 
-138 + 19i 
-36 + 68i 
-111 + 184i 
-9 + 93i 
-199 + 135i 
-166 + 215i 
-216 + 131i 
-79 + 233i 
-120 + 64i 
-133 + 175i 
-46 + 199i 
-233 + 68i 
-182 + 186i 
-170 + 48i 
-222 + 94i 
-160 + 144i 
-53 + 199i 
-43 + 251i 
-224 + 206i 
-162 + 102i 
-179 + 205i 
+222 + 184i 
+35 + 204i 
+111 + 19i 
+68 + 184i 
+93 + 135i 
+215 + 131i 
+233 + 64i 
+175 + 199i 
+68 + 186i 
+48 + 94i 
+144 + 199i 
+251 + 206i 
+102 + 205i 
+0 + 0i 
+0 + 0i 
+192 + 252i 
+139 + 0i 
+0 + 0i 
+0 + 0i 
+16 + 245i 
+139 + 0i 
+0 + 0i 
+0 + 0i 
+0 + 0i 
+0 + 0i 
+0 + 0i 
 
346. mat5_uncompressed_readslab_be.at:1268: 346. Read linear slab of 8-bit unsigned integer complex array (mat5_uncompressed_readslab_be.at:1268): FAILED (mat5_uncompressed_readslab_be.at:1270)

#                             -*- compilation -*-
369. mat5_compressed_read_be.at:425: testing Read double-precision sparse complex array ...
./mat5_compressed_read_be.at:427: $builddir/test_mat readvar $srcdir/datasets/matio_test_cases_compressed_be.mat var22
stderr:
--- -	2016-01-19 16:22:17.702926878 +0100
+++ /home/marten/Projects/matio-matio/test/testsuite.dir/at-groups/369/stdout	2016-01-19 16:22:17.698316661 +0100
@@ -4,10 +4,10 @@
 Class Type: Sparse Array (complex)
  Data Type: IEEE 754 double-precision
 {
-    (1,1)  1 + 6i
-    (2,2)  2 + 7i
-    (3,3)  3 + 8i
-    (4,4)  4 + 9i
-    (5,5)  5 + 10i
+    (1,1)  6 + 7i
+    (2,2)  8 + 9i
+    (3,3)  10 + 0i
+    (4,4)  0 + 0i
+    (5,5)  0 + 0i
 }
 
369. mat5_compressed_read_be.at:425: 369. Read double-precision sparse complex array (mat5_compressed_read_be.at:425): FAILED (mat5_compressed_read_be.at:427)

#                             -*- compilation -*-
397. mat5_compressed_read_be.at:1641: testing Read structure array with complex double-precision sparse fields ...
./mat5_compressed_read_be.at:1643: $builddir/test_mat readvar $srcdir/datasets/matio_test_cases_compressed_be.mat var49
stderr:
--- -	2016-01-19 16:22:18.329658627 +0100
+++ /home/marten/Projects/matio-matio/test/testsuite.dir/at-groups/397/stdout	2016-01-19 16:22:18.322316683 +0100
@@ -10,20 +10,20 @@
 Class Type: Sparse Array (complex)
  Data Type: IEEE 754 double-precision
 {
-    (1,1)  1 + 21i
-    (1,2)  5 + 25i
-    (2,2)  6 + 26i
-    (1,3)  9 + 29i
-    (2,3)  10 + 30i
-    (3,3)  11 + 31i
-    (1,4)  13 + 33i
-    (2,4)  14 + 34i
-    (3,4)  15 + 35i
-    (4,4)  16 + 36i
-    (1,5)  17 + 37i
-    (2,5)  18 + 38i
-    (3,5)  19 + 39i
-    (4,5)  20 + 40i
+    (1,1)  21 + 25i
+    (1,2)  26 + 29i
+    (2,2)  30 + 31i
+    (1,3)  33 + 34i
+    (2,3)  35 + 36i
+    (3,3)  37 + 38i
+    (1,4)  39 + 40i
+    (2,4)  0 + 0i
+    (3,4)  0 + 0i
+    (4,4)  0 + 0i
+    (1,5)  0 + 0i
+    (2,5)  0 + 0i
+    (3,5)  0 + 0i
+    (4,5)  0 + 0i
 }
       Name: field2
       Rank: 2
@@ -31,20 +31,20 @@
 Class Type: Sparse Array (complex)
  Data Type: IEEE 754 double-precision
 {
-    (1,1)  1 + -21i
-    (2,1)  5 + -25i
-    (3,1)  9 + -29i
-    (4,1)  13 + -33i
-    (5,1)  17 + -37i
-    (2,2)  6 + -26i
-    (3,2)  10 + -30i
-    (4,2)  14 + -34i
-    (5,2)  18 + -38i
-    (3,3)  11 + -31i
-    (4,3)  15 + -35i
-    (5,3)  19 + -39i
-    (4,4)  16 + -36i
-    (5,4)  20 + -40i
+    (1,1)  -21 + -25i
+    (2,1)  -29 + -33i
+    (3,1)  -37 + -26i
+    (4,1)  -30 + -34i
+    (5,1)  -38 + -31i
+    (2,2)  -35 + -39i
+    (3,2)  -36 + -40i
+    (4,2)  8.48798e-314 + 1.2732e-313i
+    (5,2)  6.91913e-310 + 6.91913e-310i
+    (3,3)  1.061e-313 + 5.87793e-312i
+    (4,3)  6.19623e-312 + 9.32166e-317i
+    (5,3)  9.73485e-309 + 9.73485e-309i
+    (4,4)  8.34418e-309 + 9.73483e-309i
+    (5,4)  9.73485e-309 + 9.73485e-309i
 }
 }
 
397. mat5_compressed_read_be.at:1641: 397. Read structure array with complex double-precision sparse fields (mat5_compressed_read_be.at:1641): FAILED (mat5_compressed_read_be.at:1643)

#                             -*- compilation -*-
413. mat5_compressed_read_be.at:2591: testing Read cell array with complex double-precision sparse arrays ...
./mat5_compressed_read_be.at:2593: $builddir/test_mat readvar $srcdir/datasets/matio_test_cases_compressed_be.mat var64
stderr:
--- -	2016-01-19 16:22:18.697229169 +0100
+++ /home/marten/Projects/matio-matio/test/testsuite.dir/at-groups/413/stdout	2016-01-19 16:22:18.690316697 +0100
@@ -9,40 +9,40 @@
 Class Type: Sparse Array (complex)
  Data Type: IEEE 754 double-precision
 {
-    (1,1)  1 + 21i
-    (1,2)  5 + 25i
-    (2,2)  6 + 26i
-    (1,3)  9 + 29i
-    (2,3)  10 + 30i
-    (3,3)  11 + 31i
-    (1,4)  13 + 33i
-    (2,4)  14 + 34i
-    (3,4)  15 + 35i
-    (4,4)  16 + 36i
-    (1,5)  17 + 37i
-    (2,5)  18 + 38i
-    (3,5)  19 + 39i
-    (4,5)  20 + 40i
+    (1,1)  21 + 25i
+    (1,2)  26 + 29i
+    (2,2)  30 + 31i
+    (1,3)  33 + 34i
+    (2,3)  35 + 36i
+    (3,3)  37 + 38i
+    (1,4)  39 + 40i
+    (2,4)  0 + 1.06718e-321i
+    (3,4)  0 + 0i
+    (4,4)  6.94651e-310 + 6.94651e-310i
+    (1,5)  0 + 3.40905e-322i
+    (2,5)  6.46481e-315 + 0i
+    (3,5)  0 + 5.95492e-319i
+    (4,5)  8.5624e-317 + 6.94651e-310i
 }
       Rank: 2
 Dimensions: 5 x 4
 Class Type: Sparse Array (complex)
  Data Type: IEEE 754 double-precision
 {
-    (1,1)  1 + -21i
-    (2,1)  5 + -25i
-    (3,1)  9 + -29i
-    (4,1)  13 + -33i
-    (5,1)  17 + -37i
-    (2,2)  6 + -26i
-    (3,2)  10 + -30i
-    (4,2)  14 + -34i
-    (5,2)  18 + -38i
-    (3,3)  11 + -31i
-    (4,3)  15 + -35i
-    (5,3)  19 + -39i
-    (4,4)  16 + -36i
-    (5,4)  20 + -40i
+    (1,1)  -21 + -25i
+    (2,1)  -29 + -33i
+    (3,1)  -37 + -26i
+    (4,1)  -30 + -34i
+    (5,1)  -38 + -31i
+    (2,2)  -35 + -39i
+    (3,2)  -36 + -40i
+    (4,2)  0 + 0i
+    (5,2)  0 + 0i
+    (3,3)  2.26654e-318 + 0i
+    (4,3)  0 + 0i
+    (5,3)  1.4854e-313 + 1.4854e-313i
+    (4,4)  0 + 0i
+    (5,4)  0 + 0i
 }
 }
 
413. mat5_compressed_read_be.at:2591: 413. Read cell array with complex double-precision sparse arrays (mat5_compressed_read_be.at:2591): FAILED (mat5_compressed_read_be.at:2593)

#                             -*- compilation -*-
417. mat5_compressed_read_be.at:3602: testing Read cell array with structure arrays (sparse fields) ...
./mat5_compressed_read_be.at:3604: $builddir/test_mat readvar $srcdir/datasets/matio_test_cases_compressed_be.mat var68
stderr:
--- -	2016-01-19 16:22:18.792410897 +0100
+++ /home/marten/Projects/matio-matio/test/testsuite.dir/at-groups/417/stdout	2016-01-19 16:22:18.786316701 +0100
@@ -63,20 +63,20 @@
 Class Type: Sparse Array (complex)
  Data Type: IEEE 754 double-precision
 {
-    (1,1)  1 + 21i
-    (1,2)  5 + 25i
-    (2,2)  6 + 26i
-    (1,3)  9 + 29i
-    (2,3)  10 + 30i
-    (3,3)  11 + 31i
-    (1,4)  13 + 33i
-    (2,4)  14 + 34i
-    (3,4)  15 + 35i
-    (4,4)  16 + 36i
-    (1,5)  17 + 37i
-    (2,5)  18 + 38i
-    (3,5)  19 + 39i
-    (4,5)  20 + 40i
+    (1,1)  21 + 25i
+    (1,2)  26 + 29i
+    (2,2)  30 + 31i
+    (1,3)  33 + 34i
+    (2,3)  35 + 36i
+    (3,3)  37 + 38i
+    (1,4)  39 + 40i
+    (2,4)  9.20663e-317 + 0i
+    (3,4)  2.122e-314 + 0i
+    (4,4)  0 + 7.16395e-322i
+    (1,5)  9.08676e-317 + 9.20638e-317i
+    (2,5)  4.80429e-320 + 4.80429e-320i
+    (3,5)  0 + 0i
+    (4,5)  0 + 9.26612e-317i
 }
       Name: field2
       Rank: 2
@@ -84,20 +84,20 @@
 Class Type: Sparse Array (complex)
  Data Type: IEEE 754 double-precision
 {
-    (1,1)  1 + -21i
-    (2,1)  5 + -25i
-    (3,1)  9 + -29i
-    (4,1)  13 + -33i
-    (5,1)  17 + -37i
-    (2,2)  6 + -26i
-    (3,2)  10 + -30i
-    (4,2)  14 + -34i
-    (5,2)  18 + -38i
-    (3,3)  11 + -31i
-    (4,3)  15 + -35i
-    (5,3)  19 + -39i
-    (4,4)  16 + -36i
-    (5,4)  20 + -40i
+    (1,1)  -21 + -25i
+    (2,1)  -29 + -33i
+    (3,1)  -37 + -26i
+    (4,1)  -30 + -34i
+    (5,1)  -38 + -31i
+    (2,2)  -35 + -39i
+    (3,2)  -36 + -40i
+    (4,2)  1.9098e-313 + 1.4854e-313i
+    (5,2)  9.2074e-317 + 9.20841e-317i
+    (3,3)  1.2732e-313 + 6.00525e-312i
+    (4,3)  6.55697e-312 + 9.20856e-317i
+    (5,3)  9.73485e-309 + 9.73485e-309i
+    (4,4)  9.73485e-309 + 9.73483e-309i
+    (5,4)  1.11255e-308 + 1.11255e-308i
 }
 }
 }
417. mat5_compressed_read_be.at:3602: 417. Read cell array with structure arrays (sparse fields) (mat5_compressed_read_be.at:3602): FAILED (mat5_compressed_read_be.at:3604)

#                             -*- compilation -*-
419. mat5_compressed_readslab_be.at:1: testing Read slab of double-precision array ...
./mat5_compressed_readslab_be.at:4: $builddir/../tools/matdump -d $srcdir/datasets/matio_test_cases_compressed_be.mat var70\(2:3:end,4:5:end,8:16:end\)
stderr:
/home/marten/Projects/matio-matio/test/testsuite.dir/at-groups/419/test-source: line 54: 10601 Segmentation fault      (core dumped) $builddir/../tools/matdump -d $srcdir/datasets/matio_test_cases_compressed_be.mat var70\(2:3:end,4:5:end,8:16:end\)
--- -	2016-01-19 16:22:18.966803167 +0100
+++ /home/marten/Projects/matio-matio/test/testsuite.dir/at-groups/419/stdout	2016-01-19 16:22:18.962316707 +0100
@@ -1,27 +1 @@
-var70(:,:,0) = 
-    7266 7426 7586 7746 7906 8066 
-    7269 7429 7589 7749 7909 8069 
-    7272 7432 7592 7752 7912 8072 
-    7275 7435 7595 7755 7915 8075 
-    7278 7438 7598 7758 7918 8078 
-    7281 7441 7601 7761 7921 8081 
-    7284 7444 7604 7764 7924 8084 
-    7287 7447 7607 7767 7927 8087 
-    7290 7450 7610 7770 7930 8090 
-    7293 7453 7613 7773 7933 8093 
-    7296 7456 7616 7776 7936 8096 
-
-var70(:,:,1) = 
-    23650 23810 23970 24130 24290 24450 
-    23653 23813 23973 24133 24293 24453 
-    23656 23816 23976 24136 24296 24456 
-    23659 23819 23979 24139 24299 24459 
-    23662 23822 23982 24142 24302 24462 
-    23665 23825 23985 24145 24305 24465 
-    23668 23828 23988 24148 24308 24468 
-    23671 23831 23991 24151 24311 24471 
-    23674 23834 23994 24154 24314 24474 
-    23677 23837 23997 24157 24317 24477 
-    23680 23840 24000 24160 24320 24480 
-
 
./mat5_compressed_readslab_be.at:4: exit code was 139, expected 0
419. mat5_compressed_readslab_be.at:1: 419. Read slab of double-precision array (mat5_compressed_readslab_be.at:1): FAILED (mat5_compressed_readslab_be.at:4)

#                             -*- compilation -*-
420. mat5_compressed_readslab_be.at:34: testing Read slab of single-precision array ...
./mat5_compressed_readslab_be.at:37: $builddir/../tools/matdump -d $srcdir/datasets/matio_test_cases_compressed_be.mat var71\(2:3:end,4:5:end,8:16:end\)
stderr:
/home/marten/Projects/matio-matio/test/testsuite.dir/at-groups/420/test-source: line 54: 10629 Segmentation fault      (core dumped) $builddir/../tools/matdump -d $srcdir/datasets/matio_test_cases_compressed_be.mat var71\(2:3:end,4:5:end,8:16:end\)
--- -	2016-01-19 16:22:19.076950078 +0100
+++ /home/marten/Projects/matio-matio/test/testsuite.dir/at-groups/420/stdout	2016-01-19 16:22:19.070316711 +0100
@@ -1,27 +1 @@
-var71(:,:,0) = 
-    7266 7426 7586 7746 7906 8066 
-    7269 7429 7589 7749 7909 8069 
-    7272 7432 7592 7752 7912 8072 
-    7275 7435 7595 7755 7915 8075 
-    7278 7438 7598 7758 7918 8078 
-    7281 7441 7601 7761 7921 8081 
-    7284 7444 7604 7764 7924 8084 
-    7287 7447 7607 7767 7927 8087 
-    7290 7450 7610 7770 7930 8090 
-    7293 7453 7613 7773 7933 8093 
-    7296 7456 7616 7776 7936 8096 
-
-var71(:,:,1) = 
-    23650 23810 23970 24130 24290 24450 
-    23653 23813 23973 24133 24293 24453 
-    23656 23816 23976 24136 24296 24456 
-    23659 23819 23979 24139 24299 24459 
-    23662 23822 23982 24142 24302 24462 
-    23665 23825 23985 24145 24305 24465 
-    23668 23828 23988 24148 24308 24468 
-    23671 23831 23991 24151 24311 24471 
-    23674 23834 23994 24154 24314 24474 
-    23677 23837 23997 24157 24317 24477 
-    23680 23840 24000 24160 24320 24480 
-
 
./mat5_compressed_readslab_be.at:37: exit code was 139, expected 0
420. mat5_compressed_readslab_be.at:34: 420. Read slab of single-precision array (mat5_compressed_readslab_be.at:34): FAILED (mat5_compressed_readslab_be.at:37)

#                             -*- compilation -*-
421. mat5_compressed_readslab_be.at:67: testing Read slab of 64-bit integer array ...
./mat5_compressed_readslab_be.at:70: $builddir/../tools/matdump -d $srcdir/datasets/matio_test_cases_compressed_be.mat var72\(2:3:end,4:5:end,8:16:end\)
stderr:
/home/marten/Projects/matio-matio/test/testsuite.dir/at-groups/421/test-source: line 54: 10657 Segmentation fault      (core dumped) $builddir/../tools/matdump -d $srcdir/datasets/matio_test_cases_compressed_be.mat var72\(2:3:end,4:5:end,8:16:end\)
--- -	2016-01-19 16:22:19.187288938 +0100
+++ /home/marten/Projects/matio-matio/test/testsuite.dir/at-groups/421/stdout	2016-01-19 16:22:19.182316715 +0100
@@ -1,27 +1 @@
-var72(:,:,0) = 
-    7266 7426 7586 7746 7906 8066 
-    7269 7429 7589 7749 7909 8069 
-    7272 7432 7592 7752 7912 8072 
-    7275 7435 7595 7755 7915 8075 
-    7278 7438 7598 7758 7918 8078 
-    7281 7441 7601 7761 7921 8081 
-    7284 7444 7604 7764 7924 8084 
-    7287 7447 7607 7767 7927 8087 
-    7290 7450 7610 7770 7930 8090 
-    7293 7453 7613 7773 7933 8093 
-    7296 7456 7616 7776 7936 8096 
-
-var72(:,:,1) = 
-    23650 23810 23970 24130 24290 24450 
-    23653 23813 23973 24133 24293 24453 
-    23656 23816 23976 24136 24296 24456 
-    23659 23819 23979 24139 24299 24459 
-    23662 23822 23982 24142 24302 24462 
-    23665 23825 23985 24145 24305 24465 
-    23668 23828 23988 24148 24308 24468 
-    23671 23831 23991 24151 24311 24471 
-    23674 23834 23994 24154 24314 24474 
-    23677 23837 23997 24157 24317 24477 
-    23680 23840 24000 24160 24320 24480 
-
 
./mat5_compressed_readslab_be.at:70: exit code was 139, expected 0
421. mat5_compressed_readslab_be.at:67: 421. Read slab of 64-bit integer array (mat5_compressed_readslab_be.at:67): FAILED (mat5_compressed_readslab_be.at:70)

#                             -*- compilation -*-
422. mat5_compressed_readslab_be.at:100: testing Read slab of 64-bit unsigned integer array ...
./mat5_compressed_readslab_be.at:103: $builddir/../tools/matdump -d $srcdir/datasets/matio_test_cases_compressed_be.mat var73\(2:3:end,4:5:end,8:16:end\)
stderr:
/home/marten/Projects/matio-matio/test/testsuite.dir/at-groups/422/test-source: line 54: 10685 Segmentation fault      (core dumped) $builddir/../tools/matdump -d $srcdir/datasets/matio_test_cases_compressed_be.mat var73\(2:3:end,4:5:end,8:16:end\)
--- -	2016-01-19 16:22:19.297277790 +0100
+++ /home/marten/Projects/matio-matio/test/testsuite.dir/at-groups/422/stdout	2016-01-19 16:22:19.290316719 +0100
@@ -1,27 +1 @@
-var73(:,:,0) = 
-    7266 7426 7586 7746 7906 8066 
-    7269 7429 7589 7749 7909 8069 
-    7272 7432 7592 7752 7912 8072 
-    7275 7435 7595 7755 7915 8075 
-    7278 7438 7598 7758 7918 8078 
-    7281 7441 7601 7761 7921 8081 
-    7284 7444 7604 7764 7924 8084 
-    7287 7447 7607 7767 7927 8087 
-    7290 7450 7610 7770 7930 8090 
-    7293 7453 7613 7773 7933 8093 
-    7296 7456 7616 7776 7936 8096 
-
-var73(:,:,1) = 
-    23650 23810 23970 24130 24290 24450 
-    23653 23813 23973 24133 24293 24453 
-    23656 23816 23976 24136 24296 24456 
-    23659 23819 23979 24139 24299 24459 
-    23662 23822 23982 24142 24302 24462 
-    23665 23825 23985 24145 24305 24465 
-    23668 23828 23988 24148 24308 24468 
-    23671 23831 23991 24151 24311 24471 
-    23674 23834 23994 24154 24314 24474 
-    23677 23837 23997 24157 24317 24477 
-    23680 23840 24000 24160 24320 24480 
-
 
./mat5_compressed_readslab_be.at:103: exit code was 139, expected 0
422. mat5_compressed_readslab_be.at:100: 422. Read slab of 64-bit unsigned integer array (mat5_compressed_readslab_be.at:100): FAILED (mat5_compressed_readslab_be.at:103)

#                             -*- compilation -*-
423. mat5_compressed_readslab_be.at:133: testing Read slab of 32-bit integer array ...
./mat5_compressed_readslab_be.at:136: $builddir/../tools/matdump -d $srcdir/datasets/matio_test_cases_compressed_be.mat var74\(2:3:end,4:5:end,8:16:end\)
stderr:
/home/marten/Projects/matio-matio/test/testsuite.dir/at-groups/423/test-source: line 54: 10713 Segmentation fault      (core dumped) $builddir/../tools/matdump -d $srcdir/datasets/matio_test_cases_compressed_be.mat var74\(2:3:end,4:5:end,8:16:end\)
--- -	2016-01-19 16:22:19.407663148 +0100
+++ /home/marten/Projects/matio-matio/test/testsuite.dir/at-groups/423/stdout	2016-01-19 16:22:19.402316723 +0100
@@ -1,27 +1 @@
-var74(:,:,0) = 
-    7266 7426 7586 7746 7906 8066 
-    7269 7429 7589 7749 7909 8069 
-    7272 7432 7592 7752 7912 8072 
-    7275 7435 7595 7755 7915 8075 
-    7278 7438 7598 7758 7918 8078 
-    7281 7441 7601 7761 7921 8081 
-    7284 7444 7604 7764 7924 8084 
-    7287 7447 7607 7767 7927 8087 
-    7290 7450 7610 7770 7930 8090 
-    7293 7453 7613 7773 7933 8093 
-    7296 7456 7616 7776 7936 8096 
-
-var74(:,:,1) = 
-    23650 23810 23970 24130 24290 24450 
-    23653 23813 23973 24133 24293 24453 
-    23656 23816 23976 24136 24296 24456 
-    23659 23819 23979 24139 24299 24459 
-    23662 23822 23982 24142 24302 24462 
-    23665 23825 23985 24145 24305 24465 
-    23668 23828 23988 24148 24308 24468 
-    23671 23831 23991 24151 24311 24471 
-    23674 23834 23994 24154 24314 24474 
-    23677 23837 23997 24157 24317 24477 
-    23680 23840 24000 24160 24320 24480 
-
 
./mat5_compressed_readslab_be.at:136: exit code was 139, expected 0
423. mat5_compressed_readslab_be.at:133: 423. Read slab of 32-bit integer array (mat5_compressed_readslab_be.at:133): FAILED (mat5_compressed_readslab_be.at:136)

#                             -*- compilation -*-
424. mat5_compressed_readslab_be.at:166: testing Read slab of 32-bit unsigned integer array ...
./mat5_compressed_readslab_be.at:169: $builddir/../tools/matdump -d $srcdir/datasets/matio_test_cases_compressed_be.mat var75\(2:3:end,4:5:end,8:16:end\)
stderr:
/home/marten/Projects/matio-matio/test/testsuite.dir/at-groups/424/test-source: line 54: 10741 Segmentation fault      (core dumped) $builddir/../tools/matdump -d $srcdir/datasets/matio_test_cases_compressed_be.mat var75\(2:3:end,4:5:end,8:16:end\)
--- -	2016-01-19 16:22:19.517448696 +0100
+++ /home/marten/Projects/matio-matio/test/testsuite.dir/at-groups/424/stdout	2016-01-19 16:22:19.510316727 +0100
@@ -1,27 +1 @@
-var75(:,:,0) = 
-    7266 7426 7586 7746 7906 8066 
-    7269 7429 7589 7749 7909 8069 
-    7272 7432 7592 7752 7912 8072 
-    7275 7435 7595 7755 7915 8075 
-    7278 7438 7598 7758 7918 8078 
-    7281 7441 7601 7761 7921 8081 
-    7284 7444 7604 7764 7924 8084 
-    7287 7447 7607 7767 7927 8087 
-    7290 7450 7610 7770 7930 8090 
-    7293 7453 7613 7773 7933 8093 
-    7296 7456 7616 7776 7936 8096 
-
-var75(:,:,1) = 
-    23650 23810 23970 24130 24290 24450 
-    23653 23813 23973 24133 24293 24453 
-    23656 23816 23976 24136 24296 24456 
-    23659 23819 23979 24139 24299 24459 
-    23662 23822 23982 24142 24302 24462 
-    23665 23825 23985 24145 24305 24465 
-    23668 23828 23988 24148 24308 24468 
-    23671 23831 23991 24151 24311 24471 
-    23674 23834 23994 24154 24314 24474 
-    23677 23837 23997 24157 24317 24477 
-    23680 23840 24000 24160 24320 24480 
-
 
./mat5_compressed_readslab_be.at:169: exit code was 139, expected 0
424. mat5_compressed_readslab_be.at:166: 424. Read slab of 32-bit unsigned integer array (mat5_compressed_readslab_be.at:166): FAILED (mat5_compressed_readslab_be.at:169)

#                             -*- compilation -*-
425. mat5_compressed_readslab_be.at:199: testing Read slab of 16-bit integer array ...
./mat5_compressed_readslab_be.at:202: $builddir/../tools/matdump -d $srcdir/datasets/matio_test_cases_compressed_be.mat var76\(2:3:end,4:5:end,8:16:end\)
stderr:
/home/marten/Projects/matio-matio/test/testsuite.dir/at-groups/425/test-source: line 54: 10769 Segmentation fault      (core dumped) $builddir/../tools/matdump -d $srcdir/datasets/matio_test_cases_compressed_be.mat var76\(2:3:end,4:5:end,8:16:end\)
--- -	2016-01-19 16:22:19.628474619 +0100
+++ /home/marten/Projects/matio-matio/test/testsuite.dir/at-groups/425/stdout	2016-01-19 16:22:19.622316731 +0100
@@ -1,27 +1 @@
-var76(:,:,0) = 
-    7266 7426 7586 7746 7906 8066 
-    7269 7429 7589 7749 7909 8069 
-    7272 7432 7592 7752 7912 8072 
-    7275 7435 7595 7755 7915 8075 
-    7278 7438 7598 7758 7918 8078 
-    7281 7441 7601 7761 7921 8081 
-    7284 7444 7604 7764 7924 8084 
-    7287 7447 7607 7767 7927 8087 
-    7290 7450 7610 7770 7930 8090 
-    7293 7453 7613 7773 7933 8093 
-    7296 7456 7616 7776 7936 8096 
-
-var76(:,:,1) = 
-    23650 23810 23970 24130 24290 24450 
-    23653 23813 23973 24133 24293 24453 
-    23656 23816 23976 24136 24296 24456 
-    23659 23819 23979 24139 24299 24459 
-    23662 23822 23982 24142 24302 24462 
-    23665 23825 23985 24145 24305 24465 
-    23668 23828 23988 24148 24308 24468 
-    23671 23831 23991 24151 24311 24471 
-    23674 23834 23994 24154 24314 24474 
-    23677 23837 23997 24157 24317 24477 
-    23680 23840 24000 24160 24320 24480 
-
 
./mat5_compressed_readslab_be.at:202: exit code was 139, expected 0
425. mat5_compressed_readslab_be.at:199: 425. Read slab of 16-bit integer array (mat5_compressed_readslab_be.at:199): FAILED (mat5_compressed_readslab_be.at:202)

#                             -*- compilation -*-
426. mat5_compressed_readslab_be.at:232: testing Read slab of 16-bit unsigned integer array ...
./mat5_compressed_readslab_be.at:235: $builddir/../tools/matdump -d $srcdir/datasets/matio_test_cases_compressed_be.mat var77\(2:3:end,4:5:end,8:16:end\)
stderr:
/home/marten/Projects/matio-matio/test/testsuite.dir/at-groups/426/test-source: line 54: 10797 Segmentation fault      (core dumped) $builddir/../tools/matdump -d $srcdir/datasets/matio_test_cases_compressed_be.mat var77\(2:3:end,4:5:end,8:16:end\)
--- -	2016-01-19 16:22:19.739237837 +0100
+++ /home/marten/Projects/matio-matio/test/testsuite.dir/at-groups/426/stdout	2016-01-19 16:22:19.734316735 +0100
@@ -1,27 +1 @@
-var77(:,:,0) = 
-    7266 7426 7586 7746 7906 8066 
-    7269 7429 7589 7749 7909 8069 
-    7272 7432 7592 7752 7912 8072 
-    7275 7435 7595 7755 7915 8075 
-    7278 7438 7598 7758 7918 8078 
-    7281 7441 7601 7761 7921 8081 
-    7284 7444 7604 7764 7924 8084 
-    7287 7447 7607 7767 7927 8087 
-    7290 7450 7610 7770 7930 8090 
-    7293 7453 7613 7773 7933 8093 
-    7296 7456 7616 7776 7936 8096 
-
-var77(:,:,1) = 
-    23650 23810 23970 24130 24290 24450 
-    23653 23813 23973 24133 24293 24453 
-    23656 23816 23976 24136 24296 24456 
-    23659 23819 23979 24139 24299 24459 
-    23662 23822 23982 24142 24302 24462 
-    23665 23825 23985 24145 24305 24465 
-    23668 23828 23988 24148 24308 24468 
-    23671 23831 23991 24151 24311 24471 
-    23674 23834 23994 24154 24314 24474 
-    23677 23837 23997 24157 24317 24477 
-    23680 23840 24000 24160 24320 24480 
-
 
./mat5_compressed_readslab_be.at:235: exit code was 139, expected 0
426. mat5_compressed_readslab_be.at:232: 426. Read slab of 16-bit unsigned integer array (mat5_compressed_readslab_be.at:232): FAILED (mat5_compressed_readslab_be.at:235)

#                             -*- compilation -*-
427. mat5_compressed_readslab_be.at:265: testing Read slab of 8-bit integer array ...
./mat5_compressed_readslab_be.at:268: $builddir/../tools/matdump -d $srcdir/datasets/matio_test_cases_compressed_be.mat var78\(2:3:end,4:5:end,8:16:end\)
stderr:
/home/marten/Projects/matio-matio/test/testsuite.dir/at-groups/427/test-source: line 54: 10825 Segmentation fault      (core dumped) $builddir/../tools/matdump -d $srcdir/datasets/matio_test_cases_compressed_be.mat var78\(2:3:end,4:5:end,8:16:end\)
--- -	2016-01-19 16:22:19.850761527 +0100
+++ /home/marten/Projects/matio-matio/test/testsuite.dir/at-groups/427/stdout	2016-01-19 16:22:19.846316739 +0100
@@ -1,27 +1 @@
-var78(:,:,0) = 
-    1 -92 -60 -52 95 -76 
-    37 39 -19 -57 -75 117 
-    -55 109 99 2 -77 12 
-    -70 -69 85 106 -83 -108 
-    -48 68 76 -34 -112 51 
-    -84 76 109 -77 69 -35 
-    -96 -42 96 92 -57 -105 
-    -93 -4 -60 30 -97 -1 
-    -91 36 24 -126 36 99 
-    -24 45 112 -55 37 -103 
-    -123 -89 74 3 90 55 
-
-var78(:,:,1) = 
-    -77 59 40 39 115 -80 
-    27 -19 27 88 -121 113 
-    59 84 90 -55 99 27 
-    -38 -99 122 -95 47 45 
-    -96 -27 124 -27 -108 94 
-    32 121 7 -5 -99 124 
-    -52 25 -2 -11 -9 7 
-    -32 -22 -84 48 -70 54 
-    123 8 -45 125 67 76 
-    63 -70 -79 94 -89 -54 
-    122 9 -120 36 107 -48 
-
 
./mat5_compressed_readslab_be.at:268: exit code was 139, expected 0
427. mat5_compressed_readslab_be.at:265: 427. Read slab of 8-bit integer array (mat5_compressed_readslab_be.at:265): FAILED (mat5_compressed_readslab_be.at:268)

#                             -*- compilation -*-
428. mat5_compressed_readslab_be.at:298: testing Read slab of 8-bit unsigned integer array ...
./mat5_compressed_readslab_be.at:301: $builddir/../tools/matdump -d $srcdir/datasets/matio_test_cases_compressed_be.mat var79\(2:3:end,4:5:end,8:16:end\)
stderr:
/home/marten/Projects/matio-matio/test/testsuite.dir/at-groups/428/test-source: line 54: 10855 Segmentation fault      (core dumped) $builddir/../tools/matdump -d $srcdir/datasets/matio_test_cases_compressed_be.mat var79\(2:3:end,4:5:end,8:16:end\)
--- -	2016-01-19 16:22:19.961342394 +0100
+++ /home/marten/Projects/matio-matio/test/testsuite.dir/at-groups/428/stdout	2016-01-19 16:22:19.954316743 +0100
@@ -1,27 +1 @@
-var79(:,:,0) = 
-    36 74 142 112 148 136 
-    154 65 205 97 230 111 
-    198 249 42 154 21 22 
-    69 151 43 26 210 103 
-    227 109 2 191 13 188 
-    194 131 15 53 28 221 
-    140 194 177 214 216 4 
-    19 237 240 216 1 139 
-    11 190 164 229 21 238 
-    17 218 112 187 20 175 
-    151 35 138 192 179 207 
-
-var79(:,:,1) = 
-    193 249 252 237 98 44 
-    24 124 18 241 88 145 
-    236 83 133 212 40 144 
-    141 90 214 19 115 223 
-    144 102 101 102 185 123 
-    226 213 22 212 226 48 
-    48 227 176 123 23 190 
-    36 255 101 57 22 70 
-    207 152 233 225 160 115 
-    199 212 106 27 111 113 
-    30 62 39 178 100 7 
-
 
./mat5_compressed_readslab_be.at:301: exit code was 139, expected 0
428. mat5_compressed_readslab_be.at:298: 428. Read slab of 8-bit unsigned integer array (mat5_compressed_readslab_be.at:298): FAILED (mat5_compressed_readslab_be.at:301)

#                             -*- compilation -*-
429. mat5_compressed_readslab_be.at:331: testing Read slab of double-precision complex array ...
./mat5_compressed_readslab_be.at:334: $builddir/../tools/matdump -d $srcdir/datasets/matio_test_cases_compressed_be.mat var80\(2:3:end,4:5:end,8:16:end\)
stderr:
/home/marten/Projects/matio-matio/test/testsuite.dir/at-groups/429/test-source: line 54: 10883 Segmentation fault      (core dumped) $builddir/../tools/matdump -d $srcdir/datasets/matio_test_cases_compressed_be.mat var80\(2:3:end,4:5:end,8:16:end\)
--- -	2016-01-19 16:22:20.072361154 +0100
+++ /home/marten/Projects/matio-matio/test/testsuite.dir/at-groups/429/stdout	2016-01-19 16:22:20.066316748 +0100
@@ -1,27 +1 @@
-var80(:,:,0) = 
-    14531 + 14532i 14851 + 14852i 15171 + 15172i 15491 + 15492i 15811 + 15812i 16131 + 16132i 
-    14537 + 14538i 14857 + 14858i 15177 + 15178i 15497 + 15498i 15817 + 15818i 16137 + 16138i 
-    14543 + 14544i 14863 + 14864i 15183 + 15184i 15503 + 15504i 15823 + 15824i 16143 + 16144i 
-    14549 + 14550i 14869 + 14870i 15189 + 15190i 15509 + 15510i 15829 + 15830i 16149 + 16150i 
-    14555 + 14556i 14875 + 14876i 15195 + 15196i 15515 + 15516i 15835 + 15836i 16155 + 16156i 
-    14561 + 14562i 14881 + 14882i 15201 + 15202i 15521 + 15522i 15841 + 15842i 16161 + 16162i 
-    14567 + 14568i 14887 + 14888i 15207 + 15208i 15527 + 15528i 15847 + 15848i 16167 + 16168i 
-    14573 + 14574i 14893 + 14894i 15213 + 15214i 15533 + 15534i 15853 + 15854i 16173 + 16174i 
-    14579 + 14580i 14899 + 14900i 15219 + 15220i 15539 + 15540i 15859 + 15860i 16179 + 16180i 
-    14585 + 14586i 14905 + 14906i 15225 + 15226i 15545 + 15546i 15865 + 15866i 16185 + 16186i 
-    14591 + 14592i 14911 + 14912i 15231 + 15232i 15551 + 15552i 15871 + 15872i 16191 + 16192i 
-
-var80(:,:,1) = 
-    47299 + 47300i 47619 + 47620i 47939 + 47940i 48259 + 48260i 48579 + 48580i 48899 + 48900i 
-    47305 + 47306i 47625 + 47626i 47945 + 47946i 48265 + 48266i 48585 + 48586i 48905 + 48906i 
-    47311 + 47312i 47631 + 47632i 47951 + 47952i 48271 + 48272i 48591 + 48592i 48911 + 48912i 
-    47317 + 47318i 47637 + 47638i 47957 + 47958i 48277 + 48278i 48597 + 48598i 48917 + 48918i 
-    47323 + 47324i 47643 + 47644i 47963 + 47964i 48283 + 48284i 48603 + 48604i 48923 + 48924i 
-    47329 + 47330i 47649 + 47650i 47969 + 47970i 48289 + 48290i 48609 + 48610i 48929 + 48930i 
-    47335 + 47336i 47655 + 47656i 47975 + 47976i 48295 + 48296i 48615 + 48616i 48935 + 48936i 
-    47341 + 47342i 47661 + 47662i 47981 + 47982i 48301 + 48302i 48621 + 48622i 48941 + 48942i 
-    47347 + 47348i 47667 + 47668i 47987 + 47988i 48307 + 48308i 48627 + 48628i 48947 + 48948i 
-    47353 + 47354i 47673 + 47674i 47993 + 47994i 48313 + 48314i 48633 + 48634i 48953 + 48954i 
-    47359 + 47360i 47679 + 47680i 47999 + 48000i 48319 + 48320i 48639 + 48640i 48959 + 48960i 
-
 
./mat5_compressed_readslab_be.at:334: exit code was 139, expected 0
429. mat5_compressed_readslab_be.at:331: 429. Read slab of double-precision complex array (mat5_compressed_readslab_be.at:331): FAILED (mat5_compressed_readslab_be.at:334)

#                             -*- compilation -*-
430. mat5_compressed_readslab_be.at:364: testing Read slab of single-precision complex array ...
./mat5_compressed_readslab_be.at:367: $builddir/../tools/matdump -d $srcdir/datasets/matio_test_cases_compressed_be.mat var81\(2:3:end,4:5:end,8:16:end\)
stderr:
/home/marten/Projects/matio-matio/test/testsuite.dir/at-groups/430/test-source: line 54: 10911 Segmentation fault      (core dumped) $builddir/../tools/matdump -d $srcdir/datasets/matio_test_cases_compressed_be.mat var81\(2:3:end,4:5:end,8:16:end\)
--- -	2016-01-19 16:22:20.184126568 +0100
+++ /home/marten/Projects/matio-matio/test/testsuite.dir/at-groups/430/stdout	2016-01-19 16:22:20.178316752 +0100
@@ -1,27 +1 @@
-var81(:,:,0) = 
-    14531 + 14532i 14851 + 14852i 15171 + 15172i 15491 + 15492i 15811 + 15812i 16131 + 16132i 
-    14537 + 14538i 14857 + 14858i 15177 + 15178i 15497 + 15498i 15817 + 15818i 16137 + 16138i 
-    14543 + 14544i 14863 + 14864i 15183 + 15184i 15503 + 15504i 15823 + 15824i 16143 + 16144i 
-    14549 + 14550i 14869 + 14870i 15189 + 15190i 15509 + 15510i 15829 + 15830i 16149 + 16150i 
-    14555 + 14556i 14875 + 14876i 15195 + 15196i 15515 + 15516i 15835 + 15836i 16155 + 16156i 
-    14561 + 14562i 14881 + 14882i 15201 + 15202i 15521 + 15522i 15841 + 15842i 16161 + 16162i 
-    14567 + 14568i 14887 + 14888i 15207 + 15208i 15527 + 15528i 15847 + 15848i 16167 + 16168i 
-    14573 + 14574i 14893 + 14894i 15213 + 15214i 15533 + 15534i 15853 + 15854i 16173 + 16174i 
-    14579 + 14580i 14899 + 14900i 15219 + 15220i 15539 + 15540i 15859 + 15860i 16179 + 16180i 
-    14585 + 14586i 14905 + 14906i 15225 + 15226i 15545 + 15546i 15865 + 15866i 16185 + 16186i 
-    14591 + 14592i 14911 + 14912i 15231 + 15232i 15551 + 15552i 15871 + 15872i 16191 + 16192i 
-
-var81(:,:,1) = 
-    47299 + 47300i 47619 + 47620i 47939 + 47940i 48259 + 48260i 48579 + 48580i 48899 + 48900i 
-    47305 + 47306i 47625 + 47626i 47945 + 47946i 48265 + 48266i 48585 + 48586i 48905 + 48906i 
-    47311 + 47312i 47631 + 47632i 47951 + 47952i 48271 + 48272i 48591 + 48592i 48911 + 48912i 
-    47317 + 47318i 47637 + 47638i 47957 + 47958i 48277 + 48278i 48597 + 48598i 48917 + 48918i 
-    47323 + 47324i 47643 + 47644i 47963 + 47964i 48283 + 48284i 48603 + 48604i 48923 + 48924i 
-    47329 + 47330i 47649 + 47650i 47969 + 47970i 48289 + 48290i 48609 + 48610i 48929 + 48930i 
-    47335 + 47336i 47655 + 47656i 47975 + 47976i 48295 + 48296i 48615 + 48616i 48935 + 48936i 
-    47341 + 47342i 47661 + 47662i 47981 + 47982i 48301 + 48302i 48621 + 48622i 48941 + 48942i 
-    47347 + 47348i 47667 + 47668i 47987 + 47988i 48307 + 48308i 48627 + 48628i 48947 + 48948i 
-    47353 + 47354i 47673 + 47674i 47993 + 47994i 48313 + 48314i 48633 + 48634i 48953 + 48954i 
-    47359 + 47360i 47679 + 47680i 47999 + 48000i 48319 + 48320i 48639 + 48640i 48959 + 48960i 
-
 
./mat5_compressed_readslab_be.at:367: exit code was 139, expected 0
430. mat5_compressed_readslab_be.at:364: 430. Read slab of single-precision complex array (mat5_compressed_readslab_be.at:364): FAILED (mat5_compressed_readslab_be.at:367)

#                             -*- compilation -*-
431. mat5_compressed_readslab_be.at:397: testing Read slab of 64-bit integer complex array ...
./mat5_compressed_readslab_be.at:400: $builddir/../tools/matdump -d $srcdir/datasets/matio_test_cases_compressed_be.mat var82\(2:3:end,4:5:end,8:16:end\)
stderr:
/home/marten/Projects/matio-matio/test/testsuite.dir/at-groups/431/test-source: line 54: 10939 Segmentation fault      (core dumped) $builddir/../tools/matdump -d $srcdir/datasets/matio_test_cases_compressed_be.mat var82\(2:3:end,4:5:end,8:16:end\)
--- -	2016-01-19 16:22:20.295290780 +0100
+++ /home/marten/Projects/matio-matio/test/testsuite.dir/at-groups/431/stdout	2016-01-19 16:22:20.290316756 +0100
@@ -1,27 +1 @@
-var82(:,:,0) = 
-    14531 + 14532i 14851 + 14852i 15171 + 15172i 15491 + 15492i 15811 + 15812i 16131 + 16132i 
-    14537 + 14538i 14857 + 14858i 15177 + 15178i 15497 + 15498i 15817 + 15818i 16137 + 16138i 
-    14543 + 14544i 14863 + 14864i 15183 + 15184i 15503 + 15504i 15823 + 15824i 16143 + 16144i 
-    14549 + 14550i 14869 + 14870i 15189 + 15190i 15509 + 15510i 15829 + 15830i 16149 + 16150i 
-    14555 + 14556i 14875 + 14876i 15195 + 15196i 15515 + 15516i 15835 + 15836i 16155 + 16156i 
-    14561 + 14562i 14881 + 14882i 15201 + 15202i 15521 + 15522i 15841 + 15842i 16161 + 16162i 
-    14567 + 14568i 14887 + 14888i 15207 + 15208i 15527 + 15528i 15847 + 15848i 16167 + 16168i 
-    14573 + 14574i 14893 + 14894i 15213 + 15214i 15533 + 15534i 15853 + 15854i 16173 + 16174i 
-    14579 + 14580i 14899 + 14900i 15219 + 15220i 15539 + 15540i 15859 + 15860i 16179 + 16180i 
-    14585 + 14586i 14905 + 14906i 15225 + 15226i 15545 + 15546i 15865 + 15866i 16185 + 16186i 
-    14591 + 14592i 14911 + 14912i 15231 + 15232i 15551 + 15552i 15871 + 15872i 16191 + 16192i 
-
-var82(:,:,1) = 
-    47299 + 47300i 47619 + 47620i 47939 + 47940i 48259 + 48260i 48579 + 48580i 48899 + 48900i 
-    47305 + 47306i 47625 + 47626i 47945 + 47946i 48265 + 48266i 48585 + 48586i 48905 + 48906i 
-    47311 + 47312i 47631 + 47632i 47951 + 47952i 48271 + 48272i 48591 + 48592i 48911 + 48912i 
-    47317 + 47318i 47637 + 47638i 47957 + 47958i 48277 + 48278i 48597 + 48598i 48917 + 48918i 
-    47323 + 47324i 47643 + 47644i 47963 + 47964i 48283 + 48284i 48603 + 48604i 48923 + 48924i 
-    47329 + 47330i 47649 + 47650i 47969 + 47970i 48289 + 48290i 48609 + 48610i 48929 + 48930i 
-    47335 + 47336i 47655 + 47656i 47975 + 47976i 48295 + 48296i 48615 + 48616i 48935 + 48936i 
-    47341 + 47342i 47661 + 47662i 47981 + 47982i 48301 + 48302i 48621 + 48622i 48941 + 48942i 
-    47347 + 47348i 47667 + 47668i 47987 + 47988i 48307 + 48308i 48627 + 48628i 48947 + 48948i 
-    47353 + 47354i 47673 + 47674i 47993 + 47994i 48313 + 48314i 48633 + 48634i 48953 + 48954i 
-    47359 + 47360i 47679 + 47680i 47999 + 48000i 48319 + 48320i 48639 + 48640i 48959 + 48960i 
-
 
./mat5_compressed_readslab_be.at:400: exit code was 139, expected 0
431. mat5_compressed_readslab_be.at:397: 431. Read slab of 64-bit integer complex array (mat5_compressed_readslab_be.at:397): FAILED (mat5_compressed_readslab_be.at:400)

#                             -*- compilation -*-
432. mat5_compressed_readslab_be.at:430: testing Read slab of 64-bit unsigned integer complex array ...
./mat5_compressed_readslab_be.at:433: $builddir/../tools/matdump -d $srcdir/datasets/matio_test_cases_compressed_be.mat var83\(2:3:end,4:5:end,8:16:end\)
stderr:
/home/marten/Projects/matio-matio/test/testsuite.dir/at-groups/432/test-source: line 54: 10967 Segmentation fault      (core dumped) $builddir/../tools/matdump -d $srcdir/datasets/matio_test_cases_compressed_be.mat var83\(2:3:end,4:5:end,8:16:end\)
--- -	2016-01-19 16:22:20.406053601 +0100
+++ /home/marten/Projects/matio-matio/test/testsuite.dir/at-groups/432/stdout	2016-01-19 16:22:20.398316760 +0100
@@ -1,27 +1 @@
-var83(:,:,0) = 
-    14531 + 14532i 14851 + 14852i 15171 + 15172i 15491 + 15492i 15811 + 15812i 16131 + 16132i 
-    14537 + 14538i 14857 + 14858i 15177 + 15178i 15497 + 15498i 15817 + 15818i 16137 + 16138i 
-    14543 + 14544i 14863 + 14864i 15183 + 15184i 15503 + 15504i 15823 + 15824i 16143 + 16144i 
-    14549 + 14550i 14869 + 14870i 15189 + 15190i 15509 + 15510i 15829 + 15830i 16149 + 16150i 
-    14555 + 14556i 14875 + 14876i 15195 + 15196i 15515 + 15516i 15835 + 15836i 16155 + 16156i 
-    14561 + 14562i 14881 + 14882i 15201 + 15202i 15521 + 15522i 15841 + 15842i 16161 + 16162i 
-    14567 + 14568i 14887 + 14888i 15207 + 15208i 15527 + 15528i 15847 + 15848i 16167 + 16168i 
-    14573 + 14574i 14893 + 14894i 15213 + 15214i 15533 + 15534i 15853 + 15854i 16173 + 16174i 
-    14579 + 14580i 14899 + 14900i 15219 + 15220i 15539 + 15540i 15859 + 15860i 16179 + 16180i 
-    14585 + 14586i 14905 + 14906i 15225 + 15226i 15545 + 15546i 15865 + 15866i 16185 + 16186i 
-    14591 + 14592i 14911 + 14912i 15231 + 15232i 15551 + 15552i 15871 + 15872i 16191 + 16192i 
-
-var83(:,:,1) = 
-    47299 + 47300i 47619 + 47620i 47939 + 47940i 48259 + 48260i 48579 + 48580i 48899 + 48900i 
-    47305 + 47306i 47625 + 47626i 47945 + 47946i 48265 + 48266i 48585 + 48586i 48905 + 48906i 
-    47311 + 47312i 47631 + 47632i 47951 + 47952i 48271 + 48272i 48591 + 48592i 48911 + 48912i 
-    47317 + 47318i 47637 + 47638i 47957 + 47958i 48277 + 48278i 48597 + 48598i 48917 + 48918i 
-    47323 + 47324i 47643 + 47644i 47963 + 47964i 48283 + 48284i 48603 + 48604i 48923 + 48924i 
-    47329 + 47330i 47649 + 47650i 47969 + 47970i 48289 + 48290i 48609 + 48610i 48929 + 48930i 
-    47335 + 47336i 47655 + 47656i 47975 + 47976i 48295 + 48296i 48615 + 48616i 48935 + 48936i 
-    47341 + 47342i 47661 + 47662i 47981 + 47982i 48301 + 48302i 48621 + 48622i 48941 + 48942i 
-    47347 + 47348i 47667 + 47668i 47987 + 47988i 48307 + 48308i 48627 + 48628i 48947 + 48948i 
-    47353 + 47354i 47673 + 47674i 47993 + 47994i 48313 + 48314i 48633 + 48634i 48953 + 48954i 
-    47359 + 47360i 47679 + 47680i 47999 + 48000i 48319 + 48320i 48639 + 48640i 48959 + 48960i 
-
 
./mat5_compressed_readslab_be.at:433: exit code was 139, expected 0
432. mat5_compressed_readslab_be.at:430: 432. Read slab of 64-bit unsigned integer complex array (mat5_compressed_readslab_be.at:430): FAILED (mat5_compressed_readslab_be.at:433)

#                             -*- compilation -*-
433. mat5_compressed_readslab_be.at:463: testing Read slab of 32-bit integer complex array ...
./mat5_compressed_readslab_be.at:466: $builddir/../tools/matdump -d $srcdir/datasets/matio_test_cases_compressed_be.mat var84\(2:3:end,4:5:end,8:16:end\)
stderr:
/home/marten/Projects/matio-matio/test/testsuite.dir/at-groups/433/test-source: line 54: 10995 Segmentation fault      (core dumped) $builddir/../tools/matdump -d $srcdir/datasets/matio_test_cases_compressed_be.mat var84\(2:3:end,4:5:end,8:16:end\)
--- -	2016-01-19 16:22:20.516371554 +0100
+++ /home/marten/Projects/matio-matio/test/testsuite.dir/at-groups/433/stdout	2016-01-19 16:22:20.510316764 +0100
@@ -1,27 +1 @@
-var84(:,:,0) = 
-    14531 + 14532i 14851 + 14852i 15171 + 15172i 15491 + 15492i 15811 + 15812i 16131 + 16132i 
-    14537 + 14538i 14857 + 14858i 15177 + 15178i 15497 + 15498i 15817 + 15818i 16137 + 16138i 
-    14543 + 14544i 14863 + 14864i 15183 + 15184i 15503 + 15504i 15823 + 15824i 16143 + 16144i 
-    14549 + 14550i 14869 + 14870i 15189 + 15190i 15509 + 15510i 15829 + 15830i 16149 + 16150i 
-    14555 + 14556i 14875 + 14876i 15195 + 15196i 15515 + 15516i 15835 + 15836i 16155 + 16156i 
-    14561 + 14562i 14881 + 14882i 15201 + 15202i 15521 + 15522i 15841 + 15842i 16161 + 16162i 
-    14567 + 14568i 14887 + 14888i 15207 + 15208i 15527 + 15528i 15847 + 15848i 16167 + 16168i 
-    14573 + 14574i 14893 + 14894i 15213 + 15214i 15533 + 15534i 15853 + 15854i 16173 + 16174i 
-    14579 + 14580i 14899 + 14900i 15219 + 15220i 15539 + 15540i 15859 + 15860i 16179 + 16180i 
-    14585 + 14586i 14905 + 14906i 15225 + 15226i 15545 + 15546i 15865 + 15866i 16185 + 16186i 
-    14591 + 14592i 14911 + 14912i 15231 + 15232i 15551 + 15552i 15871 + 15872i 16191 + 16192i 
-
-var84(:,:,1) = 
-    47299 + 47300i 47619 + 47620i 47939 + 47940i 48259 + 48260i 48579 + 48580i 48899 + 48900i 
-    47305 + 47306i 47625 + 47626i 47945 + 47946i 48265 + 48266i 48585 + 48586i 48905 + 48906i 
-    47311 + 47312i 47631 + 47632i 47951 + 47952i 48271 + 48272i 48591 + 48592i 48911 + 48912i 
-    47317 + 47318i 47637 + 47638i 47957 + 47958i 48277 + 48278i 48597 + 48598i 48917 + 48918i 
-    47323 + 47324i 47643 + 47644i 47963 + 47964i 48283 + 48284i 48603 + 48604i 48923 + 48924i 
-    47329 + 47330i 47649 + 47650i 47969 + 47970i 48289 + 48290i 48609 + 48610i 48929 + 48930i 
-    47335 + 47336i 47655 + 47656i 47975 + 47976i 48295 + 48296i 48615 + 48616i 48935 + 48936i 
-    47341 + 47342i 47661 + 47662i 47981 + 47982i 48301 + 48302i 48621 + 48622i 48941 + 48942i 
-    47347 + 47348i 47667 + 47668i 47987 + 47988i 48307 + 48308i 48627 + 48628i 48947 + 48948i 
-    47353 + 47354i 47673 + 47674i 47993 + 47994i 48313 + 48314i 48633 + 48634i 48953 + 48954i 
-    47359 + 47360i 47679 + 47680i 47999 + 48000i 48319 + 48320i 48639 + 48640i 48959 + 48960i 
-
 
./mat5_compressed_readslab_be.at:466: exit code was 139, expected 0
433. mat5_compressed_readslab_be.at:463: 433. Read slab of 32-bit integer complex array (mat5_compressed_readslab_be.at:463): FAILED (mat5_compressed_readslab_be.at:466)

#                             -*- compilation -*-
434. mat5_compressed_readslab_be.at:496: testing Read slab of 32-bit unsigned integer complex array ...
./mat5_compressed_readslab_be.at:499: $builddir/../tools/matdump -d $srcdir/datasets/matio_test_cases_compressed_be.mat var85\(2:3:end,4:5:end,8:16:end\)
stderr:
/home/marten/Projects/matio-matio/test/testsuite.dir/at-groups/434/test-source: line 54: 11023 Segmentation fault      (core dumped) $builddir/../tools/matdump -d $srcdir/datasets/matio_test_cases_compressed_be.mat var85\(2:3:end,4:5:end,8:16:end\)
--- -	2016-01-19 16:22:20.627280405 +0100
+++ /home/marten/Projects/matio-matio/test/testsuite.dir/at-groups/434/stdout	2016-01-19 16:22:20.622316768 +0100
@@ -1,27 +1 @@
-var85(:,:,0) = 
-    14531 + 14532i 14851 + 14852i 15171 + 15172i 15491 + 15492i 15811 + 15812i 16131 + 16132i 
-    14537 + 14538i 14857 + 14858i 15177 + 15178i 15497 + 15498i 15817 + 15818i 16137 + 16138i 
-    14543 + 14544i 14863 + 14864i 15183 + 15184i 15503 + 15504i 15823 + 15824i 16143 + 16144i 
-    14549 + 14550i 14869 + 14870i 15189 + 15190i 15509 + 15510i 15829 + 15830i 16149 + 16150i 
-    14555 + 14556i 14875 + 14876i 15195 + 15196i 15515 + 15516i 15835 + 15836i 16155 + 16156i 
-    14561 + 14562i 14881 + 14882i 15201 + 15202i 15521 + 15522i 15841 + 15842i 16161 + 16162i 
-    14567 + 14568i 14887 + 14888i 15207 + 15208i 15527 + 15528i 15847 + 15848i 16167 + 16168i 
-    14573 + 14574i 14893 + 14894i 15213 + 15214i 15533 + 15534i 15853 + 15854i 16173 + 16174i 
-    14579 + 14580i 14899 + 14900i 15219 + 15220i 15539 + 15540i 15859 + 15860i 16179 + 16180i 
-    14585 + 14586i 14905 + 14906i 15225 + 15226i 15545 + 15546i 15865 + 15866i 16185 + 16186i 
-    14591 + 14592i 14911 + 14912i 15231 + 15232i 15551 + 15552i 15871 + 15872i 16191 + 16192i 
-
-var85(:,:,1) = 
-    47299 + 47300i 47619 + 47620i 47939 + 47940i 48259 + 48260i 48579 + 48580i 48899 + 48900i 
-    47305 + 47306i 47625 + 47626i 47945 + 47946i 48265 + 48266i 48585 + 48586i 48905 + 48906i 
-    47311 + 47312i 47631 + 47632i 47951 + 47952i 48271 + 48272i 48591 + 48592i 48911 + 48912i 
-    47317 + 47318i 47637 + 47638i 47957 + 47958i 48277 + 48278i 48597 + 48598i 48917 + 48918i 
-    47323 + 47324i 47643 + 47644i 47963 + 47964i 48283 + 48284i 48603 + 48604i 48923 + 48924i 
-    47329 + 47330i 47649 + 47650i 47969 + 47970i 48289 + 48290i 48609 + 48610i 48929 + 48930i 
-    47335 + 47336i 47655 + 47656i 47975 + 47976i 48295 + 48296i 48615 + 48616i 48935 + 48936i 
-    47341 + 47342i 47661 + 47662i 47981 + 47982i 48301 + 48302i 48621 + 48622i 48941 + 48942i 
-    47347 + 47348i 47667 + 47668i 47987 + 47988i 48307 + 48308i 48627 + 48628i 48947 + 48948i 
-    47353 + 47354i 47673 + 47674i 47993 + 47994i 48313 + 48314i 48633 + 48634i 48953 + 48954i 
-    47359 + 47360i 47679 + 47680i 47999 + 48000i 48319 + 48320i 48639 + 48640i 48959 + 48960i 
-
 
./mat5_compressed_readslab_be.at:499: exit code was 139, expected 0
434. mat5_compressed_readslab_be.at:496: 434. Read slab of 32-bit unsigned integer complex array (mat5_compressed_readslab_be.at:496): FAILED (mat5_compressed_readslab_be.at:499)

#                             -*- compilation -*-
435. mat5_compressed_readslab_be.at:529: testing Read slab of 16-bit integer complex array ...
./mat5_compressed_readslab_be.at:532: $builddir/../tools/matdump -d $srcdir/datasets/matio_test_cases_compressed_be.mat var86\(2:3:end,4:5:end,8:16:end\)
stderr:
/home/marten/Projects/matio-matio/test/testsuite.dir/at-groups/435/test-source: line 54: 11051 Segmentation fault      (core dumped) $builddir/../tools/matdump -d $srcdir/datasets/matio_test_cases_compressed_be.mat var86\(2:3:end,4:5:end,8:16:end\)
--- -	2016-01-19 16:22:20.738055567 +0100
+++ /home/marten/Projects/matio-matio/test/testsuite.dir/at-groups/435/stdout	2016-01-19 16:22:20.730316772 +0100
@@ -1,27 +1 @@
-var86(:,:,0) = 
-    31419 + 12074i -16493 + -9400i 2771 + -10261i -13965 + 16888i -25303 + 5509i 13196 + 15195i 
-    11550 + 31935i 15688 + 20383i -25754 + -31533i -1934 + -19892i 16352 + 363i -12123 + -23263i 
-    14036 + -25970i -10204 + -15596i 27007 + -3499i 24973 + -17196i 9743 + -9728i -10874 + 25982i 
-    12950 + -26466i 14390 + -20232i -7948 + -4034i 29557 + -23198i 6783 + -16717i -11012 + -7600i 
-    11549 + -13221i -21008 + 3161i 1047 + -17085i -26196 + -27443i 27364 + -31769i -10870 + -24078i 
-    8802 + -13913i 22712 + -11293i 28781 + -6213i 17138 + 17163i 845 + -5483i -4181 + 21428i 
-    -8540 + 20686i 16110 + -30851i 22132 + 27840i 4173 + 22551i -5927 + 30238i 19441 + -25234i 
-    82 + -2536i 6298 + -2954i -2300 + -1878i 21456 + -372i 9080 + 5283i 27199 + -11909i 
-    6556 + 25498i -10732 + -25971i 14919 + -19351i -12554 + -766i 25263 + -12552i -4204 + 14748i 
-    -22761 + -19987i -15133 + 15777i -32577 + 15858i -11899 + 26000i -6594 + 9643i -12638 + 6522i 
-    -14602 + -32033i -23705 + 32679i 28973 + -16332i -13223 + -7784i -21471 + -8832i -21381 + 3874i 
-
-var86(:,:,1) = 
-    10009 + -1227i 23621 + 10035i -22333 + -20060i -28782 + 3888i -5804 + -12847i -2817 + 10293i 
-    23342 + 16514i -26955 + -8794i -28080 + -30034i -26055 + -4279i -19613 + 7820i -666 + -21153i 
-    27792 + -11483i 3884 + 18834i -24965 + 30996i 17075 + -5598i -24500 + 23384i 6202 + 23652i 
-    -16194 + -25596i 25669 + 17940i 11506 + -19238i 15629 + 19686i 6332 + -32352i -27772 + 7728i 
-    9911 + -20183i 19480 + -25157i -5438 + 17227i -27961 + -5378i 9084 + 8866i 24485 + 27017i 
-    -28341 + 22322i -24243 + -10527i 6325 + 19908i 22850 + -7463i 12787 + 16795i 7898 + 4210i 
-    3508 + -7880i 4464 + 28510i 16761 + 20643i -17585 + 883i 27522 + 650i 8062 + 28365i 
-    20369 + -482i -6616 + -24233i 18192 + -20736i -1421 + -6768i 7219 + -25890i -28910 + -21963i 
-    -4578 + 21351i -14599 + -1762i -18629 + 17622i 28956 + -7833i -16811 + -5838i 7298 + -10445i 
-    18426 + 31578i -19424 + 6424i 2759 + -21496i 19321 + -31347i 22569 + 6221i 29980 + 25776i 
-    -26016 + 17152i -29786 + 14220i 15764 + 18250i 22739 + -27552i 21757 + -28407i 5019 + -2720i 
-
 
./mat5_compressed_readslab_be.at:532: exit code was 139, expected 0
435. mat5_compressed_readslab_be.at:529: 435. Read slab of 16-bit integer complex array (mat5_compressed_readslab_be.at:529): FAILED (mat5_compressed_readslab_be.at:532)

#                             -*- compilation -*-
436. mat5_compressed_readslab_be.at:562: testing Read slab of 16-bit unsigned integer complex array ...
./mat5_compressed_readslab_be.at:565: $builddir/../tools/matdump -d $srcdir/datasets/matio_test_cases_compressed_be.mat var87\(2:3:end,4:5:end,8:16:end\)
stderr:
/home/marten/Projects/matio-matio/test/testsuite.dir/at-groups/436/test-source: line 54: 11079 Segmentation fault      (core dumped) $builddir/../tools/matdump -d $srcdir/datasets/matio_test_cases_compressed_be.mat var87\(2:3:end,4:5:end,8:16:end\)
--- -	2016-01-19 16:22:20.848525705 +0100
+++ /home/marten/Projects/matio-matio/test/testsuite.dir/at-groups/436/stdout	2016-01-19 16:22:20.842316776 +0100
@@ -1,27 +1 @@
-var87(:,:,0) = 
-    63490 + 42712i 48615 + 54935i 14063 + 54325i 12093 + 4405i 47337 + 59129i 25576 + 6335i 
-    29714 + 8391i 11083 + 51765i 15062 + 33495i 8834 + 7721i 62332 + 27780i 12201 + 17545i 
-    61483 + 15861i 2973 + 2285i 51022 + 34454i 54420 + 31822i 3623 + 2694i 49659 + 37636i 
-    15850 + 33874i 47407 + 28409i 60470 + 39080i 26675 + 29151i 11530 + 27741i 28187 + 58668i 
-    55082 + 3631i 33701 + 18840i 44448 + 44287i 42660 + 29044i 4141 + 36801i 3135 + 5269i 
-    45390 + 5685i 34873 + 47323i 64996 + 30009i 65323 + 50276i 64250 + 50570i 16458 + 14517i 
-    10423 + 60745i 13711 + 7195i 283 + 64783i 7139 + 32010i 39722 + 49989i 31662 + 28316i 
-    44728 + 38383i 6046 + 45393i 18983 + 191i 47157 + 29016i 26118 + 40150i 38430 + 36198i 
-    43170 + 36676i 44211 + 53418i 3436 + 45327i 35840 + 18163i 28214 + 21931i 47450 + 50404i 
-    46711 + 20162i 16574 + 31089i 44524 + 18230i 15379 + 14923i 25798 + 27469i 201 + 49160i 
-    49188 + 52357i 41210 + 28626i 15729 + 21345i 30214 + 63617i 62573 + 58367i 50221 + 54517i 
-
-var87(:,:,1) = 
-    47469 + 42818i 8920 + 61180i 45303 + 55200i 10001 + 43967i 58589 + 45954i 16219 + 17867i 
-    7124 + 35280i 29466 + 54541i 4881 + 31280i 48614 + 38397i 9073 + 25270i 59934 + 13526i 
-    34741 + 37493i 65042 + 23250i 38207 + 48851i 14572 + 48016i 20846 + 33025i 58464 + 17576i 
-    44064 + 39694i 1978 + 56271i 807 + 7069i 25265 + 24936i 22905 + 59697i 34801 + 59568i 
-    6995 + 4154i 14377 + 47601i 50473 + 21558i 1715 + 40096i 22981 + 42347i 20649 + 30475i 
-    7531 + 33600i 12353 + 11382i 6544 + 29624i 37345 + 13265i 24828 + 62213i 55999 + 42307i 
-    54978 + 37775i 8336 + 45819i 52787 + 2034i 11025 + 46066i 46887 + 36422i 4464 + 16054i 
-    15416 + 23755i 45530 + 55892i 5986 + 58345i 37554 + 31865i 50013 + 60501i 23302 + 47556i 
-    27259 + 51376i 8908 + 40510i 57054 + 22602i 4791 + 53489i 29781 + 52236i 24764 + 55871i 
-    64300 + 6331i 11258 + 60909i 2935 + 55316i 22789 + 15282i 37210 + 42165i 22331 + 53630i 
-    1212 + 37261i 56638 + 57033i 42851 + 16897i 23465 + 10050i 37785 + 60771i 63541 + 34455i 
-
 
./mat5_compressed_readslab_be.at:565: exit code was 139, expected 0
436. mat5_compressed_readslab_be.at:562: 436. Read slab of 16-bit unsigned integer complex array (mat5_compressed_readslab_be.at:562): FAILED (mat5_compressed_readslab_be.at:565)

#                             -*- compilation -*-
437. mat5_compressed_readslab_be.at:595: testing Read slab of 8-bit integer complex array ...
./mat5_compressed_readslab_be.at:598: $builddir/../tools/matdump -d $srcdir/datasets/matio_test_cases_compressed_be.mat var88\(2:3:end,4:5:end,8:16:end\)
stderr:
/home/marten/Projects/matio-matio/test/testsuite.dir/at-groups/437/test-source: line 54: 11107 Segmentation fault      (core dumped) $builddir/../tools/matdump -d $srcdir/datasets/matio_test_cases_compressed_be.mat var88\(2:3:end,4:5:end,8:16:end\)
--- -	2016-01-19 16:22:20.959031907 +0100
+++ /home/marten/Projects/matio-matio/test/testsuite.dir/at-groups/437/stdout	2016-01-19 16:22:20.954316780 +0100
@@ -1,27 +1 @@
-var88(:,:,0) = 
-    24 + -109i 5 + 103i 79 + -98i -11 + -41i 3 + -95i -99 + -15i 
-    -38 + 98i -71 + -109i -125 + -9i -4 + -5i -69 + -113i -92 + -70i 
-    -32 + 69i -9 + 76i -81 + -45i 111 + -12i -24 + -55i 115 + 62i 
-    1 + -58i 52 + -40i -30 + 6i -79 + 23i -40 + -78i -29 + -52i 
-    106 + 37i -48 + 1i 109 + -65i 118 + -68i 81 + -95i -121 + 61i 
-    23 + -118i -1 + -71i -111 + -88i 60 + -49i 108 + -15i -62 + 101i 
-    86 + -117i 43 + 106i -21 + -57i -31 + -47i -37 + 5i -72 + 52i 
-    3 + -10i 121 + -39i -59 + -22i 98 + -49i 24 + -97i -110 + -111i 
-    -94 + 111i 68 + 45i 64 + -47i 19 + -84i 65 + 17i 126 + 124i 
-    43 + -69i 9 + 7i 38 + 36i 114 + -19i -79 + -19i 85 + -44i 
-    37 + 24i 49 + -122i 32 + 84i 126 + 112i -54 + -36i -32 + 42i 
-
-var88(:,:,1) = 
-    10 + 105i -120 + -94i -79 + -87i 55 + -21i 19 + 106i 47 + -65i 
-    -88 + -104i 69 + 16i -50 + 8i -78 + 49i 18 + 47i -103 + -35i 
-    82 + 96i 5 + 114i -13 + -48i -61 + 22i -39 + -73i 127 + 30i 
-    98 + -85i 80 + 42i 51 + -21i 74 + -73i -47 + -60i 28 + 16i 
-    -66 + -27i -7 + 4i -95 + 3i -26 + 71i -102 + -120i -72 + -13i 
-    83 + -12i 74 + 84i -115 + -5i 81 + 0i -17 + -102i -76 + -67i 
-    -18 + -32i 83 + 76i 117 + 120i -45 + -123i 18 + 66i -46 + 33i 
-    58 + -92i -74 + 93i 66 + 29i -8 + 58i -12 + -59i 40 + 109i 
-    -59 + -89i -124 + 7i 64 + 10i 63 + -124i -41 + 34i -117 + 25i 
-    -45 + 16i -61 + 54i 54 + -101i -83 + -112i 46 + 51i 103 + 12i 
-    -36 + -68i 3 + -83i 51 + 74i 97 + 123i -61 + -40i 89 + -9i 
-
 
./mat5_compressed_readslab_be.at:598: exit code was 139, expected 0
437. mat5_compressed_readslab_be.at:595: 437. Read slab of 8-bit integer complex array (mat5_compressed_readslab_be.at:595): FAILED (mat5_compressed_readslab_be.at:598)

#                             -*- compilation -*-
438. mat5_compressed_readslab_be.at:628: testing Read slab of 8-bit unsigned integer complex array ...
./mat5_compressed_readslab_be.at:631: $builddir/../tools/matdump -d $srcdir/datasets/matio_test_cases_compressed_be.mat var89\(2:3:end,4:5:end,8:16:end\)
stderr:
/home/marten/Projects/matio-matio/test/testsuite.dir/at-groups/438/test-source: line 54: 11135 Segmentation fault      (core dumped) $builddir/../tools/matdump -d $srcdir/datasets/matio_test_cases_compressed_be.mat var89\(2:3:end,4:5:end,8:16:end\)
--- -	2016-01-19 16:22:21.069077530 +0100
+++ /home/marten/Projects/matio-matio/test/testsuite.dir/at-groups/438/stdout	2016-01-19 16:22:21.062316784 +0100
@@ -1,27 +1 @@
-var89(:,:,0) = 
-    233 + 19i 98 + 36i 145 + 191i 87 + 191i 30 + 24i 142 + 157i 
-    99 + 152i 129 + 239i 23 + 137i 187 + 27i 149 + 230i 186 + 204i 
-    194 + 176i 246 + 207i 229 + 96i 224 + 67i 56 + 158i 139 + 252i 
-    219 + 39i 42 + 97i 17 + 104i 96 + 230i 114 + 96i 130 + 202i 
-    182 + 250i 209 + 14i 158 + 68i 66 + 32i 242 + 79i 197 + 221i 
-    198 + 121i 114 + 150i 85 + 154i 196 + 72i 82 + 206i 169 + 34i 
-    70 + 99i 245 + 204i 207 + 145i 239 + 53i 106 + 114i 160 + 148i 
-    250 + 205i 62 + 143i 112 + 116i 15 + 197i 8 + 202i 131 + 129i 
-    154 + 19i 192 + 87i 135 + 182i 111 + 188i 87 + 217i 255 + 157i 
-    20 + 127i 88 + 125i 138 + 79i 225 + 144i 138 + 126i 93 + 4i 
-    55 + 248i 254 + 59i 118 + 171i 190 + 181i 26 + 138i 140 + 149i 
-
-var89(:,:,1) = 
-    182 + 191i 212 + 183i 51 + 193i 46 + 45i 16 + 249i 110 + 132i 
-    45 + 138i 121 + 33i 81 + 133i 90 + 128i 137 + 65i 234 + 197i 
-    41 + 32i 193 + 87i 42 + 147i 171 + 187i 149 + 145i 22 + 223i 
-    74 + 142i 95 + 150i 219 + 48i 105 + 53i 87 + 154i 229 + 72i 
-    173 + 106i 75 + 167i 185 + 124i 23 + 168i 111 + 32i 169 + 26i 
-    14 + 5i 139 + 111i 65 + 8i 111 + 218i 179 + 46i 128 + 186i 
-    56 + 15i 241 + 161i 120 + 240i 91 + 101i 164 + 95i 87 + 139i 
-    159 + 205i 62 + 17i 24 + 19i 90 + 72i 121 + 106i 152 + 77i 
-    218 + 172i 165 + 198i 104 + 3i 178 + 168i 125 + 144i 17 + 58i 
-    235 + 235i 249 + 244i 23 + 34i 172 + 79i 215 + 171i 215 + 242i 
-    253 + 46i 207 + 210i 88 + 216i 176 + 42i 48 + 141i 62 + 229i 
-
 
./mat5_compressed_readslab_be.at:631: exit code was 139, expected 0
438. mat5_compressed_readslab_be.at:628: 438. Read slab of 8-bit unsigned integer complex array (mat5_compressed_readslab_be.at:628): FAILED (mat5_compressed_readslab_be.at:631)

#                             -*- compilation -*-
449. mat5_compressed_readslab_be.at:991: testing Read linear slab of double-precision complex array ...
./mat5_compressed_readslab_be.at:993: $builddir/../tools/matdump -d $srcdir/datasets/matio_test_cases_compressed_be.mat var80\(3257:1111:end\)
stderr:
--- -	2016-01-19 16:22:21.348973074 +0100
+++ /home/marten/Projects/matio-matio/test/testsuite.dir/at-groups/449/stdout	2016-01-19 16:22:21.342316794 +0100
@@ -1,28 +1,28 @@
 6513 + 6514i 
-8735 + 8736i 
-10957 + 10958i 
-13179 + 13180i 
-15401 + 15402i 
-17623 + 17624i 
-19845 + 19846i 
-22067 + 22068i 
-24289 + 24290i 
-26511 + 26512i 
-28733 + 28734i 
-30955 + 30956i 
-33177 + 33178i 
-35399 + 35400i 
-37621 + 37622i 
-39843 + 39844i 
-42065 + 42066i 
-44287 + 44288i 
-46509 + 46510i 
-48731 + 48732i 
-50953 + 50954i 
-53175 + 53176i 
-55397 + 55398i 
-57619 + 57620i 
-59841 + 59842i 
-62063 + 62064i 
-64285 + 64286i 
+8736 + 10958i 
+13180 + 15402i 
+17624 + 19846i 
+22068 + 24290i 
+26512 + 28734i 
+30956 + 33178i 
+35400 + 37622i 
+39844 + 42066i 
+44288 + 46510i 
+48732 + 50954i 
+53176 + 55398i 
+57620 + 59842i 
+62064 + 64286i 
+0 + 3.45846e-322i 
+1.09882e-314 + 0i 
+0 + 2.0024e-319i 
+8.31635e-317 + 8.31654e-317i 
+0 + 0i 
+1.54148e-321 + 0i 
+6.95336e-310 + 6.62063e-312i 
+8.24029e-317 + 1.4822e-323i 
+1.4854e-313 + 1.061e-313i 
+6.92467e-310 + 6.92467e-310i 
+1.061e-313 + 6.04769e-312i 
+6.45087e-312 + 8.23742e-317i 
+8.34415e-309 + 1.11255e-308i 
 
449. mat5_compressed_readslab_be.at:991: 449. Read linear slab of double-precision complex array (mat5_compressed_readslab_be.at:991): FAILED (mat5_compressed_readslab_be.at:993)

#                             -*- compilation -*-
450. mat5_compressed_readslab_be.at:1024: testing Read linear slab of single-precision complex array ...
./mat5_compressed_readslab_be.at:1026: $builddir/../tools/matdump -d $srcdir/datasets/matio_test_cases_compressed_be.mat var81\(3257:1111:end\)
stderr:
--- -	2016-01-19 16:22:21.375167064 +0100
+++ /home/marten/Projects/matio-matio/test/testsuite.dir/at-groups/450/stdout	2016-01-19 16:22:21.370316796 +0100
@@ -1,28 +1,28 @@
 6513 + 6514i 
-8735 + 8736i 
-10957 + 10958i 
-13179 + 13180i 
-15401 + 15402i 
-17623 + 17624i 
-19845 + 19846i 
-22067 + 22068i 
-24289 + 24290i 
-26511 + 26512i 
-28733 + 28734i 
-30955 + 30956i 
-33177 + 33178i 
-35399 + 35400i 
-37621 + 37622i 
-39843 + 39844i 
-42065 + 42066i 
-44287 + 44288i 
-46509 + 46510i 
-48731 + 48732i 
-50953 + 50954i 
-53175 + 53176i 
-55397 + 55398i 
-57619 + 57620i 
-59841 + 59842i 
-62063 + 62064i 
-64285 + 64286i 
+8736 + 10958i 
+13180 + 15402i 
+17624 + 19846i 
+22068 + 24290i 
+26512 + 28734i 
+30956 + 33178i 
+35400 + 37622i 
+39844 + 42066i 
+44288 + 46510i 
+48732 + 50954i 
+53176 + 55398i 
+57620 + 59842i 
+62064 + 64286i 
+1.27366e-38 + 0i 
+1.26793e-38 + 0i 
+2.9147e-43 + 0i 
+1.79366e-43 + 0i 
+1.27929e-38 + 0i 
+0 + 0i 
+1.98984e-43 + 0i 
+-823424 + 4.59163e-41i 
+0 + 0i 
+4.37205e-43 + 0i 
+0 + 0i 
+0 + 0i 
+-8.68023e-22 + 4.58435e-41i 
 
450. mat5_compressed_readslab_be.at:1024: 450. Read linear slab of single-precision complex array (mat5_compressed_readslab_be.at:1024): FAILED (mat5_compressed_readslab_be.at:1026)

#                             -*- compilation -*-
451. mat5_compressed_readslab_be.at:1057: testing Read linear slab of 64-bit integer complex array ...
./mat5_compressed_readslab_be.at:1059: $builddir/../tools/matdump -d $srcdir/datasets/matio_test_cases_compressed_be.mat var82\(3257:1111:end\)
stderr:
--- -	2016-01-19 16:22:21.401910801 +0100
+++ /home/marten/Projects/matio-matio/test/testsuite.dir/at-groups/451/stdout	2016-01-19 16:22:21.394316796 +0100
@@ -1,28 +1,28 @@
 6513 + 6514i 
-8735 + 8736i 
-10957 + 10958i 
-13179 + 13180i 
-15401 + 15402i 
-17623 + 17624i 
-19845 + 19846i 
-22067 + 22068i 
-24289 + 24290i 
-26511 + 26512i 
-28733 + 28734i 
-30955 + 30956i 
-33177 + 33178i 
-35399 + 35400i 
-37621 + 37622i 
-39843 + 39844i 
-42065 + 42066i 
-44287 + 44288i 
-46509 + 46510i 
-48731 + 48732i 
-50953 + 50954i 
-53175 + 53176i 
-55397 + 55398i 
-57619 + 57620i 
-59841 + 59842i 
-62063 + 62064i 
-64285 + 64286i 
+8736 + 10958i 
+13180 + 15402i 
+17624 + 19846i 
+22068 + 24290i 
+26512 + 28734i 
+30956 + 33178i 
+35400 + 37622i 
+39844 + 42066i 
+44288 + 46510i 
+48732 + 50954i 
+53176 + 55398i 
+57620 + 59842i 
+62064 + 64286i 
+0 + 70i 
+2224036946 + 0i 
+0 + 40529i 
+14125024 + 14125408i 
+0 + 0i 
+312 + 0i 
+140737488355343 + 1340029796664i 
+13971072 + 3i 
+30064771078 + 21474836568i 
+140597089404096 + 140597089403968i 
+21474836489 + 1224065679376i 
+1305670058003 + 13965264i 
+1688875630460932 + 2251834173751302i 
 
451. mat5_compressed_readslab_be.at:1057: 451. Read linear slab of 64-bit integer complex array (mat5_compressed_readslab_be.at:1057): FAILED (mat5_compressed_readslab_be.at:1059)

#                             -*- compilation -*-
452. mat5_compressed_readslab_be.at:1090: testing Read linear slab of 64-bit unsigned integer complex array ...
./mat5_compressed_readslab_be.at:1092: $builddir/../tools/matdump -d $srcdir/datasets/matio_test_cases_compressed_be.mat var83\(3257:1111:end\)
stderr:
--- -	2016-01-19 16:22:21.428743511 +0100
+++ /home/marten/Projects/matio-matio/test/testsuite.dir/at-groups/452/stdout	2016-01-19 16:22:21.422316797 +0100
@@ -1,28 +1,28 @@
 6513 + 6514i 
-8735 + 8736i 
-10957 + 10958i 
-13179 + 13180i 
-15401 + 15402i 
-17623 + 17624i 
-19845 + 19846i 
-22067 + 22068i 
-24289 + 24290i 
-26511 + 26512i 
-28733 + 28734i 
-30955 + 30956i 
-33177 + 33178i 
-35399 + 35400i 
-37621 + 37622i 
-39843 + 39844i 
-42065 + 42066i 
-44287 + 44288i 
-46509 + 46510i 
-48731 + 48732i 
-50953 + 50954i 
-53175 + 53176i 
-55397 + 55398i 
-57619 + 57620i 
-59841 + 59842i 
-62063 + 62064i 
-64285 + 64286i 
+8736 + 10958i 
+13180 + 15402i 
+17624 + 19846i 
+22068 + 24290i 
+26512 + 28734i 
+30956 + 33178i 
+35400 + 37622i 
+39844 + 42066i 
+44288 + 46510i 
+48732 + 50954i 
+53176 + 55398i 
+57620 + 59842i 
+62064 + 64286i 
+0 + 70i 
+2224036946 + 0i 
+0 + 40529i 
+35788768 + 35789152i 
+0 + 0i 
+312 + 0i 
+140737488355343 + 1340029796664i 
+35634816 + 3i 
+30064771078 + 21474836568i 
+140517295469760 + 140517295469632i 
+21474836489 + 1224065679376i 
+1305670058003 + 35629008i 
+1688875630460932 + 2251834173751302i 
 
452. mat5_compressed_readslab_be.at:1090: 452. Read linear slab of 64-bit unsigned integer complex array (mat5_compressed_readslab_be.at:1090): FAILED (mat5_compressed_readslab_be.at:1092)

#                             -*- compilation -*-
453. mat5_compressed_readslab_be.at:1123: testing Read linear slab of 32-bit integer complex array ...
./mat5_compressed_readslab_be.at:1125: $builddir/../tools/matdump -d $srcdir/datasets/matio_test_cases_compressed_be.mat var84\(3257:1111:end\)
stderr:
--- -	2016-01-19 16:22:21.454251979 +0100
+++ /home/marten/Projects/matio-matio/test/testsuite.dir/at-groups/453/stdout	2016-01-19 16:22:21.446316798 +0100
@@ -1,28 +1,28 @@
 6513 + 6514i 
-8735 + 8736i 
-10957 + 10958i 
-13179 + 13180i 
-15401 + 15402i 
-17623 + 17624i 
-19845 + 19846i 
-22067 + 22068i 
-24289 + 24290i 
-26511 + 26512i 
-28733 + 28734i 
-30955 + 30956i 
-33177 + 33178i 
-35399 + 35400i 
-37621 + 37622i 
-39843 + 39844i 
-42065 + 42066i 
-44287 + 44288i 
-46509 + 46510i 
-48731 + 48732i 
-50953 + 50954i 
-53175 + 53176i 
-55397 + 55398i 
-57619 + 57620i 
-59841 + 59842i 
-62063 + 62064i 
-64285 + 64286i 
+8736 + 10958i 
+13180 + 15402i 
+17624 + 19846i 
+22068 + 24290i 
+26512 + 28734i 
+30956 + 33178i 
+35400 + 37622i 
+39844 + 42066i 
+44288 + 46510i 
+48732 + 50954i 
+53176 + 55398i 
+57620 + 59842i 
+62064 + 64286i 
+35373184 + 0i 
+35332288 + 0i 
+208 + 0i 
+128 + 0i 
+35413360 + 0i 
+0 + 0i 
+142 + 0i 
+1723702864 + 32765i 
+0 + 0i 
+312 + 0i 
+0 + 0i 
+0 + 0i 
+-700113920 + 32711i 
 
453. mat5_compressed_readslab_be.at:1123: 453. Read linear slab of 32-bit integer complex array (mat5_compressed_readslab_be.at:1123): FAILED (mat5_compressed_readslab_be.at:1125)

#                             -*- compilation -*-
454. mat5_compressed_readslab_be.at:1156: testing Read linear slab of 32-bit unsigned integer complex array ...
./mat5_compressed_readslab_be.at:1158: $builddir/../tools/matdump -d $srcdir/datasets/matio_test_cases_compressed_be.mat var85\(3257:1111:end\)
stderr:
--- -	2016-01-19 16:22:21.480329179 +0100
+++ /home/marten/Projects/matio-matio/test/testsuite.dir/at-groups/454/stdout	2016-01-19 16:22:21.474316799 +0100
@@ -1,28 +1,28 @@
 6513 + 6514i 
-8735 + 8736i 
-10957 + 10958i 
-13179 + 13180i 
-15401 + 15402i 
-17623 + 17624i 
-19845 + 19846i 
-22067 + 22068i 
-24289 + 24290i 
-26511 + 26512i 
-28733 + 28734i 
-30955 + 30956i 
-33177 + 33178i 
-35399 + 35400i 
-37621 + 37622i 
-39843 + 39844i 
-42065 + 42066i 
-44287 + 44288i 
-46509 + 46510i 
-48731 + 48732i 
-50953 + 50954i 
-53175 + 53176i 
-55397 + 55398i 
-57619 + 57620i 
-59841 + 59842i 
-62063 + 62064i 
-64285 + 64286i 
+8736 + 10958i 
+13180 + 15402i 
+17624 + 19846i 
+22068 + 24290i 
+26512 + 28734i 
+30956 + 33178i 
+35400 + 37622i 
+39844 + 42066i 
+44288 + 46510i 
+48732 + 50954i 
+53176 + 55398i 
+57620 + 59842i 
+62064 + 64286i 
+27906176 + 0i 
+27865280 + 0i 
+208 + 0i 
+128 + 0i 
+27946352 + 0i 
+0 + 0i 
+142 + 0i 
+2522176688 + 32767i 
+0 + 0i 
+312 + 0i 
+0 + 0i 
+0 + 0i 
+3325328384 + 32732i 
 
454. mat5_compressed_readslab_be.at:1156: 454. Read linear slab of 32-bit unsigned integer complex array (mat5_compressed_readslab_be.at:1156): FAILED (mat5_compressed_readslab_be.at:1158)

#                             -*- compilation -*-
455. mat5_compressed_readslab_be.at:1189: testing Read linear slab of 16-bit integer complex array ...
./mat5_compressed_readslab_be.at:1191: $builddir/../tools/matdump -d $srcdir/datasets/matio_test_cases_compressed_be.mat var86\(3257:1111:end\)
stderr:
--- -	2016-01-19 16:22:21.504157079 +0100
+++ /home/marten/Projects/matio-matio/test/testsuite.dir/at-groups/455/stdout	2016-01-19 16:22:21.498316800 +0100
@@ -1,28 +1,28 @@
 -10654 + 2041i 
--5682 + -8946i 
-23505 + -19284i 
--29808 + -793i 
-14361 + 14250i 
-24577 + 10449i 
-10061 + -10980i 
-2278 + 30610i 
-30584 + -16154i 
--10092 + -15599i 
--28226 + 856i 
-18653 + 19236i 
-9803 + 32660i 
-10182 + -32150i 
-30378 + 32495i 
-19696 + -11216i 
--30489 + -3723i 
-31624 + -2321i 
-6915 + -18372i 
-8442 + -9731i 
--16034 + -3060i 
--30068 + -24676i 
-7227 + -17710i 
--22074 + 4538i 
-5373 + 10851i 
--12908 + 17807i 
-10850 + 7874i 
+-8946 + -19284i 
+-793 + 14250i 
+10449 + -10980i 
+30610 + -16154i 
+-15599 + 856i 
+19236 + 32660i 
+-32150 + 32495i 
+-11216 + -3723i 
+-2321 + -18372i 
+-9731 + -3060i 
+-24676 + -17710i 
+4538 + 10851i 
+17807 + 7874i 
+11142 + 0i 
+0 + 0i 
+0 + 0i 
+0 + 0i 
+2 + 0i 
+0 + 0i 
+-336 + 117i 
+0 + 0i 
+25088 + 117i 
+0 + 0i 
+8 + 0i 
+2 + 0i 
+33 + 0i 
 
455. mat5_compressed_readslab_be.at:1189: 455. Read linear slab of 16-bit integer complex array (mat5_compressed_readslab_be.at:1189): FAILED (mat5_compressed_readslab_be.at:1191)

#                             -*- compilation -*-
456. mat5_compressed_readslab_be.at:1222: testing Read linear slab of 16-bit unsigned integer complex array ...
./mat5_compressed_readslab_be.at:1224: $builddir/../tools/matdump -d $srcdir/datasets/matio_test_cases_compressed_be.mat var87\(3257:1111:end\)
stderr:
--- -	2016-01-19 16:22:21.527940849 +0100
+++ /home/marten/Projects/matio-matio/test/testsuite.dir/at-groups/456/stdout	2016-01-19 16:22:21.522316801 +0100
@@ -1,28 +1,28 @@
 18653 + 18059i 
-30454 + 36469i 
-11090 + 49102i 
-51945 + 25659i 
-59160 + 51510i 
-39866 + 61119i 
-53268 + 43019i 
-43356 + 9321i 
-32869 + 31981i 
-38858 + 37281i 
-62411 + 63389i 
-58886 + 55340i 
-36223 + 10839i 
-62276 + 52727i 
-9244 + 37001i 
-36878 + 2671i 
-15788 + 12333i 
-4031 + 15964i 
-29959 + 25528i 
-42025 + 16986i 
-22838 + 65016i 
-22738 + 31838i 
-47727 + 42512i 
-53210 + 45773i 
-39345 + 36843i 
-39409 + 52620i 
-9100 + 59236i 
+36469 + 49102i 
+25659 + 51510i 
+61119 + 43019i 
+9321 + 31981i 
+37281 + 63389i 
+55340 + 10839i 
+52727 + 37001i 
+2671 + 12333i 
+15964 + 25528i 
+16986 + 65016i 
+31838 + 42512i 
+45773 + 36843i 
+52620 + 59236i 
+11142 + 0i 
+0 + 0i 
+0 + 0i 
+0 + 0i 
+2 + 0i 
+0 + 0i 
+57008 + 178i 
+0 + 0i 
+16896 + 178i 
+0 + 0i 
+8 + 0i 
+2 + 0i 
+33 + 0i 
 
456. mat5_compressed_readslab_be.at:1222: 456. Read linear slab of 16-bit unsigned integer complex array (mat5_compressed_readslab_be.at:1222): FAILED (mat5_compressed_readslab_be.at:1224)

#                             -*- compilation -*-
457. mat5_compressed_readslab_be.at:1255: testing Read linear slab of 8-bit integer complex array ...
./mat5_compressed_readslab_be.at:1257: $builddir/../tools/matdump -d $srcdir/datasets/matio_test_cases_compressed_be.mat var88\(3257:1111:end\)
stderr:
--- -	2016-01-19 16:22:21.551299137 +0100
+++ /home/marten/Projects/matio-matio/test/testsuite.dir/at-groups/457/stdout	2016-01-19 16:22:21.546316802 +0100
@@ -1,28 +1,28 @@
 -58 + 9i 
-37 + -39i 
-28 + 59i 
-55 + -63i 
--67 + -87i 
-82 + -113i 
-38 + 85i 
-89 + 115i 
-84 + 100i 
-1 + -29i 
--106 + -92i 
-95 + 57i 
--104 + -80i 
--95 + -84i 
--14 + -123i 
--31 + -60i 
--27 + 2i 
--104 + -30i 
-117 + 121i 
-36 + 104i 
--49 + -121i 
--117 + 114i 
--98 + 73i 
-40 + -4i 
-123 + 33i 
--1 + 64i 
-112 + -45i 
+-39 + 59i 
+-63 + -87i 
+-113 + 85i 
+115 + 100i 
+-29 + -92i 
+57 + -80i 
+-84 + -123i 
+-60 + 2i 
+-30 + 121i 
+104 + -121i 
+114 + 73i 
+-4 + 33i 
+64 + -45i 
+0 + 0i 
+0 + 0i 
+-64 + -80i 
+120 + 1i 
+0 + 0i 
+0 + 0i 
+48 + 80i 
+121 + 1i 
+0 + 0i 
+0 + 0i 
+121 + 43i 
+0 + 0i 
+0 + 0i 
 
457. mat5_compressed_readslab_be.at:1255: 457. Read linear slab of 8-bit integer complex array (mat5_compressed_readslab_be.at:1255): FAILED (mat5_compressed_readslab_be.at:1257)

#                             -*- compilation -*-
458. mat5_compressed_readslab_be.at:1288: testing Read linear slab of 8-bit unsigned integer complex array ...
./mat5_compressed_readslab_be.at:1290: $builddir/../tools/matdump -d $srcdir/datasets/matio_test_cases_compressed_be.mat var89\(3257:1111:end\)
stderr:
--- -	2016-01-19 16:22:21.575361226 +0100
+++ /home/marten/Projects/matio-matio/test/testsuite.dir/at-groups/458/stdout	2016-01-19 16:22:21.570316803 +0100
@@ -1,28 +1,28 @@
 20 + 13i 
-181 + 222i 
-139 + 184i 
-151 + 35i 
-120 + 204i 
-222 + 111i 
-138 + 19i 
-36 + 68i 
-111 + 184i 
-9 + 93i 
-199 + 135i 
-166 + 215i 
-216 + 131i 
-79 + 233i 
-120 + 64i 
-133 + 175i 
-46 + 199i 
-233 + 68i 
-182 + 186i 
-170 + 48i 
-222 + 94i 
-160 + 144i 
-53 + 199i 
-43 + 251i 
-224 + 206i 
-162 + 102i 
-179 + 205i 
+222 + 184i 
+35 + 204i 
+111 + 19i 
+68 + 184i 
+93 + 135i 
+215 + 131i 
+233 + 64i 
+175 + 199i 
+68 + 186i 
+48 + 94i 
+144 + 199i 
+251 + 206i 
+102 + 205i 
+0 + 0i 
+0 + 0i 
+192 + 96i 
+4 + 1i 
+0 + 0i 
+0 + 0i 
+48 + 0i 
+5 + 1i 
+0 + 0i 
+0 + 0i 
+121 + 43i 
+0 + 0i 
+0 + 0i 
 
458. mat5_compressed_readslab_be.at:1288: 458. Read linear slab of 8-bit unsigned integer complex array (mat5_compressed_readslab_be.at:1288): FAILED (mat5_compressed_readslab_be.at:1290)

#                             -*- compilation -*-
740. mat5_uncompressed_write.at:3841: testing Write cell array with 2D double-precision complex fields ...
./mat5_uncompressed_write.at:3842: $builddir/test_mat -v 5 write_cell_complex_2d_numeric
stderr:
stdout:
./mat5_uncompressed_write.at:3889: $builddir/test_mat readvar test_write_cell_complex_2d_numeric.mat a
stderr:
--- expout	2016-01-19 16:22:26.614316988 +0100
+++ /home/marten/Projects/matio-matio/test/testsuite.dir/at-groups/740/stdout	2016-01-19 16:22:26.622316989 +0100
@@ -9,35 +9,35 @@
 Class Type: Double Precision Array (complex)
  Data Type: IEEE 754 double-precision
 {
-1 + 51i 4 + 54i 7 + 57i 10 + 60i 
-2 + 52i 5 + 55i 8 + 58i 11 + 61i 
-3 + 53i 6 + 56i 9 + 59i 12 + 62i 
+6.95279e-310 + 6.95279e-310i 1.91115e-316 + 1.91116e-316i 1.33505e-307 + 1.4463e-307i 2.2251e-307 + 2.44762e-307i 
+6.95279e-310 + 6.95279e-310i 0 + 0i 1.55756e-307 + 1.66882e-307i 2.67013e-307 + 2.89264e-307i 
+1.91103e-316 + 1.91104e-316i 1.11254e-307 + 1.22379e-307i 1.78008e-307 + 2.00259e-307i 3.11515e-307 + 3.33766e-307i 
 }
       Rank: 2
 Dimensions: 3 x 4
 Class Type: Double Precision Array (complex)
  Data Type: IEEE 754 double-precision
 {
-13 + 63i 16 + 66i 19 + 69i 22 + 72i 
-14 + 64i 17 + 67i 20 + 70i 23 + 73i 
-15 + 65i 18 + 68i 21 + 71i 24 + 74i 
+6.95279e-310 + 6.95279e-310i 1.91116e-316 + 0i 1.4463e-307 + 1.55756e-307i 2.44762e-307 + 2.67013e-307i 
+6.95279e-310 + 1.91103e-316i 0 + 1.11254e-307i 1.66882e-307 + 1.78008e-307i 2.89264e-307 + 3.11515e-307i 
+1.91104e-316 + 1.91115e-316i 1.22379e-307 + 1.33505e-307i 2.00259e-307 + 2.2251e-307i 3.33766e-307 + 3.56022e-307i 
 }
       Rank: 2
 Dimensions: 3 x 4
 Class Type: Double Precision Array (complex)
  Data Type: IEEE 754 double-precision
 {
-25 + 75i 28 + 78i 31 + 81i 34 + 84i 
-26 + 76i 29 + 79i 32 + 82i 35 + 85i 
-27 + 77i 30 + 80i 33 + 83i 36 + 86i 
+6.95279e-310 + 6.95279e-310i 0 + 0i 1.55756e-307 + 1.66882e-307i 2.67013e-307 + 2.89264e-307i 
+1.91103e-316 + 1.91104e-316i 1.11254e-307 + 1.22379e-307i 1.78008e-307 + 2.00259e-307i 3.11515e-307 + 3.33766e-307i 
+1.91115e-316 + 1.91116e-316i 1.33505e-307 + 1.4463e-307i 2.2251e-307 + 2.44762e-307i 3.56022e-307 + 4.00524e-307i 
 }
       Rank: 2
 Dimensions: 3 x 4
 Class Type: Double Precision Array (complex)
  Data Type: IEEE 754 double-precision
 {
-37 + 87i 40 + 90i 43 + 93i 46 + 96i 
-38 + 88i 41 + 91i 44 + 94i 47 + 97i 
-39 + 89i 42 + 92i 45 + 95i 48 + 98i 
+6.95279e-310 + 1.91103e-316i 0 + 1.11254e-307i 1.66882e-307 + 1.78008e-307i 2.89264e-307 + 3.11515e-307i 
+1.91104e-316 + 1.91115e-316i 1.22379e-307 + 1.33505e-307i 2.00259e-307 + 2.2251e-307i 3.33766e-307 + 3.56022e-307i 
+1.91116e-316 + 0i 1.4463e-307 + 1.55756e-307i 2.44762e-307 + 2.67013e-307i 4.00524e-307 + 4.45026e-307i 
 }
 }
740. mat5_uncompressed_write.at:3841: 740. Write cell array with 2D double-precision complex fields (mat5_uncompressed_write.at:3841): FAILED (mat5_uncompressed_write.at:3889)

#                             -*- compilation -*-
741. mat5_uncompressed_write.at:3919: testing Write cell array with 2D single-precision complex fields ...
./mat5_uncompressed_write.at:3920: $builddir/test_mat -v 5 -c single write_cell_complex_2d_numeric
stderr:
stdout:
./mat5_uncompressed_write.at:3967: $builddir/test_mat readvar test_write_cell_complex_2d_numeric.mat a
stderr:
--- expout	2016-01-19 16:22:26.646316989 +0100
+++ /home/marten/Projects/matio-matio/test/testsuite.dir/at-groups/741/stdout	2016-01-19 16:22:26.658316990 +0100
@@ -9,35 +9,35 @@
 Class Type: Single Precision Array (complex)
  Data Type: IEEE 754 single-precision
 {
-1 + 51i 4 + 54i 7 + 57i 10 + 60i 
-2 + 52i 5 + 55i 8 + 58i 11 + 61i 
-3 + 53i 6 + 56i 9 + 59i 12 + 62i 
+-1.90349e-32 + 4.59135e-41i -1.90354e-32 + 4.59135e-41i 4.21968e-38 + 0i 0 + 0i 
+-1.90351e-32 + 4.59135e-41i 4.21902e-38 + 0i 4.21974e-38 + 0i 4.68361e-39 + 4.77545e-39i 
+-1.90352e-32 + 4.59135e-41i 4.21907e-38 + 0i 0 + 0i 4.86729e-39 + 4.95912e-39i 
 }
       Rank: 2
 Dimensions: 3 x 4
 Class Type: Single Precision Array (complex)
  Data Type: IEEE 754 single-precision
 {
-13 + 63i 16 + 66i 19 + 69i 22 + 72i 
-14 + 64i 17 + 67i 20 + 70i 23 + 73i 
-15 + 65i 18 + 68i 21 + 71i 24 + 74i 
+-1.90351e-32 + 4.59135e-41i 4.21902e-38 + 0i 4.21974e-38 + 0i 4.68361e-39 + 4.77545e-39i 
+-1.90352e-32 + 4.59135e-41i 4.21907e-38 + 0i 0 + 0i 4.86729e-39 + 4.95912e-39i 
+-1.90354e-32 + 4.59135e-41i 4.21968e-38 + 0i 0 + 0i 5.05096e-39 + 5.1428e-39i 
 }
       Rank: 2
 Dimensions: 3 x 4
 Class Type: Single Precision Array (complex)
  Data Type: IEEE 754 single-precision
 {
-25 + 75i 28 + 78i 31 + 81i 34 + 84i 
-26 + 76i 29 + 79i 32 + 82i 35 + 85i 
-27 + 77i 30 + 80i 33 + 83i 36 + 86i 
+-1.90352e-32 + 4.59135e-41i 4.21907e-38 + 0i 0 + 0i 4.86729e-39 + 4.95912e-39i 
+-1.90354e-32 + 4.59135e-41i 4.21968e-38 + 0i 0 + 0i 5.05096e-39 + 5.1428e-39i 
+4.21902e-38 + 0i 4.21974e-38 + 0i 4.68361e-39 + 4.77545e-39i 5.23463e-39 + 5.32647e-39i 
 }
       Rank: 2
 Dimensions: 3 x 4
 Class Type: Single Precision Array (complex)
  Data Type: IEEE 754 single-precision
 {
-37 + 87i 40 + 90i 43 + 93i 46 + 96i 
-38 + 88i 41 + 91i 44 + 94i 47 + 97i 
-39 + 89i 42 + 92i 45 + 95i 48 + 98i 
+-1.90354e-32 + 4.59135e-41i 4.21968e-38 + 0i 0 + 0i 5.05096e-39 + 5.1428e-39i 
+4.21902e-38 + 0i 4.21974e-38 + 0i 4.68361e-39 + 4.77545e-39i 5.23463e-39 + 5.32647e-39i 
+4.21907e-38 + 0i 0 + 0i 4.86729e-39 + 4.95912e-39i 5.41831e-39 + 5.51014e-39i 
 }
 }
741. mat5_uncompressed_write.at:3919: 741. Write cell array with 2D single-precision complex fields (mat5_uncompressed_write.at:3919): FAILED (mat5_uncompressed_write.at:3967)

#                             -*- compilation -*-
742. mat5_uncompressed_write.at:3997: testing Write cell array with 2D 64-bit signed integer complex fields ...
./mat5_uncompressed_write.at:3999: $builddir/test_mat -v 5 -c int64 write_cell_complex_2d_numeric
stderr:
stdout:
./mat5_uncompressed_write.at:4046: $builddir/test_mat readvar test_write_cell_complex_2d_numeric.mat a
stderr:
--- expout	2016-01-19 16:22:26.682316991 +0100
+++ /home/marten/Projects/matio-matio/test/testsuite.dir/at-groups/742/stdout	2016-01-19 16:22:26.694316991 +0100
@@ -9,35 +9,35 @@
 Class Type: 64-bit, signed integer array (complex)
  Data Type: 64-bit, signed integer
 {
-1 + 51i 4 + 54i 7 + 57i 10 + 60i 
-2 + 52i 5 + 55i 8 + 58i 11 + 61i 
-3 + 53i 6 + 56i 9 + 59i 12 + 62i 
+140720835707072 + 140720835707264i 34045376 + 34045584i 15762624469204997 + 16325583012691975i 19140375730126865 + 19703334273613843i 
+140720835707456 + 140720835707648i 0 + 0i 16888541556178953 + 17451500099665931i 20266292817100821 + 20829251360587799i 
+34043008 + 34043216i 14636707382231041 + 15199665925718019i 18014458643152909 + 18577417186639887i 21392209904074777 + 21955168447561755i 
 }
       Rank: 2
 Dimensions: 3 x 4
 Class Type: 64-bit, signed integer array (complex)
  Data Type: 64-bit, signed integer
 {
-13 + 63i 16 + 66i 19 + 69i 22 + 72i 
-14 + 64i 17 + 67i 20 + 70i 23 + 73i 
-15 + 65i 18 + 68i 21 + 71i 24 + 74i 
+140720835707264 + 140720835707456i 34045584 + 0i 16325583012691975 + 16888541556178953i 19703334273613843 + 20266292817100821i 
+140720835707648 + 34043008i 0 + 14636707382231041i 17451500099665931 + 18014458643152909i 20829251360587799 + 21392209904074777i 
+34043216 + 34045376i 15199665925718019 + 15762624469204997i 18577417186639887 + 19140375730126865i 21955168447561755 + 22518126991048733i 
 }
       Rank: 2
 Dimensions: 3 x 4
 Class Type: 64-bit, signed integer array (complex)
  Data Type: 64-bit, signed integer
 {
-25 + 75i 28 + 78i 31 + 81i 34 + 84i 
-26 + 76i 29 + 79i 32 + 82i 35 + 85i 
-27 + 77i 30 + 80i 33 + 83i 36 + 86i 
+140720835707456 + 140720835707648i 0 + 0i 16888541556178953 + 17451500099665931i 20266292817100821 + 20829251360587799i 
+34043008 + 34043216i 14636707382231041 + 15199665925718019i 18014458643152909 + 18577417186639887i 21392209904074777 + 21955168447561755i 
+34045376 + 34045584i 15762624469204997 + 16325583012691975i 19140375730126865 + 19703334273613843i 22518126991048733 + 23081085534535711i 
 }
       Rank: 2
 Dimensions: 3 x 4
 Class Type: 64-bit, signed integer array (complex)
  Data Type: 64-bit, signed integer
 {
-37 + 87i 40 + 90i 43 + 93i 46 + 96i 
-38 + 88i 41 + 91i 44 + 94i 47 + 97i 
-39 + 89i 42 + 92i 45 + 95i 48 + 98i 
+140720835707648 + 34043008i 0 + 14636707382231041i 17451500099665931 + 18014458643152909i 20829251360587799 + 21392209904074777i 
+34043216 + 34045376i 15199665925718019 + 15762624469204997i 18577417186639887 + 19140375730126865i 21955168447561755 + 22518126991048733i 
+34045584 + 0i 16325583012691975 + 16888541556178953i 19703334273613843 + 20266292817100821i 23081085534535711 + 23644044078022689i 
 }
 }
742. mat5_uncompressed_write.at:3997: 742. Write cell array with 2D 64-bit signed integer complex fields (mat5_uncompressed_write.at:3997): FAILED (mat5_uncompressed_write.at:4046)

#                             -*- compilation -*-
743. mat5_uncompressed_write.at:4076: testing Write cell array with 2D 64-bit unsigned integer complex fields ...
./mat5_uncompressed_write.at:4078: $builddir/test_mat -v 5 -c uint64 write_cell_complex_2d_numeric
stderr:
stdout:
./mat5_uncompressed_write.at:4125: $builddir/test_mat readvar test_write_cell_complex_2d_numeric.mat a
stderr:
--- expout	2016-01-19 16:22:26.718316992 +0100
+++ /home/marten/Projects/matio-matio/test/testsuite.dir/at-groups/743/stdout	2016-01-19 16:22:26.730316993 +0100
@@ -9,35 +9,35 @@
 Class Type: 64-bit, unsigned integer array (complex)
  Data Type: 64-bit, unsigned integer
 {
-1 + 51i 4 + 54i 7 + 57i 10 + 60i 
-2 + 52i 5 + 55i 8 + 58i 11 + 61i 
-3 + 53i 6 + 56i 9 + 59i 12 + 62i 
+140731601019328 + 140731601019520i 20377024 + 20377232i 15762624469204997 + 16325583012691975i 19140375730126865 + 19703334273613843i 
+140731601019712 + 140731601019904i 0 + 0i 16888541556178953 + 17451500099665931i 20266292817100821 + 20829251360587799i 
+20374656 + 20374864i 14636707382231041 + 15199665925718019i 18014458643152909 + 18577417186639887i 21392209904074777 + 21955168447561755i 
 }
       Rank: 2
 Dimensions: 3 x 4
 Class Type: 64-bit, unsigned integer array (complex)
  Data Type: 64-bit, unsigned integer
 {
-13 + 63i 16 + 66i 19 + 69i 22 + 72i 
-14 + 64i 17 + 67i 20 + 70i 23 + 73i 
-15 + 65i 18 + 68i 21 + 71i 24 + 74i 
+140731601019520 + 140731601019712i 20377232 + 0i 16325583012691975 + 16888541556178953i 19703334273613843 + 20266292817100821i 
+140731601019904 + 20374656i 0 + 14636707382231041i 17451500099665931 + 18014458643152909i 20829251360587799 + 21392209904074777i 
+20374864 + 20377024i 15199665925718019 + 15762624469204997i 18577417186639887 + 19140375730126865i 21955168447561755 + 22518126991048733i 
 }
       Rank: 2
 Dimensions: 3 x 4
 Class Type: 64-bit, unsigned integer array (complex)
  Data Type: 64-bit, unsigned integer
 {
-25 + 75i 28 + 78i 31 + 81i 34 + 84i 
-26 + 76i 29 + 79i 32 + 82i 35 + 85i 
-27 + 77i 30 + 80i 33 + 83i 36 + 86i 
+140731601019712 + 140731601019904i 0 + 0i 16888541556178953 + 17451500099665931i 20266292817100821 + 20829251360587799i 
+20374656 + 20374864i 14636707382231041 + 15199665925718019i 18014458643152909 + 18577417186639887i 21392209904074777 + 21955168447561755i 
+20377024 + 20377232i 15762624469204997 + 16325583012691975i 19140375730126865 + 19703334273613843i 22518126991048733 + 23081085534535711i 
 }
       Rank: 2
 Dimensions: 3 x 4
 Class Type: 64-bit, unsigned integer array (complex)
  Data Type: 64-bit, unsigned integer
 {
-37 + 87i 40 + 90i 43 + 93i 46 + 96i 
-38 + 88i 41 + 91i 44 + 94i 47 + 97i 
-39 + 89i 42 + 92i 45 + 95i 48 + 98i 
+140731601019904 + 20374656i 0 + 14636707382231041i 17451500099665931 + 18014458643152909i 20829251360587799 + 21392209904074777i 
+20374864 + 20377024i 15199665925718019 + 15762624469204997i 18577417186639887 + 19140375730126865i 21955168447561755 + 22518126991048733i 
+20377232 + 0i 16325583012691975 + 16888541556178953i 19703334273613843 + 20266292817100821i 23081085534535711 + 23644044078022689i 
 }
 }
743. mat5_uncompressed_write.at:4076: 743. Write cell array with 2D 64-bit unsigned integer complex fields (mat5_uncompressed_write.at:4076): FAILED (mat5_uncompressed_write.at:4125)

#                             -*- compilation -*-
744. mat5_uncompressed_write.at:4155: testing Write cell array with 2D 32-bit signed integer complex fields ...
./mat5_uncompressed_write.at:4156: $builddir/test_mat -v 5 -c int32 write_cell_complex_2d_numeric
stderr:
stdout:
./mat5_uncompressed_write.at:4203: $builddir/test_mat readvar test_write_cell_complex_2d_numeric.mat a
stderr:
--- expout	2016-01-19 16:22:26.754316993 +0100
+++ /home/marten/Projects/matio-matio/test/testsuite.dir/at-groups/744/stdout	2016-01-19 16:22:26.762316994 +0100
@@ -9,35 +9,35 @@
 Class Type: 32-bit, signed integer array (complex)
  Data Type: 32-bit, signed integer
 {
-1 + 51i 4 + 54i 7 + 57i 10 + 60i 
-2 + 52i 5 + 55i 8 + 58i 11 + 61i 
-3 + 53i 6 + 56i 9 + 59i 12 + 62i 
+-530868544 + 32766i -530868256 + 32766i 17075648 + 0i 0 + 0i 
+-530868448 + 32766i 17073280 + 0i 17075856 + 0i 3342337 + 3407874i 
+-530868352 + 32766i 17073488 + 0i 0 + 0i 3473411 + 3538948i 
 }
       Rank: 2
 Dimensions: 3 x 4
 Class Type: 32-bit, signed integer array (complex)
  Data Type: 32-bit, signed integer
 {
-13 + 63i 16 + 66i 19 + 69i 22 + 72i 
-14 + 64i 17 + 67i 20 + 70i 23 + 73i 
-15 + 65i 18 + 68i 21 + 71i 24 + 74i 
+-530868448 + 32766i 17073280 + 0i 17075856 + 0i 3342337 + 3407874i 
+-530868352 + 32766i 17073488 + 0i 0 + 0i 3473411 + 3538948i 
+-530868256 + 32766i 17075648 + 0i 0 + 0i 3604485 + 3670022i 
 }
       Rank: 2
 Dimensions: 3 x 4
 Class Type: 32-bit, signed integer array (complex)
  Data Type: 32-bit, signed integer
 {
-25 + 75i 28 + 78i 31 + 81i 34 + 84i 
-26 + 76i 29 + 79i 32 + 82i 35 + 85i 
-27 + 77i 30 + 80i 33 + 83i 36 + 86i 
+-530868352 + 32766i 17073488 + 0i 0 + 0i 3473411 + 3538948i 
+-530868256 + 32766i 17075648 + 0i 0 + 0i 3604485 + 3670022i 
+17073280 + 0i 17075856 + 0i 3342337 + 3407874i 3735559 + 3801096i 
 }
       Rank: 2
 Dimensions: 3 x 4
 Class Type: 32-bit, signed integer array (complex)
  Data Type: 32-bit, signed integer
 {
-37 + 87i 40 + 90i 43 + 93i 46 + 96i 
-38 + 88i 41 + 91i 44 + 94i 47 + 97i 
-39 + 89i 42 + 92i 45 + 95i 48 + 98i 
+-530868256 + 32766i 17075648 + 0i 0 + 0i 3604485 + 3670022i 
+17073280 + 0i 17075856 + 0i 3342337 + 3407874i 3735559 + 3801096i 
+17073488 + 0i 0 + 0i 3473411 + 3538948i 3866633 + 3932170i 
 }
 }
744. mat5_uncompressed_write.at:4155: 744. Write cell array with 2D 32-bit signed integer complex fields (mat5_uncompressed_write.at:4155): FAILED (mat5_uncompressed_write.at:4203)

#                             -*- compilation -*-
745. mat5_uncompressed_write.at:4233: testing Write cell array with 2D 32-bit unsigned integer complex fields ...
./mat5_uncompressed_write.at:4234: $builddir/test_mat -v 5 -c uint32 write_cell_complex_2d_numeric
stderr:
stdout:
./mat5_uncompressed_write.at:4281: $builddir/test_mat readvar test_write_cell_complex_2d_numeric.mat a
stderr:
--- expout	2016-01-19 16:22:26.786316995 +0100
+++ /home/marten/Projects/matio-matio/test/testsuite.dir/at-groups/745/stdout	2016-01-19 16:22:26.794316995 +0100
@@ -9,35 +9,35 @@
 Class Type: 32-bit, unsigned integer array (complex)
  Data Type: 32-bit, unsigned integer
 {
-1 + 51i 4 + 54i 7 + 57i 10 + 60i 
-2 + 52i 5 + 55i 8 + 58i 11 + 61i 
-3 + 53i 6 + 56i 9 + 59i 12 + 62i 
+1156758928 + 32765i 1156759216 + 32765i 12295616 + 0i 0 + 0i 
+1156759024 + 32765i 12293248 + 0i 12295824 + 0i 3342337 + 3407874i 
+1156759120 + 32765i 12293456 + 0i 0 + 0i 3473411 + 3538948i 
 }
       Rank: 2
 Dimensions: 3 x 4
 Class Type: 32-bit, unsigned integer array (complex)
  Data Type: 32-bit, unsigned integer
 {
-13 + 63i 16 + 66i 19 + 69i 22 + 72i 
-14 + 64i 17 + 67i 20 + 70i 23 + 73i 
-15 + 65i 18 + 68i 21 + 71i 24 + 74i 
+1156759024 + 32765i 12293248 + 0i 12295824 + 0i 3342337 + 3407874i 
+1156759120 + 32765i 12293456 + 0i 0 + 0i 3473411 + 3538948i 
+1156759216 + 32765i 12295616 + 0i 0 + 0i 3604485 + 3670022i 
 }
       Rank: 2
 Dimensions: 3 x 4
 Class Type: 32-bit, unsigned integer array (complex)
  Data Type: 32-bit, unsigned integer
 {
-25 + 75i 28 + 78i 31 + 81i 34 + 84i 
-26 + 76i 29 + 79i 32 + 82i 35 + 85i 
-27 + 77i 30 + 80i 33 + 83i 36 + 86i 
+1156759120 + 32765i 12293456 + 0i 0 + 0i 3473411 + 3538948i 
+1156759216 + 32765i 12295616 + 0i 0 + 0i 3604485 + 3670022i 
+12293248 + 0i 12295824 + 0i 3342337 + 3407874i 3735559 + 3801096i 
 }
       Rank: 2
 Dimensions: 3 x 4
 Class Type: 32-bit, unsigned integer array (complex)
  Data Type: 32-bit, unsigned integer
 {
-37 + 87i 40 + 90i 43 + 93i 46 + 96i 
-38 + 88i 41 + 91i 44 + 94i 47 + 97i 
-39 + 89i 42 + 92i 45 + 95i 48 + 98i 
+1156759216 + 32765i 12295616 + 0i 0 + 0i 3604485 + 3670022i 
+12293248 + 0i 12295824 + 0i 3342337 + 3407874i 3735559 + 3801096i 
+12293456 + 0i 0 + 0i 3473411 + 3538948i 3866633 + 3932170i 
 }
 }
745. mat5_uncompressed_write.at:4233: 745. Write cell array with 2D 32-bit unsigned integer complex fields (mat5_uncompressed_write.at:4233): FAILED (mat5_uncompressed_write.at:4281)

#                             -*- compilation -*-
746. mat5_uncompressed_write.at:4311: testing Write cell array with 2D 16-bit signed integer complex fields ...
./mat5_uncompressed_write.at:4312: $builddir/test_mat -v 5 -c int16 write_cell_complex_2d_numeric
stderr:
stdout:
./mat5_uncompressed_write.at:4359: $builddir/test_mat readvar test_write_cell_complex_2d_numeric.mat a
stderr:
--- expout	2016-01-19 16:22:26.822316996 +0100
+++ /home/marten/Projects/matio-matio/test/testsuite.dir/at-groups/746/stdout	2016-01-19 16:22:26.830316996 +0100
@@ -9,35 +9,35 @@
 Class Type: 16-bit, signed integer array (complex)
  Data Type: 16-bit, signed integer
 {
-1 + 51i 4 + 54i 7 + 57i 10 + 60i 
-2 + 52i 5 + 55i 8 + 58i 11 + 61i 
-3 + 53i 6 + 56i 9 + 59i 12 + 62i 
+18544 + -26448i 32764 + 0i 18688 + -26448i 0 + 0i 
+32764 + 0i 18640 + -26448i 32764 + 0i 25936 + 296i 
+18592 + -26448i 32764 + 0i 25728 + 296i 0 + 0i 
 }
       Rank: 2
 Dimensions: 3 x 4
 Class Type: 16-bit, signed integer array (complex)
  Data Type: 16-bit, signed integer
 {
-13 + 63i 16 + 66i 19 + 69i 22 + 72i 
-14 + 64i 17 + 67i 20 + 70i 23 + 73i 
-15 + 65i 18 + 68i 21 + 71i 24 + 74i 
+18592 + -26448i 32764 + 0i 25728 + 296i 0 + 0i 
+32764 + 0i 18688 + -26448i 0 + 0i 28096 + 296i 
+18640 + -26448i 32764 + 0i 25936 + 296i 0 + 0i 
 }
       Rank: 2
 Dimensions: 3 x 4
 Class Type: 16-bit, signed integer array (complex)
  Data Type: 16-bit, signed integer
 {
-25 + 75i 28 + 78i 31 + 81i 34 + 84i 
-26 + 76i 29 + 79i 32 + 82i 35 + 85i 
-27 + 77i 30 + 80i 33 + 83i 36 + 86i 
+18640 + -26448i 32764 + 0i 25936 + 296i 0 + 0i 
+32764 + 0i 25728 + 296i 0 + 0i 28304 + 296i 
+18688 + -26448i 0 + 0i 28096 + 296i 0 + 0i 
 }
       Rank: 2
 Dimensions: 3 x 4
 Class Type: 16-bit, signed integer array (complex)
  Data Type: 16-bit, signed integer
 {
-37 + 87i 40 + 90i 43 + 93i 46 + 96i 
-38 + 88i 41 + 91i 44 + 94i 47 + 97i 
-39 + 89i 42 + 92i 45 + 95i 48 + 98i 
+18688 + -26448i 0 + 0i 28096 + 296i 0 + 0i 
+32764 + 0i 25936 + 296i 0 + 0i 0 + 0i 
+25728 + 296i 0 + 0i 28304 + 296i 0 + 0i 
 }
 }
746. mat5_uncompressed_write.at:4311: 746. Write cell array with 2D 16-bit signed integer complex fields (mat5_uncompressed_write.at:4311): FAILED (mat5_uncompressed_write.at:4359)

#                             -*- compilation -*-
747. mat5_uncompressed_write.at:4389: testing Write cell array with 2D 16-bit unsigned integer complex fields ...
./mat5_uncompressed_write.at:4390: $builddir/test_mat -v 5 -c uint16 write_cell_complex_2d_numeric
stderr:
stdout:
./mat5_uncompressed_write.at:4437: $builddir/test_mat readvar test_write_cell_complex_2d_numeric.mat a
stderr:
--- expout	2016-01-19 16:22:26.854316997 +0100
+++ /home/marten/Projects/matio-matio/test/testsuite.dir/at-groups/747/stdout	2016-01-19 16:22:26.866316998 +0100
@@ -9,35 +9,35 @@
 Class Type: 16-bit, unsigned integer array (complex)
  Data Type: 16-bit, unsigned integer
 {
-1 + 51i 4 + 54i 7 + 57i 10 + 60i 
-2 + 52i 5 + 55i 8 + 58i 11 + 61i 
-3 + 53i 6 + 56i 9 + 59i 12 + 62i 
+52784 + 33822i 32767 + 0i 52928 + 33822i 0 + 0i 
+32767 + 0i 52880 + 33822i 32767 + 0i 50512 + 400i 
+52832 + 33822i 32767 + 0i 50304 + 400i 0 + 0i 
 }
       Rank: 2
 Dimensions: 3 x 4
 Class Type: 16-bit, unsigned integer array (complex)
  Data Type: 16-bit, unsigned integer
 {
-13 + 63i 16 + 66i 19 + 69i 22 + 72i 
-14 + 64i 17 + 67i 20 + 70i 23 + 73i 
-15 + 65i 18 + 68i 21 + 71i 24 + 74i 
+52832 + 33822i 32767 + 0i 50304 + 400i 0 + 0i 
+32767 + 0i 52928 + 33822i 0 + 0i 52672 + 400i 
+52880 + 33822i 32767 + 0i 50512 + 400i 0 + 0i 
 }
       Rank: 2
 Dimensions: 3 x 4
 Class Type: 16-bit, unsigned integer array (complex)
  Data Type: 16-bit, unsigned integer
 {
-25 + 75i 28 + 78i 31 + 81i 34 + 84i 
-26 + 76i 29 + 79i 32 + 82i 35 + 85i 
-27 + 77i 30 + 80i 33 + 83i 36 + 86i 
+52880 + 33822i 32767 + 0i 50512 + 400i 0 + 0i 
+32767 + 0i 50304 + 400i 0 + 0i 52880 + 400i 
+52928 + 33822i 0 + 0i 52672 + 400i 0 + 0i 
 }
       Rank: 2
 Dimensions: 3 x 4
 Class Type: 16-bit, unsigned integer array (complex)
  Data Type: 16-bit, unsigned integer
 {
-37 + 87i 40 + 90i 43 + 93i 46 + 96i 
-38 + 88i 41 + 91i 44 + 94i 47 + 97i 
-39 + 89i 42 + 92i 45 + 95i 48 + 98i 
+52928 + 33822i 0 + 0i 52672 + 400i 0 + 0i 
+32767 + 0i 50512 + 400i 0 + 0i 0 + 0i 
+50304 + 400i 0 + 0i 52880 + 400i 0 + 0i 
 }
 }
747. mat5_uncompressed_write.at:4389: 747. Write cell array with 2D 16-bit unsigned integer complex fields (mat5_uncompressed_write.at:4389): FAILED (mat5_uncompressed_write.at:4437)

#                             -*- compilation -*-
748. mat5_uncompressed_write.at:4467: testing Write cell array with 2D 8-bit signed integer complex fields ...
./mat5_uncompressed_write.at:4468: $builddir/test_mat -v 5 -c int8 write_cell_complex_2d_numeric
stderr:
stdout:
./mat5_uncompressed_write.at:4515: $builddir/test_mat readvar test_write_cell_complex_2d_numeric.mat a
stderr:
--- expout	2016-01-19 16:22:26.890316998 +0100
+++ /home/marten/Projects/matio-matio/test/testsuite.dir/at-groups/748/stdout	2016-01-19 16:22:26.898316999 +0100
@@ -9,35 +9,35 @@
 Class Type: 8-bit, signed integer array (complex)
  Data Type: 8-bit, signed integer
 {
-1 + 51i 4 + 54i 7 + 57i 10 + 60i 
-2 + 52i 5 + 55i 8 + 58i 11 + 61i 
-3 + 53i 6 + 56i 9 + 59i 12 + 62i 
+-80 + 77i 0 + 0i -3 + 127i 76 + 56i 
+76 + 56i -56 + 77i 0 + 0i -3 + 127i 
+-3 + 127i 76 + 56i -32 + 77i 0 + 0i 
 }
       Rank: 2
 Dimensions: 3 x 4
 Class Type: 8-bit, signed integer array (complex)
  Data Type: 8-bit, signed integer
 {
-13 + 63i 16 + 66i 19 + 69i 22 + 72i 
-14 + 64i 17 + 67i 20 + 70i 23 + 73i 
-15 + 65i 18 + 68i 21 + 71i 24 + 74i 
+-56 + 77i 0 + 0i -3 + 127i 76 + 56i 
+76 + 56i -32 + 77i 0 + 0i -3 + 127i 
+-3 + 127i 76 + 56i -8 + 77i 0 + 0i 
 }
       Rank: 2
 Dimensions: 3 x 4
 Class Type: 8-bit, signed integer array (complex)
  Data Type: 8-bit, signed integer
 {
-25 + 75i 28 + 78i 31 + 81i 34 + 84i 
-26 + 76i 29 + 79i 32 + 82i 35 + 85i 
-27 + 77i 30 + 80i 33 + 83i 36 + 86i 
+-32 + 77i 0 + 0i -3 + 127i 44 + 2i 
+76 + 56i -8 + 77i 0 + 0i 0 + 0i 
+-3 + 127i 76 + 56i -128 + 116i 0 + 0i 
 }
       Rank: 2
 Dimensions: 3 x 4
 Class Type: 8-bit, signed integer array (complex)
  Data Type: 8-bit, signed integer
 {
-37 + 87i 40 + 90i 43 + 93i 46 + 96i 
-38 + 88i 41 + 91i 44 + 94i 47 + 97i 
-39 + 89i 42 + 92i 45 + 95i 48 + 98i 
+-8 + 77i 0 + 0i 0 + 0i 44 + 2i 
+76 + 56i -128 + 116i 0 + 0i 0 + 0i 
+-3 + 127i 44 + 2i 80 + 117i 0 + 0i 
 }
 }
748. mat5_uncompressed_write.at:4467: 748. Write cell array with 2D 8-bit signed integer complex fields (mat5_uncompressed_write.at:4467): FAILED (mat5_uncompressed_write.at:4515)

#                             -*- compilation -*-
749. mat5_uncompressed_write.at:4545: testing Write cell array with 2D 8-bit unsigned integer complex fields ...
./mat5_uncompressed_write.at:4546: $builddir/test_mat -v 5 -c uint8 write_cell_complex_2d_numeric
stderr:
stdout:
./mat5_uncompressed_write.at:4593: $builddir/test_mat readvar test_write_cell_complex_2d_numeric.mat a
stderr:
--- expout	2016-01-19 16:22:26.926317000 +0100
+++ /home/marten/Projects/matio-matio/test/testsuite.dir/at-groups/749/stdout	2016-01-19 16:22:26.934317000 +0100
@@ -9,35 +9,35 @@
 Class Type: 8-bit, unsigned integer array (complex)
  Data Type: 8-bit, unsigned integer
 {
-1 + 51i 4 + 54i 7 + 57i 10 + 60i 
-2 + 52i 5 + 55i 8 + 58i 11 + 61i 
-3 + 53i 6 + 56i 9 + 59i 12 + 62i 
+16 + 191i 0 + 0i 254 + 127i 94 + 46i 
+94 + 46i 40 + 191i 0 + 0i 254 + 127i 
+254 + 127i 94 + 46i 64 + 191i 0 + 0i 
 }
       Rank: 2
 Dimensions: 3 x 4
 Class Type: 8-bit, unsigned integer array (complex)
  Data Type: 8-bit, unsigned integer
 {
-13 + 63i 16 + 66i 19 + 69i 22 + 72i 
-14 + 64i 17 + 67i 20 + 70i 23 + 73i 
-15 + 65i 18 + 68i 21 + 71i 24 + 74i 
+40 + 191i 0 + 0i 254 + 127i 94 + 46i 
+94 + 46i 64 + 191i 0 + 0i 254 + 127i 
+254 + 127i 94 + 46i 88 + 191i 0 + 0i 
 }
       Rank: 2
 Dimensions: 3 x 4
 Class Type: 8-bit, unsigned integer array (complex)
  Data Type: 8-bit, unsigned integer
 {
-25 + 75i 28 + 78i 31 + 81i 34 + 84i 
-26 + 76i 29 + 79i 32 + 82i 35 + 85i 
-27 + 77i 30 + 80i 33 + 83i 36 + 86i 
+64 + 191i 0 + 0i 254 + 127i 174 + 1i 
+94 + 46i 88 + 191i 0 + 0i 0 + 0i 
+254 + 127i 94 + 46i 128 + 36i 0 + 0i 
 }
       Rank: 2
 Dimensions: 3 x 4
 Class Type: 8-bit, unsigned integer array (complex)
  Data Type: 8-bit, unsigned integer
 {
-37 + 87i 40 + 90i 43 + 93i 46 + 96i 
-38 + 88i 41 + 91i 44 + 94i 47 + 97i 
-39 + 89i 42 + 92i 45 + 95i 48 + 98i 
+88 + 191i 0 + 0i 0 + 0i 174 + 1i 
+94 + 46i 128 + 36i 0 + 0i 0 + 0i 
+254 + 127i 174 + 1i 80 + 37i 0 + 0i 
 }
 }
749. mat5_uncompressed_write.at:4545: 749. Write cell array with 2D 8-bit unsigned integer complex fields (mat5_uncompressed_write.at:4545): FAILED (mat5_uncompressed_write.at:4593)

#                             -*- compilation -*-
761. mat5_compressed_write.at:459: testing Write 2D double-precision complex array ...
./mat5_compressed_write.at:461: $builddir/test_mat -v 5 -z -c double write_complex_2d_numeric
stderr:
stdout:
./mat5_compressed_write.at:477: $builddir/test_mat readvar test_write_complex_2d_numeric.mat a
stderr:
--- expout	2016-01-19 16:22:27.354317016 +0100
+++ /home/marten/Projects/matio-matio/test/testsuite.dir/at-groups/761/stdout	2016-01-19 16:22:27.362317016 +0100
@@ -4,9 +4,9 @@
 Class Type: Double Precision Array (complex)
  Data Type: IEEE 754 double-precision
 {
-1 + 51i 6 + 56i 11 + 61i 16 + 66i 21 + 71i 26 + 76i 31 + 81i 36 + 86i 41 + 91i 46 + 96i 
-2 + 52i 7 + 57i 12 + 62i 17 + 67i 22 + 72i 27 + 77i 32 + 82i 37 + 87i 42 + 92i 47 + 97i 
-3 + 53i 8 + 58i 13 + 63i 18 + 68i 23 + 73i 28 + 78i 33 + 83i 38 + 88i 43 + 93i 48 + 98i 
-4 + 54i 9 + 59i 14 + 64i 19 + 69i 24 + 74i 29 + 79i 34 + 84i 39 + 89i 44 + 94i 49 + 99i 
-5 + 55i 10 + 60i 15 + 65i 20 + 70i 25 + 75i 30 + 80i 35 + 85i 40 + 90i 45 + 95i 50 + 100i 
+51 + 52i 61 + 62i 71 + 72i 81 + 82i 91 + 92i 0 + 0i 0 + 0i 0 + 0i 0 + 0i 0 + 0i 
+53 + 54i 63 + 64i 73 + 74i 83 + 84i 93 + 94i 0 + 0i 0 + 0i 0 + 0i 0 + 0i 0 + 0i 
+55 + 56i 65 + 66i 75 + 76i 85 + 86i 95 + 96i 0 + 0i 0 + 0i 0 + 0i 0 + 0i 0 + 0i 
+57 + 58i 67 + 68i 77 + 78i 87 + 88i 97 + 98i 0 + 0i 0 + 0i 0 + 0i 0 + 0i 0 + 0i 
+59 + 60i 69 + 70i 79 + 80i 89 + 90i 99 + 100i 0 + 0i 0 + 0i 0 + 0i 0 + 0i 0 + 0i 
 }
761. mat5_compressed_write.at:459: 761. Write 2D double-precision complex array (mat5_compressed_write.at:459): FAILED (mat5_compressed_write.at:477)

#                             -*- compilation -*-
762. mat5_compressed_write.at:502: testing Write 2D single-precision complex array ...
./mat5_compressed_write.at:504: $builddir/test_mat -v 5 -z -c single write_complex_2d_numeric
stderr:
stdout:
./mat5_compressed_write.at:520: $builddir/test_mat readvar test_write_complex_2d_numeric.mat a
stderr:
--- expout	2016-01-19 16:22:27.390317017 +0100
+++ /home/marten/Projects/matio-matio/test/testsuite.dir/at-groups/762/stdout	2016-01-19 16:22:27.402317017 +0100
@@ -4,9 +4,9 @@
 Class Type: Single Precision Array (complex)
  Data Type: IEEE 754 single-precision
 {
-1 + 51i 6 + 56i 11 + 61i 16 + 66i 21 + 71i 26 + 76i 31 + 81i 36 + 86i 41 + 91i 46 + 96i 
-2 + 52i 7 + 57i 12 + 62i 17 + 67i 22 + 72i 27 + 77i 32 + 82i 37 + 87i 42 + 92i 47 + 97i 
-3 + 53i 8 + 58i 13 + 63i 18 + 68i 23 + 73i 28 + 78i 33 + 83i 38 + 88i 43 + 93i 48 + 98i 
-4 + 54i 9 + 59i 14 + 64i 19 + 69i 24 + 74i 29 + 79i 34 + 84i 39 + 89i 44 + 94i 49 + 99i 
-5 + 55i 10 + 60i 15 + 65i 20 + 70i 25 + 75i 30 + 80i 35 + 85i 40 + 90i 45 + 95i 50 + 100i 
+51 + 52i 61 + 62i 71 + 72i 81 + 82i 91 + 92i 0 + 0i 0 + 0i 0 + 0i 0 + 0i 0 + 0i 
+53 + 54i 63 + 64i 73 + 74i 83 + 84i 93 + 94i 0 + 0i 0 + 0i 0 + 0i 0 + 0i 0 + 0i 
+55 + 56i 65 + 66i 75 + 76i 85 + 86i 95 + 96i 0 + 0i 0 + 0i 0 + 0i 0 + 0i 0 + 0i 
+57 + 58i 67 + 68i 77 + 78i 87 + 88i 97 + 98i 0 + 0i 0 + 0i 0 + 0i 0 + 0i 0 + 0i 
+59 + 60i 69 + 70i 79 + 80i 89 + 90i 99 + 100i 0 + 0i 0 + 0i 0 + 0i 0 + 0i 0 + 0i 
 }
762. mat5_compressed_write.at:502: 762. Write 2D single-precision complex array (mat5_compressed_write.at:502): FAILED (mat5_compressed_write.at:520)

#                             -*- compilation -*-
773. mat5_compressed_write.at:1048: testing Write 2D sparse complex double-precision array ...
./mat5_compressed_write.at:1050: $builddir/test_mat -v 5 -z -c double write_complex_sparse
stderr:
stdout:
./mat5_compressed_write.at:1086: $builddir/test_mat readvar test_write_sparse_complex.mat sparse_matrix
stderr:
--- expout	2016-01-19 16:22:27.814317032 +0100
+++ /home/marten/Projects/matio-matio/test/testsuite.dir/at-groups/773/stdout	2016-01-19 16:22:27.822317033 +0100
@@ -4,29 +4,29 @@
 Class Type: Sparse Array (complex)
  Data Type: IEEE 754 double-precision
 {
-    (1,1)  1 + 51i
-    (5,1)  5 + 55i
-    (2,2)  7 + 57i
-    (3,2)  8 + 58i
-    (4,2)  9 + 59i
-    (1,3)  11 + 61i
-    (5,3)  15 + 65i
-    (2,4)  17 + 67i
-    (3,4)  18 + 68i
-    (4,4)  19 + 69i
-    (1,5)  21 + 71i
-    (5,5)  25 + 75i
-    (2,6)  27 + 77i
-    (3,6)  28 + 78i
-    (4,6)  29 + 79i
-    (1,7)  31 + 81i
-    (5,7)  35 + 85i
-    (2,8)  37 + 87i
-    (3,8)  38 + 88i
-    (4,8)  39 + 89i
-    (1,9)  41 + 91i
-    (5,9)  45 + 95i
-    (2,10)  47 + 97i
-    (3,10)  48 + 98i
-    (4,10)  49 + 99i
+    (1,1)  51 + 55i
+    (5,1)  57 + 58i
+    (2,2)  59 + 61i
+    (3,2)  65 + 67i
+    (4,2)  68 + 69i
+    (1,3)  71 + 75i
+    (5,3)  77 + 78i
+    (2,4)  79 + 81i
+    (3,4)  85 + 87i
+    (4,4)  88 + 89i
+    (1,5)  91 + 95i
+    (5,5)  97 + 98i
+    (2,6)  99 + 0i
+    (3,6)  0 + 0i
+    (4,6)  0 + 0i
+    (1,7)  0 + 0i
+    (5,7)  0 + 0i
+    (2,8)  0 + 0i
+    (3,8)  0 + 0i
+    (4,8)  0 + 0i
+    (1,9)  0 + 0i
+    (5,9)  0 + 0i
+    (2,10)  0 + 0i
+    (3,10)  0 + 0i
+    (4,10)  0 + 0i
 }
773. mat5_compressed_write.at:1048: 773. Write 2D sparse complex double-precision array (mat5_compressed_write.at:1048): FAILED (mat5_compressed_write.at:1086)

#                             -*- compilation -*-
787. mat5_compressed_write.at:2149: testing Write structure array with 2D double-precision complex fields ...
./mat5_compressed_write.at:2151: $builddir/test_mat -v 5 -z write_struct_complex_2d_numeric
stderr:
stdout:
./mat5_compressed_write.at:2202: $builddir/test_mat readvar test_write_struct_complex_2d_numeric.mat a
stderr:
--- expout	2016-01-19 16:22:28.362317053 +0100
+++ /home/marten/Projects/matio-matio/test/testsuite.dir/at-groups/787/stdout	2016-01-19 16:22:28.370317053 +0100
@@ -10,9 +10,9 @@
 Class Type: Double Precision Array (complex)
  Data Type: IEEE 754 double-precision
 {
-1 + 51i 4 + 54i 7 + 57i 10 + 60i 
-2 + 52i 5 + 55i 8 + 58i 11 + 61i 
-3 + 53i 6 + 56i 9 + 59i 12 + 62i 
+51 + 52i 57 + 58i 0 + 0i 0 + 0i 
+53 + 54i 59 + 60i 0 + 0i 0 + 0i 
+55 + 56i 61 + 62i 0 + 0i 0 + 0i 
 }
       Name: field2
       Rank: 2
@@ -20,9 +20,9 @@
 Class Type: Double Precision Array (complex)
  Data Type: IEEE 754 double-precision
 {
-13 + 63i 16 + 66i 19 + 69i 22 + 72i 
-14 + 64i 17 + 67i 20 + 70i 23 + 73i 
-15 + 65i 18 + 68i 21 + 71i 24 + 74i 
+63 + 64i 69 + 70i 0 + 0i 0 + 0i 
+65 + 66i 71 + 72i 0 + 0i 0 + 0i 
+67 + 68i 73 + 74i 0 + 0i 0 + 0i 
 }
       Name: field1
       Rank: 2
@@ -30,9 +30,9 @@
 Class Type: Double Precision Array (complex)
  Data Type: IEEE 754 double-precision
 {
-25 + 75i 28 + 78i 31 + 81i 34 + 84i 
-26 + 76i 29 + 79i 32 + 82i 35 + 85i 
-27 + 77i 30 + 80i 33 + 83i 36 + 86i 
+75 + 76i 81 + 82i 0 + 0i 0 + 0i 
+77 + 78i 83 + 84i 0 + 0i 0 + 0i 
+79 + 80i 85 + 86i 0 + 0i 0 + 0i 
 }
       Name: field2
       Rank: 2
@@ -40,8 +40,8 @@
 Class Type: Double Precision Array (complex)
  Data Type: IEEE 754 double-precision
 {
-37 + 87i 40 + 90i 43 + 93i 46 + 96i 
-38 + 88i 41 + 91i 44 + 94i 47 + 97i 
-39 + 89i 42 + 92i 45 + 95i 48 + 98i 
+87 + 88i 93 + 94i 0 + 0i 0 + 0i 
+89 + 90i 95 + 96i 0 + 0i 0 + 0i 
+91 + 92i 97 + 98i 0 + 0i 0 + 0i 
 }
 }
787. mat5_compressed_write.at:2149: 787. Write structure array with 2D double-precision complex fields (mat5_compressed_write.at:2149): FAILED (mat5_compressed_write.at:2202)

#                             -*- compilation -*-
788. mat5_compressed_write.at:2232: testing Write structure array with 2D single-precision complex fields ...
./mat5_compressed_write.at:2234: $builddir/test_mat -v 5 -z -c single write_struct_complex_2d_numeric
stderr:
stdout:
./mat5_compressed_write.at:2285: $builddir/test_mat readvar test_write_struct_complex_2d_numeric.mat a
stderr:
--- expout	2016-01-19 16:22:28.398317054 +0100
+++ /home/marten/Projects/matio-matio/test/testsuite.dir/at-groups/788/stdout	2016-01-19 16:22:28.406317054 +0100
@@ -10,9 +10,9 @@
 Class Type: Single Precision Array (complex)
  Data Type: IEEE 754 single-precision
 {
-1 + 51i 4 + 54i 7 + 57i 10 + 60i 
-2 + 52i 5 + 55i 8 + 58i 11 + 61i 
-3 + 53i 6 + 56i 9 + 59i 12 + 62i 
+51 + 52i 57 + 58i 0 + 0i 0 + 0i 
+53 + 54i 59 + 60i 0 + 0i 0 + 0i 
+55 + 56i 61 + 62i 0 + 0i 0 + 0i 
 }
       Name: field2
       Rank: 2
@@ -20,9 +20,9 @@
 Class Type: Single Precision Array (complex)
  Data Type: IEEE 754 single-precision
 {
-13 + 63i 16 + 66i 19 + 69i 22 + 72i 
-14 + 64i 17 + 67i 20 + 70i 23 + 73i 
-15 + 65i 18 + 68i 21 + 71i 24 + 74i 
+63 + 64i 69 + 70i 0 + 0i 0 + 0i 
+65 + 66i 71 + 72i 0 + 0i 0 + 0i 
+67 + 68i 73 + 74i 0 + 0i 0 + 0i 
 }
       Name: field1
       Rank: 2
@@ -30,9 +30,9 @@
 Class Type: Single Precision Array (complex)
  Data Type: IEEE 754 single-precision
 {
-25 + 75i 28 + 78i 31 + 81i 34 + 84i 
-26 + 76i 29 + 79i 32 + 82i 35 + 85i 
-27 + 77i 30 + 80i 33 + 83i 36 + 86i 
+75 + 76i 81 + 82i 0 + 0i 0 + 0i 
+77 + 78i 83 + 84i 0 + 0i 0 + 0i 
+79 + 80i 85 + 86i 0 + 0i 0 + 0i 
 }
       Name: field2
       Rank: 2
@@ -40,8 +40,8 @@
 Class Type: Single Precision Array (complex)
  Data Type: IEEE 754 single-precision
 {
-37 + 87i 40 + 90i 43 + 93i 46 + 96i 
-38 + 88i 41 + 91i 44 + 94i 47 + 97i 
-39 + 89i 42 + 92i 45 + 95i 48 + 98i 
+87 + 88i 93 + 94i 0 + 0i 0 + 0i 
+89 + 90i 95 + 96i 0 + 0i 0 + 0i 
+91 + 92i 97 + 98i 0 + 0i 0 + 0i 
 }
 }
788. mat5_compressed_write.at:2232: 788. Write structure array with 2D single-precision complex fields (mat5_compressed_write.at:2232): FAILED (mat5_compressed_write.at:2285)

#                             -*- compilation -*-
809. mat5_compressed_write.at:3899: testing Write cell array with 2D double-precision complex fields ...
./mat5_compressed_write.at:3901: $builddir/test_mat -v 5 -z write_cell_complex_2d_numeric
stderr:
stdout:
./mat5_compressed_write.at:3948: $builddir/test_mat readvar test_write_cell_complex_2d_numeric.mat a
stderr:
--- expout	2016-01-19 16:22:29.214317084 +0100
+++ /home/marten/Projects/matio-matio/test/testsuite.dir/at-groups/809/stdout	2016-01-19 16:22:29.222317084 +0100
@@ -9,35 +9,35 @@
 Class Type: Double Precision Array (complex)
  Data Type: IEEE 754 double-precision
 {
-1 + 51i 4 + 54i 7 + 57i 10 + 60i 
-2 + 52i 5 + 55i 8 + 58i 11 + 61i 
-3 + 53i 6 + 56i 9 + 59i 12 + 62i 
+6.95265e-310 + 6.95265e-310i 1.4463e-307 + 1.66882e-307i 0 + 0i 0 + 0i 
+7.26573e-317 + 7.2669e-317i 2.00259e-307 + 2.44762e-307i 0 + 0i 0 + 0i 
+0 + 1.22379e-307i 2.89264e-307 + 3.33766e-307i 0 + 0i 0 + 0i 
 }
       Rank: 2
 Dimensions: 3 x 4
 Class Type: Double Precision Array (complex)
  Data Type: IEEE 754 double-precision
 {
-13 + 63i 16 + 66i 19 + 69i 22 + 72i 
-14 + 64i 17 + 67i 20 + 70i 23 + 73i 
-15 + 65i 18 + 68i 21 + 71i 24 + 74i 
+6.95265e-310 + 7.26563e-317i 1.55756e-307 + 1.78008e-307i 0 + 0i 0 + 0i 
+7.2668e-317 + 0i 2.2251e-307 + 2.67013e-307i 0 + 0i 0 + 0i 
+1.11254e-307 + 1.33505e-307i 3.11515e-307 + 3.56022e-307i 0 + 0i 0 + 0i 
 }
       Rank: 2
 Dimensions: 3 x 4
 Class Type: Double Precision Array (complex)
  Data Type: IEEE 754 double-precision
 {
-25 + 75i 28 + 78i 31 + 81i 34 + 84i 
-26 + 76i 29 + 79i 32 + 82i 35 + 85i 
-27 + 77i 30 + 80i 33 + 83i 36 + 86i 
+6.95265e-310 + 7.26573e-317i 1.66882e-307 + 2.00259e-307i 0 + 0i 0 + 0i 
+7.2669e-317 + 0i 2.44762e-307 + 2.89264e-307i 0 + 0i 0 + 0i 
+1.22379e-307 + 1.4463e-307i 3.33766e-307 + 4.00524e-307i 0 + 0i 0 + 0i 
 }
       Rank: 2
 Dimensions: 3 x 4
 Class Type: Double Precision Array (complex)
  Data Type: IEEE 754 double-precision
 {
-37 + 87i 40 + 90i 43 + 93i 46 + 96i 
-38 + 88i 41 + 91i 44 + 94i 47 + 97i 
-39 + 89i 42 + 92i 45 + 95i 48 + 98i 
+7.26563e-317 + 7.2668e-317i 1.78008e-307 + 2.2251e-307i 0 + 0i 0 + 0i 
+0 + 1.11254e-307i 2.67013e-307 + 3.11515e-307i 0 + 0i 0 + 0i 
+1.33505e-307 + 1.55756e-307i 3.56022e-307 + 4.45026e-307i 0 + 0i 0 + 0i 
 }
 }
809. mat5_compressed_write.at:3899: 809. Write cell array with 2D double-precision complex fields (mat5_compressed_write.at:3899): FAILED (mat5_compressed_write.at:3948)

#                             -*- compilation -*-
810. mat5_compressed_write.at:3978: testing Write cell array with 2D single-precision complex fields ...
./mat5_compressed_write.at:3980: $builddir/test_mat -v 5 -z -c single write_cell_complex_2d_numeric
stderr:
stdout:
./mat5_compressed_write.at:4027: $builddir/test_mat readvar test_write_cell_complex_2d_numeric.mat a
stderr:
--- expout	2016-01-19 16:22:29.250317085 +0100
+++ /home/marten/Projects/matio-matio/test/testsuite.dir/at-groups/810/stdout	2016-01-19 16:22:29.258317086 +0100
@@ -9,35 +9,35 @@
 Class Type: Single Precision Array (complex)
  Data Type: IEEE 754 single-precision
 {
-1 + 51i 4 + 54i 7 + 57i 10 + 60i 
-2 + 52i 5 + 55i 8 + 58i 11 + 61i 
-3 + 53i 6 + 56i 9 + 59i 12 + 62i 
+4.59121e-41 + 4.59121e-41i 0 + 0i 0 + 0i 0 + 0i 
+4.59121e-41 + 4.59121e-41i 0 + 0i 0 + 0i 0 + 0i 
+0 + 0i 4.77545e-39 + 4.95912e-39i 0 + 0i 0 + 0i 
 }
       Rank: 2
 Dimensions: 3 x 4
 Class Type: Single Precision Array (complex)
  Data Type: IEEE 754 single-precision
 {
-13 + 63i 16 + 66i 19 + 69i 22 + 72i 
-14 + 64i 17 + 67i 20 + 70i 23 + 73i 
-15 + 65i 18 + 68i 21 + 71i 24 + 74i 
+4.59121e-41 + 4.59121e-41i 0 + 0i 0 + 0i 0 + 0i 
+4.59121e-41 + 0i 0 + 4.77545e-39i 0 + 0i 0 + 0i 
+0 + 0i 4.95912e-39 + 5.1428e-39i 0 + 0i 0 + 0i 
 }
       Rank: 2
 Dimensions: 3 x 4
 Class Type: Single Precision Array (complex)
  Data Type: IEEE 754 single-precision
 {
-25 + 75i 28 + 78i 31 + 81i 34 + 84i 
-26 + 76i 29 + 79i 32 + 82i 35 + 85i 
-27 + 77i 30 + 80i 33 + 83i 36 + 86i 
+4.59121e-41 + 4.59121e-41i 0 + 0i 0 + 0i 0 + 0i 
+0 + 0i 4.77545e-39 + 4.95912e-39i 0 + 0i 0 + 0i 
+0 + 0i 5.1428e-39 + 5.32647e-39i 0 + 0i 0 + 0i 
 }
       Rank: 2
 Dimensions: 3 x 4
 Class Type: Single Precision Array (complex)
  Data Type: IEEE 754 single-precision
 {
-37 + 87i 40 + 90i 43 + 93i 46 + 96i 
-38 + 88i 41 + 91i 44 + 94i 47 + 97i 
-39 + 89i 42 + 92i 45 + 95i 48 + 98i 
+4.59121e-41 + 0i 0 + 4.77545e-39i 0 + 0i 0 + 0i 
+0 + 0i 4.95912e-39 + 5.1428e-39i 0 + 0i 0 + 0i 
+0 + 0i 5.32647e-39 + 5.51014e-39i 0 + 0i 0 + 0i 
 }
 }
810. mat5_compressed_write.at:3978: 810. Write cell array with 2D single-precision complex fields (mat5_compressed_write.at:3978): FAILED (mat5_compressed_write.at:4027)

#                             -*- compilation -*-
811. mat5_compressed_write.at:4057: testing Write cell array with 2D 64-bit signed integer complex fields ...
./mat5_compressed_write.at:4060: $builddir/test_mat -v 5 -z -c int64 write_cell_complex_2d_numeric
stderr:
stdout:
./mat5_compressed_write.at:4107: $builddir/test_mat readvar test_write_cell_complex_2d_numeric.mat a
stderr:
--- expout	2016-01-19 16:22:29.286317087 +0100
+++ /home/marten/Projects/matio-matio/test/testsuite.dir/at-groups/811/stdout	2016-01-19 16:22:29.294317087 +0100
@@ -9,35 +9,35 @@
 Class Type: 64-bit, signed integer array (complex)
  Data Type: 64-bit, signed integer
 {
-1 + 51i 4 + 54i 7 + 57i 10 + 60i 
-2 + 52i 5 + 55i 8 + 58i 11 + 61i 
-3 + 53i 6 + 56i 9 + 59i 12 + 62i 
+140736380855792 + 140736380855984i 32587200 + 32587408i 15762624469204997 + 16325583012691975i 19140375730126865 + 19703334273613843i 
+140736380856176 + 140736380856368i 0 + 0i 16888541556178953 + 17451500099665931i 20266292817100821 + 20829251360587799i 
+32584832 + 32585040i 14636707382231041 + 15199665925718019i 18014458643152909 + 18577417186639887i 21392209904074777 + 21955168447561755i 
 }
       Rank: 2
 Dimensions: 3 x 4
 Class Type: 64-bit, signed integer array (complex)
  Data Type: 64-bit, signed integer
 {
-13 + 63i 16 + 66i 19 + 69i 22 + 72i 
-14 + 64i 17 + 67i 20 + 70i 23 + 73i 
-15 + 65i 18 + 68i 21 + 71i 24 + 74i 
+140736380855984 + 140736380856176i 32587408 + 0i 16325583012691975 + 16888541556178953i 19703334273613843 + 20266292817100821i 
+140736380856368 + 32584832i 0 + 14636707382231041i 17451500099665931 + 18014458643152909i 20829251360587799 + 21392209904074777i 
+32585040 + 32587200i 15199665925718019 + 15762624469204997i 18577417186639887 + 19140375730126865i 21955168447561755 + 22518126991048733i 
 }
       Rank: 2
 Dimensions: 3 x 4
 Class Type: 64-bit, signed integer array (complex)
  Data Type: 64-bit, signed integer
 {
-25 + 75i 28 + 78i 31 + 81i 34 + 84i 
-26 + 76i 29 + 79i 32 + 82i 35 + 85i 
-27 + 77i 30 + 80i 33 + 83i 36 + 86i 
+140736380856176 + 140736380856368i 0 + 0i 16888541556178953 + 17451500099665931i 20266292817100821 + 20829251360587799i 
+32584832 + 32585040i 14636707382231041 + 15199665925718019i 18014458643152909 + 18577417186639887i 21392209904074777 + 21955168447561755i 
+32587200 + 32587408i 15762624469204997 + 16325583012691975i 19140375730126865 + 19703334273613843i 22518126991048733 + 23081085534535711i 
 }
       Rank: 2
 Dimensions: 3 x 4
 Class Type: 64-bit, signed integer array (complex)
  Data Type: 64-bit, signed integer
 {
-37 + 87i 40 + 90i 43 + 93i 46 + 96i 
-38 + 88i 41 + 91i 44 + 94i 47 + 97i 
-39 + 89i 42 + 92i 45 + 95i 48 + 98i 
+140736380856368 + 32584832i 0 + 14636707382231041i 17451500099665931 + 18014458643152909i 20829251360587799 + 21392209904074777i 
+32585040 + 32587200i 15199665925718019 + 15762624469204997i 18577417186639887 + 19140375730126865i 21955168447561755 + 22518126991048733i 
+32587408 + 0i 16325583012691975 + 16888541556178953i 19703334273613843 + 20266292817100821i 23081085534535711 + 23644044078022689i 
 }
 }
811. mat5_compressed_write.at:4057: 811. Write cell array with 2D 64-bit signed integer complex fields (mat5_compressed_write.at:4057): FAILED (mat5_compressed_write.at:4107)

#                             -*- compilation -*-
812. mat5_compressed_write.at:4137: testing Write cell array with 2D 64-bit unsigned integer complex fields ...
./mat5_compressed_write.at:4140: $builddir/test_mat -v 5 -z -c uint64 write_cell_complex_2d_numeric
stderr:
stdout:
./mat5_compressed_write.at:4187: $builddir/test_mat readvar test_write_cell_complex_2d_numeric.mat a
stderr:
--- expout	2016-01-19 16:22:29.322317088 +0100
+++ /home/marten/Projects/matio-matio/test/testsuite.dir/at-groups/812/stdout	2016-01-19 16:22:29.330317088 +0100
@@ -9,35 +9,35 @@
 Class Type: 64-bit, unsigned integer array (complex)
  Data Type: 64-bit, unsigned integer
 {
-1 + 51i 4 + 54i 7 + 57i 10 + 60i 
-2 + 52i 5 + 55i 8 + 58i 11 + 61i 
-3 + 53i 6 + 56i 9 + 59i 12 + 62i 
+140728438675648 + 140728438675840i 34790848 + 34791056i 15762624469204997 + 16325583012691975i 19140375730126865 + 19703334273613843i 
+140728438676032 + 140728438676224i 0 + 0i 16888541556178953 + 17451500099665931i 20266292817100821 + 20829251360587799i 
+34788480 + 34788688i 14636707382231041 + 15199665925718019i 18014458643152909 + 18577417186639887i 21392209904074777 + 21955168447561755i 
 }
       Rank: 2
 Dimensions: 3 x 4
 Class Type: 64-bit, unsigned integer array (complex)
  Data Type: 64-bit, unsigned integer
 {
-13 + 63i 16 + 66i 19 + 69i 22 + 72i 
-14 + 64i 17 + 67i 20 + 70i 23 + 73i 
-15 + 65i 18 + 68i 21 + 71i 24 + 74i 
+140728438675840 + 140728438676032i 34791056 + 0i 16325583012691975 + 16888541556178953i 19703334273613843 + 20266292817100821i 
+140728438676224 + 34788480i 0 + 14636707382231041i 17451500099665931 + 18014458643152909i 20829251360587799 + 21392209904074777i 
+34788688 + 34790848i 15199665925718019 + 15762624469204997i 18577417186639887 + 19140375730126865i 21955168447561755 + 22518126991048733i 
 }
       Rank: 2
 Dimensions: 3 x 4
 Class Type: 64-bit, unsigned integer array (complex)
  Data Type: 64-bit, unsigned integer
 {
-25 + 75i 28 + 78i 31 + 81i 34 + 84i 
-26 + 76i 29 + 79i 32 + 82i 35 + 85i 
-27 + 77i 30 + 80i 33 + 83i 36 + 86i 
+140728438676032 + 140728438676224i 0 + 0i 16888541556178953 + 17451500099665931i 20266292817100821 + 20829251360587799i 
+34788480 + 34788688i 14636707382231041 + 15199665925718019i 18014458643152909 + 18577417186639887i 21392209904074777 + 21955168447561755i 
+34790848 + 34791056i 15762624469204997 + 16325583012691975i 19140375730126865 + 19703334273613843i 22518126991048733 + 23081085534535711i 
 }
       Rank: 2
 Dimensions: 3 x 4
 Class Type: 64-bit, unsigned integer array (complex)
  Data Type: 64-bit, unsigned integer
 {
-37 + 87i 40 + 90i 43 + 93i 46 + 96i 
-38 + 88i 41 + 91i 44 + 94i 47 + 97i 
-39 + 89i 42 + 92i 45 + 95i 48 + 98i 
+140728438676224 + 34788480i 0 + 14636707382231041i 17451500099665931 + 18014458643152909i 20829251360587799 + 21392209904074777i 
+34788688 + 34790848i 15199665925718019 + 15762624469204997i 18577417186639887 + 19140375730126865i 21955168447561755 + 22518126991048733i 
+34791056 + 0i 16325583012691975 + 16888541556178953i 19703334273613843 + 20266292817100821i 23081085534535711 + 23644044078022689i 
 }
 }
812. mat5_compressed_write.at:4137: 812. Write cell array with 2D 64-bit unsigned integer complex fields (mat5_compressed_write.at:4137): FAILED (mat5_compressed_write.at:4187)

#                             -*- compilation -*-
813. mat5_compressed_write.at:4217: testing Write cell array with 2D 32-bit signed integer complex fields ...
./mat5_compressed_write.at:4219: $builddir/test_mat -v 5 -z -c int32 write_cell_complex_2d_numeric
stderr:
stdout:
./mat5_compressed_write.at:4266: $builddir/test_mat readvar test_write_cell_complex_2d_numeric.mat a
stderr:
--- expout	2016-01-19 16:22:29.358317089 +0100
+++ /home/marten/Projects/matio-matio/test/testsuite.dir/at-groups/813/stdout	2016-01-19 16:22:29.366317089 +0100
@@ -9,35 +9,35 @@
 Class Type: 32-bit, signed integer array (complex)
  Data Type: 32-bit, signed integer
 {
-1 + 51i 4 + 54i 7 + 57i 10 + 60i 
-2 + 52i 5 + 55i 8 + 58i 11 + 61i 
-3 + 53i 6 + 56i 9 + 59i 12 + 62i 
+-424463696 + 32766i -424463408 + 32766i 33037760 + 0i 0 + 0i 
+-424463600 + 32766i 33035392 + 0i 33037968 + 0i 3342337 + 3407874i 
+-424463504 + 32766i 33035600 + 0i 0 + 0i 3473411 + 3538948i 
 }
       Rank: 2
 Dimensions: 3 x 4
 Class Type: 32-bit, signed integer array (complex)
  Data Type: 32-bit, signed integer
 {
-13 + 63i 16 + 66i 19 + 69i 22 + 72i 
-14 + 64i 17 + 67i 20 + 70i 23 + 73i 
-15 + 65i 18 + 68i 21 + 71i 24 + 74i 
+-424463600 + 32766i 33035392 + 0i 33037968 + 0i 3342337 + 3407874i 
+-424463504 + 32766i 33035600 + 0i 0 + 0i 3473411 + 3538948i 
+-424463408 + 32766i 33037760 + 0i 0 + 0i 3604485 + 3670022i 
 }
       Rank: 2
 Dimensions: 3 x 4
 Class Type: 32-bit, signed integer array (complex)
  Data Type: 32-bit, signed integer
 {
-25 + 75i 28 + 78i 31 + 81i 34 + 84i 
-26 + 76i 29 + 79i 32 + 82i 35 + 85i 
-27 + 77i 30 + 80i 33 + 83i 36 + 86i 
+-424463504 + 32766i 33035600 + 0i 0 + 0i 3473411 + 3538948i 
+-424463408 + 32766i 33037760 + 0i 0 + 0i 3604485 + 3670022i 
+33035392 + 0i 33037968 + 0i 3342337 + 3407874i 3735559 + 3801096i 
 }
       Rank: 2
 Dimensions: 3 x 4
 Class Type: 32-bit, signed integer array (complex)
  Data Type: 32-bit, signed integer
 {
-37 + 87i 40 + 90i 43 + 93i 46 + 96i 
-38 + 88i 41 + 91i 44 + 94i 47 + 97i 
-39 + 89i 42 + 92i 45 + 95i 48 + 98i 
+-424463408 + 32766i 33037760 + 0i 0 + 0i 3604485 + 3670022i 
+33035392 + 0i 33037968 + 0i 3342337 + 3407874i 3735559 + 3801096i 
+33035600 + 0i 0 + 0i 3473411 + 3538948i 3866633 + 3932170i 
 }
 }
813. mat5_compressed_write.at:4217: 813. Write cell array with 2D 32-bit signed integer complex fields (mat5_compressed_write.at:4217): FAILED (mat5_compressed_write.at:4266)

#                             -*- compilation -*-
814. mat5_compressed_write.at:4296: testing Write cell array with 2D 32-bit unsigned integer complex fields ...
./mat5_compressed_write.at:4298: $builddir/test_mat -v 5 -z -c uint32 write_cell_complex_2d_numeric
stderr:
stdout:
./mat5_compressed_write.at:4345: $builddir/test_mat readvar test_write_cell_complex_2d_numeric.mat a
stderr:
--- expout	2016-01-19 16:22:29.394317091 +0100
+++ /home/marten/Projects/matio-matio/test/testsuite.dir/at-groups/814/stdout	2016-01-19 16:22:29.402317091 +0100
@@ -9,35 +9,35 @@
 Class Type: 32-bit, unsigned integer array (complex)
  Data Type: 32-bit, unsigned integer
 {
-1 + 51i 4 + 54i 7 + 57i 10 + 60i 
-2 + 52i 5 + 55i 8 + 58i 11 + 61i 
-3 + 53i 6 + 56i 9 + 59i 12 + 62i 
+4238703760 + 32765i 4238704048 + 32765i 10882496 + 0i 0 + 0i 
+4238703856 + 32765i 10880128 + 0i 10882704 + 0i 3342337 + 3407874i 
+4238703952 + 32765i 10880336 + 0i 0 + 0i 3473411 + 3538948i 
 }
       Rank: 2
 Dimensions: 3 x 4
 Class Type: 32-bit, unsigned integer array (complex)
  Data Type: 32-bit, unsigned integer
 {
-13 + 63i 16 + 66i 19 + 69i 22 + 72i 
-14 + 64i 17 + 67i 20 + 70i 23 + 73i 
-15 + 65i 18 + 68i 21 + 71i 24 + 74i 
+4238703856 + 32765i 10880128 + 0i 10882704 + 0i 3342337 + 3407874i 
+4238703952 + 32765i 10880336 + 0i 0 + 0i 3473411 + 3538948i 
+4238704048 + 32765i 10882496 + 0i 0 + 0i 3604485 + 3670022i 
 }
       Rank: 2
 Dimensions: 3 x 4
 Class Type: 32-bit, unsigned integer array (complex)
  Data Type: 32-bit, unsigned integer
 {
-25 + 75i 28 + 78i 31 + 81i 34 + 84i 
-26 + 76i 29 + 79i 32 + 82i 35 + 85i 
-27 + 77i 30 + 80i 33 + 83i 36 + 86i 
+4238703952 + 32765i 10880336 + 0i 0 + 0i 3473411 + 3538948i 
+4238704048 + 32765i 10882496 + 0i 0 + 0i 3604485 + 3670022i 
+10880128 + 0i 10882704 + 0i 3342337 + 3407874i 3735559 + 3801096i 
 }
       Rank: 2
 Dimensions: 3 x 4
 Class Type: 32-bit, unsigned integer array (complex)
  Data Type: 32-bit, unsigned integer
 {
-37 + 87i 40 + 90i 43 + 93i 46 + 96i 
-38 + 88i 41 + 91i 44 + 94i 47 + 97i 
-39 + 89i 42 + 92i 45 + 95i 48 + 98i 
+4238704048 + 32765i 10882496 + 0i 0 + 0i 3604485 + 3670022i 
+10880128 + 0i 10882704 + 0i 3342337 + 3407874i 3735559 + 3801096i 
+10880336 + 0i 0 + 0i 3473411 + 3538948i 3866633 + 3932170i 
 }
 }
814. mat5_compressed_write.at:4296: 814. Write cell array with 2D 32-bit unsigned integer complex fields (mat5_compressed_write.at:4296): FAILED (mat5_compressed_write.at:4345)

#                             -*- compilation -*-
815. mat5_compressed_write.at:4375: testing Write cell array with 2D 16-bit signed integer complex fields ...
./mat5_compressed_write.at:4377: $builddir/test_mat -v 5 -z -c int16 write_cell_complex_2d_numeric
stderr:
stdout:
./mat5_compressed_write.at:4424: $builddir/test_mat readvar test_write_cell_complex_2d_numeric.mat a
stderr:
--- expout	2016-01-19 16:22:29.430317092 +0100
+++ /home/marten/Projects/matio-matio/test/testsuite.dir/at-groups/815/stdout	2016-01-19 16:22:29.438317092 +0100
@@ -9,35 +9,35 @@
 Class Type: 16-bit, signed integer array (complex)
  Data Type: 16-bit, signed integer
 {
-1 + 51i 4 + 54i 7 + 57i 10 + 60i 
-2 + 52i 5 + 55i 8 + 58i 11 + 61i 
-3 + 53i 6 + 56i 9 + 59i 12 + 62i 
+-6608 + -19480i 32765 + 0i -6464 + -19480i 0 + 0i 
+32765 + 0i -6512 + -19480i 32765 + 0i -6832 + 304i 
+-6560 + -19480i 32765 + 0i -7040 + 304i 0 + 0i 
 }
       Rank: 2
 Dimensions: 3 x 4
 Class Type: 16-bit, signed integer array (complex)
  Data Type: 16-bit, signed integer
 {
-13 + 63i 16 + 66i 19 + 69i 22 + 72i 
-14 + 64i 17 + 67i 20 + 70i 23 + 73i 
-15 + 65i 18 + 68i 21 + 71i 24 + 74i 
+-6560 + -19480i 32765 + 0i -7040 + 304i 0 + 0i 
+32765 + 0i -6464 + -19480i 0 + 0i -4672 + 304i 
+-6512 + -19480i 32765 + 0i -6832 + 304i 0 + 0i 
 }
       Rank: 2
 Dimensions: 3 x 4
 Class Type: 16-bit, signed integer array (complex)
  Data Type: 16-bit, signed integer
 {
-25 + 75i 28 + 78i 31 + 81i 34 + 84i 
-26 + 76i 29 + 79i 32 + 82i 35 + 85i 
-27 + 77i 30 + 80i 33 + 83i 36 + 86i 
+-6512 + -19480i 32765 + 0i -6832 + 304i 0 + 0i 
+32765 + 0i -7040 + 304i 0 + 0i -4464 + 304i 
+-6464 + -19480i 0 + 0i -4672 + 304i 0 + 0i 
 }
       Rank: 2
 Dimensions: 3 x 4
 Class Type: 16-bit, signed integer array (complex)
  Data Type: 16-bit, signed integer
 {
-37 + 87i 40 + 90i 43 + 93i 46 + 96i 
-38 + 88i 41 + 91i 44 + 94i 47 + 97i 
-39 + 89i 42 + 92i 45 + 95i 48 + 98i 
+-6464 + -19480i 0 + 0i -4672 + 304i 0 + 0i 
+32765 + 0i -6832 + 304i 0 + 0i 0 + 0i 
+-7040 + 304i 0 + 0i -4464 + 304i 0 + 0i 
 }
 }
815. mat5_compressed_write.at:4375: 815. Write cell array with 2D 16-bit signed integer complex fields (mat5_compressed_write.at:4375): FAILED (mat5_compressed_write.at:4424)

#                             -*- compilation -*-
816. mat5_compressed_write.at:4454: testing Write cell array with 2D 16-bit unsigned integer complex fields ...
./mat5_compressed_write.at:4456: $builddir/test_mat -v 5 -z -c uint16 write_cell_complex_2d_numeric
stderr:
stdout:
./mat5_compressed_write.at:4503: $builddir/test_mat readvar test_write_cell_complex_2d_numeric.mat a
stderr:
--- expout	2016-01-19 16:22:29.466317093 +0100
+++ /home/marten/Projects/matio-matio/test/testsuite.dir/at-groups/816/stdout	2016-01-19 16:22:29.474317093 +0100
@@ -9,35 +9,35 @@
 Class Type: 16-bit, unsigned integer array (complex)
  Data Type: 16-bit, unsigned integer
 {
-1 + 51i 4 + 54i 7 + 57i 10 + 60i 
-2 + 52i 5 + 55i 8 + 58i 11 + 61i 
-3 + 53i 6 + 56i 9 + 59i 12 + 62i 
+35808 + 64137i 32765 + 0i 35952 + 64137i 0 + 0i 
+32765 + 0i 35904 + 64137i 32765 + 0i 5456 + 405i 
+35856 + 64137i 32765 + 0i 5248 + 405i 0 + 0i 
 }
       Rank: 2
 Dimensions: 3 x 4
 Class Type: 16-bit, unsigned integer array (complex)
  Data Type: 16-bit, unsigned integer
 {
-13 + 63i 16 + 66i 19 + 69i 22 + 72i 
-14 + 64i 17 + 67i 20 + 70i 23 + 73i 
-15 + 65i 18 + 68i 21 + 71i 24 + 74i 
+35856 + 64137i 32765 + 0i 5248 + 405i 0 + 0i 
+32765 + 0i 35952 + 64137i 0 + 0i 7616 + 405i 
+35904 + 64137i 32765 + 0i 5456 + 405i 0 + 0i 
 }
       Rank: 2
 Dimensions: 3 x 4
 Class Type: 16-bit, unsigned integer array (complex)
  Data Type: 16-bit, unsigned integer
 {
-25 + 75i 28 + 78i 31 + 81i 34 + 84i 
-26 + 76i 29 + 79i 32 + 82i 35 + 85i 
-27 + 77i 30 + 80i 33 + 83i 36 + 86i 
+35904 + 64137i 32765 + 0i 5456 + 405i 0 + 0i 
+32765 + 0i 5248 + 405i 0 + 0i 7824 + 405i 
+35952 + 64137i 0 + 0i 7616 + 405i 0 + 0i 
 }
       Rank: 2
 Dimensions: 3 x 4
 Class Type: 16-bit, unsigned integer array (complex)
  Data Type: 16-bit, unsigned integer
 {
-37 + 87i 40 + 90i 43 + 93i 46 + 96i 
-38 + 88i 41 + 91i 44 + 94i 47 + 97i 
-39 + 89i 42 + 92i 45 + 95i 48 + 98i 
+35952 + 64137i 0 + 0i 7616 + 405i 0 + 0i 
+32765 + 0i 5456 + 405i 0 + 0i 0 + 0i 
+5248 + 405i 0 + 0i 7824 + 405i 0 + 0i 
 }
 }
816. mat5_compressed_write.at:4454: 816. Write cell array with 2D 16-bit unsigned integer complex fields (mat5_compressed_write.at:4454): FAILED (mat5_compressed_write.at:4503)

#                             -*- compilation -*-
817. mat5_compressed_write.at:4533: testing Write cell array with 2D 8-bit signed integer complex fields ...
./mat5_compressed_write.at:4535: $builddir/test_mat -v 5 -z -c int8 write_cell_complex_2d_numeric
stderr:
stdout:
./mat5_compressed_write.at:4582: $builddir/test_mat readvar test_write_cell_complex_2d_numeric.mat a
stderr:
--- expout	2016-01-19 16:22:29.502317094 +0100
+++ /home/marten/Projects/matio-matio/test/testsuite.dir/at-groups/817/stdout	2016-01-19 16:22:29.510317095 +0100
@@ -9,35 +9,35 @@
 Class Type: 8-bit, signed integer array (complex)
  Data Type: 8-bit, signed integer
 {
-1 + 51i 4 + 54i 7 + 57i 10 + 60i 
-2 + 52i 5 + 55i 8 + 58i 11 + 61i 
-3 + 53i 6 + 56i 9 + 59i 12 + 62i 
+-48 + -76i 0 + 0i -1 + 127i -90 + -10i 
+-90 + -10i -24 + -76i 0 + 0i -1 + 127i 
+-1 + 127i -90 + -10i 0 + -75i 0 + 0i 
 }
       Rank: 2
 Dimensions: 3 x 4
 Class Type: 8-bit, signed integer array (complex)
  Data Type: 8-bit, signed integer
 {
-13 + 63i 16 + 66i 19 + 69i 22 + 72i 
-14 + 64i 17 + 67i 20 + 70i 23 + 73i 
-15 + 65i 18 + 68i 21 + 71i 24 + 74i 
+-24 + -76i 0 + 0i -1 + 127i -90 + -10i 
+-90 + -10i 0 + -75i 0 + 0i -1 + 127i 
+-1 + 127i -90 + -10i 24 + -75i 0 + 0i 
 }
       Rank: 2
 Dimensions: 3 x 4
 Class Type: 8-bit, signed integer array (complex)
  Data Type: 8-bit, signed integer
 {
-25 + 75i 28 + 78i 31 + 81i 34 + 84i 
-26 + 76i 29 + 79i 32 + 82i 35 + 85i 
-27 + 77i 30 + 80i 33 + 83i 36 + 86i 
+0 + -75i 0 + 0i -1 + 127i -57 + 1i 
+-90 + -10i 24 + -75i 0 + 0i 0 + 0i 
+-1 + 127i -90 + -10i -128 + 20i 0 + 0i 
 }
       Rank: 2
 Dimensions: 3 x 4
 Class Type: 8-bit, signed integer array (complex)
  Data Type: 8-bit, signed integer
 {
-37 + 87i 40 + 90i 43 + 93i 46 + 96i 
-38 + 88i 41 + 91i 44 + 94i 47 + 97i 
-39 + 89i 42 + 92i 45 + 95i 48 + 98i 
+24 + -75i 0 + 0i 0 + 0i -57 + 1i 
+-90 + -10i -128 + 20i 0 + 0i 0 + 0i 
+-1 + 127i -57 + 1i 80 + 21i 0 + 0i 
 }
 }
817. mat5_compressed_write.at:4533: 817. Write cell array with 2D 8-bit signed integer complex fields (mat5_compressed_write.at:4533): FAILED (mat5_compressed_write.at:4582)

#                             -*- compilation -*-
818. mat5_compressed_write.at:4612: testing Write cell array with 2D 8-bit unsigned integer complex fields ...
./mat5_compressed_write.at:4614: $builddir/test_mat -v 5 -z -c uint8 write_cell_complex_2d_numeric
stderr:
stdout:
./mat5_compressed_write.at:4661: $builddir/test_mat readvar test_write_cell_complex_2d_numeric.mat a
stderr:
--- expout	2016-01-19 16:22:29.538317096 +0100
+++ /home/marten/Projects/matio-matio/test/testsuite.dir/at-groups/818/stdout	2016-01-19 16:22:29.546317096 +0100
@@ -9,35 +9,35 @@
 Class Type: 8-bit, unsigned integer array (complex)
  Data Type: 8-bit, unsigned integer
 {
-1 + 51i 4 + 54i 7 + 57i 10 + 60i 
-2 + 52i 5 + 55i 8 + 58i 11 + 61i 
-3 + 53i 6 + 56i 9 + 59i 12 + 62i 
+192 + 92i 0 + 0i 252 + 127i 11 + 47i 
+11 + 47i 216 + 92i 0 + 0i 252 + 127i 
+252 + 127i 11 + 47i 240 + 92i 0 + 0i 
 }
       Rank: 2
 Dimensions: 3 x 4
 Class Type: 8-bit, unsigned integer array (complex)
  Data Type: 8-bit, unsigned integer
 {
-13 + 63i 16 + 66i 19 + 69i 22 + 72i 
-14 + 64i 17 + 67i 20 + 70i 23 + 73i 
-15 + 65i 18 + 68i 21 + 71i 24 + 74i 
+216 + 92i 0 + 0i 252 + 127i 11 + 47i 
+11 + 47i 240 + 92i 0 + 0i 252 + 127i 
+252 + 127i 11 + 47i 8 + 93i 0 + 0i 
 }
       Rank: 2
 Dimensions: 3 x 4
 Class Type: 8-bit, unsigned integer array (complex)
  Data Type: 8-bit, unsigned integer
 {
-25 + 75i 28 + 78i 31 + 81i 34 + 84i 
-26 + 76i 29 + 79i 32 + 82i 35 + 85i 
-27 + 77i 30 + 80i 33 + 83i 36 + 86i 
+240 + 92i 0 + 0i 252 + 127i 125 + 1i 
+11 + 47i 8 + 93i 0 + 0i 0 + 0i 
+252 + 127i 11 + 47i 128 + 100i 0 + 0i 
 }
       Rank: 2
 Dimensions: 3 x 4
 Class Type: 8-bit, unsigned integer array (complex)
  Data Type: 8-bit, unsigned integer
 {
-37 + 87i 40 + 90i 43 + 93i 46 + 96i 
-38 + 88i 41 + 91i 44 + 94i 47 + 97i 
-39 + 89i 42 + 92i 45 + 95i 48 + 98i 
+8 + 93i 0 + 0i 0 + 0i 125 + 1i 
+11 + 47i 128 + 100i 0 + 0i 0 + 0i 
+252 + 127i 125 + 1i 80 + 101i 0 + 0i 
 }
 }
818. mat5_compressed_write.at:4612: 818. Write cell array with 2D 8-bit unsigned integer complex fields (mat5_compressed_write.at:4612): FAILED (mat5_compressed_write.at:4661)

#                             -*- compilation -*-
985. mat5_compressed_extended_sparse.at:390: testing Write 2D sparse complex single-precision array ...
./mat5_compressed_extended_sparse.at:393: $builddir/test_mat -v 5 -z -c single write_complex_sparse
stderr:
stdout:
./mat5_compressed_extended_sparse.at:429: $builddir/test_mat readvar test_write_sparse_complex.mat sparse_matrix
stderr:
--- expout	2016-01-19 16:22:32.742317214 +0100
+++ /home/marten/Projects/matio-matio/test/testsuite.dir/at-groups/985/stdout	2016-01-19 16:22:32.750317214 +0100
@@ -4,29 +4,29 @@
 Class Type: Sparse Array (complex)
  Data Type: IEEE 754 single-precision
 {
-    (1,1)  1 + 51i
-    (5,1)  5 + 55i
-    (2,2)  7 + 57i
-    (3,2)  8 + 58i
-    (4,2)  9 + 59i
-    (1,3)  11 + 61i
-    (5,3)  15 + 65i
-    (2,4)  17 + 67i
-    (3,4)  18 + 68i
-    (4,4)  19 + 69i
-    (1,5)  21 + 71i
-    (5,5)  25 + 75i
-    (2,6)  27 + 77i
-    (3,6)  28 + 78i
-    (4,6)  29 + 79i
-    (1,7)  31 + 81i
-    (5,7)  35 + 85i
-    (2,8)  37 + 87i
-    (3,8)  38 + 88i
-    (4,8)  39 + 89i
-    (1,9)  41 + 91i
-    (5,9)  45 + 95i
-    (2,10)  47 + 97i
-    (3,10)  48 + 98i
-    (4,10)  49 + 99i
+    (1,1)  51 + 55i
+    (5,1)  57 + 58i
+    (2,2)  59 + 61i
+    (3,2)  65 + 67i
+    (4,2)  68 + 69i
+    (1,3)  71 + 75i
+    (5,3)  77 + 78i
+    (2,4)  79 + 81i
+    (3,4)  85 + 87i
+    (4,4)  88 + 89i
+    (1,5)  91 + 95i
+    (5,5)  97 + 98i
+    (2,6)  99 + 0i
+    (3,6)  0 + 0i
+    (4,6)  0 + 0i
+    (1,7)  0 + 0i
+    (5,7)  0 + 0i
+    (2,8)  0 + 0i
+    (3,8)  0 + 0i
+    (4,8)  0 + 0i
+    (1,9)  0 + 0i
+    (5,9)  0 + 0i
+    (2,10)  0 + 0i
+    (3,10)  0 + 0i
+    (4,10)  0 + 0i
 }
985. mat5_compressed_extended_sparse.at:390: 985. Write 2D sparse complex single-precision array (mat5_compressed_extended_sparse.at:390): FAILED (mat5_compressed_extended_sparse.at:429)

#                             -*- compilation -*-
1034. struct_api.at:223: testing Linearly index a structure ...
./struct_api.at:488: $builddir/test_mat struct_api_getlinear
stderr:
--- expout	2016-01-19 16:22:33.802317253 +0100
+++ /home/marten/Projects/matio-matio/test/testsuite.dir/at-groups/1034/stdout	2016-01-19 16:22:33.810317253 +0100
@@ -26,7 +26,7 @@
 Class Type: Double Precision Array (complex)
  Data Type: IEEE 754 double-precision
 {
-1 + 13i 
+4.24399e-314 + 1.2575e-293i 
 }
       Name: r
       Rank: 2
@@ -50,7 +50,7 @@
 Class Type: Double Precision Array (complex)
  Data Type: IEEE 754 double-precision
 {
-4 + 16i 
+2.31306e-289 + 8.36204e-299i 
 }
       Name: r
       Rank: 2
@@ -74,7 +74,7 @@
 Class Type: Double Precision Array (complex)
  Data Type: IEEE 754 double-precision
 {
-7 + 19i 
+1.93871e-320 + 3.95253e-323i 
 }
       Name: r
       Rank: 2
@@ -98,7 +98,7 @@
 Class Type: Double Precision Array (complex)
  Data Type: IEEE 754 double-precision
 {
-10 + 22i 
+6.95259e-310 + 0i 
 }
 }
       Name: a
@@ -129,7 +129,7 @@
 Class Type: Double Precision Array (complex)
  Data Type: IEEE 754 double-precision
 {
-0 + 12i 
+6.95259e-310 + 4.24399e-314i 
 }
       Name: r
       Rank: 2
@@ -153,7 +153,7 @@
 Class Type: Double Precision Array (complex)
  Data Type: IEEE 754 double-precision
 {
-1 + 13i 
+4.24399e-314 + 1.2575e-293i 
 }
       Name: r
       Rank: 2
@@ -177,7 +177,7 @@
 Class Type: Double Precision Array (complex)
  Data Type: IEEE 754 double-precision
 {
-2 + 14i 
+1.2575e-293 + 8.70894e-311i 
 }
 }
       Name: a
@@ -208,7 +208,7 @@
 Class Type: Double Precision Array (complex)
  Data Type: IEEE 754 double-precision
 {
-0 + 12i 
+6.95259e-310 + 4.24399e-314i 
 }
       Name: r
       Rank: 2
@@ -232,7 +232,7 @@
 Class Type: Double Precision Array (complex)
  Data Type: IEEE 754 double-precision
 {
-4 + 16i 
+2.31306e-289 + 8.36204e-299i 
 }
       Name: r
       Rank: 2
@@ -256,6 +256,6 @@
 Class Type: Double Precision Array (complex)
  Data Type: IEEE 754 double-precision
 {
-8 + 20i 
+3.95253e-323 + 2.10428e-317i 
 }
 }
1034. struct_api.at:223: 1034. Linearly index a structure (struct_api.at:223): FAILED (struct_api.at:488)

#                             -*- compilation -*-
1037. cell_api.at:132: testing Linearly index cell array ...
./cell_api.at:262: $builddir/test_mat  cell_api_getlinear
stderr:
--- expout	2016-01-19 16:22:33.926317257 +0100
+++ /home/marten/Projects/matio-matio/test/testsuite.dir/at-groups/1037/stdout	2016-01-19 16:22:33.934317257 +0100
@@ -59,28 +59,28 @@
 Class Type: Double Precision Array (complex)
  Data Type: IEEE 754 double-precision
 {
-0 + 4i 
+3.95253e-323 + 2.10428e-317i 
 }
       Rank: 2
 Dimensions: 1 x 1
 Class Type: Double Precision Array (complex)
  Data Type: IEEE 754 double-precision
 {
-1 + 5i 
+2.10428e-317 + 6.95273e-310i 
 }
       Rank: 2
 Dimensions: 1 x 1
 Class Type: Double Precision Array (complex)
  Data Type: IEEE 754 double-precision
 {
-2 + 6i 
+6.95273e-310 + 0i 
 }
       Rank: 2
 Dimensions: 1 x 1
 Class Type: Double Precision Array (complex)
  Data Type: IEEE 754 double-precision
 {
-3 + 7i 
+0 + 4.94066e-324i 
 }
       Rank: 2
 Dimensions: 1 x 1
@@ -101,7 +101,7 @@
 Class Type: Double Precision Array (complex)
  Data Type: IEEE 754 double-precision
 {
-1 + 5i 
+2.10428e-317 + 6.95273e-310i 
 }
       Rank: 2
 Dimensions: 1 x 1
@@ -122,5 +122,5 @@
 Class Type: Double Precision Array (complex)
  Data Type: IEEE 754 double-precision
 {
-2 + 6i 
+6.95273e-310 + 0i 
 }
1037. cell_api.at:132: 1037. Linearly index cell array (cell_api.at:132): FAILED (cell_api.at:262)


## ------------- ##
## ../config.log ##
## ------------- ##
| This file contains any messages produced by compilers while
| running configure, to aid debugging if configure makes a mistake.
| 
| It was created by MATIO configure 1.5.2, which was
| generated by GNU Autoconf 2.69.  Invocation command line was
| 
|   $ ./configure CPPFLAGS=-DDEBUG CFLAGS=-g -O0
| 
| ## --------- ##
| ## Platform. ##
| ## --------- ##
| 
| hostname = marten-asus
| uname -m = x86_64
| uname -r = 4.2.0-22-generic
| uname -s = Linux
| uname -v = #27-Ubuntu SMP Thu Dec 17 22:57:08 UTC 2015
| 
| /usr/bin/uname -p = unknown
| /bin/uname -X     = unknown
| 
| /bin/arch              = unknown
| /usr/bin/arch -k       = unknown
| /usr/convex/getsysinfo = unknown
| /usr/bin/hostinfo      = unknown
| /bin/machine           = unknown
| /usr/bin/oslevel       = unknown
| /bin/universe          = unknown
| 
| PATH: /usr/local/sbin
| PATH: /usr/local/bin
| PATH: /usr/sbin
| PATH: /usr/bin
| PATH: /sbin
| PATH: /bin
| PATH: /usr/games
| PATH: /usr/local/games
| 
| 
| ## ----------- ##
| ## Core tests. ##
| ## ----------- ##
| 
| configure:2488: checking for a BSD-compatible install
| configure:2556: result: /usr/bin/install -c
| configure:2567: checking whether build environment is sane
| configure:2622: result: yes
| configure:2660: WARNING: 'missing' script is too old or missing
| configure:2773: checking for a thread-safe mkdir -p
| configure:2812: result: /bin/mkdir -p
| configure:2819: checking for gawk
| configure:2835: found /usr/bin/gawk
| configure:2846: result: gawk
| configure:2857: checking whether make sets $(MAKE)
| configure:2879: result: yes
| configure:2908: checking whether make supports nested variables
| configure:2925: result: yes
| configure:3062: checking whether make supports nested variables
| configure:3079: result: yes
| configure:3091: checking whether to enable maintainer-specific portions of Makefiles
| configure:3100: result: no
| configure:3118: checking build system type
| configure:3132: result: x86_64-unknown-linux-gnu
| configure:3152: checking host system type
| configure:3165: result: x86_64-unknown-linux-gnu
| configure:3276: checking for pgcc
| configure:3306: result: no
| configure:3276: checking for icc
| configure:3306: result: no
| configure:3276: checking for gcc
| configure:3292: found /usr/bin/gcc
| configure:3303: result: gcc
| configure:3334: checking for C compiler version
| configure:3343: gcc --version >&5
| gcc (Ubuntu 5.2.1-22ubuntu2) 5.2.1 20151010
| Copyright (C) 2015 Free Software Foundation, Inc.
| This is free software; see the source for copying conditions.  There is NO
| warranty; not even for MERCHANTABILITY or FITNESS FOR A PARTICULAR PURPOSE.
| 
| configure:3354: $? = 0
| configure:3343: gcc -v >&5
| Using built-in specs.
| COLLECT_GCC=gcc
| COLLECT_LTO_WRAPPER=/usr/lib/gcc/x86_64-linux-gnu/5/lto-wrapper
| Target: x86_64-linux-gnu
| Configured with: ../src/configure -v --with-pkgversion='Ubuntu 5.2.1-22ubuntu2' --with-bugurl=file:///usr/share/doc/gcc-5/README.Bugs --enable-languages=c,ada,c++,java,go,d,fortran,objc,obj-c++ --prefix=/usr --program-suffix=-5 --enable-shared --enable-linker-build-id --libexecdir=/usr/lib --without-included-gettext --enable-threads=posix --libdir=/usr/lib --enable-nls --with-sysroot=/ --enable-clocale=gnu --enable-libstdcxx-debug --enable-libstdcxx-time=yes --with-default-libstdcxx-abi=new --enable-gnu-unique-object --disable-vtable-verify --enable-libmpx --enable-plugin --with-system-zlib --disable-browser-plugin --enable-java-awt=gtk --enable-gtk-cairo --with-java-home=/usr/lib/jvm/java-1.5.0-gcj-5-amd64/jre --enable-java-home --with-jvm-root-dir=/usr/lib/jvm/java-1.5.0-gcj-5-amd64 --with-jvm-jar-dir=/usr/lib/jvm-exports/java-1.5.0-gcj-5-amd64 --with-arch-directory=amd64 --with-ecj-jar=/usr/share/java/eclipse-ecj.jar --enable-objc-gc --enable-multiarch --disable-werror --with-arch-32=i686 --with-abi=m64 --with-multilib-list=m32,m64,mx32 --enable-multilib --with-tune=generic --enable-checking=release --build=x86_64-linux-gnu --host=x86_64-linux-gnu --target=x86_64-linux-gnu
| Thread model: posix
| gcc version 5.2.1 20151010 (Ubuntu 5.2.1-22ubuntu2) 
| configure:3354: $? = 0
| configure:3343: gcc -V >&5
| gcc: error: unrecognized command line option '-V'
| gcc: fatal error: no input files
| compilation terminated.
| configure:3354: $? = 1
| configure:3343: gcc -qversion >&5
| gcc: error: unrecognized command line option '-qversion'
| gcc: fatal error: no input files
| compilation terminated.
| configure:3354: $? = 1
| configure:3374: checking whether the C compiler works
| configure:3396: gcc -g -O0 -DDEBUG  conftest.c  >&5
| configure:3400: $? = 0
| configure:3448: result: yes
| configure:3451: checking for C compiler default output file name
| configure:3453: result: a.out
| configure:3459: checking for suffix of executables
| configure:3466: gcc -o conftest -g -O0 -DDEBUG  conftest.c  >&5
| configure:3470: $? = 0
| configure:3492: result: 
| configure:3514: checking whether we are cross compiling
| configure:3522: gcc -o conftest -g -O0 -DDEBUG  conftest.c  >&5
| configure:3526: $? = 0
| configure:3533: ./conftest
| configure:3537: $? = 0
| configure:3552: result: no
| configure:3557: checking for suffix of object files
| configure:3579: gcc -c -g -O0 -DDEBUG conftest.c >&5
| configure:3583: $? = 0
| configure:3604: result: o
| configure:3608: checking whether we are using the GNU C compiler
| configure:3627: gcc -c -g -O0 -DDEBUG conftest.c >&5
| configure:3627: $? = 0
| configure:3636: result: yes
| configure:3645: checking whether gcc accepts -g
| configure:3665: gcc -c -g -DDEBUG conftest.c >&5
| configure:3665: $? = 0
| configure:3706: result: yes
| configure:3723: checking for gcc option to accept ISO C89
| configure:3786: gcc  -c -g -O0 -DDEBUG conftest.c >&5
| configure:3786: $? = 0
| configure:3799: result: none needed
| configure:3824: checking whether gcc understands -c and -o together
| configure:3846: gcc -c conftest.c -o conftest2.o
| configure:3849: $? = 0
| configure:3846: gcc -c conftest.c -o conftest2.o
| configure:3849: $? = 0
| configure:3861: result: yes
| configure:3886: checking debug mode
| configure:3890: result: no
| configure:3915: checking profile mode
| configure:3919: result: no
| configure:4073: checking how to print strings
| configure:4100: result: printf
| configure:4121: checking for a sed that does not truncate output
| configure:4185: result: /bin/sed
| configure:4203: checking for grep that handles long lines and -e
| configure:4261: result: /bin/grep
| configure:4266: checking for egrep
| configure:4328: result: /bin/grep -E
| configure:4333: checking for fgrep
| configure:4395: result: /bin/grep -F
| configure:4430: checking for ld used by gcc
| configure:4497: result: /usr/bin/ld
| configure:4504: checking if the linker (/usr/bin/ld) is GNU ld
| configure:4519: result: yes
| configure:4531: checking for BSD- or MS-compatible name lister (nm)
| configure:4580: result: /usr/bin/nm -B
| configure:4710: checking the name lister (/usr/bin/nm -B) interface
| configure:4717: gcc -c  -g -O0 -DDEBUG conftest.c >&5
| configure:4720: /usr/bin/nm -B "conftest.o"
| configure:4723: output
| 0000000000000000 B some_variable
| configure:4730: result: BSD nm
| configure:4733: checking whether ln -s works
| configure:4737: result: yes
| configure:4745: checking the maximum length of command line arguments
| configure:4876: result: 1572864
| configure:4893: checking whether the shell understands some XSI constructs
| configure:4903: result: yes
| configure:4907: checking whether the shell understands "+="
| configure:4913: result: yes
| configure:4948: checking how to convert x86_64-unknown-linux-gnu file names to x86_64-unknown-linux-gnu format
| configure:4988: result: func_convert_file_noop
| configure:4995: checking how to convert x86_64-unknown-linux-gnu file names to toolchain format
| configure:5015: result: func_convert_file_noop
| configure:5022: checking for /usr/bin/ld option to reload object files
| configure:5029: result: -r
| configure:5103: checking for objdump
| configure:5119: found /usr/bin/objdump
| configure:5130: result: objdump
| configure:5162: checking how to recognize dependent libraries
| configure:5360: result: pass_all
| configure:5445: checking for dlltool
| configure:5475: result: no
| configure:5505: checking how to associate runtime and link libraries
| configure:5532: result: printf %s\n
| configure:5593: checking for ar
| configure:5609: found /usr/bin/ar
| configure:5620: result: ar
| configure:5657: checking for archiver @FILE support
| configure:5674: gcc -c  -g -O0 -DDEBUG conftest.c >&5
| configure:5674: $? = 0
| configure:5677: ar cru libconftest.a @conftest.lst >&5
| ar: `u' modifier ignored since `D' is the default (see `U')
| configure:5680: $? = 0
| configure:5685: ar cru libconftest.a @conftest.lst >&5
| ar: `u' modifier ignored since `D' is the default (see `U')
| ar: conftest.o: No such file or directory
| configure:5688: $? = 1
| configure:5700: result: @
| configure:5758: checking for strip
| configure:5774: found /usr/bin/strip
| configure:5785: result: strip
| configure:5857: checking for ranlib
| configure:5873: found /usr/bin/ranlib
| configure:5884: result: ranlib
| configure:5986: checking command to parse /usr/bin/nm -B output from gcc object
| configure:6106: gcc -c  -g -O0 -DDEBUG conftest.c >&5
| configure:6109: $? = 0
| configure:6113: /usr/bin/nm -B conftest.o \| sed -n -e 's/^.*[ ]\([ABCDGIRSTW][ABCDGIRSTW]*\)[ ][ ]*\([_A-Za-z][_A-Za-z0-9]*\)$/\1 \2 \2/p' | sed '/ __gnu_lto/d' \> conftest.nm
| configure:6116: $? = 0
| configure:6182: gcc -o conftest  -g -O0 -DDEBUG  conftest.c conftstm.o >&5
| configure:6185: $? = 0
| configure:6223: result: ok
| configure:6260: checking for sysroot
| configure:6290: result: no
| configure:6367: gcc -c  -g -O0 -DDEBUG conftest.c >&5
| configure:6370: $? = 0
| configure:6559: checking for mt
| configure:6575: found /bin/mt
| configure:6586: result: mt
| configure:6609: checking if mt is a manifest tool
| configure:6615: mt '-?'
| configure:6623: result: no
| configure:7265: checking how to run the C preprocessor
| configure:7296: gcc -E -DDEBUG conftest.c
| configure:7296: $? = 0
| configure:7310: gcc -E -DDEBUG conftest.c
| conftest.c:19:28: fatal error: ac_nonexistent.h: No such file or directory
| compilation terminated.
| configure:7310: $? = 1
| configure: failed program was:
| | /* confdefs.h */
| | #define PACKAGE_NAME "MATIO"
| | #define PACKAGE_TARNAME "matio"
| | #define PACKAGE_VERSION "1.5.2"
| | #define PACKAGE_STRING "MATIO 1.5.2"
| | #define PACKAGE_BUGREPORT "chulbe2lsu@users.sourceforge.net"
| | #define PACKAGE_URL "http://sourceforge.net/projects/matio"
| | #define PACKAGE "matio"
| | #define VERSION "1.5.2"
| | #define MATIO_PLATFORM "x86_64-unknown-linux-gnu"
| | #define MATIO_MAJOR_VERSION 1
| | #define MATIO_MINOR_VERSION 5
| | #define MATIO_RELEASE_LEVEL 2
| | #define MATIO_VERSION 152
| | #define MATIO_VERSION_STR "1.5.2"
| | #define NODEBUG /**/
| | #define NODEBUG /**/
| | /* end confdefs.h.  */
| | #include <ac_nonexistent.h>
| configure:7335: result: gcc -E
| configure:7355: gcc -E -DDEBUG conftest.c
| configure:7355: $? = 0
| configure:7369: gcc -E -DDEBUG conftest.c
| conftest.c:19:28: fatal error: ac_nonexistent.h: No such file or directory
| compilation terminated.
| configure:7369: $? = 1
| configure: failed program was:
| | /* confdefs.h */
| | #define PACKAGE_NAME "MATIO"
| | #define PACKAGE_TARNAME "matio"
| | #define PACKAGE_VERSION "1.5.2"
| | #define PACKAGE_STRING "MATIO 1.5.2"
| | #define PACKAGE_BUGREPORT "chulbe2lsu@users.sourceforge.net"
| | #define PACKAGE_URL "http://sourceforge.net/projects/matio"
| | #define PACKAGE "matio"
| | #define VERSION "1.5.2"
| | #define MATIO_PLATFORM "x86_64-unknown-linux-gnu"
| | #define MATIO_MAJOR_VERSION 1
| | #define MATIO_MINOR_VERSION 5
| | #define MATIO_RELEASE_LEVEL 2
| | #define MATIO_VERSION 152
| | #define MATIO_VERSION_STR "1.5.2"
| | #define NODEBUG /**/
| | #define NODEBUG /**/
| | /* end confdefs.h.  */
| | #include <ac_nonexistent.h>
| configure:7398: checking for ANSI C header files
| configure:7418: gcc -c  -g -O0 -DDEBUG conftest.c >&5
| configure:7418: $? = 0
| configure:7491: gcc -o conftest  -g -O0 -DDEBUG  conftest.c  >&5
| configure:7491: $? = 0
| configure:7491: ./conftest
| configure:7491: $? = 0
| configure:7502: result: yes
| configure:7515: checking for sys/types.h
| configure:7515: gcc -c  -g -O0 -DDEBUG conftest.c >&5
| configure:7515: $? = 0
| configure:7515: result: yes
| configure:7515: checking for sys/stat.h
| configure:7515: gcc -c  -g -O0 -DDEBUG conftest.c >&5
| configure:7515: $? = 0
| configure:7515: result: yes
| configure:7515: checking for stdlib.h
| configure:7515: gcc -c  -g -O0 -DDEBUG conftest.c >&5
| configure:7515: $? = 0
| configure:7515: result: yes
| configure:7515: checking for string.h
| configure:7515: gcc -c  -g -O0 -DDEBUG conftest.c >&5
| configure:7515: $? = 0
| configure:7515: result: yes
| configure:7515: checking for memory.h
| configure:7515: gcc -c  -g -O0 -DDEBUG conftest.c >&5
| configure:7515: $? = 0
| configure:7515: result: yes
| configure:7515: checking for strings.h
| configure:7515: gcc -c  -g -O0 -DDEBUG conftest.c >&5
| configure:7515: $? = 0
| configure:7515: result: yes
| configure:7515: checking for inttypes.h
| configure:7515: gcc -c  -g -O0 -DDEBUG conftest.c >&5
| configure:7515: $? = 0
| configure:7515: result: yes
| configure:7515: checking for stdint.h
| configure:7515: gcc -c  -g -O0 -DDEBUG conftest.c >&5
| configure:7515: $? = 0
| configure:7515: result: yes
| configure:7515: checking for unistd.h
| configure:7515: gcc -c  -g -O0 -DDEBUG conftest.c >&5
| configure:7515: $? = 0
| configure:7515: result: yes
| configure:7529: checking for dlfcn.h
| configure:7529: gcc -c  -g -O0 -DDEBUG conftest.c >&5
| configure:7529: $? = 0
| configure:7529: result: yes
| configure:7675: checking for objdir
| configure:7690: result: .libs
| configure:7961: checking if gcc supports -fno-rtti -fno-exceptions
| configure:7979: gcc -c  -g -O0 -DDEBUG -fno-rtti -fno-exceptions conftest.c >&5
| cc1: warning: command line option '-fno-rtti' is valid for C++/ObjC++ but not for C
| configure:7983: $? = 0
| configure:7996: result: no
| configure:8323: checking for gcc option to produce PIC
| configure:8330: result: -fPIC -DPIC
| configure:8338: checking if gcc PIC flag -fPIC -DPIC works
| configure:8356: gcc -c  -g -O0 -DDEBUG -fPIC -DPIC -DPIC conftest.c >&5
| configure:8360: $? = 0
| configure:8373: result: yes
| configure:8402: checking if gcc static flag -static works
| configure:8430: result: yes
| configure:8445: checking if gcc supports -c -o file.o
| configure:8466: gcc -c  -g -O0 -DDEBUG -o out/conftest2.o conftest.c >&5
| configure:8470: $? = 0
| configure:8492: result: yes
| configure:8500: checking if gcc supports -c -o file.o
| configure:8547: result: yes
| configure:8580: checking whether the gcc linker (/usr/bin/ld -m elf_x86_64) supports shared libraries
| configure:9737: result: yes
| configure:9774: checking whether -lc should be explicitly linked in
| configure:9782: gcc -c  -g -O0 -DDEBUG conftest.c >&5
| configure:9785: $? = 0
| configure:9800: gcc -shared  -fPIC -DPIC conftest.o  -v -Wl,-soname -Wl,conftest -o conftest 2\>\&1 \| /bin/grep  -lc  \>/dev/null 2\>\&1
| configure:9803: $? = 0
| configure:9817: result: no
| configure:9977: checking dynamic linker characteristics
| configure:10477: gcc -o conftest  -g -O0 -DDEBUG  -Wl,-rpath -Wl,/foo conftest.c  >&5
| configure:10477: $? = 0
| configure:10711: result: GNU/Linux ld.so
| configure:10818: checking how to hardcode library paths into programs
| configure:10843: result: immediate
| configure:11383: checking whether stripping libraries is possible
| configure:11388: result: yes
| configure:11423: checking if libtool supports shared libraries
| configure:11425: result: yes
| configure:11428: checking whether to build shared libraries
| configure:11449: result: yes
| configure:11452: checking whether to build static libraries
| configure:11456: result: yes
| configure:11494: checking whether make sets $(MAKE)
| configure:11516: result: yes
| configure:11527: checking for grep that handles long lines and -e
| configure:11585: result: /bin/grep
| configure:11592: checking for pow in -lm
| configure:11617: gcc -o conftest  -g -O0 -DDEBUG  conftest.c -lm   >&5
| conftest.c:38:6: warning: conflicting types for built-in function 'pow'
|  char pow ();
|       ^
| configure:11617: $? = 0
| configure:11626: result: yes
| configure:11641: checking for ANSI C header files
| configure:11745: result: yes
| configure:11753: checking for inttypes.h
| configure:11753: result: yes
| configure:11763: checking for stdint.h
| configure:11763: result: yes
| configure:11773: checking for strings.h
| configure:11773: result: yes
| configure:11783: checking for unistd.h
| configure:11783: result: yes
| configure:11796: checking for getopt_long
| configure:11817: gcc -o conftest  -g -O0 -DDEBUG  conftest.c -lm  >&5
| conftest.c: In function 'main':
| conftest.c:48:1: error: 'opt' undeclared (first use in this function)
|  opt = getopt_long(0,NULL,NULL,NULL,NULL);
|  ^
| conftest.c:48:1: note: each undeclared identifier is reported only once for each function it appears in
| configure:11817: $? = 1
| configure: failed program was:
| | /* confdefs.h */
| | #define PACKAGE_NAME "MATIO"
| | #define PACKAGE_TARNAME "matio"
| | #define PACKAGE_VERSION "1.5.2"
| | #define PACKAGE_STRING "MATIO 1.5.2"
| | #define PACKAGE_BUGREPORT "chulbe2lsu@users.sourceforge.net"
| | #define PACKAGE_URL "http://sourceforge.net/projects/matio"
| | #define PACKAGE "matio"
| | #define VERSION "1.5.2"
| | #define MATIO_PLATFORM "x86_64-unknown-linux-gnu"
| | #define MATIO_MAJOR_VERSION 1
| | #define MATIO_MINOR_VERSION 5
| | #define MATIO_RELEASE_LEVEL 2
| | #define MATIO_VERSION 152
| | #define MATIO_VERSION_STR "1.5.2"
| | #define NODEBUG /**/
| | #define NODEBUG /**/
| | #define STDC_HEADERS 1
| | #define HAVE_SYS_TYPES_H 1
| | #define HAVE_SYS_STAT_H 1
| | #define HAVE_STDLIB_H 1
| | #define HAVE_STRING_H 1
| | #define HAVE_MEMORY_H 1
| | #define HAVE_STRINGS_H 1
| | #define HAVE_INTTYPES_H 1
| | #define HAVE_STDINT_H 1
| | #define HAVE_UNISTD_H 1
| | #define HAVE_DLFCN_H 1
| | #define LT_OBJDIR ".libs/"
| | #define HAVE_LIBM 1
| | #define STDC_HEADERS 1
| | #define MATIO_HAVE_INTTYPES_H 1
| | #define MATIO_HAVE_STDINT_H 1
| | #define HAVE_STRINGS_H 1
| | #define HAVE_UNISTD_H 1
| | /* end confdefs.h.  */
| | #include <stdio.h>
| |  #include <stdlib.h>
| |  #ifdef HAVE_UNISTD_H
| |  #include <unistd.h>
| |  #endif
| |  #define _GNU_SOURCE /* For getopt_long on GNU systems */
| |  #include <getopt.h>
| | 
| | int
| | main ()
| | {
| | opt = getopt_long(0,NULL,NULL,NULL,NULL);
| |   ;
| |   return 0;
| | }
| configure:11830: result: internal
| configure:11847: checking size of double
| configure:11852: gcc -o conftest  -g -O0 -DDEBUG  conftest.c -lm  >&5
| configure:11852: $? = 0
| configure:11852: ./conftest
| configure:11852: $? = 0
| configure:11866: result: 8
| configure:11880: checking size of float
| configure:11885: gcc -o conftest  -g -O0 -DDEBUG  conftest.c -lm  >&5
| configure:11885: $? = 0
| configure:11885: ./conftest
| configure:11885: $? = 0
| configure:11899: result: 4
| configure:11913: checking size of long long
| configure:11918: gcc -o conftest  -g -O0 -DDEBUG  conftest.c -lm  >&5
| configure:11918: $? = 0
| configure:11918: ./conftest
| configure:11918: $? = 0
| configure:11932: result: 8
| configure:11946: checking size of long
| configure:11951: gcc -o conftest  -g -O0 -DDEBUG  conftest.c -lm  >&5
| configure:11951: $? = 0
| configure:11951: ./conftest
| configure:11951: $? = 0
| configure:11965: result: 8
| configure:11979: checking size of int
| configure:11984: gcc -o conftest  -g -O0 -DDEBUG  conftest.c -lm  >&5
| configure:11984: $? = 0
| configure:11984: ./conftest
| configure:11984: $? = 0
| configure:11998: result: 4
| configure:12012: checking size of short
| configure:12017: gcc -o conftest  -g -O0 -DDEBUG  conftest.c -lm  >&5
| configure:12017: $? = 0
| configure:12017: ./conftest
| configure:12017: $? = 0
| configure:12031: result: 2
| configure:12045: checking size of char
| configure:12050: gcc -o conftest  -g -O0 -DDEBUG  conftest.c -lm  >&5
| configure:12050: $? = 0
| configure:12050: ./conftest
| configure:12050: $? = 0
| configure:12064: result: 1
| configure:12078: checking size of void *
| configure:12083: gcc -o conftest  -g -O0 -DDEBUG  conftest.c -lm  >&5
| configure:12083: $? = 0
| configure:12083: ./conftest
| configure:12083: $? = 0
| configure:12097: result: 8
| configure:12111: checking size of size_t
| configure:12116: gcc -o conftest  -g -O0 -DDEBUG  conftest.c -lm  >&5
| configure:12116: $? = 0
| configure:12116: ./conftest
| configure:12116: $? = 0
| configure:12130: result: 8
| configure:12149: checking for mat_int64_t
| configure:12171: gcc -o conftest  -g -O0 -DDEBUG  conftest.c -lm  >&5
| configure:12171: $? = 0
| configure:12192: result: int64_t
| configure:12447: checking for mat_uint64_t
| configure:12469: gcc -o conftest  -g -O0 -DDEBUG  conftest.c -lm  >&5
| configure:12469: $? = 0
| configure:12490: result: uint64_t
| configure:12745: checking for mat_int32_t
| configure:12767: gcc -o conftest  -g -O0 -DDEBUG  conftest.c -lm  >&5
| configure:12767: $? = 0
| configure:12788: result: int32_t
| configure:13043: checking for mat_uint32_t
| configure:13065: gcc -o conftest  -g -O0 -DDEBUG  conftest.c -lm  >&5
| configure:13065: $? = 0
| configure:13086: result: uint32_t
| configure:13341: checking for mat_int16_t
| configure:13363: gcc -o conftest  -g -O0 -DDEBUG  conftest.c -lm  >&5
| configure:13363: $? = 0
| configure:13384: result: int16_t
| configure:13639: checking for mat_uint16_t
| configure:13661: gcc -o conftest  -g -O0 -DDEBUG  conftest.c -lm  >&5
| configure:13661: $? = 0
| configure:13682: result: uint16_t
| configure:13937: checking for mat_int8_t
| configure:13959: gcc -o conftest  -g -O0 -DDEBUG  conftest.c -lm  >&5
| configure:13959: $? = 0
| configure:13980: result: int8_t
| configure:14235: checking for mat_uint8_t
| configure:14257: gcc -o conftest  -g -O0 -DDEBUG  conftest.c -lm  >&5
| configure:14257: $? = 0
| configure:14278: result: uint8_t
| configure:14547: checking for va_copy()
| configure:14570: gcc -o conftest  -g -O0 -DDEBUG  conftest.c -lm  >&5
| conftest.c: In function 'f':
| conftest.c:69:4: warning: implicit declaration of function 'exit' [-Wimplicit-function-declaration]
|     exit (1);
|     ^
| conftest.c:69:4: warning: incompatible implicit declaration of built-in function 'exit'
| conftest.c:69:4: note: include '<stdlib.h>' or provide a declaration of 'exit'
| configure:14570: $? = 0
| configure:14579: result: yes
| configure:14632: checking for vsnprintf()
| configure:14650: gcc -o conftest  -g -O0 -DDEBUG  conftest.c -lm  >&5
| configure:14650: $? = 0
| configure:14659: result: yes
| configure:14662: checking for snprintf()
| configure:14679: gcc -o conftest  -g -O0 -DDEBUG  conftest.c -lm  >&5
| configure:14679: $? = 0
| configure:14688: result: yes
| configure:14691: checking for vasprintf()
| configure:14709: gcc -o conftest  -g -O0 -DDEBUG  conftest.c -lm  >&5
| conftest.c: In function 'main':
| conftest.c:69:11: warning: implicit declaration of function 'vasprintf' [-Wimplicit-function-declaration]
|            vasprintf(NULL,"%d",ap);
|            ^
| configure:14709: $? = 0
| configure:14718: result: yes
| configure:14721: checking for asprintf()
| configure:14738: gcc -o conftest  -g -O0 -DDEBUG  conftest.c -lm  >&5
| conftest.c: In function 'main':
| conftest.c:68:11: warning: implicit declaration of function 'asprintf' [-Wimplicit-function-declaration]
|            asprintf(NULL,0,"%d",0);
|            ^
| configure:14738: $? = 0
| configure:14747: result: yes
| configure:14800: checking for matlab
| configure:14833: result: no
| configure:14846: result: no
| configure:14864: checking for zlib Library
| configure:14894: gcc -o conftest  -g -O0  -DDEBUG  conftest.c -lm  -lz >&5
| configure:14894: $? = 0
| configure:14951: result: -lz
| configure:14983: checking for HDF5 software
| configure:15020: gcc -o conftest   -g -O0 -DDEBUG  conftest.c -lhdf5 -lz -lm  >&5
| conftest.c:70:35: fatal error: hdf5.h: No such file or directory
| compilation terminated.
| configure:15020: $? = 1
| configure: failed program was:
| | /* confdefs.h */
| | #define PACKAGE_NAME "MATIO"
| | #define PACKAGE_TARNAME "matio"
| | #define PACKAGE_VERSION "1.5.2"
| | #define PACKAGE_STRING "MATIO 1.5.2"
| | #define PACKAGE_BUGREPORT "chulbe2lsu@users.sourceforge.net"
| | #define PACKAGE_URL "http://sourceforge.net/projects/matio"
| | #define PACKAGE "matio"
| | #define VERSION "1.5.2"
| | #define MATIO_PLATFORM "x86_64-unknown-linux-gnu"
| | #define MATIO_MAJOR_VERSION 1
| | #define MATIO_MINOR_VERSION 5
| | #define MATIO_RELEASE_LEVEL 2
| | #define MATIO_VERSION 152
| | #define MATIO_VERSION_STR "1.5.2"
| | #define NODEBUG /**/
| | #define NODEBUG /**/
| | #define STDC_HEADERS 1
| | #define HAVE_SYS_TYPES_H 1
| | #define HAVE_SYS_STAT_H 1
| | #define HAVE_STDLIB_H 1
| | #define HAVE_STRING_H 1
| | #define HAVE_MEMORY_H 1
| | #define HAVE_STRINGS_H 1
| | #define HAVE_INTTYPES_H 1
| | #define HAVE_STDINT_H 1
| | #define HAVE_UNISTD_H 1
| | #define HAVE_DLFCN_H 1
| | #define LT_OBJDIR ".libs/"
| | #define HAVE_LIBM 1
| | #define STDC_HEADERS 1
| | #define MATIO_HAVE_INTTYPES_H 1
| | #define MATIO_HAVE_STDINT_H 1
| | #define HAVE_STRINGS_H 1
| | #define HAVE_UNISTD_H 1
| | #define SIZEOF_DOUBLE 8
| | #define SIZEOF_FLOAT 4
| | #define SIZEOF_LONG_LONG 8
| | #define SIZEOF_LONG 8
| | #define SIZEOF_INT 4
| | #define SIZEOF_SHORT 2
| | #define SIZEOF_CHAR 1
| | #define SIZEOF_VOID_P 8
| | #define SIZEOF_SIZE_T 8
| | #define HAVE_MAT_INT64_T /**/
| | #define _mat_int64_t int64_t
| | #define HAVE_MAT_UINT64_T /**/
| | #define _mat_uint64_t uint64_t
| | #define HAVE_MAT_INT32_T /**/
| | #define _mat_int32_t int32_t
| | #define HAVE_MAT_UINT32_T /**/
| | #define _mat_uint32_t uint32_t
| | #define HAVE_MAT_INT16_T /**/
| | #define _mat_int16_t int16_t
| | #define HAVE_MAT_UINT16_T /**/
| | #define _mat_uint16_t uint16_t
| | #define HAVE_MAT_INT8_T /**/
| | #define _mat_int8_t int8_t
| | #define HAVE_MAT_UINT8_T /**/
| | #define _mat_uint8_t uint8_t
| | #define HAVE_VA_COPY /**/
| | #define HAVE_VSNPRINTF /**/
| | #define HAVE_SNPRINTF /**/
| | #define HAVE_VASPRINTF /**/
| | #define HAVE_ASPRINTF /**/
| | #define HAVE_ZLIB 1
| | /* end confdefs.h.  */
| | #include<stdio.h>
| |                  #include <stdlib.h>
| |                  #include <hdf5.h>
| | int
| | main ()
| | {
| | H5open()
| |   ;
| |   return 0;
| | }
| configure:15038: result: no
| configure:15117: checking enable enable MAT v7.3 file support
| configure:15121: result: no
| configure:15152: checking for default MAT file version
| configure:15172: result: MAT_FT_MAT5
| configure:15186: checking enable extended sparse types
| configure:15195: result: yes
| configure:15397: checking that generated files are newer than configure
| configure:15403: result: done
| configure:15454: creating ./config.status
| 
| ## ---------------------- ##
| ## Running config.status. ##
| ## ---------------------- ##
| 
| This file was extended by MATIO config.status 1.5.2, which was
| generated by GNU Autoconf 2.69.  Invocation command line was
| 
|   CONFIG_FILES    = 
|   CONFIG_HEADERS  = 
|   CONFIG_LINKS    = 
|   CONFIG_COMMANDS = 
|   $ ./config.status 
| 
| on marten-asus
| 
| config.status:1161: creating Makefile
| config.status:1161: creating matio.pc
| config.status:1161: creating src/Makefile
| config.status:1161: creating getopt/Makefile
| config.status:1161: creating tools/Makefile
| config.status:1161: creating test/Makefile
| config.status:1161: creating documentation/Makefile
| config.status:1161: creating src/matioConfig.h
| config.status:1342: src/matioConfig.h is unchanged
| config.status:1161: creating src/matio_pubconf.h
| config.status:1342: src/matio_pubconf.h is unchanged
| config.status:1390: executing libtool commands
| config.status:1390: executing test/atconfig commands
| configure:17617: result: 
| configure:17619: result:    MATIO Configuration Summary       
| configure:17621: result: ==============================================================
| configure:17623: result:            C Compiler: gcc
| configure:17625: result:                CFLAGS:  -g -O0
| configure:17627: result:      Shared Libraries: yes
| configure:17629: result:      Static Libraries: yes
| configure:17631: result:   default MAT version: MAT_FT_MAT5
| configure:17633: result: 
| configure:17635: result: Features --------------------------------------------
| configure:17637: result:   MAT v7.3 file support: no
| configure:17639: result: Extended sparse support: yes
| configure:17641: result: 
| configure:17643: result: Packages --------------------------------------------
| configure:17645: result:                  zlib: -lz
| configure:17647: result:                  hdf5: 
| configure:17649: result:                MATLAB: 
| configure:17651: result: 
| configure:17653: result: 
| 
| ## ---------------- ##
| ## Cache variables. ##
| ## ---------------- ##
| 
| ac_cv_build=x86_64-unknown-linux-gnu
| ac_cv_c_compiler_gnu=yes
| ac_cv_env_CC_set=
| ac_cv_env_CC_value=
| ac_cv_env_CFLAGS_set=set
| ac_cv_env_CFLAGS_value='-g -O0'
| ac_cv_env_CPPFLAGS_set=set
| ac_cv_env_CPPFLAGS_value=-DDEBUG
| ac_cv_env_CPP_set=
| ac_cv_env_CPP_value=
| ac_cv_env_FCLDFLAGS_set=
| ac_cv_env_FCLDFLAGS_value=
| ac_cv_env_LDFLAGS_set=
| ac_cv_env_LDFLAGS_value=
| ac_cv_env_LIBS_set=
| ac_cv_env_LIBS_value=
| ac_cv_env_LT_CFLAGS_set=
| ac_cv_env_LT_CFLAGS_value=
| ac_cv_env_LT_LDFLAGS_set=
| ac_cv_env_LT_LDFLAGS_value=
| ac_cv_env_build_alias_set=
| ac_cv_env_build_alias_value=
| ac_cv_env_host_alias_set=
| ac_cv_env_host_alias_value=
| ac_cv_env_target_alias_set=
| ac_cv_env_target_alias_value=
| ac_cv_header_dlfcn_h=yes
| ac_cv_header_inttypes_h=yes
| ac_cv_header_memory_h=yes
| ac_cv_header_stdc=yes
| ac_cv_header_stdint_h=yes
| ac_cv_header_stdlib_h=yes
| ac_cv_header_string_h=yes
| ac_cv_header_strings_h=yes
| ac_cv_header_sys_stat_h=yes
| ac_cv_header_sys_types_h=yes
| ac_cv_header_unistd_h=yes
| ac_cv_host=x86_64-unknown-linux-gnu
| ac_cv_lib_m_pow=yes
| ac_cv_objext=o
| ac_cv_path_EGREP='/bin/grep -E'
| ac_cv_path_FGREP='/bin/grep -F'
| ac_cv_path_GREP=/bin/grep
| ac_cv_path_SED=/bin/sed
| ac_cv_path_install='/usr/bin/install -c'
| ac_cv_path_mkdir=/bin/mkdir
| ac_cv_prog_AWK=gawk
| ac_cv_prog_CPP='gcc -E'
| ac_cv_prog_ac_ct_AR=ar
| ac_cv_prog_ac_ct_CC=gcc
| ac_cv_prog_ac_ct_MANIFEST_TOOL=mt
| ac_cv_prog_ac_ct_OBJDUMP=objdump
| ac_cv_prog_ac_ct_RANLIB=ranlib
| ac_cv_prog_ac_ct_STRIP=strip
| ac_cv_prog_cc_c89=
| ac_cv_prog_cc_g=yes
| ac_cv_prog_make_make_set=yes
| ac_cv_sizeof_char=1
| ac_cv_sizeof_double=8
| ac_cv_sizeof_float=4
| ac_cv_sizeof_int=4
| ac_cv_sizeof_long=8
| ac_cv_sizeof_long_long=8
| ac_cv_sizeof_short=2
| ac_cv_sizeof_size_t=8
| ac_cv_sizeof_void_p=8
| am_cv_make_support_nested_variables=yes
| am_cv_prog_cc_c_o=yes
| lt_cv_ar_at_file=@
| lt_cv_archive_cmds_need_lc=no
| lt_cv_deplibs_check_method=pass_all
| lt_cv_file_magic_cmd='$MAGIC_CMD'
| lt_cv_file_magic_test_file=
| lt_cv_ld_reload_flag=-r
| lt_cv_nm_interface='BSD nm'
| lt_cv_objdir=.libs
| lt_cv_path_LD=/usr/bin/ld
| lt_cv_path_NM='/usr/bin/nm -B'
| lt_cv_path_mainfest_tool=no
| lt_cv_prog_compiler_c_o=yes
| lt_cv_prog_compiler_pic='-fPIC -DPIC'
| lt_cv_prog_compiler_pic_works=yes
| lt_cv_prog_compiler_rtti_exceptions=no
| lt_cv_prog_compiler_static_works=yes
| lt_cv_prog_gnu_ld=yes
| lt_cv_sharedlib_from_linklib_cmd='printf %s\n'
| lt_cv_shlibpath_overrides_runpath=no
| lt_cv_sys_global_symbol_pipe='sed -n -e '\''s/^.*[	 ]\([ABCDGIRSTW][ABCDGIRSTW]*\)[	 ][	 ]*\([_A-Za-z][_A-Za-z0-9]*\)$/\1 \2 \2/p'\'' | sed '\''/ __gnu_lto/d'\'''
| lt_cv_sys_global_symbol_to_c_name_address='sed -n -e '\''s/^: \([^ ]*\)[ ]*$/  {\"\1\", (void *) 0},/p'\'' -e '\''s/^[ABCDGIRSTW]* \([^ ]*\) \([^ ]*\)$/  {"\2", (void *) \&\2},/p'\'''
| lt_cv_sys_global_symbol_to_c_name_address_lib_prefix='sed -n -e '\''s/^: \([^ ]*\)[ ]*$/  {\"\1\", (void *) 0},/p'\'' -e '\''s/^[ABCDGIRSTW]* \([^ ]*\) \(lib[^ ]*\)$/  {"\2", (void *) \&\2},/p'\'' -e '\''s/^[ABCDGIRSTW]* \([^ ]*\) \([^ ]*\)$/  {"lib\2", (void *) \&\2},/p'\'''
| lt_cv_sys_global_symbol_to_cdecl='sed -n -e '\''s/^T .* \(.*\)$/extern int \1();/p'\'' -e '\''s/^[ABCDGIRSTW]* .* \(.*\)$/extern char \1;/p'\'''
| lt_cv_sys_max_cmd_len=1572864
| lt_cv_to_host_file_cmd=func_convert_file_noop
| lt_cv_to_tool_file_cmd=func_convert_file_noop
| matio_cv_have_asprintf=yes
| matio_cv_have_matlab=no
| matio_cv_have_snprintf=yes
| matio_cv_have_va_copy=yes
| matio_cv_have_vasprintf=yes
| matio_cv_have_vsnprintf=yes
| 
| ## ----------------- ##
| ## Output variables. ##
| ## ----------------- ##
| 
| ACLOCAL='aclocal-1.15'
| AMTAR='$${TAR-tar}'
| AM_BACKSLASH='\'
| AM_DEFAULT_V='$(AM_DEFAULT_VERBOSITY)'
| AM_DEFAULT_VERBOSITY='1'
| AM_V='$(V)'
| AR='ar'
| AUTOCONF='autoconf'
| AUTOHEADER='autoheader'
| AUTOM4TE='autom4te'
| AUTOMAKE='automake-1.15'
| AUTOTEST='$(AUTOM4TE) --language=Autotest'
| AWK='gawk'
| CC='gcc'
| CFLAGS=' -g -O0'
| CPP='gcc -E'
| CPPFLAGS='-DDEBUG'
| CYGPATH_W='echo'
| DEFS='-DHAVE_CONFIG_H'
| DLLTOOL='false'
| DSYMUTIL=''
| DUMPBIN=''
| ECHO_C=''
| ECHO_N='-n'
| ECHO_T=''
| EGREP='/bin/grep -E'
| EXEEXT=''
| EXTENDED_SPARSE_FALSE='#'
| EXTENDED_SPARSE_TRUE=''
| FCLDFLAGS=''
| FGREP='/bin/grep -F'
| GREP='/bin/grep'
| HAVE_HDF5_FALSE=''
| HAVE_HDF5_TRUE='#'
| HAVE_INT64='1'
| HAVE_UINT64='1'
| HAVE_ZLIB_FALSE='#'
| HAVE_ZLIB_TRUE=''
| HDF5_CFLAGS=''
| HDF5_LIBS=''
| INSTALL_DATA='${INSTALL} -m 644'
| INSTALL_PROGRAM='${INSTALL}'
| INSTALL_SCRIPT='${INSTALL}'
| INSTALL_STRIP_PROGRAM='$(install_sh) -c -s'
| LD='/usr/bin/ld -m elf_x86_64'
| LDFLAGS=''
| LIBOBJS=''
| LIBS='-lm '
| LIBTOOL='$(SHELL) $(top_builddir)/libtool'
| LINUX_FALSE='#'
| LINUX_TRUE=''
| LIPO=''
| LN_S='ln -s'
| LTLIBOBJS=''
| LT_CFLAGS=''
| LT_LDFLAGS=''
| MAINT='#'
| MAINTAINER_MODE_FALSE=''
| MAINTAINER_MODE_TRUE='#'
| MAKEINFO='makeinfo'
| MANIFEST_TOOL=':'
| MAT73_FALSE=''
| MAT73_TRUE='#'
| MATLABEXE=''
| MKDIR_P='/bin/mkdir -p'
| NEED_GETOPT_FALSE='#'
| NEED_GETOPT_TRUE=''
| NM='/usr/bin/nm -B'
| NMEDIT=''
| OBJDUMP='objdump'
| OBJEXT='o'
| OTOOL64=''
| OTOOL=''
| PACKAGE='matio'
| PACKAGE_BUGREPORT='chulbe2lsu@users.sourceforge.net'
| PACKAGE_NAME='MATIO'
| PACKAGE_RELEASE_DATE='31 July 2013'
| PACKAGE_STRING='MATIO 1.5.2'
| PACKAGE_TARNAME='matio'
| PACKAGE_URL='http://sourceforge.net/projects/matio'
| PACKAGE_VERSION='1.5.2'
| PATH_SEPARATOR=':'
| RANLIB='ranlib'
| SED='/bin/sed'
| SET_MAKE=''
| SHELL='/bin/bash'
| SIZEOF_INT='4'
| SIZEOF_SIZE_T='8'
| SIZEOF_VOID_P='8'
| STRIP='strip'
| SUN_FALSE=''
| SUN_TRUE='#'
| VERSION='1.5.2'
| WINNT_FALSE=''
| WINNT_TRUE='#'
| ZLIB_CFLAGS=''
| ZLIB_LIBS='-lz'
| ac_ct_AR='ar'
| ac_ct_CC='gcc'
| ac_ct_DUMPBIN=''
| am__EXEEXT_FALSE=''
| am__EXEEXT_TRUE='#'
| am__isrc=''
| am__leading_dot='.'
| am__tar='$${TAR-tar} chof - "$$tardir"'
| am__untar='$${TAR-tar} xf -'
| bindir='${exec_prefix}/bin'
| build='x86_64-unknown-linux-gnu'
| build_alias=''
| build_cpu='x86_64'
| build_os='linux-gnu'
| build_vendor='unknown'
| datadir='${datarootdir}'
| datarootdir='${prefix}/share'
| docdir='${datarootdir}/doc/${PACKAGE_TARNAME}'
| dvidir='${docdir}'
| exec_prefix='${prefix}'
| host='x86_64-unknown-linux-gnu'
| host_alias=''
| host_cpu='x86_64'
| host_os='linux-gnu'
| host_vendor='unknown'
| htmldir='${docdir}'
| includedir='${prefix}/include'
| infodir='${datarootdir}/info'
| install_sh='${SHELL} /home/marten/Projects/matio-matio/config/install-sh'
| libdir='${exec_prefix}/lib'
| libexecdir='${exec_prefix}/libexec'
| localedir='${datarootdir}/locale'
| localstatedir='${prefix}/var'
| mandir='${datarootdir}/man'
| mkdir_p='$(MKDIR_P)'
| oldincludedir='/usr/include'
| pdfdir='${docdir}'
| prefix='/usr/local'
| program_transform_name='s,x,x,'
| psdir='${docdir}'
| sbindir='${exec_prefix}/sbin'
| sharedstatedir='${prefix}/com'
| sysconfdir='${prefix}/etc'
| target_alias=''
| 
| ## ----------- ##
| ## confdefs.h. ##
| ## ----------- ##
| 
| /* confdefs.h */
| #define PACKAGE_NAME "MATIO"
| #define PACKAGE_TARNAME "matio"
| #define PACKAGE_VERSION "1.5.2"
| #define PACKAGE_STRING "MATIO 1.5.2"
| #define PACKAGE_BUGREPORT "chulbe2lsu@users.sourceforge.net"
| #define PACKAGE_URL "http://sourceforge.net/projects/matio"
| #define PACKAGE "matio"
| #define VERSION "1.5.2"
| #define MATIO_PLATFORM "x86_64-unknown-linux-gnu"
| #define MATIO_MAJOR_VERSION 1
| #define MATIO_MINOR_VERSION 5
| #define MATIO_RELEASE_LEVEL 2
| #define MATIO_VERSION 152
| #define MATIO_VERSION_STR "1.5.2"
| #define NODEBUG /**/
| #define NODEBUG /**/
| #define STDC_HEADERS 1
| #define HAVE_SYS_TYPES_H 1
| #define HAVE_SYS_STAT_H 1
| #define HAVE_STDLIB_H 1
| #define HAVE_STRING_H 1
| #define HAVE_MEMORY_H 1
| #define HAVE_STRINGS_H 1
| #define HAVE_INTTYPES_H 1
| #define HAVE_STDINT_H 1
| #define HAVE_UNISTD_H 1
| #define HAVE_DLFCN_H 1
| #define LT_OBJDIR ".libs/"
| #define HAVE_LIBM 1
| #define STDC_HEADERS 1
| #define MATIO_HAVE_INTTYPES_H 1
| #define MATIO_HAVE_STDINT_H 1
| #define HAVE_STRINGS_H 1
| #define HAVE_UNISTD_H 1
| #define SIZEOF_DOUBLE 8
| #define SIZEOF_FLOAT 4
| #define SIZEOF_LONG_LONG 8
| #define SIZEOF_LONG 8
| #define SIZEOF_INT 4
| #define SIZEOF_SHORT 2
| #define SIZEOF_CHAR 1
| #define SIZEOF_VOID_P 8
| #define SIZEOF_SIZE_T 8
| #define HAVE_MAT_INT64_T /**/
| #define _mat_int64_t int64_t
| #define HAVE_MAT_UINT64_T /**/
| #define _mat_uint64_t uint64_t
| #define HAVE_MAT_INT32_T /**/
| #define _mat_int32_t int32_t
| #define HAVE_MAT_UINT32_T /**/
| #define _mat_uint32_t uint32_t
| #define HAVE_MAT_INT16_T /**/
| #define _mat_int16_t int16_t
| #define HAVE_MAT_UINT16_T /**/
| #define _mat_uint16_t uint16_t
| #define HAVE_MAT_INT8_T /**/
| #define _mat_int8_t int8_t
| #define HAVE_MAT_UINT8_T /**/
| #define _mat_uint8_t uint8_t
| #define HAVE_VA_COPY /**/
| #define HAVE_VSNPRINTF /**/
| #define HAVE_SNPRINTF /**/
| #define HAVE_VASPRINTF /**/
| #define HAVE_ASPRINTF /**/
| #define HAVE_ZLIB 1
| #define MAT_FT_DEFAULT MAT_FT_MAT5
| #define EXTENDED_SPARSE /**/
| #define LINUX /**/
| 
| configure: exit 0

